Archive member included to satisfy reference by file (symbol)

/usr/lib/gcc/arm-none-eabi/6.3.1/../../../arm-none-eabi/lib/thumb/v7e-m/fpv4-sp/hard/libc.a(lib_a-atexit.o)
                              /usr/lib/gcc/arm-none-eabi/6.3.1/../../../arm-none-eabi/lib/thumb/v7e-m/fpv4-sp/hard/crt0.o (atexit)
/usr/lib/gcc/arm-none-eabi/6.3.1/../../../arm-none-eabi/lib/thumb/v7e-m/fpv4-sp/hard/libc.a(lib_a-exit.o)
                              /usr/lib/gcc/arm-none-eabi/6.3.1/../../../arm-none-eabi/lib/thumb/v7e-m/fpv4-sp/hard/crt0.o (exit)
/usr/lib/gcc/arm-none-eabi/6.3.1/../../../arm-none-eabi/lib/thumb/v7e-m/fpv4-sp/hard/libc.a(lib_a-fini.o)
                              /usr/lib/gcc/arm-none-eabi/6.3.1/../../../arm-none-eabi/lib/thumb/v7e-m/fpv4-sp/hard/crt0.o (__libc_fini_array)
/usr/lib/gcc/arm-none-eabi/6.3.1/../../../arm-none-eabi/lib/thumb/v7e-m/fpv4-sp/hard/libc.a(lib_a-impure.o)
                              /usr/lib/gcc/arm-none-eabi/6.3.1/../../../arm-none-eabi/lib/thumb/v7e-m/fpv4-sp/hard/libc.a(lib_a-exit.o) (_global_impure_ptr)
/usr/lib/gcc/arm-none-eabi/6.3.1/../../../arm-none-eabi/lib/thumb/v7e-m/fpv4-sp/hard/libc.a(lib_a-init.o)
                              /usr/lib/gcc/arm-none-eabi/6.3.1/../../../arm-none-eabi/lib/thumb/v7e-m/fpv4-sp/hard/crt0.o (__libc_init_array)
/usr/lib/gcc/arm-none-eabi/6.3.1/../../../arm-none-eabi/lib/thumb/v7e-m/fpv4-sp/hard/libc.a(lib_a-memcpy.o)
                              build/cmsis_os2.o (memcpy)
/usr/lib/gcc/arm-none-eabi/6.3.1/../../../arm-none-eabi/lib/thumb/v7e-m/fpv4-sp/hard/libc.a(lib_a-memset.o)
                              /usr/lib/gcc/arm-none-eabi/6.3.1/../../../arm-none-eabi/lib/thumb/v7e-m/fpv4-sp/hard/crt0.o (memset)
/usr/lib/gcc/arm-none-eabi/6.3.1/../../../arm-none-eabi/lib/thumb/v7e-m/fpv4-sp/hard/libc.a(lib_a-rand.o)
                              build/visEffect.o (rand)
/usr/lib/gcc/arm-none-eabi/6.3.1/../../../arm-none-eabi/lib/thumb/v7e-m/fpv4-sp/hard/libc.a(lib_a-__atexit.o)
                              /usr/lib/gcc/arm-none-eabi/6.3.1/../../../arm-none-eabi/lib/thumb/v7e-m/fpv4-sp/hard/libc.a(lib_a-atexit.o) (__register_exitproc)
/usr/lib/gcc/arm-none-eabi/6.3.1/../../../arm-none-eabi/lib/thumb/v7e-m/fpv4-sp/hard/libc.a(lib_a-__call_atexit.o)
                              /usr/lib/gcc/arm-none-eabi/6.3.1/../../../arm-none-eabi/lib/thumb/v7e-m/fpv4-sp/hard/libc.a(lib_a-exit.o) (__call_exitprocs)
/usr/lib/gcc/arm-none-eabi/6.3.1/../../../arm-none-eabi/lib/thumb/v7e-m/fpv4-sp/hard/libnosys.a(_exit.o)
                              /usr/lib/gcc/arm-none-eabi/6.3.1/../../../arm-none-eabi/lib/thumb/v7e-m/fpv4-sp/hard/libc.a(lib_a-exit.o) (_exit)
/usr/lib/gcc/arm-none-eabi/6.3.1/thumb/v7e-m/fpv4-sp/hard/libgcc.a(_arm_addsubdf3.o)
                              build/bms.o (__aeabi_i2d)
/usr/lib/gcc/arm-none-eabi/6.3.1/thumb/v7e-m/fpv4-sp/hard/libgcc.a(_arm_muldivdf3.o)
                              build/bms.o (__aeabi_dmul)
/usr/lib/gcc/arm-none-eabi/6.3.1/thumb/v7e-m/fpv4-sp/hard/libgcc.a(_arm_cmpdf2.o)
                              build/bms.o (__aeabi_dcmpgt)
/usr/lib/gcc/arm-none-eabi/6.3.1/thumb/v7e-m/fpv4-sp/hard/libgcc.a(_arm_fixunsdfsi.o)
                              build/bms.o (__aeabi_d2uiz)
/usr/lib/gcc/arm-none-eabi/6.3.1/thumb/v7e-m/fpv4-sp/hard/libgcc.a(_aeabi_uldivmod.o)
                              build/stm32f4xx_hal_rcc.o (__aeabi_uldivmod)
/usr/lib/gcc/arm-none-eabi/6.3.1/thumb/v7e-m/fpv4-sp/hard/libgcc.a(_udivmoddi4.o)
                              /usr/lib/gcc/arm-none-eabi/6.3.1/thumb/v7e-m/fpv4-sp/hard/libgcc.a(_aeabi_uldivmod.o) (__udivmoddi4)
/usr/lib/gcc/arm-none-eabi/6.3.1/thumb/v7e-m/fpv4-sp/hard/libgcc.a(_dvmd_tls.o)
                              /usr/lib/gcc/arm-none-eabi/6.3.1/thumb/v7e-m/fpv4-sp/hard/libgcc.a(_aeabi_uldivmod.o) (__aeabi_ldiv0)

Allocating common symbols
Common symbol       size              file

processDataHandle   0x4               build/main.o
PARAM               0x1c              build/lim.o
BMS                 0x1ec             build/bms.o
rxMsg3              0x1c              build/bms.o
sf4                 0x28              build/bms.o
defaultTaskHandle   0x4               build/main.o
sf                  0x28              build/bms.o
charged             0x1               build/bms.o
canRx2              0x8               build/bms.o
canTx               0x8               build/bms.o
tim2OC2             0x1c              build/main.o
frameBuffer2        0x3c              build/visEffect.o
txMsgExt2           0x18              build/bms.o
timer_reset_pulse_period
                    0x4               build/main.o
rxMsg               0x1c              build/bms.o
txCycle3            0x4               build/bms.o
dmaCC2              0x60              build/ws2812b.o
sendCommandHandle   0x4               build/main.o
tim2OC1             0x1c              build/main.o
TIM1_handle         0x40              build/main.o
txMsg2              0x18              build/bms.o
[...]
Memory Configuration

Name             Origin             Length             Attributes
RAM              0x0000000020000000 0x0000000000050000 xrw
FLASH            0x0000000008000000 0x0000000000100000 xr
*default*        0x0000000000000000 0xffffffffffffffff

Linker script and memory map

LOAD /usr/lib/gcc/arm-none-eabi/6.3.1/thumb/v7e-m/fpv4-sp/hard/crti.o
LOAD /usr/lib/gcc/arm-none-eabi/6.3.1/thumb/v7e-m/fpv4-sp/hard/crtbegin.o
LOAD /usr/lib/gcc/arm-none-eabi/6.3.1/../../../arm-none-eabi/lib/thumb/v7e-m/fpv4-sp/hard/crt0.o
LOAD build/bms.o
LOAD build/can_setup.o
LOAD build/freertos.o
LOAD build/lim.o
LOAD build/main.o
LOAD build/stm32f4xx_hal_msp.o
LOAD build/stm32f4xx_hal_timebase_tim.o
LOAD build/stm32f4xx_it.o
LOAD build/system_stm32f4xx.o
LOAD build/visEffect.o
LOAD build/ws2812b.o
LOAD build/stm32f4xx_hal.o
LOAD build/stm32f4xx_hal_can.o
LOAD build/stm32f4xx_hal_cortex.o
LOAD build/stm32f4xx_hal_dma.o
LOAD build/stm32f4xx_hal_dma_ex.o
LOAD build/stm32f4xx_hal_exti.o
LOAD build/stm32f4xx_hal_flash.o
LOAD build/stm32f4xx_hal_flash_ex.o
LOAD build/stm32f4xx_hal_flash_ramfunc.o
LOAD build/stm32f4xx_hal_gpio.o
LOAD build/stm32f4xx_hal_pwr.o
LOAD build/stm32f4xx_hal_pwr_ex.o
LOAD build/stm32f4xx_hal_rcc.o
LOAD build/stm32f4xx_hal_rcc_ex.o
LOAD build/stm32f4xx_hal_tim.o
LOAD build/stm32f4xx_hal_tim_ex.o
LOAD build/cmsis_os2.o
LOAD build/croutine.o
LOAD build/event_groups.o
LOAD build/list.o
LOAD build/port.o
LOAD build/heap_4.o
LOAD build/queue.o
LOAD build/stream_buffer.o
LOAD build/tasks.o
LOAD build/timers.o
LOAD build/startup_stm32f413xx.o
LOAD /usr/lib/gcc/arm-none-eabi/6.3.1/../../../arm-none-eabi/lib/thumb/v7e-m/fpv4-sp/hard/libc.a
LOAD /usr/lib/gcc/arm-none-eabi/6.3.1/../../../arm-none-eabi/lib/thumb/v7e-m/fpv4-sp/hard/libm.a
LOAD /usr/lib/gcc/arm-none-eabi/6.3.1/../../../arm-none-eabi/lib/thumb/v7e-m/fpv4-sp/hard/libnosys.a
START GROUP
LOAD /usr/lib/gcc/arm-none-eabi/6.3.1/thumb/v7e-m/fpv4-sp/hard/libgcc.a
LOAD /usr/lib/gcc/arm-none-eabi/6.3.1/../../../arm-none-eabi/lib/thumb/v7e-m/fpv4-sp/hard/libc.a
END GROUP
START GROUP
LOAD /usr/lib/gcc/arm-none-eabi/6.3.1/thumb/v7e-m/fpv4-sp/hard/libgcc.a
LOAD /usr/lib/gcc/arm-none-eabi/6.3.1/../../../arm-none-eabi/lib/thumb/v7e-m/fpv4-sp/hard/libc.a
LOAD /usr/lib/gcc/arm-none-eabi/6.3.1/../../../arm-none-eabi/lib/thumb/v7e-m/fpv4-sp/hard/libnosys.a
END GROUP
LOAD /usr/lib/gcc/arm-none-eabi/6.3.1/thumb/v7e-m/fpv4-sp/hard/crtend.o
LOAD /usr/lib/gcc/arm-none-eabi/6.3.1/thumb/v7e-m/fpv4-sp/hard/crtn.o
                0x0000000020050000                _estack = 0x20050000
                0x0000000000000200                _Min_Heap_Size = 0x200
                0x0000000000000400                _Min_Stack_Size = 0x400

.isr_vector     0x0000000008000000      0x1d8
                0x0000000008000000                . = ALIGN (0x4)
 *(.isr_vector)
 .isr_vector    0x0000000008000000      0x1d8 build/startup_stm32f413xx.o
                0x0000000008000000                g_pfnVectors
                0x00000000080001d8                . = ALIGN (0x4)

.text           0x00000000080001e0     0x6f74
                0x00000000080001e0                . = ALIGN (0x4)
 *(.text)
 .text          0x00000000080001e0       0xa4 /usr/lib/gcc/arm-none-eabi/6.3.1/thumb/v7e-m/fpv4-sp/hard/crtbegin.o
 .text          0x0000000008000284        0xc /usr/lib/gcc/arm-none-eabi/6.3.1/../../../arm-none-eabi/lib/thumb/v7e-m/fpv4-sp/hard/libc.a(lib_a-atexit.o)
                0x0000000008000284                atexit
 .text          0x0000000008000290       0x34 /usr/lib/gcc/arm-none-eabi/6.3.1/../../../arm-none-eabi/lib/thumb/v7e-m/fpv4-sp/hard/libc.a(lib_a-fini.o)
                0x0000000008000290                __libc_fini_array
 .text          0x00000000080002c4       0x50 /usr/lib/gcc/arm-none-eabi/6.3.1/../../../arm-none-eabi/lib/thumb/v7e-m/fpv4-sp/hard/libc.a(lib_a-init.o)
                0x00000000080002c4                __libc_init_array
 .text          0x0000000008000314      0x134 /usr/lib/gcc/arm-none-eabi/6.3.1/../../../arm-none-eabi/lib/thumb/v7e-m/fpv4-sp/hard/libc.a(lib_a-memcpy.o)
                0x0000000008000314                memcpy
 .text          0x0000000008000448       0x9c /usr/lib/gcc/arm-none-eabi/6.3.1/../../../arm-none-eabi/lib/thumb/v7e-m/fpv4-sp/hard/libc.a(lib_a-memset.o)
                0x0000000008000448                memset
 .text          0x00000000080004e4       0x54 /usr/lib/gcc/arm-none-eabi/6.3.1/../../../arm-none-eabi/lib/thumb/v7e-m/fpv4-sp/hard/libc.a(lib_a-rand.o)
                0x00000000080004e4                srand
                0x00000000080004f8                rand
 .text          0x0000000008000538       0xa4 /usr/lib/gcc/arm-none-eabi/6.3.1/../../../arm-none-eabi/lib/thumb/v7e-m/fpv4-sp/hard/libc.a(lib_a-__atexit.o)
                0x0000000008000538                __register_exitproc
 .text          0x00000000080005dc      0x370 /usr/lib/gcc/arm-none-eabi/6.3.1/thumb/v7e-m/fpv4-sp/hard/libgcc.a(_arm_addsubdf3.o)
                0x00000000080005dc                __aeabi_drsub
                0x00000000080005e4                __aeabi_dsub
                0x00000000080005e4                __subdf3
                0x00000000080005e8                __adddf3
                0x00000000080005e8                __aeabi_dadd
                0x0000000008000860                __aeabi_ui2d
                0x0000000008000860                __floatunsidf
                0x0000000008000880                __floatsidf
                0x0000000008000880                __aeabi_i2d
                0x00000000080008a4                __extendsfdf2
                0x00000000080008a4                __aeabi_f2d
                0x00000000080008e0                __aeabi_ul2d
                0x00000000080008e0                __floatundidf
                0x00000000080008f0                __floatdidf
                0x00000000080008f0                __aeabi_l2d
 .text          0x000000000800094c      0x424 /usr/lib/gcc/arm-none-eabi/6.3.1/thumb/v7e-m/fpv4-sp/hard/libgcc.a(_arm_muldivdf3.o)
                0x000000000800094c                __aeabi_dmul
                0x000000000800094c                __muldf3
                0x0000000008000ba0                __aeabi_ddiv
                0x0000000008000ba0                __divdf3
 .text          0x0000000008000d70      0x110 /usr/lib/gcc/arm-none-eabi/6.3.1/thumb/v7e-m/fpv4-sp/hard/libgcc.a(_arm_cmpdf2.o)
                0x0000000008000d70                __gtdf2
                0x0000000008000d70                __gedf2
                0x0000000008000d78                __ltdf2
                0x0000000008000d78                __ledf2
                0x0000000008000d80                __cmpdf2
                0x0000000008000d80                __eqdf2
                0x0000000008000d80                __nedf2
                0x0000000008000dfc                __aeabi_cdrcmple
                0x0000000008000e0c                __aeabi_cdcmple
                0x0000000008000e0c                __aeabi_cdcmpeq
                0x0000000008000e1c                __aeabi_dcmpeq
                0x0000000008000e30                __aeabi_dcmplt
                0x0000000008000e44                __aeabi_dcmple
                0x0000000008000e58                __aeabi_dcmpge
                0x0000000008000e6c                __aeabi_dcmpgt
 .text          0x0000000008000e80       0x40 /usr/lib/gcc/arm-none-eabi/6.3.1/thumb/v7e-m/fpv4-sp/hard/libgcc.a(_arm_fixunsdfsi.o)
                0x0000000008000e80                __fixunsdfsi
                0x0000000008000e80                __aeabi_d2uiz
 .text          0x0000000008000ec0       0x30 /usr/lib/gcc/arm-none-eabi/6.3.1/thumb/v7e-m/fpv4-sp/hard/libgcc.a(_aeabi_uldivmod.o)
                0x0000000008000ec0                __aeabi_uldivmod
 .text          0x0000000008000ef0      0x2dc /usr/lib/gcc/arm-none-eabi/6.3.1/thumb/v7e-m/fpv4-sp/hard/libgcc.a(_udivmoddi4.o)
                0x0000000008000ef0                __udivmoddi4
 .text          0x00000000080011cc        0x4 /usr/lib/gcc/arm-none-eabi/6.3.1/thumb/v7e-m/fpv4-sp/hard/libgcc.a(_dvmd_tls.o)
                0x00000000080011cc                __aeabi_ldiv0
                0x00000000080011cc                __aeabi_idiv0
 *(.text*)
 .text.getSOC   0x00000000080011d0       0x28 build/bms.o
 .text.getHighCellVolt
                0x00000000080011f8       0x22 build/bms.o
 .text.getHighCellTemp
                0x000000000800121a       0x26 build/bms.o
 .text.getLowCellTemp
                0x0000000008001240       0x2e build/bms.o
 .text.getAvgCellTemp
                0x000000000800126e       0x34 build/bms.o
 .text.getTempDelta
                0x00000000080012a2       0x10 build/bms.o
 .text.getCellDelta
                0x00000000080012b2       0x10 build/bms.o
 .text.getLowCellVolt
                0x00000000080012c2       0x26 build/bms.o
 .text.getAvgCellVolt
                0x00000000080012e8       0x28 build/bms.o
 .text.getPackVolt
                0x0000000008001310       0x24 build/bms.o
 .text.getCellCount
                0x0000000008001334       0x3c build/bms.o
 .text.initBMS  0x0000000008001370       0xa4 build/bms.o
                0x0000000008001370                initBMS
 .text.bmsStateHandler
                0x0000000008001414       0xf8 build/bms.o
                0x0000000008001414                bmsStateHandler
 .text.acChargeCommand
                0x000000000800150c       0x94 build/bms.o
                0x000000000800150c                acChargeCommand
 .text.tx500kData
                0x00000000080015a0       0x94 build/bms.o
                0x00000000080015a0                tx500kData
 .text.sendCommand
                0x0000000008001634       0x44 build/bms.o
                0x0000000008001634                sendCommand
 .text.requestBICMdata
                0x0000000008001678       0xb8 build/bms.o
                0x0000000008001678                requestBICMdata
 .text.refreshData
                0x0000000008001730       0x68 build/bms.o
                0x0000000008001730                refreshData
 .text.balanceCommand
                0x0000000008001798      0x11c build/bms.o
                0x0000000008001798                balanceCommand
 .text.vehicleComms
                0x00000000080018b4       0x18 build/bms.o
                0x00000000080018b4                vehicleComms
 .text.decodeVolt
                0x00000000080018cc      0xc5c build/bms.o
                0x00000000080018cc                decodeVolt
 .text.decodeTemp
                0x0000000008002528      0x12a build/bms.o
                0x0000000008002528                decodeTemp
 *fill*         0x0000000008002652        0x2 
 .text.HAL_CAN_RxFifo0MsgPendingCallback
                0x0000000008002654       0xa0 build/can_setup.o
                0x0000000008002654                HAL_CAN_RxFifo0MsgPendingCallback
 .text.HAL_CAN_RxFifo1MsgPendingCallback
                0x00000000080026f4       0x88 build/can_setup.o
                0x00000000080026f4                HAL_CAN_RxFifo1MsgPendingCallback
 .text.canSettings
                0x000000000800277c      0x190 build/can_setup.o
                0x000000000800277c                canSettings
 .text.c1tx     0x000000000800290c       0x38 build/can_setup.o
                0x000000000800290c                c1tx
 .text.c2tx     0x0000000008002944       0x38 build/can_setup.o
                0x0000000008002944                c2tx
 .text.can2tx   0x000000000800297c       0x3c build/can_setup.o
                0x000000000800297c                can2tx
 .text.c3tx     0x00000000080029b8       0x40 build/can_setup.o
                0x00000000080029b8                c3tx
 .text.StartDefaultTask
                0x00000000080029f8       0x24 build/main.o
                0x00000000080029f8                StartDefaultTask
 .text.StartsendCommand
                0x0000000008002a1c        0xe build/main.o
                0x0000000008002a1c                StartsendCommand
 *fill*         0x0000000008002a2a        0x2 
 .text.StartbalanceCommand
                0x0000000008002a2c       0x3c build/main.o
                0x0000000008002a2c                StartbalanceCommand
 .text.StartprocessData
                0x0000000008002a68       0x14 build/main.o
                0x0000000008002a68                StartprocessData
 .text.HAL_TIM_PeriodElapsedCallback
                0x0000000008002a7c       0x58 build/main.o
                0x0000000008002a7c                HAL_TIM_PeriodElapsedCallback
 .text.Error_Handler
                0x0000000008002ad4        0x4 build/main.o
                0x0000000008002ad4                Error_Handler
 .text.MX_CAN1_Init
                0x0000000008002ad8       0x40 build/main.o
 .text.MX_CAN2_Init
                0x0000000008002b18       0x40 build/main.o
 .text.MX_CAN3_Init
                0x0000000008002b58       0x40 build/main.o
 .text.SystemClock_Config
                0x0000000008002b98       0xa0 build/main.o
                0x0000000008002b98                SystemClock_Config
 .text.main     0x0000000008002c38       0x94 build/main.o
                0x0000000008002c38                main
 .text.HAL_MspInit
                0x0000000008002ccc       0x44 build/stm32f4xx_hal_msp.o
                0x0000000008002ccc                HAL_MspInit
 .text.HAL_CAN_MspInit
                0x0000000008002d10      0x144 build/stm32f4xx_hal_msp.o
                0x0000000008002d10                HAL_CAN_MspInit
 .text.HAL_InitTick
                0x0000000008002e54       0x7c build/stm32f4xx_hal_timebase_tim.o
                0x0000000008002e54                HAL_InitTick
 .text.NMI_Handler
                0x0000000008002ed0        0x2 build/stm32f4xx_it.o
                0x0000000008002ed0                NMI_Handler
 .text.HardFault_Handler
                0x0000000008002ed2        0x2 build/stm32f4xx_it.o
                0x0000000008002ed2                HardFault_Handler
 .text.MemManage_Handler
                0x0000000008002ed4        0x2 build/stm32f4xx_it.o
                0x0000000008002ed4                MemManage_Handler
 .text.BusFault_Handler
                0x0000000008002ed6        0x2 build/stm32f4xx_it.o
                0x0000000008002ed6                BusFault_Handler
 .text.UsageFault_Handler
                0x0000000008002ed8        0x2 build/stm32f4xx_it.o
                0x0000000008002ed8                UsageFault_Handler
 .text.DebugMon_Handler
                0x0000000008002eda        0x2 build/stm32f4xx_it.o
                0x0000000008002eda                DebugMon_Handler
 .text.DMA1_Stream1_IRQHandler
                0x0000000008002edc        0x2 build/stm32f4xx_it.o
                0x0000000008002edc                DMA1_Stream1_IRQHandler
 .text.DMA1_Stream5_IRQHandler
                0x0000000008002ede        0x2 build/stm32f4xx_it.o
                0x0000000008002ede                DMA1_Stream5_IRQHandler
 .text.DMA1_Stream6_IRQHandler
                0x0000000008002ee0        0x2 build/stm32f4xx_it.o
                0x0000000008002ee0                DMA1_Stream6_IRQHandler
 *fill*         0x0000000008002ee2        0x2 
 .text.CAN1_RX0_IRQHandler
                0x0000000008002ee4       0x10 build/stm32f4xx_it.o
                0x0000000008002ee4                CAN1_RX0_IRQHandler
 .text.TIM2_IRQHandler
                0x0000000008002ef4        0x2 build/stm32f4xx_it.o
                0x0000000008002ef4                TIM2_IRQHandler
 *fill*         0x0000000008002ef6        0x2 
 .text.TIM7_IRQHandler
                0x0000000008002ef8       0x10 build/stm32f4xx_it.o
                0x0000000008002ef8                TIM7_IRQHandler
 .text.CAN2_RX1_IRQHandler
                0x0000000008002f08       0x10 build/stm32f4xx_it.o
                0x0000000008002f08                CAN2_RX1_IRQHandler
 .text.CAN3_RX0_IRQHandler
                0x0000000008002f18       0x10 build/stm32f4xx_it.o
                0x0000000008002f18                CAN3_RX0_IRQHandler
 .text.SystemInit
                0x0000000008002f28       0x1c build/system_stm32f4xx.o
                0x0000000008002f28                SystemInit
 .text.Wheel    0x0000000008002f44       0x46 build/visEffect.o
                0x0000000008002f44                Wheel
 *fill*         0x0000000008002f8a        0x2 
 .text.visRainbow
                0x0000000008002f8c       0x54 build/visEffect.o
                0x0000000008002f8c                visRainbow
 .text.visDots  0x0000000008002fe0       0x88 build/visEffect.o
                0x0000000008002fe0                visDots
 .text.visHandle2
                0x0000000008003068       0x40 build/visEffect.o
                0x0000000008003068                visHandle2
 .text.visInit  0x00000000080030a8       0x4c build/visEffect.o
                0x00000000080030a8                visInit
 .text.visHandle
                0x00000000080030f4       0x20 build/visEffect.o
                0x00000000080030f4                visHandle
 .text.DMA_TransferError
                0x0000000008003114       0x10 build/ws2812b.o
                0x0000000008003114                DMA_TransferError
 .text.ws2812b_gpio_init
                0x0000000008003124       0x78 build/ws2812b.o
 .text.DMA2_init
                0x000000000800319c      0x160 build/ws2812b.o
 .text.TIM1_init
                0x00000000080032fc      0x110 build/ws2812b.o
 .text.DMA2_Stream2_IRQHandler
                0x000000000800340c       0x20 build/ws2812b.o
                0x000000000800340c                DMA2_Stream2_IRQHandler
 .text.TIM1_UP_TIM10_IRQHandler
                0x000000000800342c       0x20 build/ws2812b.o
                0x000000000800342c                TIM1_UP_TIM10_IRQHandler
 .text.ws2812b_set_pixel
                0x000000000800344c      0x100 build/ws2812b.o
                0x000000000800344c                ws2812b_set_pixel
 .text.loadNextFramebufferData
                0x000000000800354c       0x34 build/ws2812b.o
 .text.DMA_TransferCompleteHandler
                0x0000000008003580       0xe8 build/ws2812b.o
                0x0000000008003580                DMA_TransferCompleteHandler
 .text.WS2812_sendbuf
                0x0000000008003668      0x174 build/ws2812b.o
 .text.DMA_TransferHalfHandler
                0x00000000080037dc       0x44 build/ws2812b.o
                0x00000000080037dc                DMA_TransferHalfHandler
 .text.ws2812b_init
                0x0000000008003820       0x1c build/ws2812b.o
                0x0000000008003820                ws2812b_init
 .text.ws2812b_handle
                0x000000000800383c       0x1c build/ws2812b.o
                0x000000000800383c                ws2812b_handle
 .text.HAL_Init
                0x0000000008003858       0x34 build/stm32f4xx_hal.o
                0x0000000008003858                HAL_Init
 .text.HAL_IncTick
                0x000000000800388c       0x18 build/stm32f4xx_hal.o
                0x000000000800388c                HAL_IncTick
 .text.HAL_GetTick
                0x00000000080038a4        0xc build/stm32f4xx_hal.o
                0x00000000080038a4                HAL_GetTick
 .text.HAL_Delay
                0x00000000080038b0       0x28 build/stm32f4xx_hal.o
                0x00000000080038b0                HAL_Delay
 .text.HAL_CAN_Init
                0x00000000080038d8      0x14c build/stm32f4xx_hal_can.o
                0x00000000080038d8                HAL_CAN_Init
 .text.HAL_CAN_ConfigFilter
                0x0000000008003a24      0x134 build/stm32f4xx_hal_can.o
                0x0000000008003a24                HAL_CAN_ConfigFilter
 .text.HAL_CAN_Start
                0x0000000008003b58       0x5c build/stm32f4xx_hal_can.o
                0x0000000008003b58                HAL_CAN_Start
 .text.HAL_CAN_AddTxMessage
                0x0000000008003bb4       0xea build/stm32f4xx_hal_can.o
                0x0000000008003bb4                HAL_CAN_AddTxMessage
 .text.HAL_CAN_GetRxMessage
                0x0000000008003c9e      0x134 build/stm32f4xx_hal_can.o
                0x0000000008003c9e                HAL_CAN_GetRxMessage
 .text.HAL_CAN_ActivateNotification
                0x0000000008003dd2       0x24 build/stm32f4xx_hal_can.o
                0x0000000008003dd2                HAL_CAN_ActivateNotification
 .text.HAL_CAN_TxMailbox0CompleteCallback
                0x0000000008003df6        0x2 build/stm32f4xx_hal_can.o
                0x0000000008003df6                HAL_CAN_TxMailbox0CompleteCallback
 .text.HAL_CAN_TxMailbox1CompleteCallback
                0x0000000008003df8        0x2 build/stm32f4xx_hal_can.o
                0x0000000008003df8                HAL_CAN_TxMailbox1CompleteCallback
 .text.HAL_CAN_TxMailbox2CompleteCallback
                0x0000000008003dfa        0x2 build/stm32f4xx_hal_can.o
                0x0000000008003dfa                HAL_CAN_TxMailbox2CompleteCallback
 .text.HAL_CAN_TxMailbox0AbortCallback
                0x0000000008003dfc        0x2 build/stm32f4xx_hal_can.o
                0x0000000008003dfc                HAL_CAN_TxMailbox0AbortCallback
 .text.HAL_CAN_TxMailbox1AbortCallback
                0x0000000008003dfe        0x2 build/stm32f4xx_hal_can.o
                0x0000000008003dfe                HAL_CAN_TxMailbox1AbortCallback
 .text.HAL_CAN_TxMailbox2AbortCallback
                0x0000000008003e00        0x2 build/stm32f4xx_hal_can.o
                0x0000000008003e00                HAL_CAN_TxMailbox2AbortCallback
 .text.HAL_CAN_RxFifo0FullCallback
                0x0000000008003e02        0x2 build/stm32f4xx_hal_can.o
                0x0000000008003e02                HAL_CAN_RxFifo0FullCallback
 .text.HAL_CAN_RxFifo1FullCallback
                0x0000000008003e04        0x2 build/stm32f4xx_hal_can.o
                0x0000000008003e04                HAL_CAN_RxFifo1FullCallback
 .text.HAL_CAN_SleepCallback
                0x0000000008003e06        0x2 build/stm32f4xx_hal_can.o
                0x0000000008003e06                HAL_CAN_SleepCallback
 .text.HAL_CAN_WakeUpFromRxMsgCallback
                0x0000000008003e08        0x2 build/stm32f4xx_hal_can.o
                0x0000000008003e08                HAL_CAN_WakeUpFromRxMsgCallback
 .text.HAL_CAN_ErrorCallback
                0x0000000008003e0a        0x2 build/stm32f4xx_hal_can.o
                0x0000000008003e0a                HAL_CAN_ErrorCallback
 .text.HAL_CAN_IRQHandler
                0x0000000008003e0c      0x258 build/stm32f4xx_hal_can.o
                0x0000000008003e0c                HAL_CAN_IRQHandler
 .text.HAL_NVIC_SetPriorityGrouping
                0x0000000008004064       0x24 build/stm32f4xx_hal_cortex.o
                0x0000000008004064                HAL_NVIC_SetPriorityGrouping
 .text.HAL_NVIC_SetPriority
                0x0000000008004088       0x64 build/stm32f4xx_hal_cortex.o
                0x0000000008004088                HAL_NVIC_SetPriority
 .text.HAL_NVIC_EnableIRQ
                0x00000000080040ec       0x1c build/stm32f4xx_hal_cortex.o
                0x00000000080040ec                HAL_NVIC_EnableIRQ
 .text.DMA_SetConfig
                0x0000000008004108       0x2c build/stm32f4xx_hal_dma.o
 .text.DMA_CalcBaseAndBitshift
                0x0000000008004134       0x3c build/stm32f4xx_hal_dma.o
 .text.DMA_CheckFifoParam
                0x0000000008004170       0x8e build/stm32f4xx_hal_dma.o
 *fill*         0x00000000080041fe        0x2 
 .text.HAL_DMA_Init
                0x0000000008004200       0xd0 build/stm32f4xx_hal_dma.o
                0x0000000008004200                HAL_DMA_Init
 .text.HAL_DMA_DeInit
                0x00000000080042d0       0x66 build/stm32f4xx_hal_dma.o
                0x00000000080042d0                HAL_DMA_DeInit
 .text.HAL_DMA_Start
                0x0000000008004336       0x48 build/stm32f4xx_hal_dma.o
                0x0000000008004336                HAL_DMA_Start
 .text.HAL_DMA_Start_IT
                0x000000000800437e       0x6a build/stm32f4xx_hal_dma.o
                0x000000000800437e                HAL_DMA_Start_IT
 .text.HAL_DMA_IRQHandler
                0x00000000080043e8      0x1dc build/stm32f4xx_hal_dma.o
                0x00000000080043e8                HAL_DMA_IRQHandler
 .text.HAL_GPIO_Init
                0x00000000080045c4      0x1d4 build/stm32f4xx_hal_gpio.o
                0x00000000080045c4                HAL_GPIO_Init
 .text.HAL_RCC_GetSysClockFreq
                0x0000000008004798       0xd4 build/stm32f4xx_hal_rcc.o
                0x0000000008004798                HAL_RCC_GetSysClockFreq
 .text.HAL_RCC_ClockConfig
                0x000000000800486c      0x160 build/stm32f4xx_hal_rcc.o
                0x000000000800486c                HAL_RCC_ClockConfig
 .text.HAL_RCC_GetHCLKFreq
                0x00000000080049cc        0xc build/stm32f4xx_hal_rcc.o
                0x00000000080049cc                HAL_RCC_GetHCLKFreq
 .text.HAL_RCC_GetPCLK1Freq
                0x00000000080049d8       0x20 build/stm32f4xx_hal_rcc.o
                0x00000000080049d8                HAL_RCC_GetPCLK1Freq
 .text.HAL_RCC_GetClockConfig
                0x00000000080049f8       0x3c build/stm32f4xx_hal_rcc.o
                0x00000000080049f8                HAL_RCC_GetClockConfig
 .text.HAL_RCC_OscConfig
                0x0000000008004a34      0x390 build/stm32f4xx_hal_rcc_ex.o
                0x0000000008004a34                HAL_RCC_OscConfig
 .text.TIM_OC1_SetConfig
                0x0000000008004dc4       0x6c build/stm32f4xx_hal_tim.o
 .text.TIM_OC3_SetConfig
                0x0000000008004e30       0x74 build/stm32f4xx_hal_tim.o
 .text.TIM_OC4_SetConfig
                0x0000000008004ea4       0x50 build/stm32f4xx_hal_tim.o
 .text.HAL_TIM_Base_MspInit
                0x0000000008004ef4        0x2 build/stm32f4xx_hal_tim.o
                0x0000000008004ef4                HAL_TIM_Base_MspInit
 .text.HAL_TIM_Base_Start
                0x0000000008004ef6       0x24 build/stm32f4xx_hal_tim.o
                0x0000000008004ef6                HAL_TIM_Base_Start
 .text.HAL_TIM_Base_Start_IT
                0x0000000008004f1a       0x22 build/stm32f4xx_hal_tim.o
                0x0000000008004f1a                HAL_TIM_Base_Start_IT
 .text.HAL_TIM_PWM_MspInit
                0x0000000008004f3c        0x2 build/stm32f4xx_hal_tim.o
                0x0000000008004f3c                HAL_TIM_PWM_MspInit
 .text.HAL_TIM_OC_DelayElapsedCallback
                0x0000000008004f3e        0x2 build/stm32f4xx_hal_tim.o
                0x0000000008004f3e                HAL_TIM_OC_DelayElapsedCallback
 .text.HAL_TIM_IC_CaptureCallback
                0x0000000008004f40        0x2 build/stm32f4xx_hal_tim.o
                0x0000000008004f40                HAL_TIM_IC_CaptureCallback
 .text.HAL_TIM_PWM_PulseFinishedCallback
                0x0000000008004f42        0x2 build/stm32f4xx_hal_tim.o
                0x0000000008004f42                HAL_TIM_PWM_PulseFinishedCallback
 .text.HAL_TIM_TriggerCallback
                0x0000000008004f44        0x2 build/stm32f4xx_hal_tim.o
                0x0000000008004f44                HAL_TIM_TriggerCallback
 .text.HAL_TIM_IRQHandler
                0x0000000008004f46      0x17a build/stm32f4xx_hal_tim.o
                0x0000000008004f46                HAL_TIM_IRQHandler
 .text.TIM_Base_SetConfig
                0x00000000080050c0       0xcc build/stm32f4xx_hal_tim.o
                0x00000000080050c0                TIM_Base_SetConfig
 .text.HAL_TIM_Base_Init
                0x000000000800518c       0x32 build/stm32f4xx_hal_tim.o
                0x000000000800518c                HAL_TIM_Base_Init
 .text.HAL_TIM_PWM_Init
                0x00000000080051be       0x32 build/stm32f4xx_hal_tim.o
                0x00000000080051be                HAL_TIM_PWM_Init
 .text.TIM_OC2_SetConfig
                0x00000000080051f0       0x74 build/stm32f4xx_hal_tim.o
                0x00000000080051f0                TIM_OC2_SetConfig
 .text.HAL_TIM_PWM_ConfigChannel
                0x0000000008005264       0xdc build/stm32f4xx_hal_tim.o
                0x0000000008005264                HAL_TIM_PWM_ConfigChannel
 .text.TIM_CCxChannelCmd
                0x0000000008005340       0x22 build/stm32f4xx_hal_tim.o
                0x0000000008005340                TIM_CCxChannelCmd
 *fill*         0x0000000008005362        0x2 
 .text.HAL_TIM_PWM_Start
                0x0000000008005364       0x4c build/stm32f4xx_hal_tim.o
                0x0000000008005364                HAL_TIM_PWM_Start
 .text.HAL_TIMEx_CommutCallback
                0x00000000080053b0        0x2 build/stm32f4xx_hal_tim_ex.o
                0x00000000080053b0                HAL_TIMEx_CommutCallback
 .text.HAL_TIMEx_BreakCallback
                0x00000000080053b2        0x2 build/stm32f4xx_hal_tim_ex.o
                0x00000000080053b2                HAL_TIMEx_BreakCallback
 .text.osKernelInitialize
                0x00000000080053b4       0x40 build/cmsis_os2.o
                0x00000000080053b4                osKernelInitialize
 .text.osKernelStart
                0x00000000080053f4       0x48 build/cmsis_os2.o
                0x00000000080053f4                osKernelStart
 .text.osThreadNew
                0x000000000800543c       0xd4 build/cmsis_os2.o
                0x000000000800543c                osThreadNew
 .text.osDelay  0x0000000008005510       0x3c build/cmsis_os2.o
                0x0000000008005510                osDelay
 .text.vApplicationGetIdleTaskMemory
                0x000000000800554c       0x18 build/cmsis_os2.o
                0x000000000800554c                vApplicationGetIdleTaskMemory
 .text.vApplicationGetTimerTaskMemory
                0x0000000008005564       0x18 build/cmsis_os2.o
                0x0000000008005564                vApplicationGetTimerTaskMemory
 .text.vListInitialise
                0x000000000800557c       0x16 build/list.o
                0x000000000800557c                vListInitialise
 .text.vListInitialiseItem
                0x0000000008005592        0x6 build/list.o
                0x0000000008005592                vListInitialiseItem
 .text.vListInsertEnd
                0x0000000008005598       0x18 build/list.o
                0x0000000008005598                vListInsertEnd
 .text.vListInsert
                0x00000000080055b0       0x34 build/list.o
                0x00000000080055b0                vListInsert
 .text.uxListRemove
                0x00000000080055e4       0x28 build/list.o
                0x00000000080055e4                uxListRemove
 .text.prvTaskExitError
                0x000000000800560c       0x40 build/port.o
 .text.prvPortStartFirstTask
                0x000000000800564c       0x28 build/port.o
 .text.vPortEnableVFP
                0x0000000008005674       0x14 build/port.o
 .text.pxPortInitialiseStack
                0x0000000008005688       0x2c build/port.o
                0x0000000008005688                pxPortInitialiseStack
 *fill*         0x00000000080056b4        0xc 
 .text.SVC_Handler
                0x00000000080056c0       0x24 build/port.o
                0x00000000080056c0                SVC_Handler
 .text.vPortEnterCritical
                0x00000000080056e4       0x44 build/port.o
                0x00000000080056e4                vPortEnterCritical
 .text.vPortExitCritical
                0x0000000008005728       0x2c build/port.o
                0x0000000008005728                vPortExitCritical
 *fill*         0x0000000008005754        0xc 
 .text.PendSV_Handler
                0x0000000008005760       0x64 build/port.o
                0x0000000008005760                PendSV_Handler
 .text.SysTick_Handler
                0x00000000080057c4       0x2c build/port.o
                0x00000000080057c4                SysTick_Handler
 .text.vPortSetupTimerInterrupt
                0x00000000080057f0       0x38 build/port.o
                0x00000000080057f0                vPortSetupTimerInterrupt
 .text.xPortStartScheduler
                0x0000000008005828      0x110 build/port.o
                0x0000000008005828                xPortStartScheduler
 .text.vPortValidateInterruptPriority
                0x0000000008005938       0x5c build/port.o
                0x0000000008005938                vPortValidateInterruptPriority
 .text.prvHeapInit
                0x0000000008005994       0x64 build/heap_4.o
 .text.prvInsertBlockIntoFreeList
                0x00000000080059f8       0x58 build/heap_4.o
 .text.pvPortMalloc
                0x0000000008005a50      0x108 build/heap_4.o
                0x0000000008005a50                pvPortMalloc
 .text.vPortFree
                0x0000000008005b58       0x70 build/heap_4.o
                0x0000000008005b58                vPortFree
 .text.prvIsQueueFull
                0x0000000008005bc8       0x1e build/queue.o
 .text.prvIsQueueEmpty
                0x0000000008005be6       0x1a build/queue.o
 .text.prvCopyDataToQueue
                0x0000000008005c00       0x76 build/queue.o
 .text.prvCopyDataFromQueue
                0x0000000008005c76       0x24 build/queue.o
 .text.prvUnlockQueue
                0x0000000008005c9a       0x6e build/queue.o
 .text.xQueueGenericReset
                0x0000000008005d08       0x80 build/queue.o
                0x0000000008005d08                xQueueGenericReset
 .text.prvInitialiseNewQueue
                0x0000000008005d88       0x22 build/queue.o
 .text.xQueueGenericCreateStatic
                0x0000000008005daa       0xa2 build/queue.o
                0x0000000008005daa                xQueueGenericCreateStatic
 .text.xQueueGenericSend
                0x0000000008005e4c      0x188 build/queue.o
                0x0000000008005e4c                xQueueGenericSend
 .text.xQueueGenericSendFromISR
                0x0000000008005fd4       0xde build/queue.o
                0x0000000008005fd4                xQueueGenericSendFromISR
 *fill*         0x00000000080060b2        0x2 
 .text.xQueueReceive
                0x00000000080060b4      0x15c build/queue.o
                0x00000000080060b4                xQueueReceive
 .text.vQueueAddToRegistry
                0x0000000008006210       0x28 build/queue.o
                0x0000000008006210                vQueueAddToRegistry
 .text.vQueueWaitForMessageRestricted
                0x0000000008006238       0x52 build/queue.o
                0x0000000008006238                vQueueWaitForMessageRestricted
 *fill*         0x000000000800628a        0x2 
 .text.prvResetNextTaskUnblockTime
                0x000000000800628c       0x2c build/tasks.o
 .text.prvInitialiseNewTask
                0x00000000080062b8       0x9a build/tasks.o
 *fill*         0x0000000008006352        0x2 
 .text.prvInitialiseTaskLists
                0x0000000008006354       0x68 build/tasks.o
 .text.prvAddNewTaskToReadyList
                0x00000000080063bc       0xac build/tasks.o
 .text.prvDeleteTCB
                0x0000000008006468       0x3a build/tasks.o
 *fill*         0x00000000080064a2        0x2 
 .text.prvCheckTasksWaitingTermination
                0x00000000080064a4       0x4c build/tasks.o
 .text.prvIdleTask
                0x00000000080064f0       0x28 build/tasks.o
 .text.prvAddCurrentTaskToDelayedList
                0x0000000008006518       0x7c build/tasks.o
 .text.xTaskCreateStatic
                0x0000000008006594       0x74 build/tasks.o
                0x0000000008006594                xTaskCreateStatic
 .text.xTaskCreate
                0x0000000008006608       0x66 build/tasks.o
                0x0000000008006608                xTaskCreate
 *fill*         0x000000000800666e        0x2 
 .text.vTaskStartScheduler
                0x0000000008006670       0x9c build/tasks.o
                0x0000000008006670                vTaskStartScheduler
 .text.vTaskSuspendAll
                0x000000000800670c       0x10 build/tasks.o
                0x000000000800670c                vTaskSuspendAll
 .text.xTaskGetTickCount
                0x000000000800671c        0xc build/tasks.o
                0x000000000800671c                xTaskGetTickCount
 .text.xTaskIncrementTick
                0x0000000008006728      0x118 build/tasks.o
                0x0000000008006728                xTaskIncrementTick
 .text.xTaskResumeAll
                0x0000000008006840       0xfc build/tasks.o
                0x0000000008006840                xTaskResumeAll
 .text.vTaskDelay
                0x000000000800693c       0x50 build/tasks.o
                0x000000000800693c                vTaskDelay
 .text.vTaskSwitchContext
                0x000000000800698c       0x9c build/tasks.o
                0x000000000800698c                vTaskSwitchContext
 .text.vTaskPlaceOnEventList
                0x0000000008006a28       0x30 build/tasks.o
                0x0000000008006a28                vTaskPlaceOnEventList
 .text.vTaskPlaceOnEventListRestricted
                0x0000000008006a58       0x38 build/tasks.o
                0x0000000008006a58                vTaskPlaceOnEventListRestricted
 .text.xTaskRemoveFromEventList
                0x0000000008006a90       0x8c build/tasks.o
                0x0000000008006a90                xTaskRemoveFromEventList
 .text.vTaskInternalSetTimeOutState
                0x0000000008006b1c       0x18 build/tasks.o
                0x0000000008006b1c                vTaskInternalSetTimeOutState
 .text.xTaskCheckForTimeOut
                0x0000000008006b34       0x80 build/tasks.o
                0x0000000008006b34                xTaskCheckForTimeOut
 .text.vTaskMissedYield
                0x0000000008006bb4        0xc build/tasks.o
                0x0000000008006bb4                vTaskMissedYield
 .text.xTaskGetSchedulerState
                0x0000000008006bc0       0x20 build/tasks.o
                0x0000000008006bc0                xTaskGetSchedulerState
 .text.xTaskPriorityDisinherit
                0x0000000008006be0       0x90 build/tasks.o
                0x0000000008006be0                xTaskPriorityDisinherit
 .text.prvGetNextExpireTime
                0x0000000008006c70       0x20 build/timers.o
 .text.prvInsertTimerInActiveList
                0x0000000008006c90       0x48 build/timers.o
 .text.prvCheckForValidListAndQueue
                0x0000000008006cd8       0x70 build/timers.o
 .text.xTimerCreateTimerTask
                0x0000000008006d48       0x70 build/timers.o
                0x0000000008006d48                xTimerCreateTimerTask
 .text.xTimerGenericCommand
                0x0000000008006db8       0x6c build/timers.o
                0x0000000008006db8                xTimerGenericCommand
 .text.prvSwitchTimerLists
                0x0000000008006e24       0x7c build/timers.o
 .text.prvSampleTimeNow
                0x0000000008006ea0       0x2c build/timers.o
 .text.prvProcessExpiredTimer
                0x0000000008006ecc       0x6c build/timers.o
 .text.prvProcessTimerOrBlockTask
                0x0000000008006f38       0x74 build/timers.o
 .text.prvProcessReceivedCommands
                0x0000000008006fac      0x110 build/timers.o
 .text.prvTimerTask
                0x00000000080070bc       0x16 build/timers.o
 *fill*         0x00000000080070d2        0x2 
 .text.Reset_Handler
                0x00000000080070d4       0x50 build/startup_stm32f413xx.o
                0x00000000080070d4                Reset_Handler
 .text.Default_Handler
                0x0000000008007124        0x2 build/startup_stm32f413xx.o
                0x0000000008007124                RTC_Alarm_IRQHandler
                0x0000000008007124                EXTI2_IRQHandler
                0x0000000008007124                TIM8_CC_IRQHandler
                0x0000000008007124                UART8_IRQHandler
                0x0000000008007124                FMPI2C1_EV_IRQHandler
                0x0000000008007124                SPI4_IRQHandler
                0x0000000008007124                TIM1_CC_IRQHandler
                0x0000000008007124                DMA2_Stream5_IRQHandler
                0x0000000008007124                CAN3_RX1_IRQHandler
                0x0000000008007124                PVD_IRQHandler
                0x0000000008007124                SDIO_IRQHandler
                0x0000000008007124                TAMP_STAMP_IRQHandler
                0x0000000008007124                EXTI3_IRQHandler
                0x0000000008007124                TIM8_TRG_COM_TIM14_IRQHandler
                0x0000000008007124                DFSDM1_FLT1_IRQHandler
                0x0000000008007124                TIM8_UP_TIM13_IRQHandler
                0x0000000008007124                I2C3_ER_IRQHandler
                0x0000000008007124                EXTI0_IRQHandler
                0x0000000008007124                I2C2_EV_IRQHandler
                0x0000000008007124                DMA1_Stream2_IRQHandler
                0x0000000008007124                FPU_IRQHandler
                0x0000000008007124                CAN3_SCE_IRQHandler
                0x0000000008007124                CAN2_SCE_IRQHandler
                0x0000000008007124                SPI1_IRQHandler
                0x0000000008007124                TIM6_DAC_IRQHandler
                0x0000000008007124                TIM1_BRK_TIM9_IRQHandler
                0x0000000008007124                CAN2_RX0_IRQHandler
                0x0000000008007124                DMA2_Stream3_IRQHandler
                0x0000000008007124                USART6_IRQHandler
                0x0000000008007124                USART3_IRQHandler
                0x0000000008007124                DFSDM2_FLT3_IRQHandler
                0x0000000008007124                CAN1_RX1_IRQHandler
                0x0000000008007124                UART5_IRQHandler
                0x0000000008007124                DMA2_Stream0_IRQHandler
                0x0000000008007124                TIM4_IRQHandler
                0x0000000008007124                QUADSPI_IRQHandler
                0x0000000008007124                I2C1_EV_IRQHandler
                0x0000000008007124                UART4_IRQHandler
                0x0000000008007124                TIM3_IRQHandler
                0x0000000008007124                RCC_IRQHandler
                0x0000000008007124                UART9_IRQHandler
                0x0000000008007124                TIM8_BRK_TIM12_IRQHandler
                0x0000000008007124                Default_Handler
                0x0000000008007124                EXTI15_10_IRQHandler
                0x0000000008007124                ADC_IRQHandler
                0x0000000008007124                DMA1_Stream7_IRQHandler
                0x0000000008007124                DFSDM2_FLT0_IRQHandler
                0x0000000008007124                SPI5_IRQHandler
                0x0000000008007124                CAN2_TX_IRQHandler
                0x0000000008007124                TIM5_IRQHandler
                0x0000000008007124                DMA2_Stream7_IRQHandler
                0x0000000008007124                I2C3_EV_IRQHandler
                0x0000000008007124                DFSDM2_FLT2_IRQHandler
                0x0000000008007124                EXTI9_5_IRQHandler
                0x0000000008007124                RTC_WKUP_IRQHandler
                0x0000000008007124                SPI2_IRQHandler
                0x0000000008007124                DMA1_Stream0_IRQHandler
                0x0000000008007124                CAN1_TX_IRQHandler
                0x0000000008007124                FMPI2C1_ER_IRQHandler
                0x0000000008007124                EXTI4_IRQHandler
                0x0000000008007124                DFSDM2_FLT1_IRQHandler
                0x0000000008007124                RNG_IRQHandler
                0x0000000008007124                FSMC_IRQHandler
                0x0000000008007124                WWDG_IRQHandler
                0x0000000008007124                CAN3_TX_IRQHandler
                0x0000000008007124                OTG_FS_WKUP_IRQHandler
                0x0000000008007124                TIM1_TRG_COM_TIM11_IRQHandler
                0x0000000008007124                EXTI1_IRQHandler
                0x0000000008007124                UART7_IRQHandler
                0x0000000008007124                USART2_IRQHandler
                0x0000000008007124                DFSDM1_FLT0_IRQHandler
                0x0000000008007124                I2C2_ER_IRQHandler
                0x0000000008007124                DMA2_Stream1_IRQHandler
                0x0000000008007124                CAN1_SCE_IRQHandler
                0x0000000008007124                FLASH_IRQHandler
                0x0000000008007124                DMA2_Stream4_IRQHandler
                0x0000000008007124                USART1_IRQHandler
                0x0000000008007124                OTG_FS_IRQHandler
                0x0000000008007124                SPI3_IRQHandler
                0x0000000008007124                DMA1_Stream4_IRQHandler
                0x0000000008007124                I2C1_ER_IRQHandler
                0x0000000008007124                LPTIM1_IRQHandler
                0x0000000008007124                DMA2_Stream6_IRQHandler
                0x0000000008007124                UART10_IRQHandler
                0x0000000008007124                SAI1_IRQHandler
                0x0000000008007124                DMA1_Stream3_IRQHandler
 *fill*         0x0000000008007126        0x2 
 .text.startup  0x0000000008007128       0x14 /usr/lib/gcc/arm-none-eabi/6.3.1/../../../arm-none-eabi/lib/thumb/v7e-m/fpv4-sp/hard/libc.a(lib_a-__call_atexit.o)
 *(.glue_7)
 .glue_7        0x000000000800713c        0x0 linker stubs
 *(.glue_7t)
 .glue_7t       0x000000000800713c        0x0 linker stubs
 *(.eh_frame)
 .eh_frame      0x000000000800713c        0x0 /usr/lib/gcc/arm-none-eabi/6.3.1/thumb/v7e-m/fpv4-sp/hard/crtbegin.o
 *(.init)
 .init          0x000000000800713c        0x4 /usr/lib/gcc/arm-none-eabi/6.3.1/thumb/v7e-m/fpv4-sp/hard/crti.o
                0x000000000800713c                _init
 .init          0x0000000008007140        0x8 /usr/lib/gcc/arm-none-eabi/6.3.1/thumb/v7e-m/fpv4-sp/hard/crtn.o
 *(.fini)
 .fini          0x0000000008007148        0x4 /usr/lib/gcc/arm-none-eabi/6.3.1/thumb/v7e-m/fpv4-sp/hard/crti.o
                0x0000000008007148                _fini
 .fini          0x000000000800714c        0x8 /usr/lib/gcc/arm-none-eabi/6.3.1/thumb/v7e-m/fpv4-sp/hard/crtn.o
                0x0000000008007154                . = ALIGN (0x4)
                0x0000000008007154                _etext = .

.vfp11_veneer   0x0000000008007154        0x0
 .vfp11_veneer  0x0000000008007154        0x0 linker stubs

.v4_bx          0x0000000008007154        0x0
 .v4_bx         0x0000000008007154        0x0 linker stubs

.iplt           0x0000000008007154        0x0
 .iplt          0x0000000008007154        0x0 /usr/lib/gcc/arm-none-eabi/6.3.1/thumb/v7e-m/fpv4-sp/hard/crtbegin.o

.rodata         0x0000000008007154      0x2c4
                0x0000000008007154                . = ALIGN (0x4)
 *(.rodata)
 .rodata        0x0000000008007154        0x4 /usr/lib/gcc/arm-none-eabi/6.3.1/../../../arm-none-eabi/lib/thumb/v7e-m/fpv4-sp/hard/libc.a(lib_a-impure.o)
                0x0000000008007154                _global_impure_ptr
 *(.rodata*)
 .rodata.balanceByte
                0x0000000008007158       0x60 build/bms.o
 .rodata.balanceShift
                0x00000000080071b8       0x60 build/bms.o
 .rodata.balanceCommand_attributes
                0x0000000008007218       0x24 build/main.o
                0x0000000008007218                balanceCommand_attributes
 .rodata.defaultTask_attributes
                0x000000000800723c       0x24 build/main.o
                0x000000000800723c                defaultTask_attributes
 .rodata.processData_attributes
                0x0000000008007260       0x24 build/main.o
                0x0000000008007260                processData_attributes
 .rodata.sendCommand_attributes
                0x0000000008007284       0x24 build/main.o
                0x0000000008007284                sendCommand_attributes
 .rodata.str1.4
                0x00000000080072a8       0x34 build/main.o
 .rodata.AHBPrescTable
                0x00000000080072dc       0x10 build/system_stm32f4xx.o
                0x00000000080072dc                AHBPrescTable
 .rodata.APBPrescTable
                0x00000000080072ec        0x8 build/system_stm32f4xx.o
                0x00000000080072ec                APBPrescTable
 .rodata.gammaTable
                0x00000000080072f4      0x100 build/ws2812b.o
                0x00000000080072f4                gammaTable
 .rodata.flagBitshiftOffset.8033
                0x00000000080073f4        0x8 build/stm32f4xx_hal_dma.o
 .rodata.vTaskStartScheduler.str1.4
                0x00000000080073fc        0x5 build/tasks.o
 *fill*         0x0000000008007401        0x3 
 .rodata.prvCheckForValidListAndQueue.str1.4
                0x0000000008007404        0x5 build/timers.o
 *fill*         0x0000000008007409        0x3 
 .rodata.xTimerCreateTimerTask.str1.4
                0x000000000800740c        0x8 build/timers.o
 .rodata.str1.4
                0x0000000008007414        0x4 /usr/lib/gcc/arm-none-eabi/6.3.1/../../../arm-none-eabi/lib/thumb/v7e-m/fpv4-sp/hard/libc.a(lib_a-impure.o)
                                          0x2 (size before relaxing)
                0x0000000008007418                . = ALIGN (0x4)

.ARM.extab
 *(.ARM.extab* .gnu.linkonce.armextab.*)

.ARM            0x0000000008007418        0x8
                0x0000000008007418                __exidx_start = .
 *(.ARM.exidx*)
 .ARM.exidx     0x0000000008007418        0x8 /usr/lib/gcc/arm-none-eabi/6.3.1/thumb/v7e-m/fpv4-sp/hard/libgcc.a(_udivmoddi4.o)
                0x0000000008007420                __exidx_end = .

.rel.dyn        0x0000000008007420        0x0
 .rel.iplt      0x0000000008007420        0x0 /usr/lib/gcc/arm-none-eabi/6.3.1/thumb/v7e-m/fpv4-sp/hard/crtbegin.o

.preinit_array  0x0000000008007420        0x0
                0x0000000008007420                PROVIDE (__preinit_array_start, .)
 *(.preinit_array*)
                0x0000000008007420                PROVIDE (__preinit_array_end, .)

.init_array     0x0000000008007420        0x8
                0x0000000008007420                PROVIDE (__init_array_start, .)
 *(SORT(.init_array.*))
 .init_array.00000
                0x0000000008007420        0x4 /usr/lib/gcc/arm-none-eabi/6.3.1/../../../arm-none-eabi/lib/thumb/v7e-m/fpv4-sp/hard/libc.a(lib_a-__call_atexit.o)
 *(.init_array*)
 .init_array    0x0000000008007424        0x4 /usr/lib/gcc/arm-none-eabi/6.3.1/thumb/v7e-m/fpv4-sp/hard/crtbegin.o
                0x0000000008007428                PROVIDE (__init_array_end, .)

.fini_array     0x0000000008007428        0x4
                0x0000000008007428                PROVIDE (__fini_array_start, .)
 *(SORT(.fini_array.*))
 *(.fini_array*)
 .fini_array    0x0000000008007428        0x4 /usr/lib/gcc/arm-none-eabi/6.3.1/thumb/v7e-m/fpv4-sp/hard/crtbegin.o
                0x000000000800742c                PROVIDE (__fini_array_end, .)
                0x000000000800742c                _sidata = LOADADDR (.data)

.data           0x0000000020000000      0x448 load address 0x000000000800742c
                0x0000000020000000                . = ALIGN (0x4)
                0x0000000020000000                _sdata = .
 *(.data)
 .data          0x0000000020000000      0x430 /usr/lib/gcc/arm-none-eabi/6.3.1/../../../arm-none-eabi/lib/thumb/v7e-m/fpv4-sp/hard/libc.a(lib_a-impure.o)
                0x0000000020000000                _impure_ptr
 *(.data*)
 .data.SystemCoreClock
                0x0000000020000430        0x4 build/system_stm32f4xx.o
                0x0000000020000430                SystemCoreClock
 .data.WS2812_IO_High
                0x0000000020000434        0x4 build/ws2812b.o
                0x0000000020000434                WS2812_IO_High
 .data.WS2812_IO_Low
                0x0000000020000438        0x4 build/ws2812b.o
                0x0000000020000438                WS2812_IO_Low
 .data.uwTickFreq
                0x000000002000043c        0x1 build/stm32f4xx_hal.o
                0x000000002000043c                uwTickFreq
 *fill*         0x000000002000043d        0x3 
 .data.uwTickPrio
                0x0000000020000440        0x4 build/stm32f4xx_hal.o
                0x0000000020000440                uwTickPrio
 .data.uxCriticalNesting
                0x0000000020000444        0x4 build/port.o
                0x0000000020000448                . = ALIGN (0x4)
                0x0000000020000448                _edata = .

.jcr            0x0000000020000448        0x0 load address 0x0000000008007874
 .jcr           0x0000000020000448        0x0 /usr/lib/gcc/arm-none-eabi/6.3.1/thumb/v7e-m/fpv4-sp/hard/crtbegin.o

.tm_clone_table
                0x0000000020000448        0x0 load address 0x0000000008007874
 .tm_clone_table
                0x0000000020000448        0x0 /usr/lib/gcc/arm-none-eabi/6.3.1/thumb/v7e-m/fpv4-sp/hard/crtbegin.o
 .tm_clone_table
                0x0000000020000448        0x0 /usr/lib/gcc/arm-none-eabi/6.3.1/thumb/v7e-m/fpv4-sp/hard/crtend.o

.igot.plt       0x0000000020000448        0x0 load address 0x0000000008007874
 .igot.plt      0x0000000020000448        0x0 /usr/lib/gcc/arm-none-eabi/6.3.1/thumb/v7e-m/fpv4-sp/hard/crtbegin.o
                0x0000000020000448                . = ALIGN (0x4)

.bss            0x0000000020000448     0x5128 load address 0x0000000008007874
                0x0000000020000448                _sbss = .
                0x0000000020000448                __bss_start__ = _sbss
 *(.bss)
 .bss           0x0000000020000448       0x1c /usr/lib/gcc/arm-none-eabi/6.3.1/thumb/v7e-m/fpv4-sp/hard/crtbegin.o
 *(.bss*)
 .bss.timestamp.8561
                0x0000000020000464        0x4 build/visEffect.o
 .bss.x.8544    0x0000000020000468        0x1 build/visEffect.o
 *fill*         0x0000000020000469        0x3 
 .bss.Idle_Stack
                0x000000002000046c      0x200 build/cmsis_os2.o
 .bss.Idle_TCB  0x000000002000066c       0x5c build/cmsis_os2.o
 .bss.KernelState
                0x00000000200006c8        0x4 build/cmsis_os2.o
 .bss.Timer_Stack
                0x00000000200006cc      0x400 build/cmsis_os2.o
 .bss.Timer_TCB
                0x0000000020000acc       0x5c build/cmsis_os2.o
 .bss.ucMaxSysCallPriority
                0x0000000020000b28        0x1 build/port.o
 *fill*         0x0000000020000b29        0x3 
 .bss.ulMaxPRIGROUPValue
                0x0000000020000b2c        0x4 build/port.o
 .bss.pxEnd     0x0000000020000b30        0x4 build/heap_4.o
 .bss.ucHeap    0x0000000020000b34     0x3c00 build/heap_4.o
 .bss.xBlockAllocatedBit
                0x0000000020004734        0x4 build/heap_4.o
 .bss.xFreeBytesRemaining
                0x0000000020004738        0x4 build/heap_4.o
 .bss.xMinimumEverFreeBytesRemaining
                0x000000002000473c        0x4 build/heap_4.o
 .bss.xStart    0x0000000020004740        0x8 build/heap_4.o
 .bss.pxCurrentTCB
                0x0000000020004748        0x4 build/tasks.o
                0x0000000020004748                pxCurrentTCB
 .bss.pxDelayedTaskList
                0x000000002000474c        0x4 build/tasks.o
 .bss.pxOverflowDelayedTaskList
                0x0000000020004750        0x4 build/tasks.o
 .bss.pxReadyTasksLists
                0x0000000020004754      0x460 build/tasks.o
 .bss.uxCurrentNumberOfTasks
                0x0000000020004bb4        0x4 build/tasks.o
 .bss.uxDeletedTasksWaitingCleanUp
                0x0000000020004bb8        0x4 build/tasks.o
 .bss.uxPendedTicks
                0x0000000020004bbc        0x4 build/tasks.o
 .bss.uxSchedulerSuspended
                0x0000000020004bc0        0x4 build/tasks.o
 .bss.uxTaskNumber
                0x0000000020004bc4        0x4 build/tasks.o
 .bss.uxTopReadyPriority
                0x0000000020004bc8        0x4 build/tasks.o
 .bss.xDelayedTaskList1
                0x0000000020004bcc       0x14 build/tasks.o
 .bss.xDelayedTaskList2
                0x0000000020004be0       0x14 build/tasks.o
 .bss.xNextTaskUnblockTime
                0x0000000020004bf4        0x4 build/tasks.o
 .bss.xNumOfOverflows
                0x0000000020004bf8        0x4 build/tasks.o
 .bss.xPendingReadyList
                0x0000000020004bfc       0x14 build/tasks.o
 .bss.xSchedulerRunning
                0x0000000020004c10        0x4 build/tasks.o
 .bss.xSuspendedTaskList
                0x0000000020004c14       0x14 build/tasks.o
 .bss.xTasksWaitingTermination
                0x0000000020004c28       0x14 build/tasks.o
 .bss.xTickCount
                0x0000000020004c3c        0x4 build/tasks.o
 .bss.xYieldPending
                0x0000000020004c40        0x4 build/tasks.o
 .bss.pxCurrentTimerList
                0x0000000020004c44        0x4 build/timers.o
 .bss.pxOverflowTimerList
                0x0000000020004c48        0x4 build/timers.o
 .bss.ucStaticTimerQueueStorage.6640
                0x0000000020004c4c       0xa0 build/timers.o
 .bss.xActiveTimerList1
                0x0000000020004cec       0x14 build/timers.o
 .bss.xActiveTimerList2
                0x0000000020004d00       0x14 build/timers.o
 .bss.xLastTime.6589
                0x0000000020004d14        0x4 build/timers.o
 .bss.xStaticTimerQueue.6639
                0x0000000020004d18       0x50 build/timers.o
 .bss.xTimerQueue
                0x0000000020004d68        0x4 build/timers.o
 .bss.xTimerTaskHandle
                0x0000000020004d6c        0x4 build/timers.o
 *(COMMON)
 COMMON         0x0000000020004d70      0x45c build/bms.o
                0x0000000020004d70                BMS
                0x0000000020004f5c                rxMsg3
                0x0000000020004f78                sf4
                0x0000000020004fa0                sf
                0x0000000020004fc8                charged
                0x0000000020004fcc                canRx2
                0x0000000020004fd4                canTx
                0x0000000020004fdc                txMsgExt2
                0x0000000020004ff4                rxMsg
                0x0000000020005010                txCycle3
                0x0000000020005014                txMsg2
                0x000000002000502c                txMsg3
                0x0000000020005044                hcan3
                0x000000002000506c                hcan2
                0x0000000020005094                canMailbox2
                0x0000000020005098                txMsg
                0x00000000200050b0                canMailbox
                0x00000000200050b4                txMsgExt3
                0x00000000200050cc                txCycle2
                0x00000000200050d0                canTx2
                0x00000000200050d8                txMsgExt
                0x00000000200050f0                vechicleState
                0x00000000200050f4                txCycle
                0x00000000200050f8                rxMsg2
                0x0000000020005114                hcan1
                0x000000002000513c                canTx3
                0x0000000020005144                sf2
                0x000000002000516c                canRx
                0x0000000020005174                sf5
                0x000000002000519c                sf3
                0x00000000200051c4                canRx3
 COMMON         0x00000000200051cc       0xac build/main.o
                0x00000000200051cc                processDataHandle
                0x00000000200051d0                defaultTaskHandle
                0x00000000200051d4                tim2OC2
                0x00000000200051f0                timer_reset_pulse_period
                0x00000000200051f4                sendCommandHandle
                0x00000000200051f8                tim2OC1
                0x0000000020005214                TIM1_handle
                0x0000000020005254                tim_period
                0x0000000020005258                ws2812b
                0x0000000020005274                balanceCommandHandle
 COMMON         0x0000000020005278       0x40 build/stm32f4xx_hal_timebase_tim.o
                0x0000000020005278                htim7
 COMMON         0x00000000200052b8       0xf0 build/visEffect.o
                0x00000000200052b8                frameBuffer2
                0x00000000200052f4                frameBuffer
 COMMON         0x00000000200053a8      0x184 build/ws2812b.o
                0x00000000200053a8                dmaCC2
                0x0000000020005408                dmaCC1
                0x0000000020005468                dummy
                0x000000002000546c                ws2812bDmaBitBuffer
                0x00000000200054cc                dmaUpdate
 COMMON         0x000000002000552c        0x4 build/stm32f4xx_hal.o
                0x000000002000552c                uwTick
 COMMON         0x0000000020005530       0x40 build/queue.o
                0x0000000020005530                xQueueRegistry
                0x0000000020005570                . = ALIGN (0x4)
                0x0000000020005570                _ebss = .
                0x0000000020005570                __bss_end__ = _ebss

._user_heap_stack
                0x0000000020005570      0x600 load address 0x0000000008007874
                0x0000000020005570                . = ALIGN (0x8)
                [!provide]                        PROVIDE (end, .)
                [!provide]                        PROVIDE (_end, .)
                0x0000000020005770                . = (. + _Min_Heap_Size)
 *fill*         0x0000000020005570      0x200 
                0x0000000020005b70                . = (. + _Min_Stack_Size)
 *fill*         0x0000000020005770      0x400 
                0x0000000020005b70                . = ALIGN (0x8)

/DISCARD/
 libc.a(*)
 libm.a(*)
 libgcc.a(*)

.ARM.attributes
                0x0000000000000000       0x30
 *(.ARM.attributes)
 .ARM.attributes
                0x0000000000000000       0x22 /usr/lib/gcc/arm-none-eabi/6.3.1/thumb/v7e-m/fpv4-sp/hard/crti.o
 .ARM.attributes
                0x0000000000000022       0x34 /usr/lib/gcc/arm-none-eabi/6.3.1/thumb/v7e-m/fpv4-sp/hard/crtbegin.o
 .ARM.attributes
                0x0000000000000056       0x39 build/bms.o
 .ARM.attributes
                0x000000000000008f       0x39 build/can_setup.o
 .ARM.attributes
                0x00000000000000c8       0x39 build/main.o
 .ARM.attributes
                0x0000000000000101       0x39 build/stm32f4xx_hal_msp.o
 .ARM.attributes
                0x000000000000013a       0x39 build/stm32f4xx_hal_timebase_tim.o
 .ARM.attributes
                0x0000000000000173       0x39 build/stm32f4xx_it.o
 .ARM.attributes
                0x00000000000001ac       0x39 build/system_stm32f4xx.o
 .ARM.attributes
                0x00000000000001e5       0x39 build/visEffect.o
 .ARM.attributes
                0x000000000000021e       0x39 build/ws2812b.o
 .ARM.attributes
                0x0000000000000257       0x39 build/stm32f4xx_hal.o
 .ARM.attributes
                0x0000000000000290       0x39 build/stm32f4xx_hal_can.o
 .ARM.attributes
                0x00000000000002c9       0x39 build/stm32f4xx_hal_cortex.o
 .ARM.attributes
                0x0000000000000302       0x39 build/stm32f4xx_hal_dma.o
 .ARM.attributes
                0x000000000000033b       0x39 build/stm32f4xx_hal_gpio.o
 .ARM.attributes
                0x0000000000000374       0x39 build/stm32f4xx_hal_rcc.o
 .ARM.attributes
                0x00000000000003ad       0x39 build/stm32f4xx_hal_rcc_ex.o
 .ARM.attributes
                0x00000000000003e6       0x39 build/stm32f4xx_hal_tim.o
 .ARM.attributes
                0x000000000000041f       0x39 build/stm32f4xx_hal_tim_ex.o
 .ARM.attributes
                0x0000000000000458       0x39 build/cmsis_os2.o
 .ARM.attributes
                0x0000000000000491       0x39 build/list.o
 .ARM.attributes
                0x00000000000004ca       0x39 build/port.o
 .ARM.attributes
                0x0000000000000503       0x39 build/heap_4.o
 .ARM.attributes
                0x000000000000053c       0x39 build/queue.o
 .ARM.attributes
                0x0000000000000575       0x39 build/tasks.o
 .ARM.attributes
                0x00000000000005ae       0x39 build/timers.o
 .ARM.attributes
                0x00000000000005e7       0x21 build/startup_stm32f413xx.o
 .ARM.attributes
                0x0000000000000608       0x34 /usr/lib/gcc/arm-none-eabi/6.3.1/../../../arm-none-eabi/lib/thumb/v7e-m/fpv4-sp/hard/libc.a(lib_a-atexit.o)
 .ARM.attributes
                0x000000000000063c       0x34 /usr/lib/gcc/arm-none-eabi/6.3.1/../../../arm-none-eabi/lib/thumb/v7e-m/fpv4-sp/hard/libc.a(lib_a-fini.o)
 .ARM.attributes
                0x0000000000000670       0x34 /usr/lib/gcc/arm-none-eabi/6.3.1/../../../arm-none-eabi/lib/thumb/v7e-m/fpv4-sp/hard/libc.a(lib_a-impure.o)
 .ARM.attributes
                0x00000000000006a4       0x34 /usr/lib/gcc/arm-none-eabi/6.3.1/../../../arm-none-eabi/lib/thumb/v7e-m/fpv4-sp/hard/libc.a(lib_a-init.o)
 .ARM.attributes
                0x00000000000006d8       0x20 /usr/lib/gcc/arm-none-eabi/6.3.1/../../../arm-none-eabi/lib/thumb/v7e-m/fpv4-sp/hard/libc.a(lib_a-memcpy.o)
 .ARM.attributes
                0x00000000000006f8       0x34 /usr/lib/gcc/arm-none-eabi/6.3.1/../../../arm-none-eabi/lib/thumb/v7e-m/fpv4-sp/hard/libc.a(lib_a-memset.o)
 .ARM.attributes
                0x000000000000072c       0x34 /usr/lib/gcc/arm-none-eabi/6.3.1/../../../arm-none-eabi/lib/thumb/v7e-m/fpv4-sp/hard/libc.a(lib_a-rand.o)
 .ARM.attributes
                0x0000000000000760       0x34 /usr/lib/gcc/arm-none-eabi/6.3.1/../../../arm-none-eabi/lib/thumb/v7e-m/fpv4-sp/hard/libc.a(lib_a-__atexit.o)
 .ARM.attributes
                0x0000000000000794       0x34 /usr/lib/gcc/arm-none-eabi/6.3.1/../../../arm-none-eabi/lib/thumb/v7e-m/fpv4-sp/hard/libc.a(lib_a-__call_atexit.o)
 .ARM.attributes
                0x00000000000007c8       0x22 /usr/lib/gcc/arm-none-eabi/6.3.1/thumb/v7e-m/fpv4-sp/hard/libgcc.a(_arm_addsubdf3.o)
 .ARM.attributes
                0x00000000000007ea       0x22 /usr/lib/gcc/arm-none-eabi/6.3.1/thumb/v7e-m/fpv4-sp/hard/libgcc.a(_arm_muldivdf3.o)
 .ARM.attributes
                0x000000000000080c       0x22 /usr/lib/gcc/arm-none-eabi/6.3.1/thumb/v7e-m/fpv4-sp/hard/libgcc.a(_arm_cmpdf2.o)
 .ARM.attributes
                0x000000000000082e       0x22 /usr/lib/gcc/arm-none-eabi/6.3.1/thumb/v7e-m/fpv4-sp/hard/libgcc.a(_arm_fixunsdfsi.o)
 .ARM.attributes
                0x0000000000000850       0x22 /usr/lib/gcc/arm-none-eabi/6.3.1/thumb/v7e-m/fpv4-sp/hard/libgcc.a(_aeabi_uldivmod.o)
 .ARM.attributes
                0x0000000000000872       0x34 /usr/lib/gcc/arm-none-eabi/6.3.1/thumb/v7e-m/fpv4-sp/hard/libgcc.a(_udivmoddi4.o)
 .ARM.attributes
                0x00000000000008a6       0x22 /usr/lib/gcc/arm-none-eabi/6.3.1/thumb/v7e-m/fpv4-sp/hard/libgcc.a(_dvmd_tls.o)
 .ARM.attributes
                0x00000000000008c8       0x34 /usr/lib/gcc/arm-none-eabi/6.3.1/thumb/v7e-m/fpv4-sp/hard/crtend.o
 .ARM.attributes
                0x00000000000008fc       0x22 /usr/lib/gcc/arm-none-eabi/6.3.1/thumb/v7e-m/fpv4-sp/hard/crtn.o
OUTPUT(build/BMS_ALT.elf elf32-littlearm)

.comment        0x0000000000000000       0x31
 .comment       0x0000000000000000       0x31 /usr/lib/gcc/arm-none-eabi/6.3.1/thumb/v7e-m/fpv4-sp/hard/crtbegin.o
                                         0x32 (size before relaxing)
 .comment       0x0000000000000031       0x32 build/bms.o
 .comment       0x0000000000000031       0x32 build/can_setup.o
 .comment       0x0000000000000031       0x32 build/main.o
 .comment       0x0000000000000031       0x32 build/stm32f4xx_hal_msp.o
 .comment       0x0000000000000031       0x32 build/stm32f4xx_hal_timebase_tim.o
 .comment       0x0000000000000031       0x32 build/stm32f4xx_it.o
 .comment       0x0000000000000031       0x32 build/system_stm32f4xx.o
 .comment       0x0000000000000031       0x32 build/visEffect.o
 .comment       0x0000000000000031       0x32 build/ws2812b.o
 .comment       0x0000000000000031       0x32 build/stm32f4xx_hal.o
 .comment       0x0000000000000031       0x32 build/stm32f4xx_hal_can.o
 .comment       0x0000000000000031       0x32 build/stm32f4xx_hal_cortex.o
 .comment       0x0000000000000031       0x32 build/stm32f4xx_hal_dma.o
 .comment       0x0000000000000031       0x32 build/stm32f4xx_hal_gpio.o
 .comment       0x0000000000000031       0x32 build/stm32f4xx_hal_rcc.o
 .comment       0x0000000000000031       0x32 build/stm32f4xx_hal_rcc_ex.o
 .comment       0x0000000000000031       0x32 build/stm32f4xx_hal_tim.o
 .comment       0x0000000000000031       0x32 build/stm32f4xx_hal_tim_ex.o
 .comment       0x0000000000000031       0x32 build/cmsis_os2.o
 .comment       0x0000000000000031       0x32 build/list.o
 .comment       0x0000000000000031       0x32 build/port.o
 .comment       0x0000000000000031       0x32 build/heap_4.o
 .comment       0x0000000000000031       0x32 build/queue.o
 .comment       0x0000000000000031       0x32 build/tasks.o
 .comment       0x0000000000000031       0x32 build/timers.o
 .comment       0x0000000000000031       0x32 /usr/lib/gcc/arm-none-eabi/6.3.1/../../../arm-none-eabi/lib/thumb/v7e-m/fpv4-sp/hard/libc.a(lib_a-atexit.o)
 .comment       0x0000000000000031       0x32 /usr/lib/gcc/arm-none-eabi/6.3.1/../../../arm-none-eabi/lib/thumb/v7e-m/fpv4-sp/hard/libc.a(lib_a-fini.o)
 .comment       0x0000000000000031       0x32 /usr/lib/gcc/arm-none-eabi/6.3.1/../../../arm-none-eabi/lib/thumb/v7e-m/fpv4-sp/hard/libc.a(lib_a-impure.o)
 .comment       0x0000000000000031       0x32 /usr/lib/gcc/arm-none-eabi/6.3.1/../../../arm-none-eabi/lib/thumb/v7e-m/fpv4-sp/hard/libc.a(lib_a-init.o)
 .comment       0x0000000000000031       0x32 /usr/lib/gcc/arm-none-eabi/6.3.1/../../../arm-none-eabi/lib/thumb/v7e-m/fpv4-sp/hard/libc.a(lib_a-memset.o)
 .comment       0x0000000000000031       0x32 /usr/lib/gcc/arm-none-eabi/6.3.1/../../../arm-none-eabi/lib/thumb/v7e-m/fpv4-sp/hard/libc.a(lib_a-rand.o)
 .comment       0x0000000000000031       0x32 /usr/lib/gcc/arm-none-eabi/6.3.1/../../../arm-none-eabi/lib/thumb/v7e-m/fpv4-sp/hard/libc.a(lib_a-__atexit.o)
 .comment       0x0000000000000031       0x32 /usr/lib/gcc/arm-none-eabi/6.3.1/../../../arm-none-eabi/lib/thumb/v7e-m/fpv4-sp/hard/libc.a(lib_a-__call_atexit.o)
 .comment       0x0000000000000031       0x32 /usr/lib/gcc/arm-none-eabi/6.3.1/thumb/v7e-m/fpv4-sp/hard/libgcc.a(_udivmoddi4.o)
 .comment       0x0000000000000031       0x32 /usr/lib/gcc/arm-none-eabi/6.3.1/thumb/v7e-m/fpv4-sp/hard/crtend.o

.debug_info     0x0000000000000000    0x2c0fc
 .debug_info    0x0000000000000000     0x1d24 build/bms.o
 .debug_info    0x0000000000001d24     0x1e9e build/can_setup.o
 .debug_info    0x0000000000003bc2     0x2622 build/main.o
 .debug_info    0x00000000000061e4     0x1550 build/stm32f4xx_hal_msp.o
 .debug_info    0x0000000000007734      0xd82 build/stm32f4xx_hal_timebase_tim.o
 .debug_info    0x00000000000084b6     0x1a8f build/stm32f4xx_it.o
 .debug_info    0x0000000000009f45      0x61e build/system_stm32f4xx.o
 .debug_info    0x000000000000a563     0x13f1 build/visEffect.o
 .debug_info    0x000000000000b954     0x1f58 build/ws2812b.o
 .debug_info    0x000000000000d8ac      0xb63 build/stm32f4xx_hal.o
 .debug_info    0x000000000000e40f     0x1276 build/stm32f4xx_hal_can.o
 .debug_info    0x000000000000f685     0x10c4 build/stm32f4xx_hal_cortex.o
 .debug_info    0x0000000000010749      0xb46 build/stm32f4xx_hal_dma.o
 .debug_info    0x000000000001128f      0x8e3 build/stm32f4xx_hal_gpio.o
 .debug_info    0x0000000000011b72      0xbc8 build/stm32f4xx_hal_rcc.o
 .debug_info    0x000000000001273a      0xb33 build/stm32f4xx_hal_rcc_ex.o
 .debug_info    0x000000000001326d     0x34d0 build/stm32f4xx_hal_tim.o
 .debug_info    0x000000000001673d     0x194c build/stm32f4xx_hal_tim_ex.o
 .debug_info    0x0000000000018089     0x4e0e build/cmsis_os2.o
 .debug_info    0x000000000001ce97      0xbd6 build/list.o
 .debug_info    0x000000000001da6d      0x5b3 build/port.o
 .debug_info    0x000000000001e020      0xd6a build/heap_4.o
 .debug_info    0x000000000001ed8a     0x2f34 build/queue.o
 .debug_info    0x0000000000021cbe     0x371a build/tasks.o
 .debug_info    0x00000000000253d8     0x221d build/timers.o
 .debug_info    0x00000000000275f5       0x52 build/startup_stm32f413xx.o
 .debug_info    0x0000000000027647      0x907 /usr/lib/gcc/arm-none-eabi/6.3.1/../../../arm-none-eabi/lib/thumb/v7e-m/fpv4-sp/hard/libc.a(lib_a-atexit.o)
 .debug_info    0x0000000000027f4e       0xfa /usr/lib/gcc/arm-none-eabi/6.3.1/../../../arm-none-eabi/lib/thumb/v7e-m/fpv4-sp/hard/libc.a(lib_a-fini.o)
 .debug_info    0x0000000000028048      0x8a5 /usr/lib/gcc/arm-none-eabi/6.3.1/../../../arm-none-eabi/lib/thumb/v7e-m/fpv4-sp/hard/libc.a(lib_a-impure.o)
 .debug_info    0x00000000000288ed      0x110 /usr/lib/gcc/arm-none-eabi/6.3.1/../../../arm-none-eabi/lib/thumb/v7e-m/fpv4-sp/hard/libc.a(lib_a-init.o)
 .debug_info    0x00000000000289fd       0xdc /usr/lib/gcc/arm-none-eabi/6.3.1/../../../arm-none-eabi/lib/thumb/v7e-m/fpv4-sp/hard/libc.a(lib_a-memcpy.o)
 .debug_info    0x0000000000028ad9      0x91b /usr/lib/gcc/arm-none-eabi/6.3.1/../../../arm-none-eabi/lib/thumb/v7e-m/fpv4-sp/hard/libc.a(lib_a-memset.o)
 .debug_info    0x00000000000293f4      0x8e6 /usr/lib/gcc/arm-none-eabi/6.3.1/../../../arm-none-eabi/lib/thumb/v7e-m/fpv4-sp/hard/libc.a(lib_a-rand.o)
 .debug_info    0x0000000000029cda      0x950 /usr/lib/gcc/arm-none-eabi/6.3.1/../../../arm-none-eabi/lib/thumb/v7e-m/fpv4-sp/hard/libc.a(lib_a-__atexit.o)
 .debug_info    0x000000000002a62a      0x9bc /usr/lib/gcc/arm-none-eabi/6.3.1/../../../arm-none-eabi/lib/thumb/v7e-m/fpv4-sp/hard/libc.a(lib_a-__call_atexit.o)
 .debug_info    0x000000000002afe6       0xd4 /usr/lib/gcc/arm-none-eabi/6.3.1/thumb/v7e-m/fpv4-sp/hard/libgcc.a(_arm_addsubdf3.o)
 .debug_info    0x000000000002b0ba       0xd4 /usr/lib/gcc/arm-none-eabi/6.3.1/thumb/v7e-m/fpv4-sp/hard/libgcc.a(_arm_muldivdf3.o)
 .debug_info    0x000000000002b18e       0xd4 /usr/lib/gcc/arm-none-eabi/6.3.1/thumb/v7e-m/fpv4-sp/hard/libgcc.a(_arm_cmpdf2.o)
 .debug_info    0x000000000002b262       0xd4 /usr/lib/gcc/arm-none-eabi/6.3.1/thumb/v7e-m/fpv4-sp/hard/libgcc.a(_arm_fixunsdfsi.o)
 .debug_info    0x000000000002b336       0xcf /usr/lib/gcc/arm-none-eabi/6.3.1/thumb/v7e-m/fpv4-sp/hard/libgcc.a(_aeabi_uldivmod.o)
 .debug_info    0x000000000002b405      0xc24 /usr/lib/gcc/arm-none-eabi/6.3.1/thumb/v7e-m/fpv4-sp/hard/libgcc.a(_udivmoddi4.o)
 .debug_info    0x000000000002c029       0xd3 /usr/lib/gcc/arm-none-eabi/6.3.1/thumb/v7e-m/fpv4-sp/hard/libgcc.a(_dvmd_tls.o)

.debug_abbrev   0x0000000000000000     0x52bd
 .debug_abbrev  0x0000000000000000      0x38c build/bms.o
 .debug_abbrev  0x000000000000038c      0x26a build/can_setup.o
 .debug_abbrev  0x00000000000005f6      0x339 build/main.o
 .debug_abbrev  0x000000000000092f      0x218 build/stm32f4xx_hal_msp.o
 .debug_abbrev  0x0000000000000b47      0x1ec build/stm32f4xx_hal_timebase_tim.o
 .debug_abbrev  0x0000000000000d33      0x265 build/stm32f4xx_it.o
 .debug_abbrev  0x0000000000000f98      0x128 build/system_stm32f4xx.o
 .debug_abbrev  0x00000000000010c0      0x29b build/visEffect.o
 .debug_abbrev  0x000000000000135b      0x34b build/ws2812b.o
 .debug_abbrev  0x00000000000016a6      0x1eb build/stm32f4xx_hal.o
 .debug_abbrev  0x0000000000001891      0x26a build/stm32f4xx_hal_can.o
 .debug_abbrev  0x0000000000001afb      0x33b build/stm32f4xx_hal_cortex.o
 .debug_abbrev  0x0000000000001e36      0x2aa build/stm32f4xx_hal_dma.o
 .debug_abbrev  0x00000000000020e0      0x21a build/stm32f4xx_hal_gpio.o
 .debug_abbrev  0x00000000000022fa      0x28b build/stm32f4xx_hal_rcc.o
 .debug_abbrev  0x0000000000002585      0x1c7 build/stm32f4xx_hal_rcc_ex.o
 .debug_abbrev  0x000000000000274c      0x270 build/stm32f4xx_hal_tim.o
 .debug_abbrev  0x00000000000029bc      0x281 build/stm32f4xx_hal_tim_ex.o
 .debug_abbrev  0x0000000000002c3d      0x45d build/cmsis_os2.o
 .debug_abbrev  0x000000000000309a      0x215 build/list.o
 .debug_abbrev  0x00000000000032af      0x257 build/port.o
 .debug_abbrev  0x0000000000003506      0x309 build/heap_4.o
 .debug_abbrev  0x000000000000380f      0x3dc build/queue.o
 .debug_abbrev  0x0000000000003beb      0x3e8 build/tasks.o
 .debug_abbrev  0x0000000000003fd3      0x386 build/timers.o
 .debug_abbrev  0x0000000000004359       0x12 build/startup_stm32f413xx.o
 .debug_abbrev  0x000000000000436b      0x1f6 /usr/lib/gcc/arm-none-eabi/6.3.1/../../../arm-none-eabi/lib/thumb/v7e-m/fpv4-sp/hard/libc.a(lib_a-atexit.o)
 .debug_abbrev  0x0000000000004561       0xbd /usr/lib/gcc/arm-none-eabi/6.3.1/../../../arm-none-eabi/lib/thumb/v7e-m/fpv4-sp/hard/libc.a(lib_a-fini.o)
 .debug_abbrev  0x000000000000461e      0x189 /usr/lib/gcc/arm-none-eabi/6.3.1/../../../arm-none-eabi/lib/thumb/v7e-m/fpv4-sp/hard/libc.a(lib_a-impure.o)
 .debug_abbrev  0x00000000000047a7       0xba /usr/lib/gcc/arm-none-eabi/6.3.1/../../../arm-none-eabi/lib/thumb/v7e-m/fpv4-sp/hard/libc.a(lib_a-init.o)
 .debug_abbrev  0x0000000000004861       0x14 /usr/lib/gcc/arm-none-eabi/6.3.1/../../../arm-none-eabi/lib/thumb/v7e-m/fpv4-sp/hard/libc.a(lib_a-memcpy.o)
 .debug_abbrev  0x0000000000004875      0x1cd /usr/lib/gcc/arm-none-eabi/6.3.1/../../../arm-none-eabi/lib/thumb/v7e-m/fpv4-sp/hard/libc.a(lib_a-memset.o)
 .debug_abbrev  0x0000000000004a42      0x1e7 /usr/lib/gcc/arm-none-eabi/6.3.1/../../../arm-none-eabi/lib/thumb/v7e-m/fpv4-sp/hard/libc.a(lib_a-rand.o)
 .debug_abbrev  0x0000000000004c29      0x220 /usr/lib/gcc/arm-none-eabi/6.3.1/../../../arm-none-eabi/lib/thumb/v7e-m/fpv4-sp/hard/libc.a(lib_a-__atexit.o)
 .debug_abbrev  0x0000000000004e49      0x270 /usr/lib/gcc/arm-none-eabi/6.3.1/../../../arm-none-eabi/lib/thumb/v7e-m/fpv4-sp/hard/libc.a(lib_a-__call_atexit.o)
 .debug_abbrev  0x00000000000050b9       0x14 /usr/lib/gcc/arm-none-eabi/6.3.1/thumb/v7e-m/fpv4-sp/hard/libgcc.a(_arm_addsubdf3.o)
 .debug_abbrev  0x00000000000050cd       0x14 /usr/lib/gcc/arm-none-eabi/6.3.1/thumb/v7e-m/fpv4-sp/hard/libgcc.a(_arm_muldivdf3.o)
 .debug_abbrev  0x00000000000050e1       0x14 /usr/lib/gcc/arm-none-eabi/6.3.1/thumb/v7e-m/fpv4-sp/hard/libgcc.a(_arm_cmpdf2.o)
 .debug_abbrev  0x00000000000050f5       0x14 /usr/lib/gcc/arm-none-eabi/6.3.1/thumb/v7e-m/fpv4-sp/hard/libgcc.a(_arm_fixunsdfsi.o)
 .debug_abbrev  0x0000000000005109       0x14 /usr/lib/gcc/arm-none-eabi/6.3.1/thumb/v7e-m/fpv4-sp/hard/libgcc.a(_aeabi_uldivmod.o)
 .debug_abbrev  0x000000000000511d      0x18c /usr/lib/gcc/arm-none-eabi/6.3.1/thumb/v7e-m/fpv4-sp/hard/libgcc.a(_udivmoddi4.o)
 .debug_abbrev  0x00000000000052a9       0x14 /usr/lib/gcc/arm-none-eabi/6.3.1/thumb/v7e-m/fpv4-sp/hard/libgcc.a(_dvmd_tls.o)

.debug_loc      0x0000000000000000    0x15e58
 .debug_loc     0x0000000000000000      0xb58 build/bms.o
 .debug_loc     0x0000000000000b58      0x4f7 build/can_setup.o
 .debug_loc     0x000000000000104f      0x224 build/main.o
 .debug_loc     0x0000000000001273      0x222 build/stm32f4xx_hal_msp.o
 .debug_loc     0x0000000000001495       0xae build/stm32f4xx_hal_timebase_tim.o
 .debug_loc     0x0000000000001543       0x80 build/stm32f4xx_it.o
 .debug_loc     0x00000000000015c3      0x13e build/system_stm32f4xx.o
 .debug_loc     0x0000000000001701      0x2ce build/visEffect.o
 .debug_loc     0x00000000000019cf      0x4da build/ws2812b.o
 .debug_loc     0x0000000000001ea9      0x1ad build/stm32f4xx_hal.o
 .debug_loc     0x0000000000002056      0xdbb build/stm32f4xx_hal_can.o
 .debug_loc     0x0000000000002e11      0x6a6 build/stm32f4xx_hal_cortex.o
 .debug_loc     0x00000000000034b7      0xc1d build/stm32f4xx_hal_dma.o
 .debug_loc     0x00000000000040d4      0x4fd build/stm32f4xx_hal_gpio.o
 .debug_loc     0x00000000000045d1      0x55c build/stm32f4xx_hal_rcc.o
 .debug_loc     0x0000000000004b2d      0x900 build/stm32f4xx_hal_rcc_ex.o
 .debug_loc     0x000000000000542d     0x4343 build/stm32f4xx_hal_tim.o
 .debug_loc     0x0000000000009770     0x16b9 build/stm32f4xx_hal_tim_ex.o
 .debug_loc     0x000000000000ae29     0x4692 build/cmsis_os2.o
 .debug_loc     0x000000000000f4bb       0x9c build/list.o
 .debug_loc     0x000000000000f557      0x160 build/port.o
 .debug_loc     0x000000000000f6b7      0x324 build/heap_4.o
 .debug_loc     0x000000000000f9db     0x1ae9 build/queue.o
 .debug_loc     0x00000000000114c4     0x251b build/tasks.o
 .debug_loc     0x00000000000139df     0x10c0 build/timers.o
 .debug_loc     0x0000000000014a9f       0x2c /usr/lib/gcc/arm-none-eabi/6.3.1/../../../arm-none-eabi/lib/thumb/v7e-m/fpv4-sp/hard/libc.a(lib_a-atexit.o)
 .debug_loc     0x0000000000014acb       0x5c /usr/lib/gcc/arm-none-eabi/6.3.1/../../../arm-none-eabi/lib/thumb/v7e-m/fpv4-sp/hard/libc.a(lib_a-fini.o)
 .debug_loc     0x0000000000014b27       0xae /usr/lib/gcc/arm-none-eabi/6.3.1/../../../arm-none-eabi/lib/thumb/v7e-m/fpv4-sp/hard/libc.a(lib_a-init.o)
 .debug_loc     0x0000000000014bd5      0x1bd /usr/lib/gcc/arm-none-eabi/6.3.1/../../../arm-none-eabi/lib/thumb/v7e-m/fpv4-sp/hard/libc.a(lib_a-memset.o)
 .debug_loc     0x0000000000014d92       0x1f /usr/lib/gcc/arm-none-eabi/6.3.1/../../../arm-none-eabi/lib/thumb/v7e-m/fpv4-sp/hard/libc.a(lib_a-rand.o)
 .debug_loc     0x0000000000014db1      0x197 /usr/lib/gcc/arm-none-eabi/6.3.1/../../../arm-none-eabi/lib/thumb/v7e-m/fpv4-sp/hard/libc.a(lib_a-__atexit.o)
 .debug_loc     0x0000000000014f48      0x199 /usr/lib/gcc/arm-none-eabi/6.3.1/../../../arm-none-eabi/lib/thumb/v7e-m/fpv4-sp/hard/libc.a(lib_a-__call_atexit.o)
 .debug_loc     0x00000000000150e1      0xd77 /usr/lib/gcc/arm-none-eabi/6.3.1/thumb/v7e-m/fpv4-sp/hard/libgcc.a(_udivmoddi4.o)

.debug_aranges  0x0000000000000000     0x16b8
 .debug_aranges
                0x0000000000000000       0xc8 build/bms.o
 .debug_aranges
                0x00000000000000c8       0x70 build/can_setup.o
 .debug_aranges
                0x0000000000000138       0x70 build/main.o
 .debug_aranges
                0x00000000000001a8       0x40 build/stm32f4xx_hal_msp.o
 .debug_aranges
                0x00000000000001e8       0x30 build/stm32f4xx_hal_timebase_tim.o
 .debug_aranges
                0x0000000000000218       0x88 build/stm32f4xx_it.o
 .debug_aranges
                0x00000000000002a0       0x28 build/system_stm32f4xx.o
 .debug_aranges
                0x00000000000002c8       0x48 build/visEffect.o
 .debug_aranges
                0x0000000000000310       0x80 build/ws2812b.o
 .debug_aranges
                0x0000000000000390       0xf0 build/stm32f4xx_hal.o
 .debug_aranges
                0x0000000000000480      0x138 build/stm32f4xx_hal_can.o
 .debug_aranges
                0x00000000000005b8       0xa8 build/stm32f4xx_hal_cortex.o
 .debug_aranges
                0x0000000000000660       0x90 build/stm32f4xx_hal_dma.o
 .debug_aranges
                0x00000000000006f0       0x58 build/stm32f4xx_hal_gpio.o
 .debug_aranges
                0x0000000000000748       0x88 build/stm32f4xx_hal_rcc.o
 .debug_aranges
                0x00000000000007d0       0x60 build/stm32f4xx_hal_rcc_ex.o
 .debug_aranges
                0x0000000000000830      0x3a8 build/stm32f4xx_hal_tim.o
 .debug_aranges
                0x0000000000000bd8      0x150 build/stm32f4xx_hal_tim_ex.o
 .debug_aranges
                0x0000000000000d28      0x220 build/cmsis_os2.o
 .debug_aranges
                0x0000000000000f48       0x40 build/list.o
 .debug_aranges
                0x0000000000000f88       0x80 build/port.o
 .debug_aranges
                0x0000000000001008       0x50 build/heap_4.o
 .debug_aranges
                0x0000000000001058      0x158 build/queue.o
 .debug_aranges
                0x00000000000011b0      0x1f8 build/tasks.o
 .debug_aranges
                0x00000000000013a8       0xe8 build/timers.o
 .debug_aranges
                0x0000000000001490       0x28 build/startup_stm32f413xx.o
 .debug_aranges
                0x00000000000014b8       0x20 /usr/lib/gcc/arm-none-eabi/6.3.1/../../../arm-none-eabi/lib/thumb/v7e-m/fpv4-sp/hard/libc.a(lib_a-atexit.o)
 .debug_aranges
                0x00000000000014d8       0x20 /usr/lib/gcc/arm-none-eabi/6.3.1/../../../arm-none-eabi/lib/thumb/v7e-m/fpv4-sp/hard/libc.a(lib_a-fini.o)
 .debug_aranges
                0x00000000000014f8       0x18 /usr/lib/gcc/arm-none-eabi/6.3.1/../../../arm-none-eabi/lib/thumb/v7e-m/fpv4-sp/hard/libc.a(lib_a-impure.o)
 .debug_aranges
                0x0000000000001510       0x20 /usr/lib/gcc/arm-none-eabi/6.3.1/../../../arm-none-eabi/lib/thumb/v7e-m/fpv4-sp/hard/libc.a(lib_a-init.o)
 .debug_aranges
                0x0000000000001530       0x20 /usr/lib/gcc/arm-none-eabi/6.3.1/../../../arm-none-eabi/lib/thumb/v7e-m/fpv4-sp/hard/libc.a(lib_a-memcpy.o)
 .debug_aranges
                0x0000000000001550       0x20 /usr/lib/gcc/arm-none-eabi/6.3.1/../../../arm-none-eabi/lib/thumb/v7e-m/fpv4-sp/hard/libc.a(lib_a-memset.o)
 .debug_aranges
                0x0000000000001570       0x20 /usr/lib/gcc/arm-none-eabi/6.3.1/../../../arm-none-eabi/lib/thumb/v7e-m/fpv4-sp/hard/libc.a(lib_a-rand.o)
 .debug_aranges
                0x0000000000001590       0x20 /usr/lib/gcc/arm-none-eabi/6.3.1/../../../arm-none-eabi/lib/thumb/v7e-m/fpv4-sp/hard/libc.a(lib_a-__atexit.o)
 .debug_aranges
                0x00000000000015b0       0x28 /usr/lib/gcc/arm-none-eabi/6.3.1/../../../arm-none-eabi/lib/thumb/v7e-m/fpv4-sp/hard/libc.a(lib_a-__call_atexit.o)
 .debug_aranges
                0x00000000000015d8       0x20 /usr/lib/gcc/arm-none-eabi/6.3.1/thumb/v7e-m/fpv4-sp/hard/libgcc.a(_arm_addsubdf3.o)
 .debug_aranges
                0x00000000000015f8       0x20 /usr/lib/gcc/arm-none-eabi/6.3.1/thumb/v7e-m/fpv4-sp/hard/libgcc.a(_arm_muldivdf3.o)
 .debug_aranges
                0x0000000000001618       0x20 /usr/lib/gcc/arm-none-eabi/6.3.1/thumb/v7e-m/fpv4-sp/hard/libgcc.a(_arm_cmpdf2.o)
 .debug_aranges
                0x0000000000001638       0x20 /usr/lib/gcc/arm-none-eabi/6.3.1/thumb/v7e-m/fpv4-sp/hard/libgcc.a(_arm_fixunsdfsi.o)
 .debug_aranges
                0x0000000000001658       0x20 /usr/lib/gcc/arm-none-eabi/6.3.1/thumb/v7e-m/fpv4-sp/hard/libgcc.a(_aeabi_uldivmod.o)
 .debug_aranges
                0x0000000000001678       0x20 /usr/lib/gcc/arm-none-eabi/6.3.1/thumb/v7e-m/fpv4-sp/hard/libgcc.a(_udivmoddi4.o)
 .debug_aranges
                0x0000000000001698       0x20 /usr/lib/gcc/arm-none-eabi/6.3.1/thumb/v7e-m/fpv4-sp/hard/libgcc.a(_dvmd_tls.o)

.debug_ranges   0x0000000000000000     0x1778
 .debug_ranges  0x0000000000000000      0x148 build/bms.o
 .debug_ranges  0x0000000000000148       0x60 build/can_setup.o
 .debug_ranges  0x00000000000001a8       0x60 build/main.o
 .debug_ranges  0x0000000000000208       0x30 build/stm32f4xx_hal_msp.o
 .debug_ranges  0x0000000000000238       0x20 build/stm32f4xx_hal_timebase_tim.o
 .debug_ranges  0x0000000000000258       0x78 build/stm32f4xx_it.o
 .debug_ranges  0x00000000000002d0       0x18 build/system_stm32f4xx.o
 .debug_ranges  0x00000000000002e8       0x38 build/visEffect.o
 .debug_ranges  0x0000000000000320       0x70 build/ws2812b.o
 .debug_ranges  0x0000000000000390       0xe0 build/stm32f4xx_hal.o
 .debug_ranges  0x0000000000000470      0x128 build/stm32f4xx_hal_can.o
 .debug_ranges  0x0000000000000598       0xf8 build/stm32f4xx_hal_cortex.o
 .debug_ranges  0x0000000000000690       0x80 build/stm32f4xx_hal_dma.o
 .debug_ranges  0x0000000000000710       0x48 build/stm32f4xx_hal_gpio.o
 .debug_ranges  0x0000000000000758       0x90 build/stm32f4xx_hal_rcc.o
 .debug_ranges  0x00000000000007e8       0x68 build/stm32f4xx_hal_rcc_ex.o
 .debug_ranges  0x0000000000000850      0x398 build/stm32f4xx_hal_tim.o
 .debug_ranges  0x0000000000000be8      0x140 build/stm32f4xx_hal_tim_ex.o
 .debug_ranges  0x0000000000000d28      0x210 build/cmsis_os2.o
 .debug_ranges  0x0000000000000f38       0x30 build/list.o
 .debug_ranges  0x0000000000000f68       0x70 build/port.o
 .debug_ranges  0x0000000000000fd8       0x40 build/heap_4.o
 .debug_ranges  0x0000000000001018      0x238 build/queue.o
 .debug_ranges  0x0000000000001250      0x328 build/tasks.o
 .debug_ranges  0x0000000000001578       0xd8 build/timers.o
 .debug_ranges  0x0000000000001650       0x20 build/startup_stm32f413xx.o
 .debug_ranges  0x0000000000001670       0x38 /usr/lib/gcc/arm-none-eabi/6.3.1/../../../arm-none-eabi/lib/thumb/v7e-m/fpv4-sp/hard/libc.a(lib_a-__call_atexit.o)
 .debug_ranges  0x00000000000016a8       0xd0 /usr/lib/gcc/arm-none-eabi/6.3.1/thumb/v7e-m/fpv4-sp/hard/libgcc.a(_udivmoddi4.o)

.debug_line     0x0000000000000000     0xa605
 .debug_line    0x0000000000000000      0x612 build/bms.o
 .debug_line    0x0000000000000612      0x35b build/can_setup.o
 .debug_line    0x000000000000096d      0x408 build/main.o
 .debug_line    0x0000000000000d75      0x2c1 build/stm32f4xx_hal_msp.o
 .debug_line    0x0000000000001036      0x1fa build/stm32f4xx_hal_timebase_tim.o
 .debug_line    0x0000000000001230      0x2fe build/stm32f4xx_it.o
 .debug_line    0x000000000000152e      0x177 build/system_stm32f4xx.o
 .debug_line    0x00000000000016a5      0x2d9 build/visEffect.o
 .debug_line    0x000000000000197e      0x46c build/ws2812b.o
 .debug_line    0x0000000000001dea      0x388 build/stm32f4xx_hal.o
 .debug_line    0x0000000000002172      0x676 build/stm32f4xx_hal_can.o
 .debug_line    0x00000000000027e8      0x3b6 build/stm32f4xx_hal_cortex.o
 .debug_line    0x0000000000002b9e      0x4af build/stm32f4xx_hal_dma.o
 .debug_line    0x000000000000304d      0x30f build/stm32f4xx_hal_gpio.o
 .debug_line    0x000000000000335c      0x442 build/stm32f4xx_hal_rcc.o
 .debug_line    0x000000000000379e      0x4de build/stm32f4xx_hal_rcc_ex.o
 .debug_line    0x0000000000003c7c     0x1426 build/stm32f4xx_hal_tim.o
 .debug_line    0x00000000000050a2      0x7f9 build/stm32f4xx_hal_tim_ex.o
 .debug_line    0x000000000000589b     0x1508 build/cmsis_os2.o
 .debug_line    0x0000000000006da3      0x243 build/list.o
 .debug_line    0x0000000000006fe6      0x2c8 build/port.o
 .debug_line    0x00000000000072ae      0x2eb build/heap_4.o
 .debug_line    0x0000000000007599      0xa6a build/queue.o
 .debug_line    0x0000000000008003      0xdfa build/tasks.o
 .debug_line    0x0000000000008dfd      0x586 build/timers.o
 .debug_line    0x0000000000009383       0x73 build/startup_stm32f413xx.o
 .debug_line    0x00000000000093f6      0x157 /usr/lib/gcc/arm-none-eabi/6.3.1/../../../arm-none-eabi/lib/thumb/v7e-m/fpv4-sp/hard/libc.a(lib_a-atexit.o)
 .debug_line    0x000000000000954d       0xa5 /usr/lib/gcc/arm-none-eabi/6.3.1/../../../arm-none-eabi/lib/thumb/v7e-m/fpv4-sp/hard/libc.a(lib_a-fini.o)
 .debug_line    0x00000000000095f2       0xef /usr/lib/gcc/arm-none-eabi/6.3.1/../../../arm-none-eabi/lib/thumb/v7e-m/fpv4-sp/hard/libc.a(lib_a-impure.o)
 .debug_line    0x00000000000096e1       0xbe /usr/lib/gcc/arm-none-eabi/6.3.1/../../../arm-none-eabi/lib/thumb/v7e-m/fpv4-sp/hard/libc.a(lib_a-init.o)
 .debug_line    0x000000000000979f       0xc1 /usr/lib/gcc/arm-none-eabi/6.3.1/../../../arm-none-eabi/lib/thumb/v7e-m/fpv4-sp/hard/libc.a(lib_a-memcpy.o)
 .debug_line    0x0000000000009860      0x17c /usr/lib/gcc/arm-none-eabi/6.3.1/../../../arm-none-eabi/lib/thumb/v7e-m/fpv4-sp/hard/libc.a(lib_a-memset.o)
 .debug_line    0x00000000000099dc      0x153 /usr/lib/gcc/arm-none-eabi/6.3.1/../../../arm-none-eabi/lib/thumb/v7e-m/fpv4-sp/hard/libc.a(lib_a-rand.o)
 .debug_line    0x0000000000009b2f      0x18a /usr/lib/gcc/arm-none-eabi/6.3.1/../../../arm-none-eabi/lib/thumb/v7e-m/fpv4-sp/hard/libc.a(lib_a-__atexit.o)
 .debug_line    0x0000000000009cb9      0x1b8 /usr/lib/gcc/arm-none-eabi/6.3.1/../../../arm-none-eabi/lib/thumb/v7e-m/fpv4-sp/hard/libc.a(lib_a-__call_atexit.o)
 .debug_line    0x0000000000009e71      0x189 /usr/lib/gcc/arm-none-eabi/6.3.1/thumb/v7e-m/fpv4-sp/hard/libgcc.a(_arm_addsubdf3.o)
 .debug_line    0x0000000000009ffa      0x1a5 /usr/lib/gcc/arm-none-eabi/6.3.1/thumb/v7e-m/fpv4-sp/hard/libgcc.a(_arm_muldivdf3.o)
 .debug_line    0x000000000000a19f       0xc4 /usr/lib/gcc/arm-none-eabi/6.3.1/thumb/v7e-m/fpv4-sp/hard/libgcc.a(_arm_cmpdf2.o)
 .debug_line    0x000000000000a263       0x7c /usr/lib/gcc/arm-none-eabi/6.3.1/thumb/v7e-m/fpv4-sp/hard/libgcc.a(_arm_fixunsdfsi.o)
 .debug_line    0x000000000000a2df       0x67 /usr/lib/gcc/arm-none-eabi/6.3.1/thumb/v7e-m/fpv4-sp/hard/libgcc.a(_aeabi_uldivmod.o)
 .debug_line    0x000000000000a346      0x258 /usr/lib/gcc/arm-none-eabi/6.3.1/thumb/v7e-m/fpv4-sp/hard/libgcc.a(_udivmoddi4.o)
 .debug_line    0x000000000000a59e       0x67 /usr/lib/gcc/arm-none-eabi/6.3.1/thumb/v7e-m/fpv4-sp/hard/libgcc.a(_dvmd_tls.o)

.debug_str      0x0000000000000000     0x88ba
 .debug_str     0x0000000000000000      0xc1e build/bms.o
                                        0xd1f (size before relaxing)
 .debug_str     0x0000000000000c1e      0x6ee build/can_setup.o
                                       0x126e (size before relaxing)
 .debug_str     0x000000000000130c      0xd74 build/main.o
                                       0x1970 (size before relaxing)
 .debug_str     0x0000000000002080      0x162 build/stm32f4xx_hal_msp.o
                                       0x111a (size before relaxing)
 .debug_str     0x00000000000021e2       0xfb build/stm32f4xx_hal_timebase_tim.o
                                        0xeb1 (size before relaxing)
 .debug_str     0x00000000000022dd      0x14d build/stm32f4xx_it.o
                                       0x10a3 (size before relaxing)
 .debug_str     0x000000000000242a       0xac build/system_stm32f4xx.o
                                        0x3f8 (size before relaxing)
 .debug_str     0x00000000000024d6       0xbf build/visEffect.o
                                        0xc41 (size before relaxing)
 .debug_str     0x0000000000002595      0x229 build/ws2812b.o
                                       0x1558 (size before relaxing)
 .debug_str     0x00000000000027be      0x26d build/stm32f4xx_hal.o
                                        0xc3c (size before relaxing)
 .debug_str     0x0000000000002a2b      0x38e build/stm32f4xx_hal_can.o
                                        0xad6 (size before relaxing)
 .debug_str     0x0000000000002db9      0x41a build/stm32f4xx_hal_cortex.o
                                        0xd57 (size before relaxing)
 .debug_str     0x00000000000031d3      0x2a6 build/stm32f4xx_hal_dma.o
                                        0x7f1 (size before relaxing)
 .debug_str     0x0000000000003479      0x15c build/stm32f4xx_hal_gpio.o
                                        0x59e (size before relaxing)
 .debug_str     0x00000000000035d5      0x15a build/stm32f4xx_hal_rcc.o
                                        0x772 (size before relaxing)