Archive member included to satisfy reference by file (symbol)

/usr/lib/gcc/arm-none-eabi/6.3.1/../../../arm-none-eabi/lib/thumb/v7e-m/fpv4-sp/hard/libc_nano.a(lib_a-atexit.o)
                              /usr/lib/gcc/arm-none-eabi/6.3.1/../../../arm-none-eabi/lib/thumb/v7e-m/fpv4-sp/hard/crt0.o (atexit)
/usr/lib/gcc/arm-none-eabi/6.3.1/../../../arm-none-eabi/lib/thumb/v7e-m/fpv4-sp/hard/libc_nano.a(lib_a-exit.o)
                              /usr/lib/gcc/arm-none-eabi/6.3.1/../../../arm-none-eabi/lib/thumb/v7e-m/fpv4-sp/hard/crt0.o (exit)
/usr/lib/gcc/arm-none-eabi/6.3.1/../../../arm-none-eabi/lib/thumb/v7e-m/fpv4-sp/hard/libc_nano.a(lib_a-fini.o)
                              /usr/lib/gcc/arm-none-eabi/6.3.1/../../../arm-none-eabi/lib/thumb/v7e-m/fpv4-sp/hard/crt0.o (__libc_fini_array)
/usr/lib/gcc/arm-none-eabi/6.3.1/../../../arm-none-eabi/lib/thumb/v7e-m/fpv4-sp/hard/libc_nano.a(lib_a-impure.o)
                              /usr/lib/gcc/arm-none-eabi/6.3.1/../../../arm-none-eabi/lib/thumb/v7e-m/fpv4-sp/hard/libc_nano.a(lib_a-exit.o) (_global_impure_ptr)
/usr/lib/gcc/arm-none-eabi/6.3.1/../../../arm-none-eabi/lib/thumb/v7e-m/fpv4-sp/hard/libc_nano.a(lib_a-init.o)
                              /usr/lib/gcc/arm-none-eabi/6.3.1/../../../arm-none-eabi/lib/thumb/v7e-m/fpv4-sp/hard/crt0.o (__libc_init_array)
/usr/lib/gcc/arm-none-eabi/6.3.1/../../../arm-none-eabi/lib/thumb/v7e-m/fpv4-sp/hard/libc_nano.a(lib_a-memcpy.o)
                              build/cmsis_os2.o (memcpy)
/usr/lib/gcc/arm-none-eabi/6.3.1/../../../arm-none-eabi/lib/thumb/v7e-m/fpv4-sp/hard/libc_nano.a(lib_a-memset.o)
                              /usr/lib/gcc/arm-none-eabi/6.3.1/../../../arm-none-eabi/lib/thumb/v7e-m/fpv4-sp/hard/crt0.o (memset)
/usr/lib/gcc/arm-none-eabi/6.3.1/../../../arm-none-eabi/lib/thumb/v7e-m/fpv4-sp/hard/libc_nano.a(lib_a-rand.o)
                              build/visEffect.o (rand)
/usr/lib/gcc/arm-none-eabi/6.3.1/../../../arm-none-eabi/lib/thumb/v7e-m/fpv4-sp/hard/libc_nano.a(lib_a-__atexit.o)
                              /usr/lib/gcc/arm-none-eabi/6.3.1/../../../arm-none-eabi/lib/thumb/v7e-m/fpv4-sp/hard/libc_nano.a(lib_a-atexit.o) (__register_exitproc)
/usr/lib/gcc/arm-none-eabi/6.3.1/../../../arm-none-eabi/lib/thumb/v7e-m/fpv4-sp/hard/libc_nano.a(lib_a-__call_atexit.o)
                              /usr/lib/gcc/arm-none-eabi/6.3.1/../../../arm-none-eabi/lib/thumb/v7e-m/fpv4-sp/hard/libc_nano.a(lib_a-__atexit.o) (__call_exitprocs)
/usr/lib/gcc/arm-none-eabi/6.3.1/../../../arm-none-eabi/lib/thumb/v7e-m/fpv4-sp/hard/libc_nano.a(lib_a-malloc.o)
                              /usr/lib/gcc/arm-none-eabi/6.3.1/../../../arm-none-eabi/lib/thumb/v7e-m/fpv4-sp/hard/libc_nano.a(lib_a-rand.o) (malloc)
/usr/lib/gcc/arm-none-eabi/6.3.1/../../../arm-none-eabi/lib/thumb/v7e-m/fpv4-sp/hard/libc_nano.a(lib_a-nano-freer.o)
                              /usr/lib/gcc/arm-none-eabi/6.3.1/../../../arm-none-eabi/lib/thumb/v7e-m/fpv4-sp/hard/libc_nano.a(lib_a-malloc.o) (_free_r)
/usr/lib/gcc/arm-none-eabi/6.3.1/../../../arm-none-eabi/lib/thumb/v7e-m/fpv4-sp/hard/libc_nano.a(lib_a-nano-mallocr.o)
                              /usr/lib/gcc/arm-none-eabi/6.3.1/../../../arm-none-eabi/lib/thumb/v7e-m/fpv4-sp/hard/libc_nano.a(lib_a-malloc.o) (_malloc_r)
/usr/lib/gcc/arm-none-eabi/6.3.1/../../../arm-none-eabi/lib/thumb/v7e-m/fpv4-sp/hard/libc_nano.a(lib_a-sbrkr.o)
                              /usr/lib/gcc/arm-none-eabi/6.3.1/../../../arm-none-eabi/lib/thumb/v7e-m/fpv4-sp/hard/libc_nano.a(lib_a-nano-mallocr.o) (_sbrk_r)
/usr/lib/gcc/arm-none-eabi/6.3.1/../../../arm-none-eabi/lib/thumb/v7e-m/fpv4-sp/hard/libc_nano.a(lib_a-reent.o)
                              /usr/lib/gcc/arm-none-eabi/6.3.1/../../../arm-none-eabi/lib/thumb/v7e-m/fpv4-sp/hard/libc_nano.a(lib_a-sbrkr.o) (errno)
/usr/lib/gcc/arm-none-eabi/6.3.1/../../../arm-none-eabi/lib/thumb/v7e-m/fpv4-sp/hard/libnosys.a(sbrk.o)
                              /usr/lib/gcc/arm-none-eabi/6.3.1/../../../arm-none-eabi/lib/thumb/v7e-m/fpv4-sp/hard/libc_nano.a(lib_a-sbrkr.o) (_sbrk)
/usr/lib/gcc/arm-none-eabi/6.3.1/../../../arm-none-eabi/lib/thumb/v7e-m/fpv4-sp/hard/libnosys.a(_exit.o)
                              /usr/lib/gcc/arm-none-eabi/6.3.1/../../../arm-none-eabi/lib/thumb/v7e-m/fpv4-sp/hard/libc_nano.a(lib_a-exit.o) (_exit)
/usr/lib/gcc/arm-none-eabi/6.3.1/thumb/v7e-m/fpv4-sp/hard/libgcc.a(_arm_addsubdf3.o)
                              build/bms.o (__aeabi_i2d)
/usr/lib/gcc/arm-none-eabi/6.3.1/thumb/v7e-m/fpv4-sp/hard/libgcc.a(_arm_muldivdf3.o)
                              build/bms.o (__aeabi_dmul)
/usr/lib/gcc/arm-none-eabi/6.3.1/thumb/v7e-m/fpv4-sp/hard/libgcc.a(_arm_fixunsdfsi.o)
                              build/bms.o (__aeabi_d2uiz)
/usr/lib/gcc/arm-none-eabi/6.3.1/thumb/v7e-m/fpv4-sp/hard/libgcc.a(_aeabi_uldivmod.o)
                              build/stm32f4xx_hal_rcc.o (__aeabi_uldivmod)
/usr/lib/gcc/arm-none-eabi/6.3.1/thumb/v7e-m/fpv4-sp/hard/libgcc.a(_udivmoddi4.o)
[...]
Memory Configuration

Name             Origin             Length             Attributes
RAM              0x0000000020000000 0x0000000000050000 xrw
FLASH            0x0000000008000000 0x0000000000100000 xr
*default*        0x0000000000000000 0xffffffffffffffff

Linker script and memory map

LOAD /usr/lib/gcc/arm-none-eabi/6.3.1/thumb/v7e-m/fpv4-sp/hard/crti.o
LOAD /usr/lib/gcc/arm-none-eabi/6.3.1/thumb/v7e-m/fpv4-sp/hard/crtbegin.o
LOAD /usr/lib/gcc/arm-none-eabi/6.3.1/../../../arm-none-eabi/lib/thumb/v7e-m/fpv4-sp/hard/crt0.o
LOAD build/bms.o
LOAD build/can_setup.o
LOAD build/freertos.o
LOAD build/lim.o
LOAD build/main.o
LOAD build/stm32f4xx_hal_msp.o
LOAD build/stm32f4xx_hal_timebase_tim.o
LOAD build/stm32f4xx_it.o
LOAD build/system_stm32f4xx.o
LOAD build/visEffect.o
LOAD build/ws2812b.o
LOAD build/stm32f4xx_hal.o
LOAD build/stm32f4xx_hal_can.o
LOAD build/stm32f4xx_hal_cortex.o
LOAD build/stm32f4xx_hal_dma.o
LOAD build/stm32f4xx_hal_dma_ex.o
LOAD build/stm32f4xx_hal_exti.o
LOAD build/stm32f4xx_hal_flash.o
LOAD build/stm32f4xx_hal_flash_ex.o
LOAD build/stm32f4xx_hal_flash_ramfunc.o
LOAD build/stm32f4xx_hal_gpio.o
LOAD build/stm32f4xx_hal_iwdg.o
LOAD build/stm32f4xx_hal_pwr.o
LOAD build/stm32f4xx_hal_pwr_ex.o
LOAD build/stm32f4xx_hal_rcc.o
LOAD build/stm32f4xx_hal_rcc_ex.o
LOAD build/stm32f4xx_hal_tim.o
LOAD build/stm32f4xx_hal_tim_ex.o
LOAD build/cmsis_os2.o
LOAD build/croutine.o
LOAD build/event_groups.o
LOAD build/list.o
LOAD build/port.o
LOAD build/heap_4.o
LOAD build/queue.o
LOAD build/stream_buffer.o
LOAD build/tasks.o
LOAD build/timers.o
LOAD build/startup_stm32f413xx.o
LOAD /usr/lib/gcc/arm-none-eabi/6.3.1/../../../arm-none-eabi/lib/thumb/v7e-m/fpv4-sp/hard/libc_nano.a
LOAD /usr/lib/gcc/arm-none-eabi/6.3.1/../../../arm-none-eabi/lib/thumb/v7e-m/fpv4-sp/hard/libm.a
LOAD /usr/lib/gcc/arm-none-eabi/6.3.1/../../../arm-none-eabi/lib/thumb/v7e-m/fpv4-sp/hard/libnosys.a
START GROUP
LOAD /usr/lib/gcc/arm-none-eabi/6.3.1/thumb/v7e-m/fpv4-sp/hard/libgcc.a
LOAD /usr/lib/gcc/arm-none-eabi/6.3.1/../../../arm-none-eabi/lib/thumb/v7e-m/fpv4-sp/hard/libc_nano.a
END GROUP
START GROUP
LOAD /usr/lib/gcc/arm-none-eabi/6.3.1/thumb/v7e-m/fpv4-sp/hard/libgcc.a
LOAD /usr/lib/gcc/arm-none-eabi/6.3.1/../../../arm-none-eabi/lib/thumb/v7e-m/fpv4-sp/hard/libc_nano.a
END GROUP
LOAD /usr/lib/gcc/arm-none-eabi/6.3.1/thumb/v7e-m/fpv4-sp/hard/crtend.o
LOAD /usr/lib/gcc/arm-none-eabi/6.3.1/thumb/v7e-m/fpv4-sp/hard/crtn.o
                0x0000000020050000                _estack = 0x20050000
                0x0000000000000200                _Min_Heap_Size = 0x200
                0x0000000000000400                _Min_Stack_Size = 0x400

.isr_vector     0x0000000008000000      0x1d8
                0x0000000008000000                . = ALIGN (0x4)
 *(.isr_vector)
 .isr_vector    0x0000000008000000      0x1d8 build/startup_stm32f413xx.o
                0x0000000008000000                g_pfnVectors
                0x00000000080001d8                . = ALIGN (0x4)

.text           0x00000000080001e0     0x78b0
                0x00000000080001e0                . = ALIGN (0x4)
 *(.text)
 .text          0x00000000080001e0       0xa4 /usr/lib/gcc/arm-none-eabi/6.3.1/thumb/v7e-m/fpv4-sp/hard/crtbegin.o
 .text          0x0000000008000284       0x50 /usr/lib/gcc/arm-none-eabi/6.3.1/../../../arm-none-eabi/lib/thumb/v7e-m/fpv4-sp/hard/libc_nano.a(lib_a-init.o)
                0x0000000008000284                __libc_init_array
 .text          0x00000000080002d4      0x134 /usr/lib/gcc/arm-none-eabi/6.3.1/../../../arm-none-eabi/lib/thumb/v7e-m/fpv4-sp/hard/libc_nano.a(lib_a-memcpy.o)
                0x00000000080002d4                memcpy
 .text          0x0000000008000408       0x9c /usr/lib/gcc/arm-none-eabi/6.3.1/../../../arm-none-eabi/lib/thumb/v7e-m/fpv4-sp/hard/libc_nano.a(lib_a-memset.o)
                0x0000000008000408                memset
 *fill*         0x00000000080004a4        0x4 
 .text          0x00000000080004a8       0xe4 /usr/lib/gcc/arm-none-eabi/6.3.1/../../../arm-none-eabi/lib/thumb/v7e-m/fpv4-sp/hard/libc_nano.a(lib_a-rand.o)
                0x00000000080004a8                srand
                0x0000000008000500                rand
 .text          0x000000000800058c       0x20 /usr/lib/gcc/arm-none-eabi/6.3.1/../../../arm-none-eabi/lib/thumb/v7e-m/fpv4-sp/hard/libc_nano.a(lib_a-malloc.o)
                0x000000000800058c                malloc
                0x000000000800059c                free
 .text          0x00000000080005ac       0x90 /usr/lib/gcc/arm-none-eabi/6.3.1/../../../arm-none-eabi/lib/thumb/v7e-m/fpv4-sp/hard/libc_nano.a(lib_a-nano-freer.o)
                0x00000000080005ac                _free_r
 .text          0x000000000800063c       0xbc /usr/lib/gcc/arm-none-eabi/6.3.1/../../../arm-none-eabi/lib/thumb/v7e-m/fpv4-sp/hard/libc_nano.a(lib_a-nano-mallocr.o)
                0x000000000800063c                _malloc_r
 .text          0x00000000080006f8       0x24 /usr/lib/gcc/arm-none-eabi/6.3.1/../../../arm-none-eabi/lib/thumb/v7e-m/fpv4-sp/hard/libc_nano.a(lib_a-sbrkr.o)
                0x00000000080006f8                _sbrk_r
 .text          0x000000000800071c       0x1c /usr/lib/gcc/arm-none-eabi/6.3.1/../../../arm-none-eabi/lib/thumb/v7e-m/fpv4-sp/hard/libnosys.a(sbrk.o)
                0x000000000800071c                _sbrk
 .text          0x0000000008000738      0x370 /usr/lib/gcc/arm-none-eabi/6.3.1/thumb/v7e-m/fpv4-sp/hard/libgcc.a(_arm_addsubdf3.o)
                0x0000000008000738                __aeabi_drsub
                0x0000000008000740                __aeabi_dsub
                0x0000000008000740                __subdf3
                0x0000000008000744                __adddf3
                0x0000000008000744                __aeabi_dadd
                0x00000000080009bc                __aeabi_ui2d
                0x00000000080009bc                __floatunsidf
                0x00000000080009dc                __floatsidf
                0x00000000080009dc                __aeabi_i2d
                0x0000000008000a00                __extendsfdf2
                0x0000000008000a00                __aeabi_f2d
                0x0000000008000a3c                __aeabi_ul2d
                0x0000000008000a3c                __floatundidf
                0x0000000008000a4c                __floatdidf
                0x0000000008000a4c                __aeabi_l2d
 .text          0x0000000008000aa8      0x424 /usr/lib/gcc/arm-none-eabi/6.3.1/thumb/v7e-m/fpv4-sp/hard/libgcc.a(_arm_muldivdf3.o)
                0x0000000008000aa8                __aeabi_dmul
                0x0000000008000aa8                __muldf3
                0x0000000008000cfc                __aeabi_ddiv
                0x0000000008000cfc                __divdf3
 .text          0x0000000008000ecc       0x40 /usr/lib/gcc/arm-none-eabi/6.3.1/thumb/v7e-m/fpv4-sp/hard/libgcc.a(_arm_fixunsdfsi.o)
                0x0000000008000ecc                __fixunsdfsi
                0x0000000008000ecc                __aeabi_d2uiz
 .text          0x0000000008000f0c       0x30 /usr/lib/gcc/arm-none-eabi/6.3.1/thumb/v7e-m/fpv4-sp/hard/libgcc.a(_aeabi_uldivmod.o)
                0x0000000008000f0c                __aeabi_uldivmod
 .text          0x0000000008000f3c      0x2dc /usr/lib/gcc/arm-none-eabi/6.3.1/thumb/v7e-m/fpv4-sp/hard/libgcc.a(_udivmoddi4.o)
                0x0000000008000f3c                __udivmoddi4
 .text          0x0000000008001218        0x4 /usr/lib/gcc/arm-none-eabi/6.3.1/thumb/v7e-m/fpv4-sp/hard/libgcc.a(_dvmd_tls.o)
                0x0000000008001218                __aeabi_ldiv0
                0x0000000008001218                __aeabi_idiv0
 *(.text*)
 .text.getSOC   0x000000000800121c       0x2c build/bms.o
 .text.getHighCellVolt
                0x0000000008001248       0x2c build/bms.o
 .text.getHighCellTemp
                0x0000000008001274       0x34 build/bms.o
 .text.getLowCellTemp
                0x00000000080012a8       0x46 build/bms.o
 .text.getAvgCellTemp
                0x00000000080012ee       0x42 build/bms.o
 .text.getTempDelta
                0x0000000008001330       0x16 build/bms.o
 .text.getCellDelta
                0x0000000008001346       0x16 build/bms.o
 .text.getLowCellVolt
                0x000000000800135c       0x30 build/bms.o
 .text.getAvgCellVolt
                0x000000000800138c       0x2c build/bms.o
 .text.getPackVolt
                0x00000000080013b8       0x28 build/bms.o
 .text.getCellCount
                0x00000000080013e0       0x4c build/bms.o
 .text.initBMS  0x000000000800142c       0x9c build/bms.o
                0x000000000800142c                initBMS
 .text.bmsStateHandler
                0x00000000080014c8       0xbe build/bms.o
                0x00000000080014c8                bmsStateHandler
 *fill*         0x0000000008001586        0x2 
 .text.acChargeCommand
                0x0000000008001588       0x84 build/bms.o
                0x0000000008001588                acChargeCommand
 .text.tx500kData
                0x000000000800160c       0xc0 build/bms.o
                0x000000000800160c                tx500kData
 .text.refreshData
                0x00000000080016cc       0x60 build/bms.o
                0x00000000080016cc                refreshData
 .text.sendCommand
                0x000000000800172c       0x3c build/bms.o
                0x000000000800172c                sendCommand
 .text.requestBICMdata
                0x0000000008001768       0x84 build/bms.o
                0x0000000008001768                requestBICMdata
 .text.balanceCommand
                0x00000000080017ec      0x16c build/bms.o
                0x00000000080017ec                balanceCommand
 .text.vehicleComms
                0x0000000008001958        0x2 build/bms.o
                0x0000000008001958                vehicleComms
 *fill*         0x000000000800195a        0x2 
 .text.synchChargers
                0x000000000800195c       0x48 build/bms.o
                0x000000000800195c                synchChargers
 .text.decodeVolt
                0x00000000080019a4      0xd1c build/bms.o
                0x00000000080019a4                decodeVolt
 .text.decodeTemp
                0x00000000080026c0      0x13c build/bms.o
                0x00000000080026c0                decodeTemp
 .text.HAL_CAN_RxFifo0MsgPendingCallback
                0x00000000080027fc       0xa0 build/can_setup.o
                0x00000000080027fc                HAL_CAN_RxFifo0MsgPendingCallback
 .text.HAL_CAN_RxFifo1MsgPendingCallback
                0x000000000800289c       0x88 build/can_setup.o
                0x000000000800289c                HAL_CAN_RxFifo1MsgPendingCallback
 .text.HAL_CAN_ErrorCallback
                0x0000000008002924        0x2 build/can_setup.o
                0x0000000008002924                HAL_CAN_ErrorCallback
 *fill*         0x0000000008002926        0x2 
 .text.canSettings
                0x0000000008002928      0x198 build/can_setup.o
                0x0000000008002928                canSettings
 .text.can1tx   0x0000000008002ac0       0x40 build/can_setup.o
                0x0000000008002ac0                can1tx
 .text.can2tx   0x0000000008002b00       0x50 build/can_setup.o
                0x0000000008002b00                can2tx
 .text.can3tx   0x0000000008002b50       0x40 build/can_setup.o
                0x0000000008002b50                can3tx
 .text.MX_GPIO_Init
                0x0000000008002b90       0xa8 build/main.o
 .text.MX_DMA_Init
                0x0000000008002c38       0x54 build/main.o
 .text.StartDefaultTask
                0x0000000008002c8c       0x2c build/main.o
                0x0000000008002c8c                StartDefaultTask
 .text.StartkickTheDog
                0x0000000008002cb8       0x18 build/main.o
                0x0000000008002cb8                StartkickTheDog
 .text.StartcanTxTask
                0x0000000008002cd0        0xa build/main.o
                0x0000000008002cd0                StartcanTxTask
 .text.StartsynchCommand
                0x0000000008002cda       0x10 build/main.o
                0x0000000008002cda                StartsynchCommand
 *fill*         0x0000000008002cea        0x2 
 .text.StartbalanceCommand
                0x0000000008002cec       0x58 build/main.o
                0x0000000008002cec                StartbalanceCommand
 .text.StartprocessData
                0x0000000008002d44       0x18 build/main.o
                0x0000000008002d44                StartprocessData
 .text.HAL_TIM_PeriodElapsedCallback
                0x0000000008002d5c       0x58 build/main.o
                0x0000000008002d5c                HAL_TIM_PeriodElapsedCallback
 .text.Error_Handler
                0x0000000008002db4        0x4 build/main.o
                0x0000000008002db4                Error_Handler
 .text.MX_CAN1_Init
                0x0000000008002db8       0x40 build/main.o
 .text.MX_CAN2_Init
                0x0000000008002df8       0x40 build/main.o
 .text.MX_CAN3_Init
                0x0000000008002e38       0x40 build/main.o
 .text.MX_TIM2_Init
                0x0000000008002e78       0x98 build/main.o
 .text.MX_TIM3_Init
                0x0000000008002f10       0x8c build/main.o
 .text.MX_IWDG_Init
                0x0000000008002f9c       0x28 build/main.o
 .text.SystemClock_Config
                0x0000000008002fc4       0xa4 build/main.o
                0x0000000008002fc4                SystemClock_Config
 .text.main     0x0000000008003068       0xf4 build/main.o
                0x0000000008003068                main
 .text.HAL_MspInit
                0x000000000800315c       0x44 build/stm32f4xx_hal_msp.o
                0x000000000800315c                HAL_MspInit
 .text.HAL_CAN_MspInit
                0x00000000080031a0      0x144 build/stm32f4xx_hal_msp.o
                0x00000000080031a0                HAL_CAN_MspInit
 .text.HAL_TIM_OC_MspInit
                0x00000000080032e4      0x11c build/stm32f4xx_hal_msp.o
                0x00000000080032e4                HAL_TIM_OC_MspInit
 .text.HAL_TIM_PWM_MspInit
                0x0000000008003400       0x30 build/stm32f4xx_hal_msp.o
                0x0000000008003400                HAL_TIM_PWM_MspInit
 .text.HAL_TIM_MspPostInit
                0x0000000008003430       0x58 build/stm32f4xx_hal_msp.o
                0x0000000008003430                HAL_TIM_MspPostInit
 .text.HAL_InitTick
                0x0000000008003488       0x7c build/stm32f4xx_hal_timebase_tim.o
                0x0000000008003488                HAL_InitTick
 .text.NMI_Handler
                0x0000000008003504        0x2 build/stm32f4xx_it.o
                0x0000000008003504                NMI_Handler
 .text.HardFault_Handler
                0x0000000008003506        0x2 build/stm32f4xx_it.o
                0x0000000008003506                HardFault_Handler
 .text.MemManage_Handler
                0x0000000008003508        0x2 build/stm32f4xx_it.o
                0x0000000008003508                MemManage_Handler
 .text.BusFault_Handler
                0x000000000800350a        0x2 build/stm32f4xx_it.o
                0x000000000800350a                BusFault_Handler
 .text.UsageFault_Handler
                0x000000000800350c        0x2 build/stm32f4xx_it.o
                0x000000000800350c                UsageFault_Handler
 .text.DebugMon_Handler
                0x000000000800350e        0x2 build/stm32f4xx_it.o
                0x000000000800350e                DebugMon_Handler
 .text.DMA1_Stream1_IRQHandler
                0x0000000008003510       0x10 build/stm32f4xx_it.o
                0x0000000008003510                DMA1_Stream1_IRQHandler
 .text.DMA1_Stream5_IRQHandler
                0x0000000008003520       0x10 build/stm32f4xx_it.o
                0x0000000008003520                DMA1_Stream5_IRQHandler
 .text.DMA1_Stream6_IRQHandler
                0x0000000008003530       0x10 build/stm32f4xx_it.o
                0x0000000008003530                DMA1_Stream6_IRQHandler
 .text.CAN1_RX0_IRQHandler
                0x0000000008003540       0x10 build/stm32f4xx_it.o
                0x0000000008003540                CAN1_RX0_IRQHandler
 .text.TIM2_IRQHandler
                0x0000000008003550       0x10 build/stm32f4xx_it.o
                0x0000000008003550                TIM2_IRQHandler
 .text.TIM7_IRQHandler
                0x0000000008003560       0x10 build/stm32f4xx_it.o
                0x0000000008003560                TIM7_IRQHandler
 .text.CAN2_RX1_IRQHandler
                0x0000000008003570       0x10 build/stm32f4xx_it.o
                0x0000000008003570                CAN2_RX1_IRQHandler
 .text.CAN3_RX0_IRQHandler
                0x0000000008003580       0x10 build/stm32f4xx_it.o
                0x0000000008003580                CAN3_RX0_IRQHandler
 .text.SystemInit
                0x0000000008003590       0x1c build/system_stm32f4xx.o
                0x0000000008003590                SystemInit
 .text.Wheel    0x00000000080035ac       0x46 build/visEffect.o
                0x00000000080035ac                Wheel
 *fill*         0x00000000080035f2        0x2 
 .text.visRainbow
                0x00000000080035f4       0x54 build/visEffect.o
                0x00000000080035f4                visRainbow
 .text.visDots  0x0000000008003648       0x88 build/visEffect.o
                0x0000000008003648                visDots
 .text.visHandle2
                0x00000000080036d0       0x40 build/visEffect.o
                0x00000000080036d0                visHandle2
 .text.visInit  0x0000000008003710       0x4c build/visEffect.o
                0x0000000008003710                visInit
 .text.visHandle
                0x000000000800375c       0x20 build/visEffect.o
                0x000000000800375c                visHandle
 .text.DMA_TransferError
                0x000000000800377c       0x10 build/ws2812b.o
                0x000000000800377c                DMA_TransferError
 .text.ws2812b_gpio_init
                0x000000000800378c       0x78 build/ws2812b.o
 .text.DMA2_init
                0x0000000008003804      0x160 build/ws2812b.o
 .text.TIM1_init
                0x0000000008003964      0x110 build/ws2812b.o
 .text.DMA2_Stream2_IRQHandler
                0x0000000008003a74       0x20 build/ws2812b.o
                0x0000000008003a74                DMA2_Stream2_IRQHandler
 .text.TIM1_UP_TIM10_IRQHandler
                0x0000000008003a94       0x20 build/ws2812b.o
                0x0000000008003a94                TIM1_UP_TIM10_IRQHandler
 .text.ws2812b_set_pixel
                0x0000000008003ab4       0xb8 build/ws2812b.o
                0x0000000008003ab4                ws2812b_set_pixel
 .text.loadNextFramebufferData
                0x0000000008003b6c       0x34 build/ws2812b.o
 .text.DMA_TransferCompleteHandler
                0x0000000008003ba0       0xe8 build/ws2812b.o
                0x0000000008003ba0                DMA_TransferCompleteHandler
 .text.WS2812_sendbuf
                0x0000000008003c88      0x174 build/ws2812b.o
 .text.DMA_TransferHalfHandler
                0x0000000008003dfc       0x44 build/ws2812b.o
                0x0000000008003dfc                DMA_TransferHalfHandler
 .text.ws2812b_init
                0x0000000008003e40       0x1c build/ws2812b.o
                0x0000000008003e40                ws2812b_init
 .text.ws2812b_handle
                0x0000000008003e5c       0x1c build/ws2812b.o
                0x0000000008003e5c                ws2812b_handle
 .text.HAL_Init
                0x0000000008003e78       0x34 build/stm32f4xx_hal.o
                0x0000000008003e78                HAL_Init
 .text.HAL_IncTick
                0x0000000008003eac       0x18 build/stm32f4xx_hal.o
                0x0000000008003eac                HAL_IncTick
 .text.HAL_GetTick
                0x0000000008003ec4        0xc build/stm32f4xx_hal.o
                0x0000000008003ec4                HAL_GetTick
 .text.HAL_Delay
                0x0000000008003ed0       0x28 build/stm32f4xx_hal.o
                0x0000000008003ed0                HAL_Delay
 .text.HAL_CAN_Init
                0x0000000008003ef8      0x14c build/stm32f4xx_hal_can.o
                0x0000000008003ef8                HAL_CAN_Init
 .text.HAL_CAN_ConfigFilter
                0x0000000008004044      0x134 build/stm32f4xx_hal_can.o
                0x0000000008004044                HAL_CAN_ConfigFilter
 .text.HAL_CAN_Start
                0x0000000008004178       0x5c build/stm32f4xx_hal_can.o
                0x0000000008004178                HAL_CAN_Start
 .text.HAL_CAN_AddTxMessage
                0x00000000080041d4       0xea build/stm32f4xx_hal_can.o
                0x00000000080041d4                HAL_CAN_AddTxMessage
 .text.HAL_CAN_AbortTxRequest
                0x00000000080042be       0x50 build/stm32f4xx_hal_can.o
                0x00000000080042be                HAL_CAN_AbortTxRequest
 .text.HAL_CAN_GetTxMailboxesFreeLevel
                0x000000000800430e       0x36 build/stm32f4xx_hal_can.o
                0x000000000800430e                HAL_CAN_GetTxMailboxesFreeLevel
 .text.HAL_CAN_GetRxMessage
                0x0000000008004344      0x134 build/stm32f4xx_hal_can.o
                0x0000000008004344                HAL_CAN_GetRxMessage
 .text.HAL_CAN_ActivateNotification
                0x0000000008004478       0x24 build/stm32f4xx_hal_can.o
                0x0000000008004478                HAL_CAN_ActivateNotification
 .text.HAL_CAN_TxMailbox0CompleteCallback
                0x000000000800449c        0x2 build/stm32f4xx_hal_can.o
                0x000000000800449c                HAL_CAN_TxMailbox0CompleteCallback
 .text.HAL_CAN_TxMailbox1CompleteCallback
                0x000000000800449e        0x2 build/stm32f4xx_hal_can.o
                0x000000000800449e                HAL_CAN_TxMailbox1CompleteCallback
 .text.HAL_CAN_TxMailbox2CompleteCallback
                0x00000000080044a0        0x2 build/stm32f4xx_hal_can.o
                0x00000000080044a0                HAL_CAN_TxMailbox2CompleteCallback
 .text.HAL_CAN_TxMailbox0AbortCallback
                0x00000000080044a2        0x2 build/stm32f4xx_hal_can.o
                0x00000000080044a2                HAL_CAN_TxMailbox0AbortCallback
 .text.HAL_CAN_TxMailbox1AbortCallback
                0x00000000080044a4        0x2 build/stm32f4xx_hal_can.o
                0x00000000080044a4                HAL_CAN_TxMailbox1AbortCallback
 .text.HAL_CAN_TxMailbox2AbortCallback
                0x00000000080044a6        0x2 build/stm32f4xx_hal_can.o
                0x00000000080044a6                HAL_CAN_TxMailbox2AbortCallback
 .text.HAL_CAN_RxFifo0FullCallback
                0x00000000080044a8        0x2 build/stm32f4xx_hal_can.o
                0x00000000080044a8                HAL_CAN_RxFifo0FullCallback
 .text.HAL_CAN_RxFifo1FullCallback
                0x00000000080044aa        0x2 build/stm32f4xx_hal_can.o
                0x00000000080044aa                HAL_CAN_RxFifo1FullCallback
 .text.HAL_CAN_SleepCallback
                0x00000000080044ac        0x2 build/stm32f4xx_hal_can.o
                0x00000000080044ac                HAL_CAN_SleepCallback
 .text.HAL_CAN_WakeUpFromRxMsgCallback
                0x00000000080044ae        0x2 build/stm32f4xx_hal_can.o
                0x00000000080044ae                HAL_CAN_WakeUpFromRxMsgCallback
 .text.HAL_CAN_IRQHandler
                0x00000000080044b0      0x258 build/stm32f4xx_hal_can.o
                0x00000000080044b0                HAL_CAN_IRQHandler
 .text.HAL_NVIC_SetPriorityGrouping
                0x0000000008004708       0x24 build/stm32f4xx_hal_cortex.o
                0x0000000008004708                HAL_NVIC_SetPriorityGrouping
 .text.HAL_NVIC_SetPriority
                0x000000000800472c       0x64 build/stm32f4xx_hal_cortex.o
                0x000000000800472c                HAL_NVIC_SetPriority
 .text.HAL_NVIC_EnableIRQ
                0x0000000008004790       0x1c build/stm32f4xx_hal_cortex.o
                0x0000000008004790                HAL_NVIC_EnableIRQ
 .text.HAL_NVIC_SystemReset
                0x00000000080047ac       0x24 build/stm32f4xx_hal_cortex.o
                0x00000000080047ac                HAL_NVIC_SystemReset
 .text.DMA_SetConfig
                0x00000000080047d0       0x2c build/stm32f4xx_hal_dma.o
 .text.DMA_CalcBaseAndBitshift
                0x00000000080047fc       0x3c build/stm32f4xx_hal_dma.o
 .text.DMA_CheckFifoParam
                0x0000000008004838       0x8e build/stm32f4xx_hal_dma.o
 *fill*         0x00000000080048c6        0x2 
 .text.HAL_DMA_Init
                0x00000000080048c8       0xd0 build/stm32f4xx_hal_dma.o
                0x00000000080048c8                HAL_DMA_Init
 .text.HAL_DMA_DeInit
                0x0000000008004998       0x66 build/stm32f4xx_hal_dma.o
                0x0000000008004998                HAL_DMA_DeInit
 .text.HAL_DMA_Start
                0x00000000080049fe       0x48 build/stm32f4xx_hal_dma.o
                0x00000000080049fe                HAL_DMA_Start
 .text.HAL_DMA_Start_IT
                0x0000000008004a46       0x6a build/stm32f4xx_hal_dma.o
                0x0000000008004a46                HAL_DMA_Start_IT
 .text.HAL_DMA_IRQHandler
                0x0000000008004ab0      0x1dc build/stm32f4xx_hal_dma.o
                0x0000000008004ab0                HAL_DMA_IRQHandler
 .text.HAL_GPIO_Init
                0x0000000008004c8c      0x1d4 build/stm32f4xx_hal_gpio.o
                0x0000000008004c8c                HAL_GPIO_Init
 .text.HAL_GPIO_WritePin
                0x0000000008004e60        0xc build/stm32f4xx_hal_gpio.o
                0x0000000008004e60                HAL_GPIO_WritePin
 .text.HAL_IWDG_Init
                0x0000000008004e6c       0x4a build/stm32f4xx_hal_iwdg.o
                0x0000000008004e6c                HAL_IWDG_Init
 .text.HAL_IWDG_Refresh
                0x0000000008004eb6        0xc build/stm32f4xx_hal_iwdg.o
                0x0000000008004eb6                HAL_IWDG_Refresh
 *fill*         0x0000000008004ec2        0x2 
 .text.HAL_RCC_GetSysClockFreq
                0x0000000008004ec4       0xd4 build/stm32f4xx_hal_rcc.o
                0x0000000008004ec4                HAL_RCC_GetSysClockFreq
 .text.HAL_RCC_ClockConfig
                0x0000000008004f98      0x160 build/stm32f4xx_hal_rcc.o
                0x0000000008004f98                HAL_RCC_ClockConfig
 .text.HAL_RCC_GetHCLKFreq
                0x00000000080050f8        0xc build/stm32f4xx_hal_rcc.o
                0x00000000080050f8                HAL_RCC_GetHCLKFreq
 .text.HAL_RCC_GetPCLK1Freq
                0x0000000008005104       0x20 build/stm32f4xx_hal_rcc.o
                0x0000000008005104                HAL_RCC_GetPCLK1Freq
 .text.HAL_RCC_GetClockConfig
                0x0000000008005124       0x3c build/stm32f4xx_hal_rcc.o
                0x0000000008005124                HAL_RCC_GetClockConfig
 .text.HAL_RCC_OscConfig
                0x0000000008005160      0x390 build/stm32f4xx_hal_rcc_ex.o
                0x0000000008005160                HAL_RCC_OscConfig
 .text.TIM_OC1_SetConfig
                0x00000000080054f0       0x6c build/stm32f4xx_hal_tim.o
 .text.TIM_OC3_SetConfig
                0x000000000800555c       0x74 build/stm32f4xx_hal_tim.o
 .text.TIM_OC4_SetConfig
                0x00000000080055d0       0x50 build/stm32f4xx_hal_tim.o
 .text.HAL_TIM_Base_MspInit
                0x0000000008005620        0x2 build/stm32f4xx_hal_tim.o
                0x0000000008005620                HAL_TIM_Base_MspInit
 .text.HAL_TIM_Base_Start
                0x0000000008005622       0x24 build/stm32f4xx_hal_tim.o
                0x0000000008005622                HAL_TIM_Base_Start
 .text.HAL_TIM_Base_Start_IT
                0x0000000008005646       0x22 build/stm32f4xx_hal_tim.o
                0x0000000008005646                HAL_TIM_Base_Start_IT
 .text.HAL_TIM_OC_DelayElapsedCallback
                0x0000000008005668        0x2 build/stm32f4xx_hal_tim.o
                0x0000000008005668                HAL_TIM_OC_DelayElapsedCallback
 .text.HAL_TIM_IC_CaptureCallback
                0x000000000800566a        0x2 build/stm32f4xx_hal_tim.o
                0x000000000800566a                HAL_TIM_IC_CaptureCallback
 .text.HAL_TIM_PWM_PulseFinishedCallback
                0x000000000800566c        0x2 build/stm32f4xx_hal_tim.o
                0x000000000800566c                HAL_TIM_PWM_PulseFinishedCallback
 .text.HAL_TIM_TriggerCallback
                0x000000000800566e        0x2 build/stm32f4xx_hal_tim.o
                0x000000000800566e                HAL_TIM_TriggerCallback
 .text.HAL_TIM_IRQHandler
                0x0000000008005670      0x17a build/stm32f4xx_hal_tim.o
                0x0000000008005670                HAL_TIM_IRQHandler
 *fill*         0x00000000080057ea        0x2 
 .text.TIM_Base_SetConfig
                0x00000000080057ec       0xcc build/stm32f4xx_hal_tim.o
                0x00000000080057ec                TIM_Base_SetConfig
 .text.HAL_TIM_Base_Init
                0x00000000080058b8       0x32 build/stm32f4xx_hal_tim.o
                0x00000000080058b8                HAL_TIM_Base_Init
 .text.HAL_TIM_OC_Init
                0x00000000080058ea       0x32 build/stm32f4xx_hal_tim.o
                0x00000000080058ea                HAL_TIM_OC_Init
 .text.HAL_TIM_PWM_Init
                0x000000000800591c       0x32 build/stm32f4xx_hal_tim.o
                0x000000000800591c                HAL_TIM_PWM_Init
 *fill*         0x000000000800594e        0x2 
 .text.TIM_OC2_SetConfig
                0x0000000008005950       0x74 build/stm32f4xx_hal_tim.o
                0x0000000008005950                TIM_OC2_SetConfig
 .text.HAL_TIM_OC_ConfigChannel
                0x00000000080059c4       0x5e build/stm32f4xx_hal_tim.o
                0x00000000080059c4                HAL_TIM_OC_ConfigChannel
 .text.HAL_TIM_PWM_ConfigChannel
                0x0000000008005a22       0xdc build/stm32f4xx_hal_tim.o
                0x0000000008005a22                HAL_TIM_PWM_ConfigChannel
 .text.TIM_CCxChannelCmd
                0x0000000008005afe       0x22 build/stm32f4xx_hal_tim.o
                0x0000000008005afe                TIM_CCxChannelCmd
 .text.HAL_TIM_PWM_Start
                0x0000000008005b20       0x4c build/stm32f4xx_hal_tim.o
                0x0000000008005b20                HAL_TIM_PWM_Start
 .text.HAL_TIMEx_MasterConfigSynchronization
                0x0000000008005b6c       0x88 build/stm32f4xx_hal_tim_ex.o
                0x0000000008005b6c                HAL_TIMEx_MasterConfigSynchronization
 .text.HAL_TIMEx_CommutCallback
                0x0000000008005bf4        0x2 build/stm32f4xx_hal_tim_ex.o
                0x0000000008005bf4                HAL_TIMEx_CommutCallback
 .text.HAL_TIMEx_BreakCallback
                0x0000000008005bf6        0x2 build/stm32f4xx_hal_tim_ex.o
                0x0000000008005bf6                HAL_TIMEx_BreakCallback
 .text.osKernelInitialize
                0x0000000008005bf8       0x40 build/cmsis_os2.o
                0x0000000008005bf8                osKernelInitialize
 .text.osKernelStart
                0x0000000008005c38       0x48 build/cmsis_os2.o
                0x0000000008005c38                osKernelStart
 .text.osThreadNew
                0x0000000008005c80       0xd4 build/cmsis_os2.o
                0x0000000008005c80                osThreadNew
 .text.osDelay  0x0000000008005d54       0x3c build/cmsis_os2.o
                0x0000000008005d54                osDelay
 .text.osMessageQueueNew
                0x0000000008005d90       0xc0 build/cmsis_os2.o
                0x0000000008005d90                osMessageQueueNew
 .text.vApplicationGetIdleTaskMemory
                0x0000000008005e50       0x18 build/cmsis_os2.o
                0x0000000008005e50                vApplicationGetIdleTaskMemory
 .text.vApplicationGetTimerTaskMemory
                0x0000000008005e68       0x18 build/cmsis_os2.o
                0x0000000008005e68                vApplicationGetTimerTaskMemory
 .text.vListInitialise
                0x0000000008005e80       0x16 build/list.o
                0x0000000008005e80                vListInitialise
 .text.vListInitialiseItem
                0x0000000008005e96        0x6 build/list.o
                0x0000000008005e96                vListInitialiseItem
 .text.vListInsertEnd
                0x0000000008005e9c       0x18 build/list.o
                0x0000000008005e9c                vListInsertEnd
 .text.vListInsert
                0x0000000008005eb4       0x34 build/list.o
                0x0000000008005eb4                vListInsert
 .text.uxListRemove
                0x0000000008005ee8       0x28 build/list.o
                0x0000000008005ee8                uxListRemove
 .text.prvTaskExitError
                0x0000000008005f10       0x40 build/port.o
 .text.prvPortStartFirstTask
                0x0000000008005f50       0x28 build/port.o
 .text.vPortEnableVFP
                0x0000000008005f78       0x14 build/port.o
 .text.pxPortInitialiseStack
                0x0000000008005f8c       0x2c build/port.o
                0x0000000008005f8c                pxPortInitialiseStack
 *fill*         0x0000000008005fb8        0x8 
 .text.SVC_Handler
                0x0000000008005fc0       0x24 build/port.o
                0x0000000008005fc0                SVC_Handler
 .text.vPortEnterCritical
                0x0000000008005fe4       0x44 build/port.o
                0x0000000008005fe4                vPortEnterCritical
 .text.vPortExitCritical
                0x0000000008006028       0x2c build/port.o
                0x0000000008006028                vPortExitCritical
 *fill*         0x0000000008006054        0xc 
 .text.PendSV_Handler
                0x0000000008006060       0x64 build/port.o
                0x0000000008006060                PendSV_Handler
 .text.SysTick_Handler
                0x00000000080060c4       0x2c build/port.o
                0x00000000080060c4                SysTick_Handler
 .text.vPortSetupTimerInterrupt
                0x00000000080060f0       0x38 build/port.o
                0x00000000080060f0                vPortSetupTimerInterrupt
 .text.xPortStartScheduler
                0x0000000008006128      0x110 build/port.o
                0x0000000008006128                xPortStartScheduler
 .text.vPortValidateInterruptPriority
                0x0000000008006238       0x5c build/port.o
                0x0000000008006238                vPortValidateInterruptPriority
 .text.prvHeapInit
                0x0000000008006294       0x64 build/heap_4.o
 .text.prvInsertBlockIntoFreeList
                0x00000000080062f8       0x58 build/heap_4.o
 .text.pvPortMalloc
                0x0000000008006350      0x108 build/heap_4.o
                0x0000000008006350                pvPortMalloc
 .text.vPortFree
                0x0000000008006458       0x70 build/heap_4.o
                0x0000000008006458                vPortFree
 .text.prvIsQueueFull
                0x00000000080064c8       0x1e build/queue.o
 .text.prvIsQueueEmpty
                0x00000000080064e6       0x1a build/queue.o
 .text.prvCopyDataToQueue
                0x0000000008006500       0x76 build/queue.o
 .text.prvCopyDataFromQueue
                0x0000000008006576       0x24 build/queue.o
 .text.prvUnlockQueue
                0x000000000800659a       0x6e build/queue.o
 .text.xQueueGenericReset
                0x0000000008006608       0x80 build/queue.o
                0x0000000008006608                xQueueGenericReset
 .text.prvInitialiseNewQueue
                0x0000000008006688       0x22 build/queue.o
 .text.xQueueGenericCreateStatic
                0x00000000080066aa       0xa2 build/queue.o
                0x00000000080066aa                xQueueGenericCreateStatic
 .text.xQueueGenericCreate
                0x000000000800674c       0x4e build/queue.o
                0x000000000800674c                xQueueGenericCreate
 *fill*         0x000000000800679a        0x2 
 .text.xQueueGenericSend
                0x000000000800679c      0x188 build/queue.o
                0x000000000800679c                xQueueGenericSend
 .text.xQueueGenericSendFromISR
                0x0000000008006924       0xde build/queue.o
                0x0000000008006924                xQueueGenericSendFromISR
 *fill*         0x0000000008006a02        0x2 
 .text.xQueueReceive
                0x0000000008006a04      0x15c build/queue.o
                0x0000000008006a04                xQueueReceive
 .text.vQueueAddToRegistry
                0x0000000008006b60       0x28 build/queue.o
                0x0000000008006b60                vQueueAddToRegistry
 .text.vQueueWaitForMessageRestricted
                0x0000000008006b88       0x52 build/queue.o
                0x0000000008006b88                vQueueWaitForMessageRestricted
 *fill*         0x0000000008006bda        0x2 
 .text.prvResetNextTaskUnblockTime
                0x0000000008006bdc       0x2c build/tasks.o
 .text.prvInitialiseNewTask
                0x0000000008006c08       0x9a build/tasks.o
 *fill*         0x0000000008006ca2        0x2 
 .text.prvInitialiseTaskLists
                0x0000000008006ca4       0x68 build/tasks.o
 .text.prvAddNewTaskToReadyList
                0x0000000008006d0c       0xac build/tasks.o
 .text.prvDeleteTCB
                0x0000000008006db8       0x3a build/tasks.o
 *fill*         0x0000000008006df2        0x2 
 .text.prvCheckTasksWaitingTermination
                0x0000000008006df4       0x4c build/tasks.o
 .text.prvIdleTask
                0x0000000008006e40       0x28 build/tasks.o
 .text.prvAddCurrentTaskToDelayedList
                0x0000000008006e68       0x7c build/tasks.o
 .text.xTaskCreateStatic
                0x0000000008006ee4       0x74 build/tasks.o
                0x0000000008006ee4                xTaskCreateStatic
 .text.xTaskCreate
                0x0000000008006f58       0x66 build/tasks.o
                0x0000000008006f58                xTaskCreate
 *fill*         0x0000000008006fbe        0x2 
 .text.vTaskStartScheduler
                0x0000000008006fc0       0x9c build/tasks.o
                0x0000000008006fc0                vTaskStartScheduler
 .text.vTaskSuspendAll
                0x000000000800705c       0x10 build/tasks.o
                0x000000000800705c                vTaskSuspendAll
 .text.xTaskGetTickCount
                0x000000000800706c        0xc build/tasks.o
                0x000000000800706c                xTaskGetTickCount
 .text.xTaskIncrementTick
                0x0000000008007078      0x118 build/tasks.o
                0x0000000008007078                xTaskIncrementTick
 .text.xTaskResumeAll
                0x0000000008007190       0xfc build/tasks.o
                0x0000000008007190                xTaskResumeAll
 .text.vTaskDelay
                0x000000000800728c       0x50 build/tasks.o
                0x000000000800728c                vTaskDelay
 .text.vTaskSwitchContext
                0x00000000080072dc       0x9c build/tasks.o
                0x00000000080072dc                vTaskSwitchContext
 .text.vTaskPlaceOnEventList
                0x0000000008007378       0x30 build/tasks.o
                0x0000000008007378                vTaskPlaceOnEventList
 .text.vTaskPlaceOnEventListRestricted
                0x00000000080073a8       0x38 build/tasks.o
                0x00000000080073a8                vTaskPlaceOnEventListRestricted
 .text.xTaskRemoveFromEventList
                0x00000000080073e0       0x8c build/tasks.o
                0x00000000080073e0                xTaskRemoveFromEventList
 .text.vTaskInternalSetTimeOutState
                0x000000000800746c       0x18 build/tasks.o
                0x000000000800746c                vTaskInternalSetTimeOutState
 .text.xTaskCheckForTimeOut
                0x0000000008007484       0x80 build/tasks.o
                0x0000000008007484                xTaskCheckForTimeOut
 .text.vTaskMissedYield
                0x0000000008007504        0xc build/tasks.o
                0x0000000008007504                vTaskMissedYield
 .text.xTaskGetSchedulerState
                0x0000000008007510       0x20 build/tasks.o
                0x0000000008007510                xTaskGetSchedulerState
 .text.xTaskPriorityDisinherit
                0x0000000008007530       0x90 build/tasks.o
                0x0000000008007530                xTaskPriorityDisinherit
 .text.prvGetNextExpireTime
                0x00000000080075c0       0x20 build/timers.o
 .text.prvInsertTimerInActiveList
                0x00000000080075e0       0x48 build/timers.o
 .text.prvCheckForValidListAndQueue
                0x0000000008007628       0x70 build/timers.o
 .text.xTimerCreateTimerTask
                0x0000000008007698       0x70 build/timers.o
                0x0000000008007698                xTimerCreateTimerTask
 .text.xTimerGenericCommand
                0x0000000008007708       0x6c build/timers.o
                0x0000000008007708                xTimerGenericCommand
 .text.prvSwitchTimerLists
                0x0000000008007774       0x7c build/timers.o
 .text.prvSampleTimeNow
                0x00000000080077f0       0x2c build/timers.o
 .text.prvProcessExpiredTimer
                0x000000000800781c       0x6c build/timers.o
 .text.prvProcessTimerOrBlockTask
                0x0000000008007888       0x74 build/timers.o
 .text.prvProcessReceivedCommands
                0x00000000080078fc      0x110 build/timers.o
 .text.prvTimerTask
                0x0000000008007a0c       0x16 build/timers.o
 *fill*         0x0000000008007a22        0x2 
 .text.Reset_Handler
                0x0000000008007a24       0x50 build/startup_stm32f413xx.o
                0x0000000008007a24                Reset_Handler
 .text.Default_Handler
                0x0000000008007a74        0x2 build/startup_stm32f413xx.o
                0x0000000008007a74                RTC_Alarm_IRQHandler
                0x0000000008007a74                EXTI2_IRQHandler
                0x0000000008007a74                TIM8_CC_IRQHandler
                0x0000000008007a74                UART8_IRQHandler
                0x0000000008007a74                FMPI2C1_EV_IRQHandler
                0x0000000008007a74                SPI4_IRQHandler
                0x0000000008007a74                TIM1_CC_IRQHandler
                0x0000000008007a74                DMA2_Stream5_IRQHandler
                0x0000000008007a74                CAN3_RX1_IRQHandler
                0x0000000008007a74                PVD_IRQHandler
                0x0000000008007a74                SDIO_IRQHandler
                0x0000000008007a74                TAMP_STAMP_IRQHandler
                0x0000000008007a74                EXTI3_IRQHandler
                0x0000000008007a74                TIM8_TRG_COM_TIM14_IRQHandler
                0x0000000008007a74                DFSDM1_FLT1_IRQHandler
                0x0000000008007a74                TIM8_UP_TIM13_IRQHandler
                0x0000000008007a74                I2C3_ER_IRQHandler
                0x0000000008007a74                EXTI0_IRQHandler
                0x0000000008007a74                I2C2_EV_IRQHandler
                0x0000000008007a74                DMA1_Stream2_IRQHandler
                0x0000000008007a74                FPU_IRQHandler
                0x0000000008007a74                CAN3_SCE_IRQHandler
                0x0000000008007a74                CAN2_SCE_IRQHandler
                0x0000000008007a74                SPI1_IRQHandler
                0x0000000008007a74                TIM6_DAC_IRQHandler
                0x0000000008007a74                TIM1_BRK_TIM9_IRQHandler
                0x0000000008007a74                CAN2_RX0_IRQHandler
                0x0000000008007a74                DMA2_Stream3_IRQHandler
                0x0000000008007a74                USART6_IRQHandler
                0x0000000008007a74                USART3_IRQHandler
                0x0000000008007a74                DFSDM2_FLT3_IRQHandler
                0x0000000008007a74                CAN1_RX1_IRQHandler
                0x0000000008007a74                UART5_IRQHandler
                0x0000000008007a74                DMA2_Stream0_IRQHandler
                0x0000000008007a74                TIM4_IRQHandler
                0x0000000008007a74                QUADSPI_IRQHandler
                0x0000000008007a74                I2C1_EV_IRQHandler
                0x0000000008007a74                UART4_IRQHandler
                0x0000000008007a74                TIM3_IRQHandler
                0x0000000008007a74                RCC_IRQHandler
                0x0000000008007a74                UART9_IRQHandler
                0x0000000008007a74                TIM8_BRK_TIM12_IRQHandler
                0x0000000008007a74                Default_Handler
                0x0000000008007a74                EXTI15_10_IRQHandler
                0x0000000008007a74                ADC_IRQHandler
                0x0000000008007a74                DMA1_Stream7_IRQHandler
                0x0000000008007a74                DFSDM2_FLT0_IRQHandler
                0x0000000008007a74                SPI5_IRQHandler
                0x0000000008007a74                CAN2_TX_IRQHandler
                0x0000000008007a74                TIM5_IRQHandler
                0x0000000008007a74                DMA2_Stream7_IRQHandler
                0x0000000008007a74                I2C3_EV_IRQHandler
                0x0000000008007a74                DFSDM2_FLT2_IRQHandler
                0x0000000008007a74                EXTI9_5_IRQHandler
                0x0000000008007a74                RTC_WKUP_IRQHandler
                0x0000000008007a74                SPI2_IRQHandler
                0x0000000008007a74                DMA1_Stream0_IRQHandler
                0x0000000008007a74                CAN1_TX_IRQHandler
                0x0000000008007a74                FMPI2C1_ER_IRQHandler
                0x0000000008007a74                EXTI4_IRQHandler
                0x0000000008007a74                DFSDM2_FLT1_IRQHandler
                0x0000000008007a74                RNG_IRQHandler
                0x0000000008007a74                FSMC_IRQHandler
                0x0000000008007a74                WWDG_IRQHandler
                0x0000000008007a74                CAN3_TX_IRQHandler
                0x0000000008007a74                OTG_FS_WKUP_IRQHandler
                0x0000000008007a74                TIM1_TRG_COM_TIM11_IRQHandler
                0x0000000008007a74                EXTI1_IRQHandler
                0x0000000008007a74                UART7_IRQHandler
                0x0000000008007a74                USART2_IRQHandler
                0x0000000008007a74                DFSDM1_FLT0_IRQHandler
                0x0000000008007a74                I2C2_ER_IRQHandler
                0x0000000008007a74                DMA2_Stream1_IRQHandler
                0x0000000008007a74                CAN1_SCE_IRQHandler
                0x0000000008007a74                FLASH_IRQHandler
                0x0000000008007a74                DMA2_Stream4_IRQHandler
                0x0000000008007a74                USART1_IRQHandler
                0x0000000008007a74                OTG_FS_IRQHandler
                0x0000000008007a74                SPI3_IRQHandler
                0x0000000008007a74                DMA1_Stream4_IRQHandler
                0x0000000008007a74                I2C1_ER_IRQHandler
                0x0000000008007a74                LPTIM1_IRQHandler
                0x0000000008007a74                DMA2_Stream6_IRQHandler
                0x0000000008007a74                UART10_IRQHandler
                0x0000000008007a74                SAI1_IRQHandler
                0x0000000008007a74                DMA1_Stream3_IRQHandler
 *(.glue_7)
 .glue_7        0x0000000008007a76        0x0 linker stubs
 *(.glue_7t)
 .glue_7t       0x0000000008007a76        0x0 linker stubs
 *(.eh_frame)
 *fill*         0x0000000008007a76        0x2 
 .eh_frame      0x0000000008007a78        0x0 /usr/lib/gcc/arm-none-eabi/6.3.1/thumb/v7e-m/fpv4-sp/hard/crtbegin.o
 *(.init)
 .init          0x0000000008007a78        0x4 /usr/lib/gcc/arm-none-eabi/6.3.1/thumb/v7e-m/fpv4-sp/hard/crti.o
                0x0000000008007a78                _init
 .init          0x0000000008007a7c        0x8 /usr/lib/gcc/arm-none-eabi/6.3.1/thumb/v7e-m/fpv4-sp/hard/crtn.o
 *(.fini)
 .fini          0x0000000008007a84        0x4 /usr/lib/gcc/arm-none-eabi/6.3.1/thumb/v7e-m/fpv4-sp/hard/crti.o
                0x0000000008007a84                _fini
 .fini          0x0000000008007a88        0x8 /usr/lib/gcc/arm-none-eabi/6.3.1/thumb/v7e-m/fpv4-sp/hard/crtn.o
                0x0000000008007a90                . = ALIGN (0x4)
                0x0000000008007a90                _etext = .

.vfp11_veneer   0x0000000008007a90        0x0
 .vfp11_veneer  0x0000000008007a90        0x0 linker stubs

.v4_bx          0x0000000008007a90        0x0
 .v4_bx         0x0000000008007a90        0x0 linker stubs

.iplt           0x0000000008007a90        0x0
 .iplt          0x0000000008007a90        0x0 /usr/lib/gcc/arm-none-eabi/6.3.1/thumb/v7e-m/fpv4-sp/hard/crtbegin.o

.rodata         0x0000000008007a90      0x348
                0x0000000008007a90                . = ALIGN (0x4)
 *(.rodata)
 *(.rodata*)
 .rodata.balanceByte
                0x0000000008007a90       0x60 build/bms.o
 .rodata.balanceShift
                0x0000000008007af0       0x60 build/bms.o
 .rodata.balanceCommand_attributes
                0x0000000008007b50       0x24 build/main.o
                0x0000000008007b50                balanceCommand_attributes
 .rodata.canTxQueue_attributes
                0x0000000008007b74       0x18 build/main.o
                0x0000000008007b74                canTxQueue_attributes
 .rodata.canTxTask_attributes
                0x0000000008007b8c       0x24 build/main.o
                0x0000000008007b8c                canTxTask_attributes
 .rodata.defaultTask_attributes
                0x0000000008007bb0       0x24 build/main.o
                0x0000000008007bb0                defaultTask_attributes
 .rodata.kickTheDog_attributes
                0x0000000008007bd4       0x24 build/main.o
                0x0000000008007bd4                kickTheDog_attributes
 .rodata.processData_attributes
                0x0000000008007bf8       0x24 build/main.o
                0x0000000008007bf8                processData_attributes
 .rodata.str1.4
                0x0000000008007c1c       0x5c build/main.o
 .rodata.synchCommand_attributes
                0x0000000008007c78       0x24 build/main.o
                0x0000000008007c78                synchCommand_attributes
 .rodata.AHBPrescTable
                0x0000000008007c9c       0x10 build/system_stm32f4xx.o
                0x0000000008007c9c                AHBPrescTable
 .rodata.APBPrescTable
                0x0000000008007cac        0x8 build/system_stm32f4xx.o
                0x0000000008007cac                APBPrescTable
 .rodata.gammaTable
                0x0000000008007cb4      0x100 build/ws2812b.o
                0x0000000008007cb4                gammaTable
 .rodata.flagBitshiftOffset.8045
                0x0000000008007db4        0x8 build/stm32f4xx_hal_dma.o
 .rodata.vTaskStartScheduler.str1.4
                0x0000000008007dbc        0x5 build/tasks.o
 *fill*         0x0000000008007dc1        0x3 
 .rodata.prvCheckForValidListAndQueue.str1.4
                0x0000000008007dc4        0x5 build/timers.o
 *fill*         0x0000000008007dc9        0x3 
 .rodata.xTimerCreateTimerTask.str1.4
                0x0000000008007dcc        0x8 build/timers.o
 .rodata.str1.4
                0x0000000008007dd4        0x4 /usr/lib/gcc/arm-none-eabi/6.3.1/../../../arm-none-eabi/lib/thumb/v7e-m/fpv4-sp/hard/libc_nano.a(lib_a-impure.o)
                                          0x2 (size before relaxing)
                0x0000000008007dd8                . = ALIGN (0x4)

.ARM.extab
 *(.ARM.extab* .gnu.linkonce.armextab.*)

.ARM            0x0000000008007dd8        0x8
                0x0000000008007dd8                __exidx_start = .
 *(.ARM.exidx*)
 .ARM.exidx     0x0000000008007dd8        0x8 /usr/lib/gcc/arm-none-eabi/6.3.1/thumb/v7e-m/fpv4-sp/hard/libgcc.a(_udivmoddi4.o)
                0x0000000008007de0                __exidx_end = .

.rel.dyn        0x0000000008007de0        0x0
 .rel.iplt      0x0000000008007de0        0x0 /usr/lib/gcc/arm-none-eabi/6.3.1/thumb/v7e-m/fpv4-sp/hard/crtbegin.o

.preinit_array  0x0000000008007de0        0x0
                0x0000000008007de0                PROVIDE (__preinit_array_start, .)
 *(.preinit_array*)
                0x0000000008007de0                PROVIDE (__preinit_array_end, .)

.init_array     0x0000000008007de0        0x4
                0x0000000008007de0                PROVIDE (__init_array_start, .)
 *(SORT(.init_array.*))
 *(.init_array*)
 .init_array    0x0000000008007de0        0x4 /usr/lib/gcc/arm-none-eabi/6.3.1/thumb/v7e-m/fpv4-sp/hard/crtbegin.o
                0x0000000008007de4                PROVIDE (__init_array_end, .)

.fini_array     0x0000000008007de4        0x4
                0x0000000008007de4                PROVIDE (__fini_array_start, .)
 *(SORT(.fini_array.*))
 *(.fini_array*)
 .fini_array    0x0000000008007de4        0x4 /usr/lib/gcc/arm-none-eabi/6.3.1/thumb/v7e-m/fpv4-sp/hard/crtbegin.o
                0x0000000008007de8                PROVIDE (__fini_array_end, .)
                0x0000000008007de8                _sidata = LOADADDR (.data)

.data           0x0000000020000000       0x7c load address 0x0000000008007de8
                0x0000000020000000                . = ALIGN (0x4)
                0x0000000020000000                _sdata = .
 *(.data)
 .data          0x0000000020000000       0x64 /usr/lib/gcc/arm-none-eabi/6.3.1/../../../arm-none-eabi/lib/thumb/v7e-m/fpv4-sp/hard/libc_nano.a(lib_a-impure.o)
                0x0000000020000000                _impure_ptr
 *(.data*)
 .data.SystemCoreClock
                0x0000000020000064        0x4 build/system_stm32f4xx.o
                0x0000000020000064                SystemCoreClock
 .data.WS2812_IO_High
                0x0000000020000068        0x4 build/ws2812b.o
                0x0000000020000068                WS2812_IO_High
 .data.WS2812_IO_Low
                0x000000002000006c        0x4 build/ws2812b.o
                0x000000002000006c                WS2812_IO_Low
 .data.uwTickFreq
                0x0000000020000070        0x1 build/stm32f4xx_hal.o
                0x0000000020000070                uwTickFreq
 *fill*         0x0000000020000071        0x3 
 .data.uwTickPrio
                0x0000000020000074        0x4 build/stm32f4xx_hal.o
                0x0000000020000074                uwTickPrio
 .data.uxCriticalNesting
                0x0000000020000078        0x4 build/port.o
                0x000000002000007c                . = ALIGN (0x4)
                0x000000002000007c                _edata = .

.jcr            0x000000002000007c        0x0 load address 0x0000000008007e64
 .jcr           0x000000002000007c        0x0 /usr/lib/gcc/arm-none-eabi/6.3.1/thumb/v7e-m/fpv4-sp/hard/crtbegin.o

.tm_clone_table
                0x000000002000007c        0x0 load address 0x0000000008007e64
 .tm_clone_table
                0x000000002000007c        0x0 /usr/lib/gcc/arm-none-eabi/6.3.1/thumb/v7e-m/fpv4-sp/hard/crtbegin.o
 .tm_clone_table
                0x000000002000007c        0x0 /usr/lib/gcc/arm-none-eabi/6.3.1/thumb/v7e-m/fpv4-sp/hard/crtend.o

.igot.plt       0x000000002000007c        0x0 load address 0x0000000008007e64
 .igot.plt      0x000000002000007c        0x0 /usr/lib/gcc/arm-none-eabi/6.3.1/thumb/v7e-m/fpv4-sp/hard/crtbegin.o
                0x000000002000007c                . = ALIGN (0x4)

.bss            0x000000002000007c     0x5354 load address 0x0000000008007e64
                0x000000002000007c                _sbss = .
                0x000000002000007c                __bss_start__ = _sbss
 *(.bss)
 .bss           0x000000002000007c       0x1c /usr/lib/gcc/arm-none-eabi/6.3.1/thumb/v7e-m/fpv4-sp/hard/crtbegin.o
 .bss           0x0000000020000098        0x8 /usr/lib/gcc/arm-none-eabi/6.3.1/../../../arm-none-eabi/lib/thumb/v7e-m/fpv4-sp/hard/libc_nano.a(lib_a-nano-mallocr.o)
                0x0000000020000098                __malloc_free_list
                0x000000002000009c                __malloc_sbrk_start
 .bss           0x00000000200000a0        0x4 /usr/lib/gcc/arm-none-eabi/6.3.1/../../../arm-none-eabi/lib/thumb/v7e-m/fpv4-sp/hard/libnosys.a(sbrk.o)
 *(.bss*)
 .bss.errorCount
                0x00000000200000a4        0x4 build/bms.o
 .bss.timestamp.8573
                0x00000000200000a8        0x4 build/visEffect.o
 .bss.x.8556    0x00000000200000ac        0x1 build/visEffect.o
 *fill*         0x00000000200000ad        0x3 
 .bss.Idle_Stack
                0x00000000200000b0      0x200 build/cmsis_os2.o
 .bss.Idle_TCB  0x00000000200002b0       0x5c build/cmsis_os2.o
 .bss.KernelState
                0x000000002000030c        0x4 build/cmsis_os2.o
 .bss.Timer_Stack
                0x0000000020000310      0x400 build/cmsis_os2.o
 .bss.Timer_TCB
                0x0000000020000710       0x5c build/cmsis_os2.o
 .bss.ucMaxSysCallPriority
                0x000000002000076c        0x1 build/port.o
 *fill*         0x000000002000076d        0x3 
 .bss.ulMaxPRIGROUPValue
                0x0000000020000770        0x4 build/port.o
 .bss.pxEnd     0x0000000020000774        0x4 build/heap_4.o
 .bss.ucHeap    0x0000000020000778     0x3c00 build/heap_4.o
 .bss.xBlockAllocatedBit
                0x0000000020004378        0x4 build/heap_4.o
 .bss.xFreeBytesRemaining
                0x000000002000437c        0x4 build/heap_4.o
 .bss.xMinimumEverFreeBytesRemaining
                0x0000000020004380        0x4 build/heap_4.o
 .bss.xStart    0x0000000020004384        0x8 build/heap_4.o
 .bss.pxCurrentTCB
                0x000000002000438c        0x4 build/tasks.o
                0x000000002000438c                pxCurrentTCB
 .bss.pxDelayedTaskList
                0x0000000020004390        0x4 build/tasks.o
 .bss.pxOverflowDelayedTaskList
                0x0000000020004394        0x4 build/tasks.o
 .bss.pxReadyTasksLists
                0x0000000020004398      0x460 build/tasks.o
 .bss.uxCurrentNumberOfTasks
                0x00000000200047f8        0x4 build/tasks.o
 .bss.uxDeletedTasksWaitingCleanUp
                0x00000000200047fc        0x4 build/tasks.o
 .bss.uxPendedTicks
                0x0000000020004800        0x4 build/tasks.o
 .bss.uxSchedulerSuspended
                0x0000000020004804        0x4 build/tasks.o
 .bss.uxTaskNumber
                0x0000000020004808        0x4 build/tasks.o
 .bss.uxTopReadyPriority
                0x000000002000480c        0x4 build/tasks.o
 .bss.xDelayedTaskList1
                0x0000000020004810       0x14 build/tasks.o
 .bss.xDelayedTaskList2
                0x0000000020004824       0x14 build/tasks.o
 .bss.xNextTaskUnblockTime
                0x0000000020004838        0x4 build/tasks.o
 .bss.xNumOfOverflows
                0x000000002000483c        0x4 build/tasks.o
 .bss.xPendingReadyList
                0x0000000020004840       0x14 build/tasks.o
 .bss.xSchedulerRunning
                0x0000000020004854        0x4 build/tasks.o
 .bss.xSuspendedTaskList
                0x0000000020004858       0x14 build/tasks.o
 .bss.xTasksWaitingTermination
                0x000000002000486c       0x14 build/tasks.o
 .bss.xTickCount
                0x0000000020004880        0x4 build/tasks.o
 .bss.xYieldPending
                0x0000000020004884        0x4 build/tasks.o
 .bss.pxCurrentTimerList
                0x0000000020004888        0x4 build/timers.o
 .bss.pxOverflowTimerList
                0x000000002000488c        0x4 build/timers.o
 .bss.ucStaticTimerQueueStorage.6640
                0x0000000020004890       0xa0 build/timers.o
 .bss.xActiveTimerList1
                0x0000000020004930       0x14 build/timers.o
 .bss.xActiveTimerList2
                0x0000000020004944       0x14 build/timers.o
 .bss.xLastTime.6589
                0x0000000020004958        0x4 build/timers.o
 .bss.xStaticTimerQueue.6639
                0x000000002000495c       0x50 build/timers.o
 .bss.xTimerQueue
                0x00000000200049ac        0x4 build/timers.o
 .bss.xTimerTaskHandle
                0x00000000200049b0        0x4 build/timers.o
 *(COMMON)
 COMMON         0x00000000200049b4      0x44c build/bms.o
                0x00000000200049b4                BMS
                0x0000000020004ba0                rxMsg3
                0x0000000020004bbc                sf4
                0x0000000020004be4                sf
                0x0000000020004c0c                busFault
                0x0000000020004c10                watchdogBits
                0x0000000020004c14                canRx2
                0x0000000020004c1c                canMailbox3
                0x0000000020004c20                txMsgExt2
                0x0000000020004c38                rxMsg
                0x0000000020004c54                txCycle3
                0x0000000020004c58                txMsg2
                0x0000000020004c70                txMsg3
                0x0000000020004c88                hcan3
                0x0000000020004cb0                hcan2
                0x0000000020004cd8                canMailbox2
                0x0000000020004cdc                chargerOn
                0x0000000020004ce0                txMsg
                0x0000000020004cf8                canMailbox
                0x0000000020004cfc                txMsgExt3
                0x0000000020004d14                txCycle2
                0x0000000020004d18                txMsgExt
                0x0000000020004d30                txCycle
                0x0000000020004d34                rxMsg2
                0x0000000020004d50                hcan1
                0x0000000020004d78                sf2
                0x0000000020004da0                canRx
                0x0000000020004da8                sf5
                0x0000000020004dd0                sf3
                0x0000000020004df8                canRx3
 COMMON         0x0000000020004e00      0x2d4 build/main.o
                0x0000000020004e00                processDataHandle
                0x0000000020004e04                defaultTaskHandle
                0x0000000020004e08                hdma_tim2_ch1
                0x0000000020004e68                synchCommandHandle
                0x0000000020004e6c                canTxQueueControlBlock
                0x0000000020004ebc                hiwdg
                0x0000000020004ec8                tim2OC2
                0x0000000020004ee4                timer_reset_pulse_period
                0x0000000020004ee8                tim2OC1
                0x0000000020004f04                hdma_tim2_ch2_ch4
                0x0000000020004f64                TIM1_handle
                0x0000000020004fa4                canTxTaskHandle
                0x0000000020004fa8                hdma_tim2_up_ch3
                0x0000000020005008                htim3
                0x0000000020005048                tim_period
                0x000000002000504c                kickTheDogHandle
                0x0000000020005050                ws2812b
                0x000000002000506c                canTxQueueBuffer
                0x000000002000508c                canTxQueueHandle
                0x0000000020005090                balanceCommandHandle
                0x0000000020005094                htim2
 COMMON         0x00000000200050d4       0x40 build/stm32f4xx_hal_timebase_tim.o
                0x00000000200050d4                htim7
 COMMON         0x0000000020005114       0xf0 build/visEffect.o
                0x0000000020005114                frameBuffer2
                0x0000000020005150                frameBuffer
 COMMON         0x0000000020005204      0x184 build/ws2812b.o
                0x0000000020005204                dmaCC2
                0x0000000020005264                dmaCC1
                0x00000000200052c4                dummy
                0x00000000200052c8                ws2812bDmaBitBuffer
                0x0000000020005328                dmaUpdate
 COMMON         0x0000000020005388        0x4 build/stm32f4xx_hal.o
                0x0000000020005388                uwTick
 COMMON         0x000000002000538c       0x40 build/queue.o
                0x000000002000538c                xQueueRegistry
 COMMON         0x00000000200053cc        0x4 /usr/lib/gcc/arm-none-eabi/6.3.1/../../../arm-none-eabi/lib/thumb/v7e-m/fpv4-sp/hard/libc_nano.a(lib_a-reent.o)
                0x00000000200053cc                errno
                0x00000000200053d0                . = ALIGN (0x4)
                0x00000000200053d0                _ebss = .
                0x00000000200053d0                __bss_end__ = _ebss

._user_heap_stack
                0x00000000200053d0      0x600 load address 0x0000000008007e64
                0x00000000200053d0                . = ALIGN (0x8)
                0x00000000200053d0                PROVIDE (end, .)
                [!provide]                        PROVIDE (_end, .)
                0x00000000200055d0                . = (. + _Min_Heap_Size)
 *fill*         0x00000000200053d0      0x200 
                0x00000000200059d0                . = (. + _Min_Stack_Size)
 *fill*         0x00000000200055d0      0x400 
                0x00000000200059d0                . = ALIGN (0x8)

/DISCARD/
 libc.a(*)
 libm.a(*)
 libgcc.a(*)

.ARM.attributes
                0x0000000000000000       0x30
 *(.ARM.attributes)
 .ARM.attributes
                0x0000000000000000       0x22 /usr/lib/gcc/arm-none-eabi/6.3.1/thumb/v7e-m/fpv4-sp/hard/crti.o
 .ARM.attributes
                0x0000000000000022       0x34 /usr/lib/gcc/arm-none-eabi/6.3.1/thumb/v7e-m/fpv4-sp/hard/crtbegin.o
 .ARM.attributes
                0x0000000000000056       0x39 build/bms.o
 .ARM.attributes
                0x000000000000008f       0x39 build/can_setup.o
 .ARM.attributes
                0x00000000000000c8       0x39 build/main.o
 .ARM.attributes
                0x0000000000000101       0x39 build/stm32f4xx_hal_msp.o
 .ARM.attributes
                0x000000000000013a       0x39 build/stm32f4xx_hal_timebase_tim.o
 .ARM.attributes
                0x0000000000000173       0x39 build/stm32f4xx_it.o
 .ARM.attributes
                0x00000000000001ac       0x39 build/system_stm32f4xx.o
 .ARM.attributes
                0x00000000000001e5       0x39 build/visEffect.o
 .ARM.attributes
                0x000000000000021e       0x39 build/ws2812b.o
 .ARM.attributes
                0x0000000000000257       0x39 build/stm32f4xx_hal.o
 .ARM.attributes
                0x0000000000000290       0x39 build/stm32f4xx_hal_can.o
 .ARM.attributes
                0x00000000000002c9       0x39 build/stm32f4xx_hal_cortex.o
 .ARM.attributes
                0x0000000000000302       0x39 build/stm32f4xx_hal_dma.o
 .ARM.attributes
                0x000000000000033b       0x39 build/stm32f4xx_hal_gpio.o
 .ARM.attributes
                0x0000000000000374       0x39 build/stm32f4xx_hal_iwdg.o
 .ARM.attributes
                0x00000000000003ad       0x39 build/stm32f4xx_hal_rcc.o
 .ARM.attributes
                0x00000000000003e6       0x39 build/stm32f4xx_hal_rcc_ex.o
 .ARM.attributes
                0x000000000000041f       0x39 build/stm32f4xx_hal_tim.o
 .ARM.attributes
                0x0000000000000458       0x39 build/stm32f4xx_hal_tim_ex.o
 .ARM.attributes
                0x0000000000000491       0x39 build/cmsis_os2.o
 .ARM.attributes
                0x00000000000004ca       0x39 build/list.o
 .ARM.attributes
                0x0000000000000503       0x39 build/port.o
 .ARM.attributes
                0x000000000000053c       0x39 build/heap_4.o
 .ARM.attributes
                0x0000000000000575       0x39 build/queue.o
 .ARM.attributes
                0x00000000000005ae       0x39 build/tasks.o
 .ARM.attributes
                0x00000000000005e7       0x39 build/timers.o
 .ARM.attributes
                0x0000000000000620       0x21 build/startup_stm32f413xx.o
 .ARM.attributes
                0x0000000000000641       0x34 /usr/lib/gcc/arm-none-eabi/6.3.1/../../../arm-none-eabi/lib/thumb/v7e-m/fpv4-sp/hard/libc_nano.a(lib_a-impure.o)
 .ARM.attributes
                0x0000000000000675       0x34 /usr/lib/gcc/arm-none-eabi/6.3.1/../../../arm-none-eabi/lib/thumb/v7e-m/fpv4-sp/hard/libc_nano.a(lib_a-init.o)
 .ARM.attributes
                0x00000000000006a9       0x20 /usr/lib/gcc/arm-none-eabi/6.3.1/../../../arm-none-eabi/lib/thumb/v7e-m/fpv4-sp/hard/libc_nano.a(lib_a-memcpy.o)
 .ARM.attributes
                0x00000000000006c9       0x34 /usr/lib/gcc/arm-none-eabi/6.3.1/../../../arm-none-eabi/lib/thumb/v7e-m/fpv4-sp/hard/libc_nano.a(lib_a-memset.o)
 .ARM.attributes
                0x00000000000006fd       0x34 /usr/lib/gcc/arm-none-eabi/6.3.1/../../../arm-none-eabi/lib/thumb/v7e-m/fpv4-sp/hard/libc_nano.a(lib_a-rand.o)
 .ARM.attributes
                0x0000000000000731       0x34 /usr/lib/gcc/arm-none-eabi/6.3.1/../../../arm-none-eabi/lib/thumb/v7e-m/fpv4-sp/hard/libc_nano.a(lib_a-malloc.o)
 .ARM.attributes
                0x0000000000000765       0x34 /usr/lib/gcc/arm-none-eabi/6.3.1/../../../arm-none-eabi/lib/thumb/v7e-m/fpv4-sp/hard/libc_nano.a(lib_a-nano-freer.o)
 .ARM.attributes
                0x0000000000000799       0x34 /usr/lib/gcc/arm-none-eabi/6.3.1/../../../arm-none-eabi/lib/thumb/v7e-m/fpv4-sp/hard/libc_nano.a(lib_a-nano-mallocr.o)
 .ARM.attributes
                0x00000000000007cd       0x34 /usr/lib/gcc/arm-none-eabi/6.3.1/../../../arm-none-eabi/lib/thumb/v7e-m/fpv4-sp/hard/libc_nano.a(lib_a-sbrkr.o)
 .ARM.attributes
                0x0000000000000801       0x34 /usr/lib/gcc/arm-none-eabi/6.3.1/../../../arm-none-eabi/lib/thumb/v7e-m/fpv4-sp/hard/libc_nano.a(lib_a-reent.o)
 .ARM.attributes
                0x0000000000000835       0x34 /usr/lib/gcc/arm-none-eabi/6.3.1/../../../arm-none-eabi/lib/thumb/v7e-m/fpv4-sp/hard/libnosys.a(sbrk.o)
 .ARM.attributes
                0x0000000000000869       0x22 /usr/lib/gcc/arm-none-eabi/6.3.1/thumb/v7e-m/fpv4-sp/hard/libgcc.a(_arm_addsubdf3.o)
 .ARM.attributes
                0x000000000000088b       0x22 /usr/lib/gcc/arm-none-eabi/6.3.1/thumb/v7e-m/fpv4-sp/hard/libgcc.a(_arm_muldivdf3.o)
 .ARM.attributes
                0x00000000000008ad       0x22 /usr/lib/gcc/arm-none-eabi/6.3.1/thumb/v7e-m/fpv4-sp/hard/libgcc.a(_arm_fixunsdfsi.o)
 .ARM.attributes
                0x00000000000008cf       0x22 /usr/lib/gcc/arm-none-eabi/6.3.1/thumb/v7e-m/fpv4-sp/hard/libgcc.a(_aeabi_uldivmod.o)
 .ARM.attributes
                0x00000000000008f1       0x34 /usr/lib/gcc/arm-none-eabi/6.3.1/thumb/v7e-m/fpv4-sp/hard/libgcc.a(_udivmoddi4.o)
 .ARM.attributes
                0x0000000000000925       0x22 /usr/lib/gcc/arm-none-eabi/6.3.1/thumb/v7e-m/fpv4-sp/hard/libgcc.a(_dvmd_tls.o)
 .ARM.attributes
                0x0000000000000947       0x34 /usr/lib/gcc/arm-none-eabi/6.3.1/thumb/v7e-m/fpv4-sp/hard/crtend.o
 .ARM.attributes
                0x000000000000097b       0x22 /usr/lib/gcc/arm-none-eabi/6.3.1/thumb/v7e-m/fpv4-sp/hard/crtn.o
OUTPUT(build/BMS_ALT.elf elf32-littlearm)

.comment        0x0000000000000000       0x31
 .comment       0x0000000000000000       0x31 /usr/lib/gcc/arm-none-eabi/6.3.1/thumb/v7e-m/fpv4-sp/hard/crtbegin.o
                                         0x32 (size before relaxing)
 .comment       0x0000000000000031       0x32 build/bms.o
 .comment       0x0000000000000031       0x32 build/can_setup.o
 .comment       0x0000000000000031       0x32 build/main.o
 .comment       0x0000000000000031       0x32 build/stm32f4xx_hal_msp.o
 .comment       0x0000000000000031       0x32 build/stm32f4xx_hal_timebase_tim.o
 .comment       0x0000000000000031       0x32 build/stm32f4xx_it.o
 .comment       0x0000000000000031       0x32 build/system_stm32f4xx.o
 .comment       0x0000000000000031       0x32 build/visEffect.o
 .comment       0x0000000000000031       0x32 build/ws2812b.o
 .comment       0x0000000000000031       0x32 build/stm32f4xx_hal.o
 .comment       0x0000000000000031       0x32 build/stm32f4xx_hal_can.o
 .comment       0x0000000000000031       0x32 build/stm32f4xx_hal_cortex.o
 .comment       0x0000000000000031       0x32 build/stm32f4xx_hal_dma.o
 .comment       0x0000000000000031       0x32 build/stm32f4xx_hal_gpio.o
 .comment       0x0000000000000031       0x32 build/stm32f4xx_hal_iwdg.o
 .comment       0x0000000000000031       0x32 build/stm32f4xx_hal_rcc.o
 .comment       0x0000000000000031       0x32 build/stm32f4xx_hal_rcc_ex.o
 .comment       0x0000000000000031       0x32 build/stm32f4xx_hal_tim.o
 .comment       0x0000000000000031       0x32 build/stm32f4xx_hal_tim_ex.o
 .comment       0x0000000000000031       0x32 build/cmsis_os2.o
 .comment       0x0000000000000031       0x32 build/list.o
 .comment       0x0000000000000031       0x32 build/port.o
 .comment       0x0000000000000031       0x32 build/heap_4.o
 .comment       0x0000000000000031       0x32 build/queue.o
 .comment       0x0000000000000031       0x32 build/tasks.o
 .comment       0x0000000000000031       0x32 build/timers.o
 .comment       0x0000000000000031       0x32 /usr/lib/gcc/arm-none-eabi/6.3.1/../../../arm-none-eabi/lib/thumb/v7e-m/fpv4-sp/hard/libc_nano.a(lib_a-impure.o)
 .comment       0x0000000000000031       0x32 /usr/lib/gcc/arm-none-eabi/6.3.1/../../../arm-none-eabi/lib/thumb/v7e-m/fpv4-sp/hard/libc_nano.a(lib_a-init.o)
 .comment       0x0000000000000031       0x32 /usr/lib/gcc/arm-none-eabi/6.3.1/../../../arm-none-eabi/lib/thumb/v7e-m/fpv4-sp/hard/libc_nano.a(lib_a-memset.o)
 .comment       0x0000000000000031       0x32 /usr/lib/gcc/arm-none-eabi/6.3.1/../../../arm-none-eabi/lib/thumb/v7e-m/fpv4-sp/hard/libc_nano.a(lib_a-rand.o)
 .comment       0x0000000000000031       0x32 /usr/lib/gcc/arm-none-eabi/6.3.1/../../../arm-none-eabi/lib/thumb/v7e-m/fpv4-sp/hard/libc_nano.a(lib_a-malloc.o)
 .comment       0x0000000000000031       0x32 /usr/lib/gcc/arm-none-eabi/6.3.1/../../../arm-none-eabi/lib/thumb/v7e-m/fpv4-sp/hard/libc_nano.a(lib_a-nano-freer.o)
 .comment       0x0000000000000031       0x32 /usr/lib/gcc/arm-none-eabi/6.3.1/../../../arm-none-eabi/lib/thumb/v7e-m/fpv4-sp/hard/libc_nano.a(lib_a-nano-mallocr.o)
 .comment       0x0000000000000031       0x32 /usr/lib/gcc/arm-none-eabi/6.3.1/../../../arm-none-eabi/lib/thumb/v7e-m/fpv4-sp/hard/libc_nano.a(lib_a-sbrkr.o)
 .comment       0x0000000000000031       0x32 /usr/lib/gcc/arm-none-eabi/6.3.1/../../../arm-none-eabi/lib/thumb/v7e-m/fpv4-sp/hard/libc_nano.a(lib_a-reent.o)
 .comment       0x0000000000000031       0x32 /usr/lib/gcc/arm-none-eabi/6.3.1/../../../arm-none-eabi/lib/thumb/v7e-m/fpv4-sp/hard/libnosys.a(sbrk.o)
 .comment       0x0000000000000031       0x32 /usr/lib/gcc/arm-none-eabi/6.3.1/thumb/v7e-m/fpv4-sp/hard/libgcc.a(_udivmoddi4.o)
 .comment       0x0000000000000031       0x32 /usr/lib/gcc/arm-none-eabi/6.3.1/thumb/v7e-m/fpv4-sp/hard/crtend.o

.debug_info     0x0000000000000000    0x2e7ea
 .debug_info    0x0000000000000000     0x1e01 build/bms.o
 .debug_info    0x0000000000001e01     0x1d14 build/can_setup.o
 .debug_info    0x0000000000003b15     0x340a build/main.o
 .debug_info    0x0000000000006f1f     0x162d build/stm32f4xx_hal_msp.o
 .debug_info    0x000000000000854c      0xd82 build/stm32f4xx_hal_timebase_tim.o
 .debug_info    0x00000000000092ce     0x1ae5 build/stm32f4xx_it.o
 .debug_info    0x000000000000adb3      0x61e build/system_stm32f4xx.o
 .debug_info    0x000000000000b3d1     0x13f1 build/visEffect.o
 .debug_info    0x000000000000c7c2     0x1f68 build/ws2812b.o
 .debug_info    0x000000000000e72a      0xb63 build/stm32f4xx_hal.o
 .debug_info    0x000000000000f28d     0x1276 build/stm32f4xx_hal_can.o
 .debug_info    0x0000000000010503     0x10c4 build/stm32f4xx_hal_cortex.o
 .debug_info    0x00000000000115c7      0xb46 build/stm32f4xx_hal_dma.o
 .debug_info    0x000000000001210d      0x8e3 build/stm32f4xx_hal_gpio.o
 .debug_info    0x00000000000129f0      0x2f9 build/stm32f4xx_hal_iwdg.o
 .debug_info    0x0000000000012ce9      0xbc8 build/stm32f4xx_hal_rcc.o
 .debug_info    0x00000000000138b1      0xb33 build/stm32f4xx_hal_rcc_ex.o
 .debug_info    0x00000000000143e4     0x34d0 build/stm32f4xx_hal_tim.o
 .debug_info    0x00000000000178b4     0x194c build/stm32f4xx_hal_tim_ex.o
 .debug_info    0x0000000000019200     0x4e0e build/cmsis_os2.o
 .debug_info    0x000000000001e00e      0xbd6 build/list.o
 .debug_info    0x000000000001ebe4      0x5b3 build/port.o
 .debug_info    0x000000000001f197      0xd6a build/heap_4.o
 .debug_info    0x000000000001ff01     0x2f34 build/queue.o
 .debug_info    0x0000000000022e35     0x371a build/tasks.o
 .debug_info    0x000000000002654f     0x221d build/timers.o
 .debug_info    0x000000000002876c       0x52 build/startup_stm32f413xx.o
 .debug_info    0x00000000000287be      0x8a0 /usr/lib/gcc/arm-none-eabi/6.3.1/../../../arm-none-eabi/lib/thumb/v7e-m/fpv4-sp/hard/libc_nano.a(lib_a-impure.o)
 .debug_info    0x000000000002905e      0x110 /usr/lib/gcc/arm-none-eabi/6.3.1/../../../arm-none-eabi/lib/thumb/v7e-m/fpv4-sp/hard/libc_nano.a(lib_a-init.o)
 .debug_info    0x000000000002916e       0xe1 /usr/lib/gcc/arm-none-eabi/6.3.1/../../../arm-none-eabi/lib/thumb/v7e-m/fpv4-sp/hard/libc_nano.a(lib_a-memcpy.o)
 .debug_info    0x000000000002924f      0x916 /usr/lib/gcc/arm-none-eabi/6.3.1/../../../arm-none-eabi/lib/thumb/v7e-m/fpv4-sp/hard/libc_nano.a(lib_a-memset.o)
 .debug_info    0x0000000000029b65      0x96a /usr/lib/gcc/arm-none-eabi/6.3.1/../../../arm-none-eabi/lib/thumb/v7e-m/fpv4-sp/hard/libc_nano.a(lib_a-rand.o)
 .debug_info    0x000000000002a4cf      0x91d /usr/lib/gcc/arm-none-eabi/6.3.1/../../../arm-none-eabi/lib/thumb/v7e-m/fpv4-sp/hard/libc_nano.a(lib_a-malloc.o)
 .debug_info    0x000000000002adec      0xa51 /usr/lib/gcc/arm-none-eabi/6.3.1/../../../arm-none-eabi/lib/thumb/v7e-m/fpv4-sp/hard/libc_nano.a(lib_a-nano-freer.o)
 .debug_info    0x000000000002b83d      0xb1f /usr/lib/gcc/arm-none-eabi/6.3.1/../../../arm-none-eabi/lib/thumb/v7e-m/fpv4-sp/hard/libc_nano.a(lib_a-nano-mallocr.o)
 .debug_info    0x000000000002c35c      0x955 /usr/lib/gcc/arm-none-eabi/6.3.1/../../../arm-none-eabi/lib/thumb/v7e-m/fpv4-sp/hard/libc_nano.a(lib_a-sbrkr.o)
 .debug_info    0x000000000002ccb1      0xa67 /usr/lib/gcc/arm-none-eabi/6.3.1/../../../arm-none-eabi/lib/thumb/v7e-m/fpv4-sp/hard/libc_nano.a(lib_a-reent.o)
 .debug_info    0x000000000002d718       0x90 /usr/lib/gcc/arm-none-eabi/6.3.1/../../../arm-none-eabi/lib/thumb/v7e-m/fpv4-sp/hard/libnosys.a(sbrk.o)
 .debug_info    0x000000000002d7a8       0xd4 /usr/lib/gcc/arm-none-eabi/6.3.1/thumb/v7e-m/fpv4-sp/hard/libgcc.a(_arm_addsubdf3.o)
 .debug_info    0x000000000002d87c       0xd4 /usr/lib/gcc/arm-none-eabi/6.3.1/thumb/v7e-m/fpv4-sp/hard/libgcc.a(_arm_muldivdf3.o)
 .debug_info    0x000000000002d950       0xd4 /usr/lib/gcc/arm-none-eabi/6.3.1/thumb/v7e-m/fpv4-sp/hard/libgcc.a(_arm_fixunsdfsi.o)
 .debug_info    0x000000000002da24       0xcf /usr/lib/gcc/arm-none-eabi/6.3.1/thumb/v7e-m/fpv4-sp/hard/libgcc.a(_aeabi_uldivmod.o)
 .debug_info    0x000000000002daf3      0xc24 /usr/lib/gcc/arm-none-eabi/6.3.1/thumb/v7e-m/fpv4-sp/hard/libgcc.a(_udivmoddi4.o)
 .debug_info    0x000000000002e717       0xd3 /usr/lib/gcc/arm-none-eabi/6.3.1/thumb/v7e-m/fpv4-sp/hard/libgcc.a(_dvmd_tls.o)

.debug_abbrev   0x0000000000000000     0x57bd
 .debug_abbrev  0x0000000000000000      0x3b1 build/bms.o
 .debug_abbrev  0x00000000000003b1      0x2e3 build/can_setup.o
 .debug_abbrev  0x0000000000000694      0x330 build/main.o
 .debug_abbrev  0x00000000000009c4      0x24a build/stm32f4xx_hal_msp.o
 .debug_abbrev  0x0000000000000c0e      0x1ec build/stm32f4xx_hal_timebase_tim.o
 .debug_abbrev  0x0000000000000dfa      0x265 build/stm32f4xx_it.o
 .debug_abbrev  0x000000000000105f      0x128 build/system_stm32f4xx.o
 .debug_abbrev  0x0000000000001187      0x29b build/visEffect.o
 .debug_abbrev  0x0000000000001422      0x33c build/ws2812b.o
 .debug_abbrev  0x000000000000175e      0x1eb build/stm32f4xx_hal.o
 .debug_abbrev  0x0000000000001949      0x26a build/stm32f4xx_hal_can.o
 .debug_abbrev  0x0000000000001bb3      0x33b build/stm32f4xx_hal_cortex.o
 .debug_abbrev  0x0000000000001eee      0x2aa build/stm32f4xx_hal_dma.o
 .debug_abbrev  0x0000000000002198      0x21a build/stm32f4xx_hal_gpio.o
 .debug_abbrev  0x00000000000023b2      0x154 build/stm32f4xx_hal_iwdg.o
 .debug_abbrev  0x0000000000002506      0x28b build/stm32f4xx_hal_rcc.o
 .debug_abbrev  0x0000000000002791      0x1c7 build/stm32f4xx_hal_rcc_ex.o
 .debug_abbrev  0x0000000000002958      0x270 build/stm32f4xx_hal_tim.o
 .debug_abbrev  0x0000000000002bc8      0x281 build/stm32f4xx_hal_tim_ex.o
 .debug_abbrev  0x0000000000002e49      0x45d build/cmsis_os2.o
 .debug_abbrev  0x00000000000032a6      0x215 build/list.o
 .debug_abbrev  0x00000000000034bb      0x257 build/port.o
 .debug_abbrev  0x0000000000003712      0x309 build/heap_4.o
 .debug_abbrev  0x0000000000003a1b      0x3dc build/queue.o
 .debug_abbrev  0x0000000000003df7      0x3e8 build/tasks.o
 .debug_abbrev  0x00000000000041df      0x386 build/timers.o
 .debug_abbrev  0x0000000000004565       0x12 build/startup_stm32f413xx.o
 .debug_abbrev  0x0000000000004577      0x153 /usr/lib/gcc/arm-none-eabi/6.3.1/../../../arm-none-eabi/lib/thumb/v7e-m/fpv4-sp/hard/libc_nano.a(lib_a-impure.o)
 .debug_abbrev  0x00000000000046ca       0xba /usr/lib/gcc/arm-none-eabi/6.3.1/../../../arm-none-eabi/lib/thumb/v7e-m/fpv4-sp/hard/libc_nano.a(lib_a-init.o)
 .debug_abbrev  0x0000000000004784       0x14 /usr/lib/gcc/arm-none-eabi/6.3.1/../../../arm-none-eabi/lib/thumb/v7e-m/fpv4-sp/hard/libc_nano.a(lib_a-memcpy.o)
 .debug_abbrev  0x0000000000004798      0x197 /usr/lib/gcc/arm-none-eabi/6.3.1/../../../arm-none-eabi/lib/thumb/v7e-m/fpv4-sp/hard/libc_nano.a(lib_a-memset.o)
 .debug_abbrev  0x000000000000492f      0x1eb /usr/lib/gcc/arm-none-eabi/6.3.1/../../../arm-none-eabi/lib/thumb/v7e-m/fpv4-sp/hard/libc_nano.a(lib_a-rand.o)
 .debug_abbrev  0x0000000000004b1a      0x1c0 /usr/lib/gcc/arm-none-eabi/6.3.1/../../../arm-none-eabi/lib/thumb/v7e-m/fpv4-sp/hard/libc_nano.a(lib_a-malloc.o)
 .debug_abbrev  0x0000000000004cda      0x1ef /usr/lib/gcc/arm-none-eabi/6.3.1/../../../arm-none-eabi/lib/thumb/v7e-m/fpv4-sp/hard/libc_nano.a(lib_a-nano-freer.o)
 .debug_abbrev  0x0000000000004ec9      0x274 /usr/lib/gcc/arm-none-eabi/6.3.1/../../../arm-none-eabi/lib/thumb/v7e-m/fpv4-sp/hard/libc_nano.a(lib_a-nano-mallocr.o)
 .debug_abbrev  0x000000000000513d      0x1d6 /usr/lib/gcc/arm-none-eabi/6.3.1/../../../arm-none-eabi/lib/thumb/v7e-m/fpv4-sp/hard/libc_nano.a(lib_a-sbrkr.o)
 .debug_abbrev  0x0000000000005313      0x228 /usr/lib/gcc/arm-none-eabi/6.3.1/../../../arm-none-eabi/lib/thumb/v7e-m/fpv4-sp/hard/libc_nano.a(lib_a-reent.o)
 .debug_abbrev  0x000000000000553b       0x92 /usr/lib/gcc/arm-none-eabi/6.3.1/../../../arm-none-eabi/lib/thumb/v7e-m/fpv4-sp/hard/libnosys.a(sbrk.o)
 .debug_abbrev  0x00000000000055cd       0x14 /usr/lib/gcc/arm-none-eabi/6.3.1/thumb/v7e-m/fpv4-sp/hard/libgcc.a(_arm_addsubdf3.o)
 .debug_abbrev  0x00000000000055e1       0x14 /usr/lib/gcc/arm-none-eabi/6.3.1/thumb/v7e-m/fpv4-sp/hard/libgcc.a(_arm_muldivdf3.o)
 .debug_abbrev  0x00000000000055f5       0x14 /usr/lib/gcc/arm-none-eabi/6.3.1/thumb/v7e-m/fpv4-sp/hard/libgcc.a(_arm_fixunsdfsi.o)
 .debug_abbrev  0x0000000000005609       0x14 /usr/lib/gcc/arm-none-eabi/6.3.1/thumb/v7e-m/fpv4-sp/hard/libgcc.a(_aeabi_uldivmod.o)
 .debug_abbrev  0x000000000000561d      0x18c /usr/lib/gcc/arm-none-eabi/6.3.1/thumb/v7e-m/fpv4-sp/hard/libgcc.a(_udivmoddi4.o)
 .debug_abbrev  0x00000000000057a9       0x14 /usr/lib/gcc/arm-none-eabi/6.3.1/thumb/v7e-m/fpv4-sp/hard/libgcc.a(_dvmd_tls.o)

.debug_loc      0x0000000000000000    0x163a4
 .debug_loc     0x0000000000000000      0xc39 build/bms.o
 .debug_loc     0x0000000000000c39      0x2aa build/can_setup.o
 .debug_loc     0x0000000000000ee3      0x3be build/main.o
 .debug_loc     0x00000000000012a1      0x2cc build/stm32f4xx_hal_msp.o
 .debug_loc     0x000000000000156d       0xae build/stm32f4xx_hal_timebase_tim.o
 .debug_loc     0x000000000000161b      0x100 build/stm32f4xx_it.o
 .debug_loc     0x000000000000171b      0x13e build/system_stm32f4xx.o
 .debug_loc     0x0000000000001859      0x2ce build/visEffect.o
 .debug_loc     0x0000000000001b27      0x4fb build/ws2812b.o
 .debug_loc     0x0000000000002022      0x1ad build/stm32f4xx_hal.o
 .debug_loc     0x00000000000021cf      0xdbb build/stm32f4xx_hal_can.o
 .debug_loc     0x0000000000002f8a      0x6a6 build/stm32f4xx_hal_cortex.o
 .debug_loc     0x0000000000003630      0xc1d build/stm32f4xx_hal_dma.o
 .debug_loc     0x000000000000424d      0x4fd build/stm32f4xx_hal_gpio.o
 .debug_loc     0x000000000000474a       0x97 build/stm32f4xx_hal_iwdg.o
 .debug_loc     0x00000000000047e1      0x55c build/stm32f4xx_hal_rcc.o
 .debug_loc     0x0000000000004d3d      0x900 build/stm32f4xx_hal_rcc_ex.o
 .debug_loc     0x000000000000563d     0x4343 build/stm32f4xx_hal_tim.o
 .debug_loc     0x0000000000009980     0x16b9 build/stm32f4xx_hal_tim_ex.o
 .debug_loc     0x000000000000b039     0x4692 build/cmsis_os2.o
 .debug_loc     0x000000000000f6cb       0x9c build/list.o
 .debug_loc     0x000000000000f767      0x160 build/port.o
 .debug_loc     0x000000000000f8c7      0x324 build/heap_4.o
 .debug_loc     0x000000000000fbeb     0x1ae9 build/queue.o
 .debug_loc     0x00000000000116d4     0x251b build/tasks.o
 .debug_loc     0x0000000000013bef     0x10c0 build/timers.o
 .debug_loc     0x0000000000014caf       0xae /usr/lib/gcc/arm-none-eabi/6.3.1/../../../arm-none-eabi/lib/thumb/v7e-m/fpv4-sp/hard/libc_nano.a(lib_a-init.o)
 .debug_loc     0x0000000000014d5d      0x1bd /usr/lib/gcc/arm-none-eabi/6.3.1/../../../arm-none-eabi/lib/thumb/v7e-m/fpv4-sp/hard/libc_nano.a(lib_a-memset.o)
 .debug_loc     0x0000000000014f1a       0x81 /usr/lib/gcc/arm-none-eabi/6.3.1/../../../arm-none-eabi/lib/thumb/v7e-m/fpv4-sp/hard/libc_nano.a(lib_a-rand.o)
 .debug_loc     0x0000000000014f9b       0x58 /usr/lib/gcc/arm-none-eabi/6.3.1/../../../arm-none-eabi/lib/thumb/v7e-m/fpv4-sp/hard/libc_nano.a(lib_a-malloc.o)
 .debug_loc     0x0000000000014ff3      0x140 /usr/lib/gcc/arm-none-eabi/6.3.1/../../../arm-none-eabi/lib/thumb/v7e-m/fpv4-sp/hard/libc_nano.a(lib_a-nano-freer.o)
 .debug_loc     0x0000000000015133      0x389 /usr/lib/gcc/arm-none-eabi/6.3.1/../../../arm-none-eabi/lib/thumb/v7e-m/fpv4-sp/hard/libc_nano.a(lib_a-nano-mallocr.o)
 .debug_loc     0x00000000000154bc       0x4d /usr/lib/gcc/arm-none-eabi/6.3.1/../../../arm-none-eabi/lib/thumb/v7e-m/fpv4-sp/hard/libc_nano.a(lib_a-sbrkr.o)
 .debug_loc     0x0000000000015509       0xec /usr/lib/gcc/arm-none-eabi/6.3.1/../../../arm-none-eabi/lib/thumb/v7e-m/fpv4-sp/hard/libc_nano.a(lib_a-reent.o)
 .debug_loc     0x00000000000155f5       0x38 /usr/lib/gcc/arm-none-eabi/6.3.1/../../../arm-none-eabi/lib/thumb/v7e-m/fpv4-sp/hard/libnosys.a(sbrk.o)
 .debug_loc     0x000000000001562d      0xd77 /usr/lib/gcc/arm-none-eabi/6.3.1/thumb/v7e-m/fpv4-sp/hard/libgcc.a(_udivmoddi4.o)

.debug_aranges  0x0000000000000000     0x1738
 .debug_aranges
                0x0000000000000000       0xd0 build/bms.o
 .debug_aranges
                0x00000000000000d0       0x58 build/can_setup.o
 .debug_aranges
                0x0000000000000128       0xa8 build/main.o
 .debug_aranges
                0x00000000000001d0       0x58 build/stm32f4xx_hal_msp.o
 .debug_aranges
                0x0000000000000228       0x30 build/stm32f4xx_hal_timebase_tim.o
 .debug_aranges
                0x0000000000000258       0x88 build/stm32f4xx_it.o
 .debug_aranges
                0x00000000000002e0       0x28 build/system_stm32f4xx.o
 .debug_aranges
                0x0000000000000308       0x48 build/visEffect.o
 .debug_aranges
                0x0000000000000350       0x80 build/ws2812b.o
 .debug_aranges
                0x00000000000003d0       0xf0 build/stm32f4xx_hal.o
 .debug_aranges
                0x00000000000004c0      0x138 build/stm32f4xx_hal_can.o
 .debug_aranges
                0x00000000000005f8       0xa8 build/stm32f4xx_hal_cortex.o
 .debug_aranges
                0x00000000000006a0       0x90 build/stm32f4xx_hal_dma.o
 .debug_aranges
                0x0000000000000730       0x58 build/stm32f4xx_hal_gpio.o
 .debug_aranges
                0x0000000000000788       0x28 build/stm32f4xx_hal_iwdg.o
 .debug_aranges
                0x00000000000007b0       0x88 build/stm32f4xx_hal_rcc.o
 .debug_aranges
                0x0000000000000838       0x60 build/stm32f4xx_hal_rcc_ex.o
 .debug_aranges
                0x0000000000000898      0x3a8 build/stm32f4xx_hal_tim.o
 .debug_aranges
                0x0000000000000c40      0x150 build/stm32f4xx_hal_tim_ex.o
 .debug_aranges
                0x0000000000000d90      0x220 build/cmsis_os2.o
 .debug_aranges
                0x0000000000000fb0       0x40 build/list.o
 .debug_aranges
                0x0000000000000ff0       0x80 build/port.o
 .debug_aranges
                0x0000000000001070       0x50 build/heap_4.o
 .debug_aranges
                0x00000000000010c0      0x158 build/queue.o
 .debug_aranges
                0x0000000000001218      0x1f8 build/tasks.o
 .debug_aranges
                0x0000000000001410       0xe8 build/timers.o
 .debug_aranges
                0x00000000000014f8       0x28 build/startup_stm32f413xx.o
 .debug_aranges
                0x0000000000001520       0x18 /usr/lib/gcc/arm-none-eabi/6.3.1/../../../arm-none-eabi/lib/thumb/v7e-m/fpv4-sp/hard/libc_nano.a(lib_a-impure.o)
 .debug_aranges
                0x0000000000001538       0x20 /usr/lib/gcc/arm-none-eabi/6.3.1/../../../arm-none-eabi/lib/thumb/v7e-m/fpv4-sp/hard/libc_nano.a(lib_a-init.o)
 .debug_aranges
                0x0000000000001558       0x20 /usr/lib/gcc/arm-none-eabi/6.3.1/../../../arm-none-eabi/lib/thumb/v7e-m/fpv4-sp/hard/libc_nano.a(lib_a-memcpy.o)
 .debug_aranges
                0x0000000000001578       0x20 /usr/lib/gcc/arm-none-eabi/6.3.1/../../../arm-none-eabi/lib/thumb/v7e-m/fpv4-sp/hard/libc_nano.a(lib_a-memset.o)
 .debug_aranges
                0x0000000000001598       0x20 /usr/lib/gcc/arm-none-eabi/6.3.1/../../../arm-none-eabi/lib/thumb/v7e-m/fpv4-sp/hard/libc_nano.a(lib_a-rand.o)
 .debug_aranges
                0x00000000000015b8       0x20 /usr/lib/gcc/arm-none-eabi/6.3.1/../../../arm-none-eabi/lib/thumb/v7e-m/fpv4-sp/hard/libc_nano.a(lib_a-malloc.o)
 .debug_aranges
                0x00000000000015d8       0x20 /usr/lib/gcc/arm-none-eabi/6.3.1/../../../arm-none-eabi/lib/thumb/v7e-m/fpv4-sp/hard/libc_nano.a(lib_a-nano-freer.o)
 .debug_aranges
                0x00000000000015f8       0x20 /usr/lib/gcc/arm-none-eabi/6.3.1/../../../arm-none-eabi/lib/thumb/v7e-m/fpv4-sp/hard/libc_nano.a(lib_a-nano-mallocr.o)
 .debug_aranges
                0x0000000000001618       0x20 /usr/lib/gcc/arm-none-eabi/6.3.1/../../../arm-none-eabi/lib/thumb/v7e-m/fpv4-sp/hard/libc_nano.a(lib_a-sbrkr.o)
 .debug_aranges
                0x0000000000001638       0x20 /usr/lib/gcc/arm-none-eabi/6.3.1/../../../arm-none-eabi/lib/thumb/v7e-m/fpv4-sp/hard/libc_nano.a(lib_a-reent.o)
 .debug_aranges
                0x0000000000001658       0x20 /usr/lib/gcc/arm-none-eabi/6.3.1/../../../arm-none-eabi/lib/thumb/v7e-m/fpv4-sp/hard/libnosys.a(sbrk.o)
 .debug_aranges
                0x0000000000001678       0x20 /usr/lib/gcc/arm-none-eabi/6.3.1/thumb/v7e-m/fpv4-sp/hard/libgcc.a(_arm_addsubdf3.o)
 .debug_aranges
                0x0000000000001698       0x20 /usr/lib/gcc/arm-none-eabi/6.3.1/thumb/v7e-m/fpv4-sp/hard/libgcc.a(_arm_muldivdf3.o)
 .debug_aranges
                0x00000000000016b8       0x20 /usr/lib/gcc/arm-none-eabi/6.3.1/thumb/v7e-m/fpv4-sp/hard/libgcc.a(_arm_fixunsdfsi.o)
 .debug_aranges
                0x00000000000016d8       0x20 /usr/lib/gcc/arm-none-eabi/6.3.1/thumb/v7e-m/fpv4-sp/hard/libgcc.a(_aeabi_uldivmod.o)
 .debug_aranges
                0x00000000000016f8       0x20 /usr/lib/gcc/arm-none-eabi/6.3.1/thumb/v7e-m/fpv4-sp/hard/libgcc.a(_udivmoddi4.o)
 .debug_aranges
                0x0000000000001718       0x20 /usr/lib/gcc/arm-none-eabi/6.3.1/thumb/v7e-m/fpv4-sp/hard/libgcc.a(_dvmd_tls.o)

.debug_ranges   0x0000000000000000     0x1850
 .debug_ranges  0x0000000000000000      0x150 build/bms.o
 .debug_ranges  0x0000000000000150       0x48 build/can_setup.o
 .debug_ranges  0x0000000000000198       0x98 build/main.o
 .debug_ranges  0x0000000000000230       0x48 build/stm32f4xx_hal_msp.o
 .debug_ranges  0x0000000000000278       0x20 build/stm32f4xx_hal_timebase_tim.o
 .debug_ranges  0x0000000000000298       0x78 build/stm32f4xx_it.o
 .debug_ranges  0x0000000000000310       0x18 build/system_stm32f4xx.o
 .debug_ranges  0x0000000000000328       0x38 build/visEffect.o
 .debug_ranges  0x0000000000000360       0x70 build/ws2812b.o
 .debug_ranges  0x00000000000003d0       0xe0 build/stm32f4xx_hal.o
 .debug_ranges  0x00000000000004b0      0x128 build/stm32f4xx_hal_can.o
 .debug_ranges  0x00000000000005d8       0xf8 build/stm32f4xx_hal_cortex.o
 .debug_ranges  0x00000000000006d0       0x80 build/stm32f4xx_hal_dma.o
 .debug_ranges  0x0000000000000750       0x48 build/stm32f4xx_hal_gpio.o
 .debug_ranges  0x0000000000000798       0x18 build/stm32f4xx_hal_iwdg.o
 .debug_ranges  0x00000000000007b0       0x90 build/stm32f4xx_hal_rcc.o
 .debug_ranges  0x0000000000000840       0x68 build/stm32f4xx_hal_rcc_ex.o
 .debug_ranges  0x00000000000008a8      0x398 build/stm32f4xx_hal_tim.o
 .debug_ranges  0x0000000000000c40      0x140 build/stm32f4xx_hal_tim_ex.o
 .debug_ranges  0x0000000000000d80      0x210 build/cmsis_os2.o
 .debug_ranges  0x0000000000000f90       0x30 build/list.o
 .debug_ranges  0x0000000000000fc0       0x70 build/port.o
 .debug_ranges  0x0000000000001030       0x40 build/heap_4.o
 .debug_ranges  0x0000000000001070      0x238 build/queue.o
 .debug_ranges  0x00000000000012a8      0x328 build/tasks.o
 .debug_ranges  0x00000000000015d0       0xd8 build/timers.o
 .debug_ranges  0x00000000000016a8       0x20 build/startup_stm32f413xx.o
 .debug_ranges  0x00000000000016c8       0x78 /usr/lib/gcc/arm-none-eabi/6.3.1/../../../arm-none-eabi/lib/thumb/v7e-m/fpv4-sp/hard/libc_nano.a(lib_a-rand.o)
 .debug_ranges  0x0000000000001740       0x40 /usr/lib/gcc/arm-none-eabi/6.3.1/../../../arm-none-eabi/lib/thumb/v7e-m/fpv4-sp/hard/libc_nano.a(lib_a-nano-mallocr.o)
 .debug_ranges  0x0000000000001780       0xd0 /usr/lib/gcc/arm-none-eabi/6.3.1/thumb/v7e-m/fpv4-sp/hard/libgcc.a(_udivmoddi4.o)
