Archive member included to satisfy reference by file (symbol)

/usr/lib/gcc/arm-none-eabi/6.3.1/../../../arm-none-eabi/lib/thumb/v7e-m/fpv4-sp/hard/libc.a(lib_a-atexit.o)
                              /usr/lib/gcc/arm-none-eabi/6.3.1/../../../arm-none-eabi/lib/thumb/v7e-m/fpv4-sp/hard/crt0.o (atexit)
/usr/lib/gcc/arm-none-eabi/6.3.1/../../../arm-none-eabi/lib/thumb/v7e-m/fpv4-sp/hard/libc.a(lib_a-exit.o)
                              /usr/lib/gcc/arm-none-eabi/6.3.1/../../../arm-none-eabi/lib/thumb/v7e-m/fpv4-sp/hard/crt0.o (exit)
/usr/lib/gcc/arm-none-eabi/6.3.1/../../../arm-none-eabi/lib/thumb/v7e-m/fpv4-sp/hard/libc.a(lib_a-fini.o)
                              /usr/lib/gcc/arm-none-eabi/6.3.1/../../../arm-none-eabi/lib/thumb/v7e-m/fpv4-sp/hard/crt0.o (__libc_fini_array)
/usr/lib/gcc/arm-none-eabi/6.3.1/../../../arm-none-eabi/lib/thumb/v7e-m/fpv4-sp/hard/libc.a(lib_a-impure.o)
                              /usr/lib/gcc/arm-none-eabi/6.3.1/../../../arm-none-eabi/lib/thumb/v7e-m/fpv4-sp/hard/libc.a(lib_a-exit.o) (_global_impure_ptr)
/usr/lib/gcc/arm-none-eabi/6.3.1/../../../arm-none-eabi/lib/thumb/v7e-m/fpv4-sp/hard/libc.a(lib_a-init.o)
                              /usr/lib/gcc/arm-none-eabi/6.3.1/../../../arm-none-eabi/lib/thumb/v7e-m/fpv4-sp/hard/crt0.o (__libc_init_array)
/usr/lib/gcc/arm-none-eabi/6.3.1/../../../arm-none-eabi/lib/thumb/v7e-m/fpv4-sp/hard/libc.a(lib_a-memcpy.o)
                              build/cmsis_os2.o (memcpy)
/usr/lib/gcc/arm-none-eabi/6.3.1/../../../arm-none-eabi/lib/thumb/v7e-m/fpv4-sp/hard/libc.a(lib_a-memset.o)
                              /usr/lib/gcc/arm-none-eabi/6.3.1/../../../arm-none-eabi/lib/thumb/v7e-m/fpv4-sp/hard/crt0.o (memset)
/usr/lib/gcc/arm-none-eabi/6.3.1/../../../arm-none-eabi/lib/thumb/v7e-m/fpv4-sp/hard/libc.a(lib_a-rand.o)
                              build/visEffect.o (rand)
/usr/lib/gcc/arm-none-eabi/6.3.1/../../../arm-none-eabi/lib/thumb/v7e-m/fpv4-sp/hard/libc.a(lib_a-__atexit.o)
                              /usr/lib/gcc/arm-none-eabi/6.3.1/../../../arm-none-eabi/lib/thumb/v7e-m/fpv4-sp/hard/libc.a(lib_a-atexit.o) (__register_exitproc)
/usr/lib/gcc/arm-none-eabi/6.3.1/../../../arm-none-eabi/lib/thumb/v7e-m/fpv4-sp/hard/libc.a(lib_a-__call_atexit.o)
                              /usr/lib/gcc/arm-none-eabi/6.3.1/../../../arm-none-eabi/lib/thumb/v7e-m/fpv4-sp/hard/libc.a(lib_a-exit.o) (__call_exitprocs)
/usr/lib/gcc/arm-none-eabi/6.3.1/../../../arm-none-eabi/lib/thumb/v7e-m/fpv4-sp/hard/libnosys.a(_exit.o)
                              /usr/lib/gcc/arm-none-eabi/6.3.1/../../../arm-none-eabi/lib/thumb/v7e-m/fpv4-sp/hard/libc.a(lib_a-exit.o) (_exit)
/usr/lib/gcc/arm-none-eabi/6.3.1/thumb/v7e-m/fpv4-sp/hard/libgcc.a(_arm_addsubdf3.o)
                              build/bms.o (__aeabi_i2d)
/usr/lib/gcc/arm-none-eabi/6.3.1/thumb/v7e-m/fpv4-sp/hard/libgcc.a(_arm_muldivdf3.o)
                              build/bms.o (__aeabi_dmul)
/usr/lib/gcc/arm-none-eabi/6.3.1/thumb/v7e-m/fpv4-sp/hard/libgcc.a(_arm_fixunsdfsi.o)
                              build/bms.o (__aeabi_d2uiz)
/usr/lib/gcc/arm-none-eabi/6.3.1/thumb/v7e-m/fpv4-sp/hard/libgcc.a(_aeabi_uldivmod.o)
                              build/stm32f4xx_hal_rcc.o (__aeabi_uldivmod)
/usr/lib/gcc/arm-none-eabi/6.3.1/thumb/v7e-m/fpv4-sp/hard/libgcc.a(_udivmoddi4.o)
                              /usr/lib/gcc/arm-none-eabi/6.3.1/thumb/v7e-m/fpv4-sp/hard/libgcc.a(_aeabi_uldivmod.o) (__udivmoddi4)
/usr/lib/gcc/arm-none-eabi/6.3.1/thumb/v7e-m/fpv4-sp/hard/libgcc.a(_dvmd_tls.o)
                              /usr/lib/gcc/arm-none-eabi/6.3.1/thumb/v7e-m/fpv4-sp/hard/libgcc.a(_aeabi_uldivmod.o) (__aeabi_ldiv0)

Allocating common symbols
Common symbol       size              file

processDataHandle   0x4               build/main.o
PARAM               0x1c              build/lim.o
BMS                 0x1ec             build/bms.o
rxMsg3              0x1c              build/bms.o
sf4                 0x28              build/bms.o
defaultTaskHandle   0x4               build/main.o
hdma_tim2_ch1       0x60              build/main.o
sf                  0x28              build/bms.o
synchCommandHandle  0x4               build/main.o
watchdogBits        0x1               build/bms.o
canRx2              0x8               build/bms.o
canMailbox3         0x4               build/bms.o
hiwdg               0xc               build/main.o
tim2OC2             0x1c              build/main.o
frameBuffer2        0x3c              build/visEffect.o
txMsgExt2           0x18              build/bms.o
timer_reset_pulse_period
                    0x4               build/main.o
rxMsg               0x1c              build/bms.o
txCycle3            0x4               build/bms.o
dmaCC2              0x60              build/ws2812b.o
tim2OC1             0x1c              build/main.o
hdma_tim2_ch2_ch4   0x60              build/main.o
TIM1_handle         0x40              build/main.o
txMsg2              0x18              build/bms.o
[...]
Memory Configuration

Name             Origin             Length             Attributes
RAM              0x0000000020000000 0x0000000000050000 xrw
FLASH            0x0000000008000000 0x0000000000100000 xr
*default*        0x0000000000000000 0xffffffffffffffff

Linker script and memory map

LOAD /usr/lib/gcc/arm-none-eabi/6.3.1/thumb/v7e-m/fpv4-sp/hard/crti.o
LOAD /usr/lib/gcc/arm-none-eabi/6.3.1/thumb/v7e-m/fpv4-sp/hard/crtbegin.o
LOAD /usr/lib/gcc/arm-none-eabi/6.3.1/../../../arm-none-eabi/lib/thumb/v7e-m/fpv4-sp/hard/crt0.o
LOAD build/bms.o
LOAD build/can_setup.o
LOAD build/freertos.o
LOAD build/lim.o
LOAD build/main.o
LOAD build/stm32f4xx_hal_msp.o
LOAD build/stm32f4xx_hal_timebase_tim.o
LOAD build/stm32f4xx_it.o
LOAD build/system_stm32f4xx.o
LOAD build/visEffect.o
LOAD build/ws2812b.o
LOAD build/stm32f4xx_hal.o
LOAD build/stm32f4xx_hal_can.o
LOAD build/stm32f4xx_hal_cortex.o
LOAD build/stm32f4xx_hal_dma.o
LOAD build/stm32f4xx_hal_dma_ex.o
LOAD build/stm32f4xx_hal_exti.o
LOAD build/stm32f4xx_hal_flash.o
LOAD build/stm32f4xx_hal_flash_ex.o
LOAD build/stm32f4xx_hal_flash_ramfunc.o
LOAD build/stm32f4xx_hal_gpio.o
LOAD build/stm32f4xx_hal_iwdg.o
LOAD build/stm32f4xx_hal_pwr.o
LOAD build/stm32f4xx_hal_pwr_ex.o
LOAD build/stm32f4xx_hal_rcc.o
LOAD build/stm32f4xx_hal_rcc_ex.o
LOAD build/stm32f4xx_hal_tim.o
LOAD build/stm32f4xx_hal_tim_ex.o
LOAD build/cmsis_os2.o
LOAD build/croutine.o
LOAD build/event_groups.o
LOAD build/list.o
LOAD build/port.o
LOAD build/heap_4.o
LOAD build/queue.o
LOAD build/stream_buffer.o
LOAD build/tasks.o
LOAD build/timers.o
LOAD build/startup_stm32f413xx.o
LOAD /usr/lib/gcc/arm-none-eabi/6.3.1/../../../arm-none-eabi/lib/thumb/v7e-m/fpv4-sp/hard/libc.a
LOAD /usr/lib/gcc/arm-none-eabi/6.3.1/../../../arm-none-eabi/lib/thumb/v7e-m/fpv4-sp/hard/libm.a
LOAD /usr/lib/gcc/arm-none-eabi/6.3.1/../../../arm-none-eabi/lib/thumb/v7e-m/fpv4-sp/hard/libnosys.a
START GROUP
LOAD /usr/lib/gcc/arm-none-eabi/6.3.1/thumb/v7e-m/fpv4-sp/hard/libgcc.a
LOAD /usr/lib/gcc/arm-none-eabi/6.3.1/../../../arm-none-eabi/lib/thumb/v7e-m/fpv4-sp/hard/libc.a
END GROUP
START GROUP
LOAD /usr/lib/gcc/arm-none-eabi/6.3.1/thumb/v7e-m/fpv4-sp/hard/libgcc.a
LOAD /usr/lib/gcc/arm-none-eabi/6.3.1/../../../arm-none-eabi/lib/thumb/v7e-m/fpv4-sp/hard/libc.a
LOAD /usr/lib/gcc/arm-none-eabi/6.3.1/../../../arm-none-eabi/lib/thumb/v7e-m/fpv4-sp/hard/libnosys.a
END GROUP
LOAD /usr/lib/gcc/arm-none-eabi/6.3.1/thumb/v7e-m/fpv4-sp/hard/crtend.o
LOAD /usr/lib/gcc/arm-none-eabi/6.3.1/thumb/v7e-m/fpv4-sp/hard/crtn.o
                0x0000000020050000                _estack = 0x20050000
                0x0000000000000200                _Min_Heap_Size = 0x200
                0x0000000000000400                _Min_Stack_Size = 0x400

.isr_vector     0x0000000008000000      0x1d8
                0x0000000008000000                . = ALIGN (0x4)
 *(.isr_vector)
 .isr_vector    0x0000000008000000      0x1d8 build/startup_stm32f413xx.o
                0x0000000008000000                g_pfnVectors
                0x00000000080001d8                . = ALIGN (0x4)

.text           0x00000000080001e0     0x73d4
                0x00000000080001e0                . = ALIGN (0x4)
 *(.text)
 .text          0x00000000080001e0       0xa4 /usr/lib/gcc/arm-none-eabi/6.3.1/thumb/v7e-m/fpv4-sp/hard/crtbegin.o
 .text          0x0000000008000284        0xc /usr/lib/gcc/arm-none-eabi/6.3.1/../../../arm-none-eabi/lib/thumb/v7e-m/fpv4-sp/hard/libc.a(lib_a-atexit.o)
                0x0000000008000284                atexit
 .text          0x0000000008000290       0x34 /usr/lib/gcc/arm-none-eabi/6.3.1/../../../arm-none-eabi/lib/thumb/v7e-m/fpv4-sp/hard/libc.a(lib_a-fini.o)
                0x0000000008000290                __libc_fini_array
 .text          0x00000000080002c4       0x50 /usr/lib/gcc/arm-none-eabi/6.3.1/../../../arm-none-eabi/lib/thumb/v7e-m/fpv4-sp/hard/libc.a(lib_a-init.o)
                0x00000000080002c4                __libc_init_array
 .text          0x0000000008000314      0x134 /usr/lib/gcc/arm-none-eabi/6.3.1/../../../arm-none-eabi/lib/thumb/v7e-m/fpv4-sp/hard/libc.a(lib_a-memcpy.o)
                0x0000000008000314                memcpy
 .text          0x0000000008000448       0x9c /usr/lib/gcc/arm-none-eabi/6.3.1/../../../arm-none-eabi/lib/thumb/v7e-m/fpv4-sp/hard/libc.a(lib_a-memset.o)
                0x0000000008000448                memset
 .text          0x00000000080004e4       0x54 /usr/lib/gcc/arm-none-eabi/6.3.1/../../../arm-none-eabi/lib/thumb/v7e-m/fpv4-sp/hard/libc.a(lib_a-rand.o)
                0x00000000080004e4                srand
                0x00000000080004f8                rand
 .text          0x0000000008000538       0xa4 /usr/lib/gcc/arm-none-eabi/6.3.1/../../../arm-none-eabi/lib/thumb/v7e-m/fpv4-sp/hard/libc.a(lib_a-__atexit.o)
                0x0000000008000538                __register_exitproc
 .text          0x00000000080005dc      0x370 /usr/lib/gcc/arm-none-eabi/6.3.1/thumb/v7e-m/fpv4-sp/hard/libgcc.a(_arm_addsubdf3.o)
                0x00000000080005dc                __aeabi_drsub
                0x00000000080005e4                __aeabi_dsub
                0x00000000080005e4                __subdf3
                0x00000000080005e8                __adddf3
                0x00000000080005e8                __aeabi_dadd
                0x0000000008000860                __aeabi_ui2d
                0x0000000008000860                __floatunsidf
                0x0000000008000880                __floatsidf
                0x0000000008000880                __aeabi_i2d
                0x00000000080008a4                __extendsfdf2
                0x00000000080008a4                __aeabi_f2d
                0x00000000080008e0                __aeabi_ul2d
                0x00000000080008e0                __floatundidf
                0x00000000080008f0                __floatdidf
                0x00000000080008f0                __aeabi_l2d
 .text          0x000000000800094c      0x424 /usr/lib/gcc/arm-none-eabi/6.3.1/thumb/v7e-m/fpv4-sp/hard/libgcc.a(_arm_muldivdf3.o)
                0x000000000800094c                __aeabi_dmul
                0x000000000800094c                __muldf3
                0x0000000008000ba0                __aeabi_ddiv
                0x0000000008000ba0                __divdf3
 .text          0x0000000008000d70       0x40 /usr/lib/gcc/arm-none-eabi/6.3.1/thumb/v7e-m/fpv4-sp/hard/libgcc.a(_arm_fixunsdfsi.o)
                0x0000000008000d70                __fixunsdfsi
                0x0000000008000d70                __aeabi_d2uiz
 .text          0x0000000008000db0       0x30 /usr/lib/gcc/arm-none-eabi/6.3.1/thumb/v7e-m/fpv4-sp/hard/libgcc.a(_aeabi_uldivmod.o)
                0x0000000008000db0                __aeabi_uldivmod
 .text          0x0000000008000de0      0x2dc /usr/lib/gcc/arm-none-eabi/6.3.1/thumb/v7e-m/fpv4-sp/hard/libgcc.a(_udivmoddi4.o)
                0x0000000008000de0                __udivmoddi4
 .text          0x00000000080010bc        0x4 /usr/lib/gcc/arm-none-eabi/6.3.1/thumb/v7e-m/fpv4-sp/hard/libgcc.a(_dvmd_tls.o)
                0x00000000080010bc                __aeabi_ldiv0
                0x00000000080010bc                __aeabi_idiv0
 *(.text*)
 .text.getSOC   0x00000000080010c0       0x28 build/bms.o
 .text.getHighCellVolt
                0x00000000080010e8       0x22 build/bms.o
 .text.getHighCellTemp
                0x000000000800110a       0x26 build/bms.o
 .text.getLowCellTemp
                0x0000000008001130       0x2e build/bms.o
 .text.getAvgCellTemp
                0x000000000800115e       0x34 build/bms.o
 .text.getTempDelta
                0x0000000008001192       0x10 build/bms.o
 .text.getCellDelta
                0x00000000080011a2       0x10 build/bms.o
 .text.getLowCellVolt
                0x00000000080011b2       0x26 build/bms.o
 .text.getAvgCellVolt
                0x00000000080011d8       0x28 build/bms.o
 .text.getPackVolt
                0x0000000008001200       0x24 build/bms.o
 .text.getCellCount
                0x0000000008001224       0x4c build/bms.o
 .text.initBMS  0x0000000008001270       0x9c build/bms.o
                0x0000000008001270                initBMS
 .text.bmsStateHandler
                0x000000000800130c       0x9e build/bms.o
                0x000000000800130c                bmsStateHandler
 *fill*         0x00000000080013aa        0x2 
 .text.acChargeCommand
                0x00000000080013ac       0x80 build/bms.o
                0x00000000080013ac                acChargeCommand
 .text.tx500kData
                0x000000000800142c       0x94 build/bms.o
                0x000000000800142c                tx500kData
 .text.refreshData
                0x00000000080014c0       0x60 build/bms.o
                0x00000000080014c0                refreshData
 .text.sendCommand
                0x0000000008001520       0x3c build/bms.o
                0x0000000008001520                sendCommand
 .text.requestBICMdata
                0x000000000800155c       0x84 build/bms.o
                0x000000000800155c                requestBICMdata
 .text.balanceCommand
                0x00000000080015e0      0x15c build/bms.o
                0x00000000080015e0                balanceCommand
 .text.vehicleComms
                0x000000000800173c        0x2 build/bms.o
                0x000000000800173c                vehicleComms
 *fill*         0x000000000800173e        0x2 
 .text.synchChargers
                0x0000000008001740       0x44 build/bms.o
                0x0000000008001740                synchChargers
 .text.decodeVolt
                0x0000000008001784      0xc5c build/bms.o
                0x0000000008001784                decodeVolt
 .text.decodeTemp
                0x00000000080023e0      0x12a build/bms.o
                0x00000000080023e0                decodeTemp
 *fill*         0x000000000800250a        0x2 
 .text.HAL_CAN_RxFifo0MsgPendingCallback
                0x000000000800250c       0xa0 build/can_setup.o
                0x000000000800250c                HAL_CAN_RxFifo0MsgPendingCallback
 .text.HAL_CAN_RxFifo1MsgPendingCallback
                0x00000000080025ac       0x88 build/can_setup.o
                0x00000000080025ac                HAL_CAN_RxFifo1MsgPendingCallback
 .text.canSettings
                0x0000000008002634      0x190 build/can_setup.o
                0x0000000008002634                canSettings
 .text.can1tx   0x00000000080027c4       0x40 build/can_setup.o
                0x00000000080027c4                can1tx
 .text.can2tx   0x0000000008002804       0x40 build/can_setup.o
                0x0000000008002804                can2tx
 .text.can3tx   0x0000000008002844       0x40 build/can_setup.o
                0x0000000008002844                can3tx
 .text.MX_GPIO_Init
                0x0000000008002884       0xa8 build/main.o
 .text.MX_DMA_Init
                0x000000000800292c       0x54 build/main.o
 .text.StartDefaultTask
                0x0000000008002980       0x28 build/main.o
                0x0000000008002980                StartDefaultTask
 .text.StartsynchCommand
                0x00000000080029a8       0x10 build/main.o
                0x00000000080029a8                StartsynchCommand
 .text.StartbalanceCommand
                0x00000000080029b8       0x50 build/main.o
                0x00000000080029b8                StartbalanceCommand
 .text.StartprocessData
                0x0000000008002a08       0x14 build/main.o
                0x0000000008002a08                StartprocessData
 .text.StartkickTheDog
                0x0000000008002a1c       0x18 build/main.o
                0x0000000008002a1c                StartkickTheDog
 .text.HAL_TIM_PeriodElapsedCallback
                0x0000000008002a34       0x58 build/main.o
                0x0000000008002a34                HAL_TIM_PeriodElapsedCallback
 .text.Error_Handler
                0x0000000008002a8c        0x4 build/main.o
                0x0000000008002a8c                Error_Handler
 .text.MX_CAN1_Init
                0x0000000008002a90       0x40 build/main.o
 .text.MX_CAN2_Init
                0x0000000008002ad0       0x40 build/main.o
 .text.MX_CAN3_Init
                0x0000000008002b10       0x40 build/main.o
 .text.MX_TIM2_Init
                0x0000000008002b50       0x98 build/main.o
 .text.MX_TIM3_Init
                0x0000000008002be8       0x8c build/main.o
 .text.MX_IWDG_Init
                0x0000000008002c74       0x28 build/main.o
 .text.SystemClock_Config
                0x0000000008002c9c       0xa4 build/main.o
                0x0000000008002c9c                SystemClock_Config
 .text.main     0x0000000008002d40       0xc4 build/main.o
                0x0000000008002d40                main
 .text.HAL_MspInit
                0x0000000008002e04       0x44 build/stm32f4xx_hal_msp.o
                0x0000000008002e04                HAL_MspInit
 .text.HAL_CAN_MspInit
                0x0000000008002e48      0x144 build/stm32f4xx_hal_msp.o
                0x0000000008002e48                HAL_CAN_MspInit
 .text.HAL_TIM_OC_MspInit
                0x0000000008002f8c      0x11c build/stm32f4xx_hal_msp.o
                0x0000000008002f8c                HAL_TIM_OC_MspInit
 .text.HAL_TIM_PWM_MspInit
                0x00000000080030a8       0x30 build/stm32f4xx_hal_msp.o
                0x00000000080030a8                HAL_TIM_PWM_MspInit
 .text.HAL_TIM_MspPostInit
                0x00000000080030d8       0x58 build/stm32f4xx_hal_msp.o
                0x00000000080030d8                HAL_TIM_MspPostInit
 .text.HAL_InitTick
                0x0000000008003130       0x7c build/stm32f4xx_hal_timebase_tim.o
                0x0000000008003130                HAL_InitTick
 .text.NMI_Handler
                0x00000000080031ac        0x2 build/stm32f4xx_it.o
                0x00000000080031ac                NMI_Handler
 .text.HardFault_Handler
                0x00000000080031ae        0x2 build/stm32f4xx_it.o
                0x00000000080031ae                HardFault_Handler
 .text.MemManage_Handler
                0x00000000080031b0        0x2 build/stm32f4xx_it.o
                0x00000000080031b0                MemManage_Handler
 .text.BusFault_Handler
                0x00000000080031b2        0x2 build/stm32f4xx_it.o
                0x00000000080031b2                BusFault_Handler
 .text.UsageFault_Handler
                0x00000000080031b4        0x2 build/stm32f4xx_it.o
                0x00000000080031b4                UsageFault_Handler
 .text.DebugMon_Handler
                0x00000000080031b6        0x2 build/stm32f4xx_it.o
                0x00000000080031b6                DebugMon_Handler
 .text.DMA1_Stream1_IRQHandler
                0x00000000080031b8       0x10 build/stm32f4xx_it.o
                0x00000000080031b8                DMA1_Stream1_IRQHandler
 .text.DMA1_Stream5_IRQHandler
                0x00000000080031c8       0x10 build/stm32f4xx_it.o
                0x00000000080031c8                DMA1_Stream5_IRQHandler
 .text.DMA1_Stream6_IRQHandler
                0x00000000080031d8       0x10 build/stm32f4xx_it.o
                0x00000000080031d8                DMA1_Stream6_IRQHandler
 .text.CAN1_RX0_IRQHandler
                0x00000000080031e8       0x10 build/stm32f4xx_it.o
                0x00000000080031e8                CAN1_RX0_IRQHandler
 .text.TIM2_IRQHandler
                0x00000000080031f8       0x10 build/stm32f4xx_it.o
                0x00000000080031f8                TIM2_IRQHandler
 .text.TIM7_IRQHandler
                0x0000000008003208       0x10 build/stm32f4xx_it.o
                0x0000000008003208                TIM7_IRQHandler
 .text.CAN2_RX1_IRQHandler
                0x0000000008003218       0x10 build/stm32f4xx_it.o
                0x0000000008003218                CAN2_RX1_IRQHandler
 .text.CAN3_RX0_IRQHandler
                0x0000000008003228       0x10 build/stm32f4xx_it.o
                0x0000000008003228                CAN3_RX0_IRQHandler
 .text.SystemInit
                0x0000000008003238       0x1c build/system_stm32f4xx.o
                0x0000000008003238                SystemInit
 .text.Wheel    0x0000000008003254       0x46 build/visEffect.o
                0x0000000008003254                Wheel
 *fill*         0x000000000800329a        0x2 
 .text.visRainbow
                0x000000000800329c       0x54 build/visEffect.o
                0x000000000800329c                visRainbow
 .text.visDots  0x00000000080032f0       0x88 build/visEffect.o
                0x00000000080032f0                visDots
 .text.visHandle2
                0x0000000008003378       0x40 build/visEffect.o
                0x0000000008003378                visHandle2
 .text.visInit  0x00000000080033b8       0x4c build/visEffect.o
                0x00000000080033b8                visInit
 .text.visHandle
                0x0000000008003404       0x20 build/visEffect.o
                0x0000000008003404                visHandle
 .text.DMA_TransferError
                0x0000000008003424       0x10 build/ws2812b.o
                0x0000000008003424                DMA_TransferError
 .text.ws2812b_gpio_init
                0x0000000008003434       0x78 build/ws2812b.o
 .text.DMA2_init
                0x00000000080034ac      0x160 build/ws2812b.o
 .text.TIM1_init
                0x000000000800360c      0x110 build/ws2812b.o
 .text.DMA2_Stream2_IRQHandler
                0x000000000800371c       0x20 build/ws2812b.o
                0x000000000800371c                DMA2_Stream2_IRQHandler
 .text.TIM1_UP_TIM10_IRQHandler
                0x000000000800373c       0x20 build/ws2812b.o
                0x000000000800373c                TIM1_UP_TIM10_IRQHandler
 .text.ws2812b_set_pixel
                0x000000000800375c       0xb8 build/ws2812b.o
                0x000000000800375c                ws2812b_set_pixel
 .text.loadNextFramebufferData
                0x0000000008003814       0x34 build/ws2812b.o
 .text.DMA_TransferCompleteHandler
                0x0000000008003848       0xe8 build/ws2812b.o
                0x0000000008003848                DMA_TransferCompleteHandler
 .text.WS2812_sendbuf
                0x0000000008003930      0x174 build/ws2812b.o
 .text.DMA_TransferHalfHandler
                0x0000000008003aa4       0x44 build/ws2812b.o
                0x0000000008003aa4                DMA_TransferHalfHandler
 .text.ws2812b_init
                0x0000000008003ae8       0x1c build/ws2812b.o
                0x0000000008003ae8                ws2812b_init
 .text.ws2812b_handle
                0x0000000008003b04       0x1c build/ws2812b.o
                0x0000000008003b04                ws2812b_handle
 .text.HAL_Init
                0x0000000008003b20       0x34 build/stm32f4xx_hal.o
                0x0000000008003b20                HAL_Init
 .text.HAL_IncTick
                0x0000000008003b54       0x18 build/stm32f4xx_hal.o
                0x0000000008003b54                HAL_IncTick
 .text.HAL_GetTick
                0x0000000008003b6c        0xc build/stm32f4xx_hal.o
                0x0000000008003b6c                HAL_GetTick
 .text.HAL_Delay
                0x0000000008003b78       0x28 build/stm32f4xx_hal.o
                0x0000000008003b78                HAL_Delay
 .text.HAL_CAN_Init
                0x0000000008003ba0      0x14c build/stm32f4xx_hal_can.o
                0x0000000008003ba0                HAL_CAN_Init
 .text.HAL_CAN_ConfigFilter
                0x0000000008003cec      0x134 build/stm32f4xx_hal_can.o
                0x0000000008003cec                HAL_CAN_ConfigFilter
 .text.HAL_CAN_Start
                0x0000000008003e20       0x5c build/stm32f4xx_hal_can.o
                0x0000000008003e20                HAL_CAN_Start
 .text.HAL_CAN_AddTxMessage
                0x0000000008003e7c       0xea build/stm32f4xx_hal_can.o
                0x0000000008003e7c                HAL_CAN_AddTxMessage
 .text.HAL_CAN_GetRxMessage
                0x0000000008003f66      0x134 build/stm32f4xx_hal_can.o
                0x0000000008003f66                HAL_CAN_GetRxMessage
 .text.HAL_CAN_ActivateNotification
                0x000000000800409a       0x24 build/stm32f4xx_hal_can.o
                0x000000000800409a                HAL_CAN_ActivateNotification
 .text.HAL_CAN_TxMailbox0CompleteCallback
                0x00000000080040be        0x2 build/stm32f4xx_hal_can.o
                0x00000000080040be                HAL_CAN_TxMailbox0CompleteCallback
 .text.HAL_CAN_TxMailbox1CompleteCallback
                0x00000000080040c0        0x2 build/stm32f4xx_hal_can.o
                0x00000000080040c0                HAL_CAN_TxMailbox1CompleteCallback
 .text.HAL_CAN_TxMailbox2CompleteCallback
                0x00000000080040c2        0x2 build/stm32f4xx_hal_can.o
                0x00000000080040c2                HAL_CAN_TxMailbox2CompleteCallback
 .text.HAL_CAN_TxMailbox0AbortCallback
                0x00000000080040c4        0x2 build/stm32f4xx_hal_can.o
                0x00000000080040c4                HAL_CAN_TxMailbox0AbortCallback
 .text.HAL_CAN_TxMailbox1AbortCallback
                0x00000000080040c6        0x2 build/stm32f4xx_hal_can.o
                0x00000000080040c6                HAL_CAN_TxMailbox1AbortCallback
 .text.HAL_CAN_TxMailbox2AbortCallback
                0x00000000080040c8        0x2 build/stm32f4xx_hal_can.o
                0x00000000080040c8                HAL_CAN_TxMailbox2AbortCallback
 .text.HAL_CAN_RxFifo0FullCallback
                0x00000000080040ca        0x2 build/stm32f4xx_hal_can.o
                0x00000000080040ca                HAL_CAN_RxFifo0FullCallback
 .text.HAL_CAN_RxFifo1FullCallback
                0x00000000080040cc        0x2 build/stm32f4xx_hal_can.o
                0x00000000080040cc                HAL_CAN_RxFifo1FullCallback
 .text.HAL_CAN_SleepCallback
                0x00000000080040ce        0x2 build/stm32f4xx_hal_can.o
                0x00000000080040ce                HAL_CAN_SleepCallback
 .text.HAL_CAN_WakeUpFromRxMsgCallback
                0x00000000080040d0        0x2 build/stm32f4xx_hal_can.o
                0x00000000080040d0                HAL_CAN_WakeUpFromRxMsgCallback
 .text.HAL_CAN_ErrorCallback
                0x00000000080040d2        0x2 build/stm32f4xx_hal_can.o
                0x00000000080040d2                HAL_CAN_ErrorCallback
 .text.HAL_CAN_IRQHandler
                0x00000000080040d4      0x258 build/stm32f4xx_hal_can.o
                0x00000000080040d4                HAL_CAN_IRQHandler
 .text.HAL_NVIC_SetPriorityGrouping
                0x000000000800432c       0x24 build/stm32f4xx_hal_cortex.o
                0x000000000800432c                HAL_NVIC_SetPriorityGrouping
 .text.HAL_NVIC_SetPriority
                0x0000000008004350       0x64 build/stm32f4xx_hal_cortex.o
                0x0000000008004350                HAL_NVIC_SetPriority
 .text.HAL_NVIC_EnableIRQ
                0x00000000080043b4       0x1c build/stm32f4xx_hal_cortex.o
                0x00000000080043b4                HAL_NVIC_EnableIRQ
 .text.HAL_NVIC_SystemReset
                0x00000000080043d0       0x24 build/stm32f4xx_hal_cortex.o
                0x00000000080043d0                HAL_NVIC_SystemReset
 .text.DMA_SetConfig
                0x00000000080043f4       0x2c build/stm32f4xx_hal_dma.o
 .text.DMA_CalcBaseAndBitshift
                0x0000000008004420       0x3c build/stm32f4xx_hal_dma.o
 .text.DMA_CheckFifoParam
                0x000000000800445c       0x8e build/stm32f4xx_hal_dma.o
 *fill*         0x00000000080044ea        0x2 
 .text.HAL_DMA_Init
                0x00000000080044ec       0xd0 build/stm32f4xx_hal_dma.o
                0x00000000080044ec                HAL_DMA_Init
 .text.HAL_DMA_DeInit
                0x00000000080045bc       0x66 build/stm32f4xx_hal_dma.o
                0x00000000080045bc                HAL_DMA_DeInit
 .text.HAL_DMA_Start
                0x0000000008004622       0x48 build/stm32f4xx_hal_dma.o
                0x0000000008004622                HAL_DMA_Start
 .text.HAL_DMA_Start_IT
                0x000000000800466a       0x6a build/stm32f4xx_hal_dma.o
                0x000000000800466a                HAL_DMA_Start_IT
 .text.HAL_DMA_IRQHandler
                0x00000000080046d4      0x1dc build/stm32f4xx_hal_dma.o
                0x00000000080046d4                HAL_DMA_IRQHandler
 .text.HAL_GPIO_Init
                0x00000000080048b0      0x1d4 build/stm32f4xx_hal_gpio.o
                0x00000000080048b0                HAL_GPIO_Init
 .text.HAL_GPIO_WritePin
                0x0000000008004a84        0xc build/stm32f4xx_hal_gpio.o
                0x0000000008004a84                HAL_GPIO_WritePin
 .text.HAL_IWDG_Init
                0x0000000008004a90       0x4a build/stm32f4xx_hal_iwdg.o
                0x0000000008004a90                HAL_IWDG_Init
 .text.HAL_IWDG_Refresh
                0x0000000008004ada        0xc build/stm32f4xx_hal_iwdg.o
                0x0000000008004ada                HAL_IWDG_Refresh
 *fill*         0x0000000008004ae6        0x2 
 .text.HAL_RCC_GetSysClockFreq
                0x0000000008004ae8       0xd4 build/stm32f4xx_hal_rcc.o
                0x0000000008004ae8                HAL_RCC_GetSysClockFreq
 .text.HAL_RCC_ClockConfig
                0x0000000008004bbc      0x160 build/stm32f4xx_hal_rcc.o
                0x0000000008004bbc                HAL_RCC_ClockConfig
 .text.HAL_RCC_GetHCLKFreq
                0x0000000008004d1c        0xc build/stm32f4xx_hal_rcc.o
                0x0000000008004d1c                HAL_RCC_GetHCLKFreq
 .text.HAL_RCC_GetPCLK1Freq
                0x0000000008004d28       0x20 build/stm32f4xx_hal_rcc.o
                0x0000000008004d28                HAL_RCC_GetPCLK1Freq
 .text.HAL_RCC_GetClockConfig
                0x0000000008004d48       0x3c build/stm32f4xx_hal_rcc.o
                0x0000000008004d48                HAL_RCC_GetClockConfig
 .text.HAL_RCC_OscConfig
                0x0000000008004d84      0x390 build/stm32f4xx_hal_rcc_ex.o
                0x0000000008004d84                HAL_RCC_OscConfig
 .text.TIM_OC1_SetConfig
                0x0000000008005114       0x6c build/stm32f4xx_hal_tim.o
 .text.TIM_OC3_SetConfig
                0x0000000008005180       0x74 build/stm32f4xx_hal_tim.o
 .text.TIM_OC4_SetConfig
                0x00000000080051f4       0x50 build/stm32f4xx_hal_tim.o
 .text.HAL_TIM_Base_MspInit
                0x0000000008005244        0x2 build/stm32f4xx_hal_tim.o
                0x0000000008005244                HAL_TIM_Base_MspInit
 .text.HAL_TIM_Base_Start
                0x0000000008005246       0x24 build/stm32f4xx_hal_tim.o
                0x0000000008005246                HAL_TIM_Base_Start
 .text.HAL_TIM_Base_Start_IT
                0x000000000800526a       0x22 build/stm32f4xx_hal_tim.o
                0x000000000800526a                HAL_TIM_Base_Start_IT
 .text.HAL_TIM_OC_DelayElapsedCallback
                0x000000000800528c        0x2 build/stm32f4xx_hal_tim.o
                0x000000000800528c                HAL_TIM_OC_DelayElapsedCallback
 .text.HAL_TIM_IC_CaptureCallback
                0x000000000800528e        0x2 build/stm32f4xx_hal_tim.o
                0x000000000800528e                HAL_TIM_IC_CaptureCallback
 .text.HAL_TIM_PWM_PulseFinishedCallback
                0x0000000008005290        0x2 build/stm32f4xx_hal_tim.o
                0x0000000008005290                HAL_TIM_PWM_PulseFinishedCallback
 .text.HAL_TIM_TriggerCallback
                0x0000000008005292        0x2 build/stm32f4xx_hal_tim.o
                0x0000000008005292                HAL_TIM_TriggerCallback
 .text.HAL_TIM_IRQHandler
                0x0000000008005294      0x17a build/stm32f4xx_hal_tim.o
                0x0000000008005294                HAL_TIM_IRQHandler
 *fill*         0x000000000800540e        0x2 
 .text.TIM_Base_SetConfig
                0x0000000008005410       0xcc build/stm32f4xx_hal_tim.o
                0x0000000008005410                TIM_Base_SetConfig
 .text.HAL_TIM_Base_Init
                0x00000000080054dc       0x32 build/stm32f4xx_hal_tim.o
                0x00000000080054dc                HAL_TIM_Base_Init
 .text.HAL_TIM_OC_Init
                0x000000000800550e       0x32 build/stm32f4xx_hal_tim.o
                0x000000000800550e                HAL_TIM_OC_Init
 .text.HAL_TIM_PWM_Init
                0x0000000008005540       0x32 build/stm32f4xx_hal_tim.o
                0x0000000008005540                HAL_TIM_PWM_Init
 *fill*         0x0000000008005572        0x2 
 .text.TIM_OC2_SetConfig
                0x0000000008005574       0x74 build/stm32f4xx_hal_tim.o
                0x0000000008005574                TIM_OC2_SetConfig
 .text.HAL_TIM_OC_ConfigChannel
                0x00000000080055e8       0x5e build/stm32f4xx_hal_tim.o
                0x00000000080055e8                HAL_TIM_OC_ConfigChannel
 .text.HAL_TIM_PWM_ConfigChannel
                0x0000000008005646       0xdc build/stm32f4xx_hal_tim.o
                0x0000000008005646                HAL_TIM_PWM_ConfigChannel
 .text.TIM_CCxChannelCmd
                0x0000000008005722       0x22 build/stm32f4xx_hal_tim.o
                0x0000000008005722                TIM_CCxChannelCmd
 .text.HAL_TIM_PWM_Start
                0x0000000008005744       0x4c build/stm32f4xx_hal_tim.o
                0x0000000008005744                HAL_TIM_PWM_Start
 .text.HAL_TIMEx_MasterConfigSynchronization
                0x0000000008005790       0x88 build/stm32f4xx_hal_tim_ex.o
                0x0000000008005790                HAL_TIMEx_MasterConfigSynchronization
 .text.HAL_TIMEx_CommutCallback
                0x0000000008005818        0x2 build/stm32f4xx_hal_tim_ex.o
                0x0000000008005818                HAL_TIMEx_CommutCallback
 .text.HAL_TIMEx_BreakCallback
                0x000000000800581a        0x2 build/stm32f4xx_hal_tim_ex.o
                0x000000000800581a                HAL_TIMEx_BreakCallback
 .text.osKernelInitialize
                0x000000000800581c       0x40 build/cmsis_os2.o
                0x000000000800581c                osKernelInitialize
 .text.osKernelStart
                0x000000000800585c       0x48 build/cmsis_os2.o
                0x000000000800585c                osKernelStart
 .text.osThreadNew
                0x00000000080058a4       0xd4 build/cmsis_os2.o
                0x00000000080058a4                osThreadNew
 .text.osDelay  0x0000000008005978       0x3c build/cmsis_os2.o
                0x0000000008005978                osDelay
 .text.vApplicationGetIdleTaskMemory
                0x00000000080059b4       0x18 build/cmsis_os2.o
                0x00000000080059b4                vApplicationGetIdleTaskMemory
 .text.vApplicationGetTimerTaskMemory
                0x00000000080059cc       0x18 build/cmsis_os2.o
                0x00000000080059cc                vApplicationGetTimerTaskMemory
 .text.vListInitialise
                0x00000000080059e4       0x16 build/list.o
                0x00000000080059e4                vListInitialise
 .text.vListInitialiseItem
                0x00000000080059fa        0x6 build/list.o
                0x00000000080059fa                vListInitialiseItem
 .text.vListInsertEnd
                0x0000000008005a00       0x18 build/list.o
                0x0000000008005a00                vListInsertEnd
 .text.vListInsert
                0x0000000008005a18       0x34 build/list.o
                0x0000000008005a18                vListInsert
 .text.uxListRemove
                0x0000000008005a4c       0x28 build/list.o
                0x0000000008005a4c                uxListRemove
 .text.prvTaskExitError
                0x0000000008005a74       0x40 build/port.o
 .text.prvPortStartFirstTask
                0x0000000008005ab4       0x28 build/port.o
 .text.vPortEnableVFP
                0x0000000008005adc       0x14 build/port.o
 .text.pxPortInitialiseStack
                0x0000000008005af0       0x2c build/port.o
                0x0000000008005af0                pxPortInitialiseStack
 *fill*         0x0000000008005b1c        0x4 
 .text.SVC_Handler
                0x0000000008005b20       0x24 build/port.o
                0x0000000008005b20                SVC_Handler
 .text.vPortEnterCritical
                0x0000000008005b44       0x44 build/port.o
                0x0000000008005b44                vPortEnterCritical
 .text.vPortExitCritical
                0x0000000008005b88       0x2c build/port.o
                0x0000000008005b88                vPortExitCritical
 *fill*         0x0000000008005bb4        0xc 
 .text.PendSV_Handler
                0x0000000008005bc0       0x64 build/port.o
                0x0000000008005bc0                PendSV_Handler
 .text.SysTick_Handler
                0x0000000008005c24       0x2c build/port.o
                0x0000000008005c24                SysTick_Handler
 .text.vPortSetupTimerInterrupt
                0x0000000008005c50       0x38 build/port.o
                0x0000000008005c50                vPortSetupTimerInterrupt
 .text.xPortStartScheduler
                0x0000000008005c88      0x110 build/port.o
                0x0000000008005c88                xPortStartScheduler
 .text.vPortValidateInterruptPriority
                0x0000000008005d98       0x5c build/port.o
                0x0000000008005d98                vPortValidateInterruptPriority
 .text.prvHeapInit
                0x0000000008005df4       0x64 build/heap_4.o
 .text.prvInsertBlockIntoFreeList
                0x0000000008005e58       0x58 build/heap_4.o
 .text.pvPortMalloc
                0x0000000008005eb0      0x108 build/heap_4.o
                0x0000000008005eb0                pvPortMalloc
 .text.vPortFree
                0x0000000008005fb8       0x70 build/heap_4.o
                0x0000000008005fb8                vPortFree
 .text.prvIsQueueFull
                0x0000000008006028       0x1e build/queue.o
 .text.prvIsQueueEmpty
                0x0000000008006046       0x1a build/queue.o
 .text.prvCopyDataToQueue
                0x0000000008006060       0x76 build/queue.o
 .text.prvCopyDataFromQueue
                0x00000000080060d6       0x24 build/queue.o
 .text.prvUnlockQueue
                0x00000000080060fa       0x6e build/queue.o
 .text.xQueueGenericReset
                0x0000000008006168       0x80 build/queue.o
                0x0000000008006168                xQueueGenericReset
 .text.prvInitialiseNewQueue
                0x00000000080061e8       0x22 build/queue.o
 .text.xQueueGenericCreateStatic
                0x000000000800620a       0xa2 build/queue.o
                0x000000000800620a                xQueueGenericCreateStatic
 .text.xQueueGenericSend
                0x00000000080062ac      0x188 build/queue.o
                0x00000000080062ac                xQueueGenericSend
 .text.xQueueGenericSendFromISR
                0x0000000008006434       0xde build/queue.o
                0x0000000008006434                xQueueGenericSendFromISR
 *fill*         0x0000000008006512        0x2 
 .text.xQueueReceive
                0x0000000008006514      0x15c build/queue.o
                0x0000000008006514                xQueueReceive
 .text.vQueueAddToRegistry
                0x0000000008006670       0x28 build/queue.o
                0x0000000008006670                vQueueAddToRegistry
 .text.vQueueWaitForMessageRestricted
                0x0000000008006698       0x52 build/queue.o
                0x0000000008006698                vQueueWaitForMessageRestricted
 *fill*         0x00000000080066ea        0x2 
 .text.prvResetNextTaskUnblockTime
                0x00000000080066ec       0x2c build/tasks.o
 .text.prvInitialiseNewTask
                0x0000000008006718       0x9a build/tasks.o
 *fill*         0x00000000080067b2        0x2 
 .text.prvInitialiseTaskLists
                0x00000000080067b4       0x68 build/tasks.o
 .text.prvAddNewTaskToReadyList
                0x000000000800681c       0xac build/tasks.o
 .text.prvDeleteTCB
                0x00000000080068c8       0x3a build/tasks.o
 *fill*         0x0000000008006902        0x2 
 .text.prvCheckTasksWaitingTermination
                0x0000000008006904       0x4c build/tasks.o
 .text.prvIdleTask
                0x0000000008006950       0x28 build/tasks.o
 .text.prvAddCurrentTaskToDelayedList
                0x0000000008006978       0x7c build/tasks.o
 .text.xTaskCreateStatic
                0x00000000080069f4       0x74 build/tasks.o
                0x00000000080069f4                xTaskCreateStatic
 .text.xTaskCreate
                0x0000000008006a68       0x66 build/tasks.o
                0x0000000008006a68                xTaskCreate
 *fill*         0x0000000008006ace        0x2 
 .text.vTaskStartScheduler
                0x0000000008006ad0       0x9c build/tasks.o
                0x0000000008006ad0                vTaskStartScheduler
 .text.vTaskSuspendAll
                0x0000000008006b6c       0x10 build/tasks.o
                0x0000000008006b6c                vTaskSuspendAll
 .text.xTaskGetTickCount
                0x0000000008006b7c        0xc build/tasks.o
                0x0000000008006b7c                xTaskGetTickCount
 .text.xTaskIncrementTick
                0x0000000008006b88      0x118 build/tasks.o
                0x0000000008006b88                xTaskIncrementTick
 .text.xTaskResumeAll
                0x0000000008006ca0       0xfc build/tasks.o
                0x0000000008006ca0                xTaskResumeAll
 .text.vTaskDelay
                0x0000000008006d9c       0x50 build/tasks.o
                0x0000000008006d9c                vTaskDelay
 .text.vTaskSwitchContext
                0x0000000008006dec       0x9c build/tasks.o
                0x0000000008006dec                vTaskSwitchContext
 .text.vTaskPlaceOnEventList
                0x0000000008006e88       0x30 build/tasks.o
                0x0000000008006e88                vTaskPlaceOnEventList
 .text.vTaskPlaceOnEventListRestricted
                0x0000000008006eb8       0x38 build/tasks.o
                0x0000000008006eb8                vTaskPlaceOnEventListRestricted
 .text.xTaskRemoveFromEventList
                0x0000000008006ef0       0x8c build/tasks.o
                0x0000000008006ef0                xTaskRemoveFromEventList
 .text.vTaskInternalSetTimeOutState
                0x0000000008006f7c       0x18 build/tasks.o
                0x0000000008006f7c                vTaskInternalSetTimeOutState
 .text.xTaskCheckForTimeOut
                0x0000000008006f94       0x80 build/tasks.o
                0x0000000008006f94                xTaskCheckForTimeOut
 .text.vTaskMissedYield
                0x0000000008007014        0xc build/tasks.o
                0x0000000008007014                vTaskMissedYield
 .text.xTaskGetSchedulerState
                0x0000000008007020       0x20 build/tasks.o
                0x0000000008007020                xTaskGetSchedulerState
 .text.xTaskPriorityDisinherit
                0x0000000008007040       0x90 build/tasks.o
                0x0000000008007040                xTaskPriorityDisinherit
 .text.prvGetNextExpireTime
                0x00000000080070d0       0x20 build/timers.o
 .text.prvInsertTimerInActiveList
                0x00000000080070f0       0x48 build/timers.o
 .text.prvCheckForValidListAndQueue
                0x0000000008007138       0x70 build/timers.o
 .text.xTimerCreateTimerTask
                0x00000000080071a8       0x70 build/timers.o
                0x00000000080071a8                xTimerCreateTimerTask
 .text.xTimerGenericCommand
                0x0000000008007218       0x6c build/timers.o
                0x0000000008007218                xTimerGenericCommand
 .text.prvSwitchTimerLists
                0x0000000008007284       0x7c build/timers.o
 .text.prvSampleTimeNow
                0x0000000008007300       0x2c build/timers.o
 .text.prvProcessExpiredTimer
                0x000000000800732c       0x6c build/timers.o
 .text.prvProcessTimerOrBlockTask
                0x0000000008007398       0x74 build/timers.o
 .text.prvProcessReceivedCommands
                0x000000000800740c      0x110 build/timers.o
 .text.prvTimerTask
                0x000000000800751c       0x16 build/timers.o
 *fill*         0x0000000008007532        0x2 
 .text.Reset_Handler
                0x0000000008007534       0x50 build/startup_stm32f413xx.o
                0x0000000008007534                Reset_Handler
 .text.Default_Handler
                0x0000000008007584        0x2 build/startup_stm32f413xx.o
                0x0000000008007584                RTC_Alarm_IRQHandler
                0x0000000008007584                EXTI2_IRQHandler
                0x0000000008007584                TIM8_CC_IRQHandler
                0x0000000008007584                UART8_IRQHandler
                0x0000000008007584                FMPI2C1_EV_IRQHandler
                0x0000000008007584                SPI4_IRQHandler
                0x0000000008007584                TIM1_CC_IRQHandler
                0x0000000008007584                DMA2_Stream5_IRQHandler
                0x0000000008007584                CAN3_RX1_IRQHandler
                0x0000000008007584                PVD_IRQHandler
                0x0000000008007584                SDIO_IRQHandler
                0x0000000008007584                TAMP_STAMP_IRQHandler
                0x0000000008007584                EXTI3_IRQHandler
                0x0000000008007584                TIM8_TRG_COM_TIM14_IRQHandler
                0x0000000008007584                DFSDM1_FLT1_IRQHandler
                0x0000000008007584                TIM8_UP_TIM13_IRQHandler
                0x0000000008007584                I2C3_ER_IRQHandler
                0x0000000008007584                EXTI0_IRQHandler
                0x0000000008007584                I2C2_EV_IRQHandler
                0x0000000008007584                DMA1_Stream2_IRQHandler
                0x0000000008007584                FPU_IRQHandler
                0x0000000008007584                CAN3_SCE_IRQHandler
                0x0000000008007584                CAN2_SCE_IRQHandler
                0x0000000008007584                SPI1_IRQHandler
                0x0000000008007584                TIM6_DAC_IRQHandler
                0x0000000008007584                TIM1_BRK_TIM9_IRQHandler
                0x0000000008007584                CAN2_RX0_IRQHandler
                0x0000000008007584                DMA2_Stream3_IRQHandler
                0x0000000008007584                USART6_IRQHandler
                0x0000000008007584                USART3_IRQHandler
                0x0000000008007584                DFSDM2_FLT3_IRQHandler
                0x0000000008007584                CAN1_RX1_IRQHandler
                0x0000000008007584                UART5_IRQHandler
                0x0000000008007584                DMA2_Stream0_IRQHandler
                0x0000000008007584                TIM4_IRQHandler
                0x0000000008007584                QUADSPI_IRQHandler
                0x0000000008007584                I2C1_EV_IRQHandler
                0x0000000008007584                UART4_IRQHandler
                0x0000000008007584                TIM3_IRQHandler
                0x0000000008007584                RCC_IRQHandler
                0x0000000008007584                UART9_IRQHandler
                0x0000000008007584                TIM8_BRK_TIM12_IRQHandler
                0x0000000008007584                Default_Handler
                0x0000000008007584                EXTI15_10_IRQHandler
                0x0000000008007584                ADC_IRQHandler
                0x0000000008007584                DMA1_Stream7_IRQHandler
                0x0000000008007584                DFSDM2_FLT0_IRQHandler
                0x0000000008007584                SPI5_IRQHandler
                0x0000000008007584                CAN2_TX_IRQHandler
                0x0000000008007584                TIM5_IRQHandler
                0x0000000008007584                DMA2_Stream7_IRQHandler
                0x0000000008007584                I2C3_EV_IRQHandler
                0x0000000008007584                DFSDM2_FLT2_IRQHandler
                0x0000000008007584                EXTI9_5_IRQHandler
                0x0000000008007584                RTC_WKUP_IRQHandler
                0x0000000008007584                SPI2_IRQHandler
                0x0000000008007584                DMA1_Stream0_IRQHandler
                0x0000000008007584                CAN1_TX_IRQHandler
                0x0000000008007584                FMPI2C1_ER_IRQHandler
                0x0000000008007584                EXTI4_IRQHandler
                0x0000000008007584                DFSDM2_FLT1_IRQHandler
                0x0000000008007584                RNG_IRQHandler
                0x0000000008007584                FSMC_IRQHandler
                0x0000000008007584                WWDG_IRQHandler
                0x0000000008007584                CAN3_TX_IRQHandler
                0x0000000008007584                OTG_FS_WKUP_IRQHandler
                0x0000000008007584                TIM1_TRG_COM_TIM11_IRQHandler
                0x0000000008007584                EXTI1_IRQHandler
                0x0000000008007584                UART7_IRQHandler
                0x0000000008007584                USART2_IRQHandler
                0x0000000008007584                DFSDM1_FLT0_IRQHandler
                0x0000000008007584                I2C2_ER_IRQHandler
                0x0000000008007584                DMA2_Stream1_IRQHandler
                0x0000000008007584                CAN1_SCE_IRQHandler
                0x0000000008007584                FLASH_IRQHandler
                0x0000000008007584                DMA2_Stream4_IRQHandler
                0x0000000008007584                USART1_IRQHandler
                0x0000000008007584                OTG_FS_IRQHandler
                0x0000000008007584                SPI3_IRQHandler
                0x0000000008007584                DMA1_Stream4_IRQHandler
                0x0000000008007584                I2C1_ER_IRQHandler
                0x0000000008007584                LPTIM1_IRQHandler
                0x0000000008007584                DMA2_Stream6_IRQHandler
                0x0000000008007584                UART10_IRQHandler
                0x0000000008007584                SAI1_IRQHandler
                0x0000000008007584                DMA1_Stream3_IRQHandler
 *fill*         0x0000000008007586        0x2 
 .text.startup  0x0000000008007588       0x14 /usr/lib/gcc/arm-none-eabi/6.3.1/../../../arm-none-eabi/lib/thumb/v7e-m/fpv4-sp/hard/libc.a(lib_a-__call_atexit.o)
 *(.glue_7)
 .glue_7        0x000000000800759c        0x0 linker stubs
 *(.glue_7t)
 .glue_7t       0x000000000800759c        0x0 linker stubs
 *(.eh_frame)
 .eh_frame      0x000000000800759c        0x0 /usr/lib/gcc/arm-none-eabi/6.3.1/thumb/v7e-m/fpv4-sp/hard/crtbegin.o
 *(.init)
 .init          0x000000000800759c        0x4 /usr/lib/gcc/arm-none-eabi/6.3.1/thumb/v7e-m/fpv4-sp/hard/crti.o
                0x000000000800759c                _init
 .init          0x00000000080075a0        0x8 /usr/lib/gcc/arm-none-eabi/6.3.1/thumb/v7e-m/fpv4-sp/hard/crtn.o
 *(.fini)
 .fini          0x00000000080075a8        0x4 /usr/lib/gcc/arm-none-eabi/6.3.1/thumb/v7e-m/fpv4-sp/hard/crti.o
                0x00000000080075a8                _fini
 .fini          0x00000000080075ac        0x8 /usr/lib/gcc/arm-none-eabi/6.3.1/thumb/v7e-m/fpv4-sp/hard/crtn.o
                0x00000000080075b4                . = ALIGN (0x4)
                0x00000000080075b4                _etext = .

.vfp11_veneer   0x00000000080075b4        0x0
 .vfp11_veneer  0x00000000080075b4        0x0 linker stubs

.v4_bx          0x00000000080075b4        0x0
 .v4_bx         0x00000000080075b4        0x0 linker stubs

.iplt           0x00000000080075b4        0x0
 .iplt          0x00000000080075b4        0x0 /usr/lib/gcc/arm-none-eabi/6.3.1/thumb/v7e-m/fpv4-sp/hard/crtbegin.o

.rodata         0x00000000080075b4      0x2f8
                0x00000000080075b4                . = ALIGN (0x4)
 *(.rodata)
 .rodata        0x00000000080075b4        0x4 /usr/lib/gcc/arm-none-eabi/6.3.1/../../../arm-none-eabi/lib/thumb/v7e-m/fpv4-sp/hard/libc.a(lib_a-impure.o)
                0x00000000080075b4                _global_impure_ptr
 *(.rodata*)
 .rodata.balanceByte
                0x00000000080075b8       0x60 build/bms.o
 .rodata.balanceShift
                0x0000000008007618       0x60 build/bms.o
 .rodata.balanceCommand_attributes
                0x0000000008007678       0x24 build/main.o
                0x0000000008007678                balanceCommand_attributes
 .rodata.defaultTask_attributes
                0x000000000800769c       0x24 build/main.o
                0x000000000800769c                defaultTask_attributes
 .rodata.kickTheDog_attributes
                0x00000000080076c0       0x24 build/main.o
                0x00000000080076c0                kickTheDog_attributes
 .rodata.processData_attributes
                0x00000000080076e4       0x24 build/main.o
                0x00000000080076e4                processData_attributes
 .rodata.str1.4
                0x0000000008007708       0x44 build/main.o
 .rodata.synchCommand_attributes
                0x000000000800774c       0x24 build/main.o
                0x000000000800774c                synchCommand_attributes
 .rodata.AHBPrescTable
                0x0000000008007770       0x10 build/system_stm32f4xx.o
                0x0000000008007770                AHBPrescTable
 .rodata.APBPrescTable
                0x0000000008007780        0x8 build/system_stm32f4xx.o
                0x0000000008007780                APBPrescTable
 .rodata.gammaTable
                0x0000000008007788      0x100 build/ws2812b.o
                0x0000000008007788                gammaTable
 .rodata.flagBitshiftOffset.8045
                0x0000000008007888        0x8 build/stm32f4xx_hal_dma.o
 .rodata.vTaskStartScheduler.str1.4
                0x0000000008007890        0x5 build/tasks.o
 *fill*         0x0000000008007895        0x3 
 .rodata.prvCheckForValidListAndQueue.str1.4
                0x0000000008007898        0x5 build/timers.o
 *fill*         0x000000000800789d        0x3 
 .rodata.xTimerCreateTimerTask.str1.4
                0x00000000080078a0        0x8 build/timers.o
 .rodata.str1.4
                0x00000000080078a8        0x4 /usr/lib/gcc/arm-none-eabi/6.3.1/../../../arm-none-eabi/lib/thumb/v7e-m/fpv4-sp/hard/libc.a(lib_a-impure.o)
                                          0x2 (size before relaxing)
                0x00000000080078ac                . = ALIGN (0x4)

.ARM.extab
 *(.ARM.extab* .gnu.linkonce.armextab.*)

.ARM            0x00000000080078ac        0x8
                0x00000000080078ac                __exidx_start = .
 *(.ARM.exidx*)
 .ARM.exidx     0x00000000080078ac        0x8 /usr/lib/gcc/arm-none-eabi/6.3.1/thumb/v7e-m/fpv4-sp/hard/libgcc.a(_udivmoddi4.o)
                0x00000000080078b4                __exidx_end = .

.rel.dyn        0x00000000080078b4        0x0
 .rel.iplt      0x00000000080078b4        0x0 /usr/lib/gcc/arm-none-eabi/6.3.1/thumb/v7e-m/fpv4-sp/hard/crtbegin.o

.preinit_array  0x00000000080078b4        0x0
                0x00000000080078b4                PROVIDE (__preinit_array_start, .)
 *(.preinit_array*)
                0x00000000080078b4                PROVIDE (__preinit_array_end, .)

.init_array     0x00000000080078b4        0x8
                0x00000000080078b4                PROVIDE (__init_array_start, .)
 *(SORT(.init_array.*))
 .init_array.00000
                0x00000000080078b4        0x4 /usr/lib/gcc/arm-none-eabi/6.3.1/../../../arm-none-eabi/lib/thumb/v7e-m/fpv4-sp/hard/libc.a(lib_a-__call_atexit.o)
 *(.init_array*)
 .init_array    0x00000000080078b8        0x4 /usr/lib/gcc/arm-none-eabi/6.3.1/thumb/v7e-m/fpv4-sp/hard/crtbegin.o
                0x00000000080078bc                PROVIDE (__init_array_end, .)

.fini_array     0x00000000080078bc        0x4
                0x00000000080078bc                PROVIDE (__fini_array_start, .)
 *(SORT(.fini_array.*))
 *(.fini_array*)
 .fini_array    0x00000000080078bc        0x4 /usr/lib/gcc/arm-none-eabi/6.3.1/thumb/v7e-m/fpv4-sp/hard/crtbegin.o
                0x00000000080078c0                PROVIDE (__fini_array_end, .)
                0x00000000080078c0                _sidata = LOADADDR (.data)

.data           0x0000000020000000      0x448 load address 0x00000000080078c0
                0x0000000020000000                . = ALIGN (0x4)
                0x0000000020000000                _sdata = .
 *(.data)
 .data          0x0000000020000000      0x430 /usr/lib/gcc/arm-none-eabi/6.3.1/../../../arm-none-eabi/lib/thumb/v7e-m/fpv4-sp/hard/libc.a(lib_a-impure.o)
                0x0000000020000000                _impure_ptr
 *(.data*)
 .data.SystemCoreClock
                0x0000000020000430        0x4 build/system_stm32f4xx.o
                0x0000000020000430                SystemCoreClock
 .data.WS2812_IO_High
                0x0000000020000434        0x4 build/ws2812b.o
                0x0000000020000434                WS2812_IO_High
 .data.WS2812_IO_Low
                0x0000000020000438        0x4 build/ws2812b.o
                0x0000000020000438                WS2812_IO_Low
 .data.uwTickFreq
                0x000000002000043c        0x1 build/stm32f4xx_hal.o
                0x000000002000043c                uwTickFreq
 *fill*         0x000000002000043d        0x3 
 .data.uwTickPrio
                0x0000000020000440        0x4 build/stm32f4xx_hal.o
                0x0000000020000440                uwTickPrio
 .data.uxCriticalNesting
                0x0000000020000444        0x4 build/port.o
                0x0000000020000448                . = ALIGN (0x4)
                0x0000000020000448                _edata = .

.jcr            0x0000000020000448        0x0 load address 0x0000000008007d08
 .jcr           0x0000000020000448        0x0 /usr/lib/gcc/arm-none-eabi/6.3.1/thumb/v7e-m/fpv4-sp/hard/crtbegin.o

.tm_clone_table
                0x0000000020000448        0x0 load address 0x0000000008007d08
 .tm_clone_table
                0x0000000020000448        0x0 /usr/lib/gcc/arm-none-eabi/6.3.1/thumb/v7e-m/fpv4-sp/hard/crtbegin.o
 .tm_clone_table
                0x0000000020000448        0x0 /usr/lib/gcc/arm-none-eabi/6.3.1/thumb/v7e-m/fpv4-sp/hard/crtend.o

.igot.plt       0x0000000020000448        0x0 load address 0x0000000008007d08
 .igot.plt      0x0000000020000448        0x0 /usr/lib/gcc/arm-none-eabi/6.3.1/thumb/v7e-m/fpv4-sp/hard/crtbegin.o
                0x0000000020000448                . = ALIGN (0x4)

.bss            0x0000000020000448     0x52c8 load address 0x0000000008007d08
                0x0000000020000448                _sbss = .
                0x0000000020000448                __bss_start__ = _sbss
 *(.bss)
 .bss           0x0000000020000448       0x1c /usr/lib/gcc/arm-none-eabi/6.3.1/thumb/v7e-m/fpv4-sp/hard/crtbegin.o
 *(.bss*)
 .bss.errorCount
                0x0000000020000464        0x4 build/bms.o
 .bss.timestamp.8573
                0x0000000020000468        0x4 build/visEffect.o
 .bss.x.8556    0x000000002000046c        0x1 build/visEffect.o
 *fill*         0x000000002000046d        0x3 
 .bss.Idle_Stack
                0x0000000020000470      0x200 build/cmsis_os2.o
 .bss.Idle_TCB  0x0000000020000670       0x5c build/cmsis_os2.o
 .bss.KernelState
                0x00000000200006cc        0x4 build/cmsis_os2.o
 .bss.Timer_Stack
                0x00000000200006d0      0x400 build/cmsis_os2.o
 .bss.Timer_TCB
                0x0000000020000ad0       0x5c build/cmsis_os2.o
 .bss.ucMaxSysCallPriority
                0x0000000020000b2c        0x1 build/port.o
 *fill*         0x0000000020000b2d        0x3 
 .bss.ulMaxPRIGROUPValue
                0x0000000020000b30        0x4 build/port.o
 .bss.pxEnd     0x0000000020000b34        0x4 build/heap_4.o
 .bss.ucHeap    0x0000000020000b38     0x3c00 build/heap_4.o
 .bss.xBlockAllocatedBit
                0x0000000020004738        0x4 build/heap_4.o
 .bss.xFreeBytesRemaining
                0x000000002000473c        0x4 build/heap_4.o
 .bss.xMinimumEverFreeBytesRemaining
                0x0000000020004740        0x4 build/heap_4.o
 .bss.xStart    0x0000000020004744        0x8 build/heap_4.o
 .bss.pxCurrentTCB
                0x000000002000474c        0x4 build/tasks.o
                0x000000002000474c                pxCurrentTCB
 .bss.pxDelayedTaskList
                0x0000000020004750        0x4 build/tasks.o
 .bss.pxOverflowDelayedTaskList
                0x0000000020004754        0x4 build/tasks.o
 .bss.pxReadyTasksLists
                0x0000000020004758      0x460 build/tasks.o
 .bss.uxCurrentNumberOfTasks
                0x0000000020004bb8        0x4 build/tasks.o
 .bss.uxDeletedTasksWaitingCleanUp
                0x0000000020004bbc        0x4 build/tasks.o
 .bss.uxPendedTicks
                0x0000000020004bc0        0x4 build/tasks.o
 .bss.uxSchedulerSuspended
                0x0000000020004bc4        0x4 build/tasks.o
 .bss.uxTaskNumber
                0x0000000020004bc8        0x4 build/tasks.o
 .bss.uxTopReadyPriority
                0x0000000020004bcc        0x4 build/tasks.o
 .bss.xDelayedTaskList1
                0x0000000020004bd0       0x14 build/tasks.o
 .bss.xDelayedTaskList2
                0x0000000020004be4       0x14 build/tasks.o
 .bss.xNextTaskUnblockTime
                0x0000000020004bf8        0x4 build/tasks.o
 .bss.xNumOfOverflows
                0x0000000020004bfc        0x4 build/tasks.o
 .bss.xPendingReadyList
                0x0000000020004c00       0x14 build/tasks.o
 .bss.xSchedulerRunning
                0x0000000020004c14        0x4 build/tasks.o
 .bss.xSuspendedTaskList
                0x0000000020004c18       0x14 build/tasks.o
 .bss.xTasksWaitingTermination
                0x0000000020004c2c       0x14 build/tasks.o
 .bss.xTickCount
                0x0000000020004c40        0x4 build/tasks.o
 .bss.xYieldPending
                0x0000000020004c44        0x4 build/tasks.o
 .bss.pxCurrentTimerList
                0x0000000020004c48        0x4 build/timers.o
 .bss.pxOverflowTimerList
                0x0000000020004c4c        0x4 build/timers.o
 .bss.ucStaticTimerQueueStorage.6640
                0x0000000020004c50       0xa0 build/timers.o
 .bss.xActiveTimerList1
                0x0000000020004cf0       0x14 build/timers.o
 .bss.xActiveTimerList2
                0x0000000020004d04       0x14 build/timers.o
 .bss.xLastTime.6589
                0x0000000020004d18        0x4 build/timers.o
 .bss.xStaticTimerQueue.6639
                0x0000000020004d1c       0x50 build/timers.o
 .bss.xTimerQueue
                0x0000000020004d6c        0x4 build/timers.o
 .bss.xTimerTaskHandle
                0x0000000020004d70        0x4 build/timers.o
 *(COMMON)
 COMMON         0x0000000020004d74      0x448 build/bms.o
                0x0000000020004d74                BMS
                0x0000000020004f60                rxMsg3
                0x0000000020004f7c                sf4
                0x0000000020004fa4                sf
                0x0000000020004fcc                watchdogBits
                0x0000000020004fd0                canRx2
                0x0000000020004fd8                canMailbox3
                0x0000000020004fdc                txMsgExt2
                0x0000000020004ff4                rxMsg
                0x0000000020005010                txCycle3
                0x0000000020005014                txMsg2
                0x000000002000502c                txMsg3
                0x0000000020005044                hcan3
                0x000000002000506c                hcan2
                0x0000000020005094                canMailbox2
                0x0000000020005098                chargerOn
                0x000000002000509c                txMsg
                0x00000000200050b4                canMailbox
                0x00000000200050b8                txMsgExt3
                0x00000000200050d0                txCycle2
                0x00000000200050d4                txMsgExt
                0x00000000200050ec                txCycle
                0x00000000200050f0                rxMsg2
                0x000000002000510c                hcan1
                0x0000000020005134                sf2
                0x000000002000515c                canRx
                0x0000000020005164                sf5
                0x000000002000518c                sf3
                0x00000000200051b4                canRx3
 COMMON         0x00000000200051bc      0x25c build/main.o
                0x00000000200051bc                processDataHandle
                0x00000000200051c0                defaultTaskHandle
                0x00000000200051c4                hdma_tim2_ch1
                0x0000000020005224                synchCommandHandle
                0x0000000020005228                hiwdg
                0x0000000020005234                tim2OC2
                0x0000000020005250                timer_reset_pulse_period
                0x0000000020005254                tim2OC1
                0x0000000020005270                hdma_tim2_ch2_ch4
                0x00000000200052d0                TIM1_handle
                0x0000000020005310                hdma_tim2_up_ch3
                0x0000000020005370                htim3
                0x00000000200053b0                tim_period
                0x00000000200053b4                kickTheDogHandle
                0x00000000200053b8                ws2812b
                0x00000000200053d4                balanceCommandHandle
                0x00000000200053d8                htim2
 COMMON         0x0000000020005418       0x40 build/stm32f4xx_hal_timebase_tim.o
                0x0000000020005418                htim7
 COMMON         0x0000000020005458       0xf0 build/visEffect.o
                0x0000000020005458                frameBuffer2
                0x0000000020005494                frameBuffer
 COMMON         0x0000000020005548      0x184 build/ws2812b.o
                0x0000000020005548                dmaCC2
                0x00000000200055a8                dmaCC1
                0x0000000020005608                dummy
                0x000000002000560c                ws2812bDmaBitBuffer
                0x000000002000566c                dmaUpdate
 COMMON         0x00000000200056cc        0x4 build/stm32f4xx_hal.o
                0x00000000200056cc                uwTick
 COMMON         0x00000000200056d0       0x40 build/queue.o
                0x00000000200056d0                xQueueRegistry
                0x0000000020005710                . = ALIGN (0x4)
                0x0000000020005710                _ebss = .
                0x0000000020005710                __bss_end__ = _ebss

._user_heap_stack
                0x0000000020005710      0x600 load address 0x0000000008007d08
                0x0000000020005710                . = ALIGN (0x8)
                [!provide]                        PROVIDE (end, .)
                [!provide]                        PROVIDE (_end, .)
                0x0000000020005910                . = (. + _Min_Heap_Size)
 *fill*         0x0000000020005710      0x200 
                0x0000000020005d10                . = (. + _Min_Stack_Size)
 *fill*         0x0000000020005910      0x400 
                0x0000000020005d10                . = ALIGN (0x8)

/DISCARD/
 libc.a(*)
 libm.a(*)
 libgcc.a(*)

.ARM.attributes
                0x0000000000000000       0x30
 *(.ARM.attributes)
 .ARM.attributes
                0x0000000000000000       0x22 /usr/lib/gcc/arm-none-eabi/6.3.1/thumb/v7e-m/fpv4-sp/hard/crti.o
 .ARM.attributes
                0x0000000000000022       0x34 /usr/lib/gcc/arm-none-eabi/6.3.1/thumb/v7e-m/fpv4-sp/hard/crtbegin.o
 .ARM.attributes
                0x0000000000000056       0x39 build/bms.o
 .ARM.attributes
                0x000000000000008f       0x39 build/can_setup.o
 .ARM.attributes
                0x00000000000000c8       0x39 build/main.o
 .ARM.attributes
                0x0000000000000101       0x39 build/stm32f4xx_hal_msp.o
 .ARM.attributes
                0x000000000000013a       0x39 build/stm32f4xx_hal_timebase_tim.o
 .ARM.attributes
                0x0000000000000173       0x39 build/stm32f4xx_it.o
 .ARM.attributes
                0x00000000000001ac       0x39 build/system_stm32f4xx.o
 .ARM.attributes
                0x00000000000001e5       0x39 build/visEffect.o
 .ARM.attributes
                0x000000000000021e       0x39 build/ws2812b.o
 .ARM.attributes
                0x0000000000000257       0x39 build/stm32f4xx_hal.o
 .ARM.attributes
                0x0000000000000290       0x39 build/stm32f4xx_hal_can.o
 .ARM.attributes
                0x00000000000002c9       0x39 build/stm32f4xx_hal_cortex.o
 .ARM.attributes
                0x0000000000000302       0x39 build/stm32f4xx_hal_dma.o
 .ARM.attributes
                0x000000000000033b       0x39 build/stm32f4xx_hal_gpio.o
 .ARM.attributes
                0x0000000000000374       0x39 build/stm32f4xx_hal_iwdg.o
 .ARM.attributes
                0x00000000000003ad       0x39 build/stm32f4xx_hal_rcc.o
 .ARM.attributes
                0x00000000000003e6       0x39 build/stm32f4xx_hal_rcc_ex.o
 .ARM.attributes
                0x000000000000041f       0x39 build/stm32f4xx_hal_tim.o
 .ARM.attributes
                0x0000000000000458       0x39 build/stm32f4xx_hal_tim_ex.o
 .ARM.attributes
                0x0000000000000491       0x39 build/cmsis_os2.o
 .ARM.attributes
                0x00000000000004ca       0x39 build/list.o
 .ARM.attributes
                0x0000000000000503       0x39 build/port.o
 .ARM.attributes
                0x000000000000053c       0x39 build/heap_4.o
 .ARM.attributes
                0x0000000000000575       0x39 build/queue.o
 .ARM.attributes
                0x00000000000005ae       0x39 build/tasks.o
 .ARM.attributes
                0x00000000000005e7       0x39 build/timers.o
 .ARM.attributes
                0x0000000000000620       0x21 build/startup_stm32f413xx.o
 .ARM.attributes
                0x0000000000000641       0x34 /usr/lib/gcc/arm-none-eabi/6.3.1/../../../arm-none-eabi/lib/thumb/v7e-m/fpv4-sp/hard/libc.a(lib_a-atexit.o)
 .ARM.attributes
                0x0000000000000675       0x34 /usr/lib/gcc/arm-none-eabi/6.3.1/../../../arm-none-eabi/lib/thumb/v7e-m/fpv4-sp/hard/libc.a(lib_a-fini.o)
 .ARM.attributes
                0x00000000000006a9       0x34 /usr/lib/gcc/arm-none-eabi/6.3.1/../../../arm-none-eabi/lib/thumb/v7e-m/fpv4-sp/hard/libc.a(lib_a-impure.o)
 .ARM.attributes
                0x00000000000006dd       0x34 /usr/lib/gcc/arm-none-eabi/6.3.1/../../../arm-none-eabi/lib/thumb/v7e-m/fpv4-sp/hard/libc.a(lib_a-init.o)
 .ARM.attributes
                0x0000000000000711       0x20 /usr/lib/gcc/arm-none-eabi/6.3.1/../../../arm-none-eabi/lib/thumb/v7e-m/fpv4-sp/hard/libc.a(lib_a-memcpy.o)
 .ARM.attributes
                0x0000000000000731       0x34 /usr/lib/gcc/arm-none-eabi/6.3.1/../../../arm-none-eabi/lib/thumb/v7e-m/fpv4-sp/hard/libc.a(lib_a-memset.o)
 .ARM.attributes
                0x0000000000000765       0x34 /usr/lib/gcc/arm-none-eabi/6.3.1/../../../arm-none-eabi/lib/thumb/v7e-m/fpv4-sp/hard/libc.a(lib_a-rand.o)
 .ARM.attributes
                0x0000000000000799       0x34 /usr/lib/gcc/arm-none-eabi/6.3.1/../../../arm-none-eabi/lib/thumb/v7e-m/fpv4-sp/hard/libc.a(lib_a-__atexit.o)
 .ARM.attributes
                0x00000000000007cd       0x34 /usr/lib/gcc/arm-none-eabi/6.3.1/../../../arm-none-eabi/lib/thumb/v7e-m/fpv4-sp/hard/libc.a(lib_a-__call_atexit.o)
 .ARM.attributes
                0x0000000000000801       0x22 /usr/lib/gcc/arm-none-eabi/6.3.1/thumb/v7e-m/fpv4-sp/hard/libgcc.a(_arm_addsubdf3.o)
 .ARM.attributes
                0x0000000000000823       0x22 /usr/lib/gcc/arm-none-eabi/6.3.1/thumb/v7e-m/fpv4-sp/hard/libgcc.a(_arm_muldivdf3.o)
 .ARM.attributes
                0x0000000000000845       0x22 /usr/lib/gcc/arm-none-eabi/6.3.1/thumb/v7e-m/fpv4-sp/hard/libgcc.a(_arm_fixunsdfsi.o)
 .ARM.attributes
                0x0000000000000867       0x22 /usr/lib/gcc/arm-none-eabi/6.3.1/thumb/v7e-m/fpv4-sp/hard/libgcc.a(_aeabi_uldivmod.o)
 .ARM.attributes
                0x0000000000000889       0x34 /usr/lib/gcc/arm-none-eabi/6.3.1/thumb/v7e-m/fpv4-sp/hard/libgcc.a(_udivmoddi4.o)
 .ARM.attributes
                0x00000000000008bd       0x22 /usr/lib/gcc/arm-none-eabi/6.3.1/thumb/v7e-m/fpv4-sp/hard/libgcc.a(_dvmd_tls.o)
 .ARM.attributes
                0x00000000000008df       0x34 /usr/lib/gcc/arm-none-eabi/6.3.1/thumb/v7e-m/fpv4-sp/hard/crtend.o
 .ARM.attributes
                0x0000000000000913       0x22 /usr/lib/gcc/arm-none-eabi/6.3.1/thumb/v7e-m/fpv4-sp/hard/crtn.o
OUTPUT(build/BMS_ALT.elf elf32-littlearm)

.comment        0x0000000000000000       0x31
 .comment       0x0000000000000000       0x31 /usr/lib/gcc/arm-none-eabi/6.3.1/thumb/v7e-m/fpv4-sp/hard/crtbegin.o
                                         0x32 (size before relaxing)
 .comment       0x0000000000000031       0x32 build/bms.o
 .comment       0x0000000000000031       0x32 build/can_setup.o
 .comment       0x0000000000000031       0x32 build/main.o
 .comment       0x0000000000000031       0x32 build/stm32f4xx_hal_msp.o
 .comment       0x0000000000000031       0x32 build/stm32f4xx_hal_timebase_tim.o
 .comment       0x0000000000000031       0x32 build/stm32f4xx_it.o
 .comment       0x0000000000000031       0x32 build/system_stm32f4xx.o
 .comment       0x0000000000000031       0x32 build/visEffect.o
 .comment       0x0000000000000031       0x32 build/ws2812b.o
 .comment       0x0000000000000031       0x32 build/stm32f4xx_hal.o
 .comment       0x0000000000000031       0x32 build/stm32f4xx_hal_can.o
 .comment       0x0000000000000031       0x32 build/stm32f4xx_hal_cortex.o
 .comment       0x0000000000000031       0x32 build/stm32f4xx_hal_dma.o
 .comment       0x0000000000000031       0x32 build/stm32f4xx_hal_gpio.o
 .comment       0x0000000000000031       0x32 build/stm32f4xx_hal_iwdg.o
 .comment       0x0000000000000031       0x32 build/stm32f4xx_hal_rcc.o
 .comment       0x0000000000000031       0x32 build/stm32f4xx_hal_rcc_ex.o
 .comment       0x0000000000000031       0x32 build/stm32f4xx_hal_tim.o
 .comment       0x0000000000000031       0x32 build/stm32f4xx_hal_tim_ex.o
 .comment       0x0000000000000031       0x32 build/cmsis_os2.o
 .comment       0x0000000000000031       0x32 build/list.o
 .comment       0x0000000000000031       0x32 build/port.o
 .comment       0x0000000000000031       0x32 build/heap_4.o
 .comment       0x0000000000000031       0x32 build/queue.o
 .comment       0x0000000000000031       0x32 build/tasks.o
 .comment       0x0000000000000031       0x32 build/timers.o
 .comment       0x0000000000000031       0x32 /usr/lib/gcc/arm-none-eabi/6.3.1/../../../arm-none-eabi/lib/thumb/v7e-m/fpv4-sp/hard/libc.a(lib_a-atexit.o)
 .comment       0x0000000000000031       0x32 /usr/lib/gcc/arm-none-eabi/6.3.1/../../../arm-none-eabi/lib/thumb/v7e-m/fpv4-sp/hard/libc.a(lib_a-fini.o)
 .comment       0x0000000000000031       0x32 /usr/lib/gcc/arm-none-eabi/6.3.1/../../../arm-none-eabi/lib/thumb/v7e-m/fpv4-sp/hard/libc.a(lib_a-impure.o)
 .comment       0x0000000000000031       0x32 /usr/lib/gcc/arm-none-eabi/6.3.1/../../../arm-none-eabi/lib/thumb/v7e-m/fpv4-sp/hard/libc.a(lib_a-init.o)
 .comment       0x0000000000000031       0x32 /usr/lib/gcc/arm-none-eabi/6.3.1/../../../arm-none-eabi/lib/thumb/v7e-m/fpv4-sp/hard/libc.a(lib_a-memset.o)
 .comment       0x0000000000000031       0x32 /usr/lib/gcc/arm-none-eabi/6.3.1/../../../arm-none-eabi/lib/thumb/v7e-m/fpv4-sp/hard/libc.a(lib_a-rand.o)
 .comment       0x0000000000000031       0x32 /usr/lib/gcc/arm-none-eabi/6.3.1/../../../arm-none-eabi/lib/thumb/v7e-m/fpv4-sp/hard/libc.a(lib_a-__atexit.o)
 .comment       0x0000000000000031       0x32 /usr/lib/gcc/arm-none-eabi/6.3.1/../../../arm-none-eabi/lib/thumb/v7e-m/fpv4-sp/hard/libc.a(lib_a-__call_atexit.o)
 .comment       0x0000000000000031       0x32 /usr/lib/gcc/arm-none-eabi/6.3.1/thumb/v7e-m/fpv4-sp/hard/libgcc.a(_udivmoddi4.o)
 .comment       0x0000000000000031       0x32 /usr/lib/gcc/arm-none-eabi/6.3.1/thumb/v7e-m/fpv4-sp/hard/crtend.o

.debug_info     0x0000000000000000    0x2cca3
 .debug_info    0x0000000000000000     0x1db1 build/bms.o
 .debug_info    0x0000000000001db1     0x1c24 build/can_setup.o
 .debug_info    0x00000000000039d5     0x307e build/main.o
 .debug_info    0x0000000000006a53     0x162d build/stm32f4xx_hal_msp.o
 .debug_info    0x0000000000008080      0xd82 build/stm32f4xx_hal_timebase_tim.o
 .debug_info    0x0000000000008e02     0x1ab5 build/stm32f4xx_it.o
 .debug_info    0x000000000000a8b7      0x61e build/system_stm32f4xx.o
 .debug_info    0x000000000000aed5     0x13f1 build/visEffect.o
 .debug_info    0x000000000000c2c6     0x1f68 build/ws2812b.o
 .debug_info    0x000000000000e22e      0xb63 build/stm32f4xx_hal.o
 .debug_info    0x000000000000ed91     0x1276 build/stm32f4xx_hal_can.o
 .debug_info    0x0000000000010007     0x10c4 build/stm32f4xx_hal_cortex.o
 .debug_info    0x00000000000110cb      0xb46 build/stm32f4xx_hal_dma.o
 .debug_info    0x0000000000011c11      0x8e3 build/stm32f4xx_hal_gpio.o
 .debug_info    0x00000000000124f4      0x2f9 build/stm32f4xx_hal_iwdg.o
 .debug_info    0x00000000000127ed      0xbc8 build/stm32f4xx_hal_rcc.o
 .debug_info    0x00000000000133b5      0xb33 build/stm32f4xx_hal_rcc_ex.o
 .debug_info    0x0000000000013ee8     0x34d0 build/stm32f4xx_hal_tim.o
 .debug_info    0x00000000000173b8     0x194c build/stm32f4xx_hal_tim_ex.o
 .debug_info    0x0000000000018d04     0x4e0e build/cmsis_os2.o
 .debug_info    0x000000000001db12      0xbd6 build/list.o
 .debug_info    0x000000000001e6e8      0x5b3 build/port.o
 .debug_info    0x000000000001ec9b      0xd6a build/heap_4.o
 .debug_info    0x000000000001fa05     0x2f34 build/queue.o
 .debug_info    0x0000000000022939     0x371a build/tasks.o
 .debug_info    0x0000000000026053     0x221d build/timers.o
 .debug_info    0x0000000000028270       0x52 build/startup_stm32f413xx.o
 .debug_info    0x00000000000282c2      0x907 /usr/lib/gcc/arm-none-eabi/6.3.1/../../../arm-none-eabi/lib/thumb/v7e-m/fpv4-sp/hard/libc.a(lib_a-atexit.o)
 .debug_info    0x0000000000028bc9       0xfa /usr/lib/gcc/arm-none-eabi/6.3.1/../../../arm-none-eabi/lib/thumb/v7e-m/fpv4-sp/hard/libc.a(lib_a-fini.o)
 .debug_info    0x0000000000028cc3      0x8a5 /usr/lib/gcc/arm-none-eabi/6.3.1/../../../arm-none-eabi/lib/thumb/v7e-m/fpv4-sp/hard/libc.a(lib_a-impure.o)
 .debug_info    0x0000000000029568      0x110 /usr/lib/gcc/arm-none-eabi/6.3.1/../../../arm-none-eabi/lib/thumb/v7e-m/fpv4-sp/hard/libc.a(lib_a-init.o)
 .debug_info    0x0000000000029678       0xdc /usr/lib/gcc/arm-none-eabi/6.3.1/../../../arm-none-eabi/lib/thumb/v7e-m/fpv4-sp/hard/libc.a(lib_a-memcpy.o)
 .debug_info    0x0000000000029754      0x91b /usr/lib/gcc/arm-none-eabi/6.3.1/../../../arm-none-eabi/lib/thumb/v7e-m/fpv4-sp/hard/libc.a(lib_a-memset.o)
 .debug_info    0x000000000002a06f      0x8e6 /usr/lib/gcc/arm-none-eabi/6.3.1/../../../arm-none-eabi/lib/thumb/v7e-m/fpv4-sp/hard/libc.a(lib_a-rand.o)
 .debug_info    0x000000000002a955      0x950 /usr/lib/gcc/arm-none-eabi/6.3.1/../../../arm-none-eabi/lib/thumb/v7e-m/fpv4-sp/hard/libc.a(lib_a-__atexit.o)
 .debug_info    0x000000000002b2a5      0x9bc /usr/lib/gcc/arm-none-eabi/6.3.1/../../../arm-none-eabi/lib/thumb/v7e-m/fpv4-sp/hard/libc.a(lib_a-__call_atexit.o)
 .debug_info    0x000000000002bc61       0xd4 /usr/lib/gcc/arm-none-eabi/6.3.1/thumb/v7e-m/fpv4-sp/hard/libgcc.a(_arm_addsubdf3.o)
 .debug_info    0x000000000002bd35       0xd4 /usr/lib/gcc/arm-none-eabi/6.3.1/thumb/v7e-m/fpv4-sp/hard/libgcc.a(_arm_muldivdf3.o)
 .debug_info    0x000000000002be09       0xd4 /usr/lib/gcc/arm-none-eabi/6.3.1/thumb/v7e-m/fpv4-sp/hard/libgcc.a(_arm_fixunsdfsi.o)
 .debug_info    0x000000000002bedd       0xcf /usr/lib/gcc/arm-none-eabi/6.3.1/thumb/v7e-m/fpv4-sp/hard/libgcc.a(_aeabi_uldivmod.o)
 .debug_info    0x000000000002bfac      0xc24 /usr/lib/gcc/arm-none-eabi/6.3.1/thumb/v7e-m/fpv4-sp/hard/libgcc.a(_udivmoddi4.o)
 .debug_info    0x000000000002cbd0       0xd3 /usr/lib/gcc/arm-none-eabi/6.3.1/thumb/v7e-m/fpv4-sp/hard/libgcc.a(_dvmd_tls.o)

.debug_abbrev   0x0000000000000000     0x543c
 .debug_abbrev  0x0000000000000000      0x3b1 build/bms.o
 .debug_abbrev  0x00000000000003b1      0x26a build/can_setup.o
 .debug_abbrev  0x000000000000061b      0x330 build/main.o
 .debug_abbrev  0x000000000000094b      0x24a build/stm32f4xx_hal_msp.o
 .debug_abbrev  0x0000000000000b95      0x1ec build/stm32f4xx_hal_timebase_tim.o
 .debug_abbrev  0x0000000000000d81      0x265 build/stm32f4xx_it.o
 .debug_abbrev  0x0000000000000fe6      0x128 build/system_stm32f4xx.o
 .debug_abbrev  0x000000000000110e      0x29b build/visEffect.o
 .debug_abbrev  0x00000000000013a9      0x33c build/ws2812b.o
 .debug_abbrev  0x00000000000016e5      0x1eb build/stm32f4xx_hal.o
 .debug_abbrev  0x00000000000018d0      0x26a build/stm32f4xx_hal_can.o
 .debug_abbrev  0x0000000000001b3a      0x33b build/stm32f4xx_hal_cortex.o
 .debug_abbrev  0x0000000000001e75      0x2aa build/stm32f4xx_hal_dma.o
 .debug_abbrev  0x000000000000211f      0x21a build/stm32f4xx_hal_gpio.o
 .debug_abbrev  0x0000000000002339      0x154 build/stm32f4xx_hal_iwdg.o
 .debug_abbrev  0x000000000000248d      0x28b build/stm32f4xx_hal_rcc.o
 .debug_abbrev  0x0000000000002718      0x1c7 build/stm32f4xx_hal_rcc_ex.o
 .debug_abbrev  0x00000000000028df      0x270 build/stm32f4xx_hal_tim.o
 .debug_abbrev  0x0000000000002b4f      0x281 build/stm32f4xx_hal_tim_ex.o
 .debug_abbrev  0x0000000000002dd0      0x45d build/cmsis_os2.o
 .debug_abbrev  0x000000000000322d      0x215 build/list.o
 .debug_abbrev  0x0000000000003442      0x257 build/port.o
 .debug_abbrev  0x0000000000003699      0x309 build/heap_4.o
 .debug_abbrev  0x00000000000039a2      0x3dc build/queue.o
 .debug_abbrev  0x0000000000003d7e      0x3e8 build/tasks.o
 .debug_abbrev  0x0000000000004166      0x386 build/timers.o
 .debug_abbrev  0x00000000000044ec       0x12 build/startup_stm32f413xx.o
 .debug_abbrev  0x00000000000044fe      0x1f6 /usr/lib/gcc/arm-none-eabi/6.3.1/../../../arm-none-eabi/lib/thumb/v7e-m/fpv4-sp/hard/libc.a(lib_a-atexit.o)
 .debug_abbrev  0x00000000000046f4       0xbd /usr/lib/gcc/arm-none-eabi/6.3.1/../../../arm-none-eabi/lib/thumb/v7e-m/fpv4-sp/hard/libc.a(lib_a-fini.o)
 .debug_abbrev  0x00000000000047b1      0x189 /usr/lib/gcc/arm-none-eabi/6.3.1/../../../arm-none-eabi/lib/thumb/v7e-m/fpv4-sp/hard/libc.a(lib_a-impure.o)
 .debug_abbrev  0x000000000000493a       0xba /usr/lib/gcc/arm-none-eabi/6.3.1/../../../arm-none-eabi/lib/thumb/v7e-m/fpv4-sp/hard/libc.a(lib_a-init.o)
 .debug_abbrev  0x00000000000049f4       0x14 /usr/lib/gcc/arm-none-eabi/6.3.1/../../../arm-none-eabi/lib/thumb/v7e-m/fpv4-sp/hard/libc.a(lib_a-memcpy.o)
 .debug_abbrev  0x0000000000004a08      0x1cd /usr/lib/gcc/arm-none-eabi/6.3.1/../../../arm-none-eabi/lib/thumb/v7e-m/fpv4-sp/hard/libc.a(lib_a-memset.o)
 .debug_abbrev  0x0000000000004bd5      0x1e7 /usr/lib/gcc/arm-none-eabi/6.3.1/../../../arm-none-eabi/lib/thumb/v7e-m/fpv4-sp/hard/libc.a(lib_a-rand.o)
 .debug_abbrev  0x0000000000004dbc      0x220 /usr/lib/gcc/arm-none-eabi/6.3.1/../../../arm-none-eabi/lib/thumb/v7e-m/fpv4-sp/hard/libc.a(lib_a-__atexit.o)
 .debug_abbrev  0x0000000000004fdc      0x270 /usr/lib/gcc/arm-none-eabi/6.3.1/../../../arm-none-eabi/lib/thumb/v7e-m/fpv4-sp/hard/libc.a(lib_a-__call_atexit.o)
 .debug_abbrev  0x000000000000524c       0x14 /usr/lib/gcc/arm-none-eabi/6.3.1/thumb/v7e-m/fpv4-sp/hard/libgcc.a(_arm_addsubdf3.o)
 .debug_abbrev  0x0000000000005260       0x14 /usr/lib/gcc/arm-none-eabi/6.3.1/thumb/v7e-m/fpv4-sp/hard/libgcc.a(_arm_muldivdf3.o)
 .debug_abbrev  0x0000000000005274       0x14 /usr/lib/gcc/arm-none-eabi/6.3.1/thumb/v7e-m/fpv4-sp/hard/libgcc.a(_arm_fixunsdfsi.o)
 .debug_abbrev  0x0000000000005288       0x14 /usr/lib/gcc/arm-none-eabi/6.3.1/thumb/v7e-m/fpv4-sp/hard/libgcc.a(_aeabi_uldivmod.o)
 .debug_abbrev  0x000000000000529c      0x18c /usr/lib/gcc/arm-none-eabi/6.3.1/thumb/v7e-m/fpv4-sp/hard/libgcc.a(_udivmoddi4.o)
 .debug_abbrev  0x0000000000005428       0x14 /usr/lib/gcc/arm-none-eabi/6.3.1/thumb/v7e-m/fpv4-sp/hard/libgcc.a(_dvmd_tls.o)

.debug_loc      0x0000000000000000    0x15ff5
 .debug_loc     0x0000000000000000      0xc12 build/bms.o
 .debug_loc     0x0000000000000c12      0x29f build/can_setup.o
 .debug_loc     0x0000000000000eb1      0x37d build/main.o
 .debug_loc     0x000000000000122e      0x2cc build/stm32f4xx_hal_msp.o
 .debug_loc     0x00000000000014fa       0xae build/stm32f4xx_hal_timebase_tim.o
 .debug_loc     0x00000000000015a8      0x100 build/stm32f4xx_it.o
 .debug_loc     0x00000000000016a8      0x13e build/system_stm32f4xx.o
 .debug_loc     0x00000000000017e6      0x2ce build/visEffect.o
 .debug_loc     0x0000000000001ab4      0x4fb build/ws2812b.o
 .debug_loc     0x0000000000001faf      0x1ad build/stm32f4xx_hal.o
 .debug_loc     0x000000000000215c      0xdbb build/stm32f4xx_hal_can.o
 .debug_loc     0x0000000000002f17      0x6a6 build/stm32f4xx_hal_cortex.o
 .debug_loc     0x00000000000035bd      0xc1d build/stm32f4xx_hal_dma.o
 .debug_loc     0x00000000000041da      0x4fd build/stm32f4xx_hal_gpio.o
 .debug_loc     0x00000000000046d7       0x97 build/stm32f4xx_hal_iwdg.o
 .debug_loc     0x000000000000476e      0x55c build/stm32f4xx_hal_rcc.o
 .debug_loc     0x0000000000004cca      0x900 build/stm32f4xx_hal_rcc_ex.o
 .debug_loc     0x00000000000055ca     0x4343 build/stm32f4xx_hal_tim.o
 .debug_loc     0x000000000000990d     0x16b9 build/stm32f4xx_hal_tim_ex.o
 .debug_loc     0x000000000000afc6     0x4692 build/cmsis_os2.o
 .debug_loc     0x000000000000f658       0x9c build/list.o
 .debug_loc     0x000000000000f6f4      0x160 build/port.o
 .debug_loc     0x000000000000f854      0x324 build/heap_4.o
 .debug_loc     0x000000000000fb78     0x1ae9 build/queue.o
 .debug_loc     0x0000000000011661     0x251b build/tasks.o
 .debug_loc     0x0000000000013b7c     0x10c0 build/timers.o
 .debug_loc     0x0000000000014c3c       0x2c /usr/lib/gcc/arm-none-eabi/6.3.1/../../../arm-none-eabi/lib/thumb/v7e-m/fpv4-sp/hard/libc.a(lib_a-atexit.o)
 .debug_loc     0x0000000000014c68       0x5c /usr/lib/gcc/arm-none-eabi/6.3.1/../../../arm-none-eabi/lib/thumb/v7e-m/fpv4-sp/hard/libc.a(lib_a-fini.o)
 .debug_loc     0x0000000000014cc4       0xae /usr/lib/gcc/arm-none-eabi/6.3.1/../../../arm-none-eabi/lib/thumb/v7e-m/fpv4-sp/hard/libc.a(lib_a-init.o)
 .debug_loc     0x0000000000014d72      0x1bd /usr/lib/gcc/arm-none-eabi/6.3.1/../../../arm-none-eabi/lib/thumb/v7e-m/fpv4-sp/hard/libc.a(lib_a-memset.o)
 .debug_loc     0x0000000000014f2f       0x1f /usr/lib/gcc/arm-none-eabi/6.3.1/../../../arm-none-eabi/lib/thumb/v7e-m/fpv4-sp/hard/libc.a(lib_a-rand.o)
 .debug_loc     0x0000000000014f4e      0x197 /usr/lib/gcc/arm-none-eabi/6.3.1/../../../arm-none-eabi/lib/thumb/v7e-m/fpv4-sp/hard/libc.a(lib_a-__atexit.o)
 .debug_loc     0x00000000000150e5      0x199 /usr/lib/gcc/arm-none-eabi/6.3.1/../../../arm-none-eabi/lib/thumb/v7e-m/fpv4-sp/hard/libc.a(lib_a-__call_atexit.o)
 .debug_loc     0x000000000001527e      0xd77 /usr/lib/gcc/arm-none-eabi/6.3.1/thumb/v7e-m/fpv4-sp/hard/libgcc.a(_udivmoddi4.o)

.debug_aranges  0x0000000000000000     0x16e8
 .debug_aranges
                0x0000000000000000       0xd0 build/bms.o
 .debug_aranges
                0x00000000000000d0       0x48 build/can_setup.o
 .debug_aranges
                0x0000000000000118       0xa0 build/main.o
 .debug_aranges
                0x00000000000001b8       0x58 build/stm32f4xx_hal_msp.o
 .debug_aranges
                0x0000000000000210       0x30 build/stm32f4xx_hal_timebase_tim.o
 .debug_aranges
                0x0000000000000240       0x88 build/stm32f4xx_it.o
 .debug_aranges
                0x00000000000002c8       0x28 build/system_stm32f4xx.o
 .debug_aranges
                0x00000000000002f0       0x48 build/visEffect.o
 .debug_aranges
                0x0000000000000338       0x80 build/ws2812b.o
 .debug_aranges
                0x00000000000003b8       0xf0 build/stm32f4xx_hal.o
 .debug_aranges
                0x00000000000004a8      0x138 build/stm32f4xx_hal_can.o
 .debug_aranges
                0x00000000000005e0       0xa8 build/stm32f4xx_hal_cortex.o
 .debug_aranges
                0x0000000000000688       0x90 build/stm32f4xx_hal_dma.o
 .debug_aranges
                0x0000000000000718       0x58 build/stm32f4xx_hal_gpio.o
 .debug_aranges
                0x0000000000000770       0x28 build/stm32f4xx_hal_iwdg.o
 .debug_aranges
                0x0000000000000798       0x88 build/stm32f4xx_hal_rcc.o
 .debug_aranges
                0x0000000000000820       0x60 build/stm32f4xx_hal_rcc_ex.o
 .debug_aranges
                0x0000000000000880      0x3a8 build/stm32f4xx_hal_tim.o
 .debug_aranges
                0x0000000000000c28      0x150 build/stm32f4xx_hal_tim_ex.o
 .debug_aranges
                0x0000000000000d78      0x220 build/cmsis_os2.o
 .debug_aranges
                0x0000000000000f98       0x40 build/list.o
 .debug_aranges
                0x0000000000000fd8       0x80 build/port.o
 .debug_aranges
                0x0000000000001058       0x50 build/heap_4.o
 .debug_aranges
                0x00000000000010a8      0x158 build/queue.o
 .debug_aranges
                0x0000000000001200      0x1f8 build/tasks.o
 .debug_aranges
                0x00000000000013f8       0xe8 build/timers.o
 .debug_aranges
                0x00000000000014e0       0x28 build/startup_stm32f413xx.o
 .debug_aranges
                0x0000000000001508       0x20 /usr/lib/gcc/arm-none-eabi/6.3.1/../../../arm-none-eabi/lib/thumb/v7e-m/fpv4-sp/hard/libc.a(lib_a-atexit.o)
 .debug_aranges
                0x0000000000001528       0x20 /usr/lib/gcc/arm-none-eabi/6.3.1/../../../arm-none-eabi/lib/thumb/v7e-m/fpv4-sp/hard/libc.a(lib_a-fini.o)
 .debug_aranges
                0x0000000000001548       0x18 /usr/lib/gcc/arm-none-eabi/6.3.1/../../../arm-none-eabi/lib/thumb/v7e-m/fpv4-sp/hard/libc.a(lib_a-impure.o)
 .debug_aranges
                0x0000000000001560       0x20 /usr/lib/gcc/arm-none-eabi/6.3.1/../../../arm-none-eabi/lib/thumb/v7e-m/fpv4-sp/hard/libc.a(lib_a-init.o)
 .debug_aranges
                0x0000000000001580       0x20 /usr/lib/gcc/arm-none-eabi/6.3.1/../../../arm-none-eabi/lib/thumb/v7e-m/fpv4-sp/hard/libc.a(lib_a-memcpy.o)
 .debug_aranges
                0x00000000000015a0       0x20 /usr/lib/gcc/arm-none-eabi/6.3.1/../../../arm-none-eabi/lib/thumb/v7e-m/fpv4-sp/hard/libc.a(lib_a-memset.o)
 .debug_aranges
                0x00000000000015c0       0x20 /usr/lib/gcc/arm-none-eabi/6.3.1/../../../arm-none-eabi/lib/thumb/v7e-m/fpv4-sp/hard/libc.a(lib_a-rand.o)
 .debug_aranges
                0x00000000000015e0       0x20 /usr/lib/gcc/arm-none-eabi/6.3.1/../../../arm-none-eabi/lib/thumb/v7e-m/fpv4-sp/hard/libc.a(lib_a-__atexit.o)
 .debug_aranges
                0x0000000000001600       0x28 /usr/lib/gcc/arm-none-eabi/6.3.1/../../../arm-none-eabi/lib/thumb/v7e-m/fpv4-sp/hard/libc.a(lib_a-__call_atexit.o)
 .debug_aranges
                0x0000000000001628       0x20 /usr/lib/gcc/arm-none-eabi/6.3.1/thumb/v7e-m/fpv4-sp/hard/libgcc.a(_arm_addsubdf3.o)
 .debug_aranges
                0x0000000000001648       0x20 /usr/lib/gcc/arm-none-eabi/6.3.1/thumb/v7e-m/fpv4-sp/hard/libgcc.a(_arm_muldivdf3.o)
 .debug_aranges
                0x0000000000001668       0x20 /usr/lib/gcc/arm-none-eabi/6.3.1/thumb/v7e-m/fpv4-sp/hard/libgcc.a(_arm_fixunsdfsi.o)
 .debug_aranges
                0x0000000000001688       0x20 /usr/lib/gcc/arm-none-eabi/6.3.1/thumb/v7e-m/fpv4-sp/hard/libgcc.a(_aeabi_uldivmod.o)
 .debug_aranges
                0x00000000000016a8       0x20 /usr/lib/gcc/arm-none-eabi/6.3.1/thumb/v7e-m/fpv4-sp/hard/libgcc.a(_udivmoddi4.o)
 .debug_aranges
                0x00000000000016c8       0x20 /usr/lib/gcc/arm-none-eabi/6.3.1/thumb/v7e-m/fpv4-sp/hard/libgcc.a(_dvmd_tls.o)

.debug_ranges   0x0000000000000000     0x17b8
 .debug_ranges  0x0000000000000000      0x150 build/bms.o
 .debug_ranges  0x0000000000000150       0x38 build/can_setup.o
 .debug_ranges  0x0000000000000188       0x90 build/main.o
 .debug_ranges  0x0000000000000218       0x48 build/stm32f4xx_hal_msp.o
 .debug_ranges  0x0000000000000260       0x20 build/stm32f4xx_hal_timebase_tim.o
 .debug_ranges  0x0000000000000280       0x78 build/stm32f4xx_it.o
 .debug_ranges  0x00000000000002f8       0x18 build/system_stm32f4xx.o
 .debug_ranges  0x0000000000000310       0x38 build/visEffect.o
 .debug_ranges  0x0000000000000348       0x70 build/ws2812b.o
 .debug_ranges  0x00000000000003b8       0xe0 build/stm32f4xx_hal.o
 .debug_ranges  0x0000000000000498      0x128 build/stm32f4xx_hal_can.o
 .debug_ranges  0x00000000000005c0       0xf8 build/stm32f4xx_hal_cortex.o
 .debug_ranges  0x00000000000006b8       0x80 build/stm32f4xx_hal_dma.o
 .debug_ranges  0x0000000000000738       0x48 build/stm32f4xx_hal_gpio.o
 .debug_ranges  0x0000000000000780       0x18 build/stm32f4xx_hal_iwdg.o
 .debug_ranges  0x0000000000000798       0x90 build/stm32f4xx_hal_rcc.o
 .debug_ranges  0x0000000000000828       0x68 build/stm32f4xx_hal_rcc_ex.o
 .debug_ranges  0x0000000000000890      0x398 build/stm32f4xx_hal_tim.o
 .debug_ranges  0x0000000000000c28      0x140 build/stm32f4xx_hal_tim_ex.o
 .debug_ranges  0x0000000000000d68      0x210 build/cmsis_os2.o
 .debug_ranges  0x0000000000000f78       0x30 build/list.o
 .debug_ranges  0x0000000000000fa8       0x70 build/port.o
 .debug_ranges  0x0000000000001018       0x40 build/heap_4.o
 .debug_ranges  0x0000000000001058      0x238 build/queue.o
 .debug_ranges  0x0000000000001290      0x328 build/tasks.o
 .debug_ranges  0x00000000000015b8       0xd8 build/timers.o
 .debug_ranges  0x0000000000001690       0x20 build/startup_stm32f413xx.o
 .debug_ranges  0x00000000000016b0       0x38 /usr/lib/gcc/arm-none-eabi/6.3.1/../../../arm-none-eabi/lib/thumb/v7e-m/fpv4-sp/hard/libc.a(lib_a-__call_atexit.o)
 .debug_ranges  0x00000000000016e8       0xd0 /usr/lib/gcc/arm-none-eabi/6.3.1/thumb/v7e-m/fpv4-sp/hard/libgcc.a(_udivmoddi4.o)

.debug_line     0x0000000000000000     0xa866
 .debug_line    0x0000000000000000      0x64e build/bms.o
 .debug_line    0x000000000000064e      0x2f0 build/can_setup.o
 .debug_line    0x000000000000093e      0x544 build/main.o
 .debug_line    0x0000000000000e82      0x30a build/stm32f4xx_hal_msp.o
 .debug_line    0x000000000000118c      0x1fa build/stm32f4xx_hal_timebase_tim.o
 .debug_line    0x0000000000001386      0x301 build/stm32f4xx_it.o
 .debug_line    0x0000000000001687      0x177 build/system_stm32f4xx.o
 .debug_line    0x00000000000017fe      0x2d9 build/visEffect.o
 .debug_line    0x0000000000001ad7      0x47f build/ws2812b.o
 .debug_line    0x0000000000001f56      0x388 build/stm32f4xx_hal.o
 .debug_line    0x00000000000022de      0x676 build/stm32f4xx_hal_can.o
 .debug_line    0x0000000000002954      0x3b6 build/stm32f4xx_hal_cortex.o
 .debug_line    0x0000000000002d0a      0x4af build/stm32f4xx_hal_dma.o
 .debug_line    0x00000000000031b9      0x30f build/stm32f4xx_hal_gpio.o
 .debug_line    0x00000000000034c8      0x1b9 build/stm32f4xx_hal_iwdg.o
 .debug_line    0x0000000000003681      0x442 build/stm32f4xx_hal_rcc.o
 .debug_line    0x0000000000003ac3      0x4de build/stm32f4xx_hal_rcc_ex.o
 .debug_line    0x0000000000003fa1     0x1426 build/stm32f4xx_hal_tim.o
 .debug_line    0x00000000000053c7      0x7f9 build/stm32f4xx_hal_tim_ex.o
 .debug_line    0x0000000000005bc0     0x1508 build/cmsis_os2.o
 .debug_line    0x00000000000070c8      0x243 build/list.o
 .debug_line    0x000000000000730b      0x2c8 build/port.o
 .debug_line    0x00000000000075d3      0x2eb build/heap_4.o
 .debug_line    0x00000000000078be      0xa6a build/queue.o
 .debug_line    0x0000000000008328      0xdfa build/tasks.o
 .debug_line    0x0000000000009122      0x586 build/timers.o
 .debug_line    0x00000000000096a8       0x73 build/startup_stm32f413xx.o
 .debug_line    0x000000000000971b      0x157 /usr/lib/gcc/arm-none-eabi/6.3.1/../../../arm-none-eabi/lib/thumb/v7e-m/fpv4-sp/hard/libc.a(lib_a-atexit.o)
 .debug_line    0x0000000000009872       0xa5 /usr/lib/gcc/arm-none-eabi/6.3.1/../../../arm-none-eabi/lib/thumb/v7e-m/fpv4-sp/hard/libc.a(lib_a-fini.o)
 .debug_line    0x0000000000009917       0xef /usr/lib/gcc/arm-none-eabi/6.3.1/../../../arm-none-eabi/lib/thumb/v7e-m/fpv4-sp/hard/libc.a(lib_a-impure.o)
 .debug_line    0x0000000000009a06       0xbe /usr/lib/gcc/arm-none-eabi/6.3.1/../../../arm-none-eabi/lib/thumb/v7e-m/fpv4-sp/hard/libc.a(lib_a-init.o)
 .debug_line    0x0000000000009ac4       0xc1 /usr/lib/gcc/arm-none-eabi/6.3.1/../../../arm-none-eabi/lib/thumb/v7e-m/fpv4-sp/hard/libc.a(lib_a-memcpy.o)
 .debug_line    0x0000000000009b85      0x17c /usr/lib/gcc/arm-none-eabi/6.3.1/../../../arm-none-eabi/lib/thumb/v7e-m/fpv4-sp/hard/libc.a(lib_a-memset.o)
 .debug_line    0x0000000000009d01      0x153 /usr/lib/gcc/arm-none-eabi/6.3.1/../../../arm-none-eabi/lib/thumb/v7e-m/fpv4-sp/hard/libc.a(lib_a-rand.o)
 .debug_line    0x0000000000009e54      0x18a /usr/lib/gcc/arm-none-eabi/6.3.1/../../../arm-none-eabi/lib/thumb/v7e-m/fpv4-sp/hard/libc.a(lib_a-__atexit.o)
 .debug_line    0x0000000000009fde      0x1b8 /usr/lib/gcc/arm-none-eabi/6.3.1/../../../arm-none-eabi/lib/thumb/v7e-m/fpv4-sp/hard/libc.a(lib_a-__call_atexit.o)
 .debug_line    0x000000000000a196      0x189 /usr/lib/gcc/arm-none-eabi/6.3.1/thumb/v7e-m/fpv4-sp/hard/libgcc.a(_arm_addsubdf3.o)
 .debug_line    0x000000000000a31f      0x1a5 /usr/lib/gcc/arm-none-eabi/6.3.1/thumb/v7e-m/fpv4-sp/hard/libgcc.a(_arm_muldivdf3.o)
 .debug_line    0x000000000000a4c4       0x7c /usr/lib/gcc/arm-none-eabi/6.3.1/thumb/v7e-m/fpv4-sp/hard/libgcc.a(_arm_fixunsdfsi.o)
 .debug_line    0x000000000000a540       0x67 /usr/lib/gcc/arm-none-eabi/6.3.1/thumb/v7e-m/fpv4-sp/hard/libgcc.a(_aeabi_uldivmod.o)
 .debug_line    0x000000000000a5a7      0x258 /usr/lib/gcc/arm-none-eabi/6.3.1/thumb/v7e-m/fpv4-sp/hard/libgcc.a(_udivmoddi4.o)
 .debug_line    0x000000000000a7ff       0x67 /usr/lib/gcc/arm-none-eabi/6.3.1/thumb/v7e-m/fpv4-sp/hard/libgcc.a(_dvmd_tls.o)

.debug_str      0x0000000000000000     0x89dc
 .debug_str     0x0000000000000000      0xc36 build/bms.o
                                        0xd2b (size before relaxing)
 .debug_str     0x0000000000000c36      0x6cd build/can_setup.o
                                       0x1252 (size before relaxing)
 .debug_str     0x0000000000001303     0x1007 build/main.o
                                       0x21ed (size before relaxing)