Archive member included to satisfy reference by file (symbol)

/usr/lib/gcc/arm-none-eabi/6.3.1/../../../arm-none-eabi/lib/thumb/v7e-m/fpv4-sp/hard/libc.a(lib_a-atexit.o)
                              /usr/lib/gcc/arm-none-eabi/6.3.1/../../../arm-none-eabi/lib/thumb/v7e-m/fpv4-sp/hard/crt0.o (atexit)
/usr/lib/gcc/arm-none-eabi/6.3.1/../../../arm-none-eabi/lib/thumb/v7e-m/fpv4-sp/hard/libc.a(lib_a-exit.o)
                              /usr/lib/gcc/arm-none-eabi/6.3.1/../../../arm-none-eabi/lib/thumb/v7e-m/fpv4-sp/hard/crt0.o (exit)
/usr/lib/gcc/arm-none-eabi/6.3.1/../../../arm-none-eabi/lib/thumb/v7e-m/fpv4-sp/hard/libc.a(lib_a-fini.o)
                              /usr/lib/gcc/arm-none-eabi/6.3.1/../../../arm-none-eabi/lib/thumb/v7e-m/fpv4-sp/hard/crt0.o (__libc_fini_array)
/usr/lib/gcc/arm-none-eabi/6.3.1/../../../arm-none-eabi/lib/thumb/v7e-m/fpv4-sp/hard/libc.a(lib_a-impure.o)
                              /usr/lib/gcc/arm-none-eabi/6.3.1/../../../arm-none-eabi/lib/thumb/v7e-m/fpv4-sp/hard/libc.a(lib_a-exit.o) (_global_impure_ptr)
/usr/lib/gcc/arm-none-eabi/6.3.1/../../../arm-none-eabi/lib/thumb/v7e-m/fpv4-sp/hard/libc.a(lib_a-init.o)
                              /usr/lib/gcc/arm-none-eabi/6.3.1/../../../arm-none-eabi/lib/thumb/v7e-m/fpv4-sp/hard/crt0.o (__libc_init_array)
/usr/lib/gcc/arm-none-eabi/6.3.1/../../../arm-none-eabi/lib/thumb/v7e-m/fpv4-sp/hard/libc.a(lib_a-memcpy.o)
                              build/cmsis_os2.o (memcpy)
/usr/lib/gcc/arm-none-eabi/6.3.1/../../../arm-none-eabi/lib/thumb/v7e-m/fpv4-sp/hard/libc.a(lib_a-memset.o)
                              /usr/lib/gcc/arm-none-eabi/6.3.1/../../../arm-none-eabi/lib/thumb/v7e-m/fpv4-sp/hard/crt0.o (memset)
/usr/lib/gcc/arm-none-eabi/6.3.1/../../../arm-none-eabi/lib/thumb/v7e-m/fpv4-sp/hard/libc.a(lib_a-rand.o)
                              build/visEffect.o (rand)
/usr/lib/gcc/arm-none-eabi/6.3.1/../../../arm-none-eabi/lib/thumb/v7e-m/fpv4-sp/hard/libc.a(lib_a-__atexit.o)
                              /usr/lib/gcc/arm-none-eabi/6.3.1/../../../arm-none-eabi/lib/thumb/v7e-m/fpv4-sp/hard/libc.a(lib_a-atexit.o) (__register_exitproc)
/usr/lib/gcc/arm-none-eabi/6.3.1/../../../arm-none-eabi/lib/thumb/v7e-m/fpv4-sp/hard/libc.a(lib_a-__call_atexit.o)
                              /usr/lib/gcc/arm-none-eabi/6.3.1/../../../arm-none-eabi/lib/thumb/v7e-m/fpv4-sp/hard/libc.a(lib_a-exit.o) (__call_exitprocs)
/usr/lib/gcc/arm-none-eabi/6.3.1/../../../arm-none-eabi/lib/thumb/v7e-m/fpv4-sp/hard/libnosys.a(_exit.o)
                              /usr/lib/gcc/arm-none-eabi/6.3.1/../../../arm-none-eabi/lib/thumb/v7e-m/fpv4-sp/hard/libc.a(lib_a-exit.o) (_exit)
/usr/lib/gcc/arm-none-eabi/6.3.1/thumb/v7e-m/fpv4-sp/hard/libgcc.a(_arm_addsubdf3.o)
                              build/bms.o (__aeabi_i2d)
/usr/lib/gcc/arm-none-eabi/6.3.1/thumb/v7e-m/fpv4-sp/hard/libgcc.a(_arm_muldivdf3.o)
                              build/bms.o (__aeabi_dmul)
/usr/lib/gcc/arm-none-eabi/6.3.1/thumb/v7e-m/fpv4-sp/hard/libgcc.a(_arm_cmpdf2.o)
                              build/bms.o (__aeabi_dcmpgt)
/usr/lib/gcc/arm-none-eabi/6.3.1/thumb/v7e-m/fpv4-sp/hard/libgcc.a(_arm_fixunsdfsi.o)
                              build/bms.o (__aeabi_d2uiz)
/usr/lib/gcc/arm-none-eabi/6.3.1/thumb/v7e-m/fpv4-sp/hard/libgcc.a(_aeabi_uldivmod.o)
                              build/stm32f4xx_hal_rcc.o (__aeabi_uldivmod)
/usr/lib/gcc/arm-none-eabi/6.3.1/thumb/v7e-m/fpv4-sp/hard/libgcc.a(_udivmoddi4.o)
                              /usr/lib/gcc/arm-none-eabi/6.3.1/thumb/v7e-m/fpv4-sp/hard/libgcc.a(_aeabi_uldivmod.o) (__udivmoddi4)
/usr/lib/gcc/arm-none-eabi/6.3.1/thumb/v7e-m/fpv4-sp/hard/libgcc.a(_dvmd_tls.o)
                              /usr/lib/gcc/arm-none-eabi/6.3.1/thumb/v7e-m/fpv4-sp/hard/libgcc.a(_aeabi_uldivmod.o) (__aeabi_ldiv0)

Allocating common symbols
Common symbol       size              file

processDataHandle   0x4               build/main.o
ccsPhase            0x8               build/lim.o
BMS                 0x1ec             build/bms.o
rxMsg3              0x1c              build/bms.o
sf4                 0x28              build/bms.o
defaultTaskHandle   0x4               build/main.o
ccsReady            0x2               build/lim.o
sf                  0x28              build/bms.o
charged             0x1               build/bms.o
canRx2              0x8               build/bms.o
canTx               0x8               build/bms.o
ccsRequest          0x2               build/lim.o
tim2OC2             0x1c              build/main.o
frameBuffer2        0x3c              build/visEffect.o
txMsgExt2           0x18              build/bms.o
timer_reset_pulse_period
                    0x4               build/main.o
rxMsg               0x1c              build/bms.o
txCycle3            0x4               build/bms.o
dmaCC2              0x60              build/ws2812b.o
sendCommandHandle   0x4               build/main.o
tim2OC1             0x1c              build/main.o
[...]
Memory Configuration

Name             Origin             Length             Attributes
RAM              0x0000000020000000 0x0000000000050000 xrw
FLASH            0x0000000008000000 0x0000000000100000 xr
*default*        0x0000000000000000 0xffffffffffffffff

Linker script and memory map

LOAD /usr/lib/gcc/arm-none-eabi/6.3.1/thumb/v7e-m/fpv4-sp/hard/crti.o
LOAD /usr/lib/gcc/arm-none-eabi/6.3.1/thumb/v7e-m/fpv4-sp/hard/crtbegin.o
LOAD /usr/lib/gcc/arm-none-eabi/6.3.1/../../../arm-none-eabi/lib/thumb/v7e-m/fpv4-sp/hard/crt0.o
LOAD build/bms.o
LOAD build/can_setup.o
LOAD build/freertos.o
LOAD build/lim.o
LOAD build/main.o
LOAD build/stm32f4xx_hal_msp.o
LOAD build/stm32f4xx_hal_timebase_tim.o
LOAD build/stm32f4xx_it.o
LOAD build/system_stm32f4xx.o
LOAD build/visEffect.o
LOAD build/ws2812b.o
LOAD build/stm32f4xx_hal.o
LOAD build/stm32f4xx_hal_can.o
LOAD build/stm32f4xx_hal_cortex.o
LOAD build/stm32f4xx_hal_dma.o
LOAD build/stm32f4xx_hal_dma_ex.o
LOAD build/stm32f4xx_hal_exti.o
LOAD build/stm32f4xx_hal_flash.o
LOAD build/stm32f4xx_hal_flash_ex.o
LOAD build/stm32f4xx_hal_flash_ramfunc.o
LOAD build/stm32f4xx_hal_gpio.o
LOAD build/stm32f4xx_hal_pwr.o
LOAD build/stm32f4xx_hal_pwr_ex.o
LOAD build/stm32f4xx_hal_rcc.o
LOAD build/stm32f4xx_hal_rcc_ex.o
LOAD build/stm32f4xx_hal_tim.o
LOAD build/stm32f4xx_hal_tim_ex.o
LOAD build/cmsis_os2.o
LOAD build/croutine.o
LOAD build/event_groups.o
LOAD build/list.o
LOAD build/port.o
LOAD build/heap_4.o
LOAD build/queue.o
LOAD build/stream_buffer.o
LOAD build/tasks.o
LOAD build/timers.o
LOAD build/startup_stm32f413xx.o
LOAD /usr/lib/gcc/arm-none-eabi/6.3.1/../../../arm-none-eabi/lib/thumb/v7e-m/fpv4-sp/hard/libc.a
LOAD /usr/lib/gcc/arm-none-eabi/6.3.1/../../../arm-none-eabi/lib/thumb/v7e-m/fpv4-sp/hard/libm.a
LOAD /usr/lib/gcc/arm-none-eabi/6.3.1/../../../arm-none-eabi/lib/thumb/v7e-m/fpv4-sp/hard/libnosys.a
START GROUP
LOAD /usr/lib/gcc/arm-none-eabi/6.3.1/thumb/v7e-m/fpv4-sp/hard/libgcc.a
LOAD /usr/lib/gcc/arm-none-eabi/6.3.1/../../../arm-none-eabi/lib/thumb/v7e-m/fpv4-sp/hard/libc.a
END GROUP
START GROUP
LOAD /usr/lib/gcc/arm-none-eabi/6.3.1/thumb/v7e-m/fpv4-sp/hard/libgcc.a
LOAD /usr/lib/gcc/arm-none-eabi/6.3.1/../../../arm-none-eabi/lib/thumb/v7e-m/fpv4-sp/hard/libc.a
LOAD /usr/lib/gcc/arm-none-eabi/6.3.1/../../../arm-none-eabi/lib/thumb/v7e-m/fpv4-sp/hard/libnosys.a
END GROUP
LOAD /usr/lib/gcc/arm-none-eabi/6.3.1/thumb/v7e-m/fpv4-sp/hard/crtend.o
LOAD /usr/lib/gcc/arm-none-eabi/6.3.1/thumb/v7e-m/fpv4-sp/hard/crtn.o
                0x0000000020050000                _estack = 0x20050000
                0x0000000000000200                _Min_Heap_Size = 0x200
                0x0000000000000400                _Min_Stack_Size = 0x400

.isr_vector     0x0000000008000000      0x1d8
                0x0000000008000000                . = ALIGN (0x4)
 *(.isr_vector)
 .isr_vector    0x0000000008000000      0x1d8 build/startup_stm32f413xx.o
                0x0000000008000000                g_pfnVectors
                0x00000000080001d8                . = ALIGN (0x4)

.text           0x00000000080001e0     0x6d74
                0x00000000080001e0                . = ALIGN (0x4)
 *(.text)
 .text          0x00000000080001e0       0xa4 /usr/lib/gcc/arm-none-eabi/6.3.1/thumb/v7e-m/fpv4-sp/hard/crtbegin.o
 .text          0x0000000008000284        0xc /usr/lib/gcc/arm-none-eabi/6.3.1/../../../arm-none-eabi/lib/thumb/v7e-m/fpv4-sp/hard/libc.a(lib_a-atexit.o)
                0x0000000008000284                atexit
 .text          0x0000000008000290       0x34 /usr/lib/gcc/arm-none-eabi/6.3.1/../../../arm-none-eabi/lib/thumb/v7e-m/fpv4-sp/hard/libc.a(lib_a-fini.o)
                0x0000000008000290                __libc_fini_array
 .text          0x00000000080002c4       0x50 /usr/lib/gcc/arm-none-eabi/6.3.1/../../../arm-none-eabi/lib/thumb/v7e-m/fpv4-sp/hard/libc.a(lib_a-init.o)
                0x00000000080002c4                __libc_init_array
 .text          0x0000000008000314      0x134 /usr/lib/gcc/arm-none-eabi/6.3.1/../../../arm-none-eabi/lib/thumb/v7e-m/fpv4-sp/hard/libc.a(lib_a-memcpy.o)
                0x0000000008000314                memcpy
 .text          0x0000000008000448       0x9c /usr/lib/gcc/arm-none-eabi/6.3.1/../../../arm-none-eabi/lib/thumb/v7e-m/fpv4-sp/hard/libc.a(lib_a-memset.o)
                0x0000000008000448                memset
 .text          0x00000000080004e4       0x54 /usr/lib/gcc/arm-none-eabi/6.3.1/../../../arm-none-eabi/lib/thumb/v7e-m/fpv4-sp/hard/libc.a(lib_a-rand.o)
                0x00000000080004e4                srand
                0x00000000080004f8                rand
 .text          0x0000000008000538       0xa4 /usr/lib/gcc/arm-none-eabi/6.3.1/../../../arm-none-eabi/lib/thumb/v7e-m/fpv4-sp/hard/libc.a(lib_a-__atexit.o)
                0x0000000008000538                __register_exitproc
 .text          0x00000000080005dc      0x370 /usr/lib/gcc/arm-none-eabi/6.3.1/thumb/v7e-m/fpv4-sp/hard/libgcc.a(_arm_addsubdf3.o)
                0x00000000080005dc                __aeabi_drsub
                0x00000000080005e4                __aeabi_dsub
                0x00000000080005e4                __subdf3
                0x00000000080005e8                __adddf3
                0x00000000080005e8                __aeabi_dadd
                0x0000000008000860                __aeabi_ui2d
                0x0000000008000860                __floatunsidf
                0x0000000008000880                __floatsidf
                0x0000000008000880                __aeabi_i2d
                0x00000000080008a4                __extendsfdf2
                0x00000000080008a4                __aeabi_f2d
                0x00000000080008e0                __aeabi_ul2d
                0x00000000080008e0                __floatundidf
                0x00000000080008f0                __floatdidf
                0x00000000080008f0                __aeabi_l2d
 .text          0x000000000800094c      0x424 /usr/lib/gcc/arm-none-eabi/6.3.1/thumb/v7e-m/fpv4-sp/hard/libgcc.a(_arm_muldivdf3.o)
                0x000000000800094c                __aeabi_dmul
                0x000000000800094c                __muldf3
                0x0000000008000ba0                __aeabi_ddiv
                0x0000000008000ba0                __divdf3
 .text          0x0000000008000d70      0x110 /usr/lib/gcc/arm-none-eabi/6.3.1/thumb/v7e-m/fpv4-sp/hard/libgcc.a(_arm_cmpdf2.o)
                0x0000000008000d70                __gtdf2
                0x0000000008000d70                __gedf2
                0x0000000008000d78                __ltdf2
                0x0000000008000d78                __ledf2
                0x0000000008000d80                __cmpdf2
                0x0000000008000d80                __eqdf2
                0x0000000008000d80                __nedf2
                0x0000000008000dfc                __aeabi_cdrcmple
                0x0000000008000e0c                __aeabi_cdcmple
                0x0000000008000e0c                __aeabi_cdcmpeq
                0x0000000008000e1c                __aeabi_dcmpeq
                0x0000000008000e30                __aeabi_dcmplt
                0x0000000008000e44                __aeabi_dcmple
                0x0000000008000e58                __aeabi_dcmpge
                0x0000000008000e6c                __aeabi_dcmpgt
 .text          0x0000000008000e80       0x40 /usr/lib/gcc/arm-none-eabi/6.3.1/thumb/v7e-m/fpv4-sp/hard/libgcc.a(_arm_fixunsdfsi.o)
                0x0000000008000e80                __fixunsdfsi
                0x0000000008000e80                __aeabi_d2uiz
 .text          0x0000000008000ec0       0x30 /usr/lib/gcc/arm-none-eabi/6.3.1/thumb/v7e-m/fpv4-sp/hard/libgcc.a(_aeabi_uldivmod.o)
                0x0000000008000ec0                __aeabi_uldivmod
 .text          0x0000000008000ef0      0x2dc /usr/lib/gcc/arm-none-eabi/6.3.1/thumb/v7e-m/fpv4-sp/hard/libgcc.a(_udivmoddi4.o)
                0x0000000008000ef0                __udivmoddi4
 .text          0x00000000080011cc        0x4 /usr/lib/gcc/arm-none-eabi/6.3.1/thumb/v7e-m/fpv4-sp/hard/libgcc.a(_dvmd_tls.o)
                0x00000000080011cc                __aeabi_ldiv0
                0x00000000080011cc                __aeabi_idiv0
 *(.text*)
 .text.getSOC   0x00000000080011d0       0x5c build/bms.o
 .text.getHighCellVolt
                0x000000000800122c       0x22 build/bms.o
 .text.getHighCellTemp
                0x000000000800124e       0x2a build/bms.o
 .text.getLowCellTemp
                0x0000000008001278       0x26 build/bms.o
 *fill*         0x000000000800129e        0x2 
 .text.getAvgCellTemp
                0x00000000080012a0       0x44 build/bms.o
 .text.getTempDelta
                0x00000000080012e4       0x10 build/bms.o
 .text.getCellDelta
                0x00000000080012f4       0x10 build/bms.o
 .text.getLowCellVolt
                0x0000000008001304       0x26 build/bms.o
 *fill*         0x000000000800132a        0x2 
 .text.getAvgCellVolt
                0x000000000800132c       0x28 build/bms.o
 .text.getPackVolt
                0x0000000008001354       0x24 build/bms.o
 .text.getCellCount
                0x0000000008001378       0x3c build/bms.o
 .text.initBMS  0x00000000080013b4       0x30 build/bms.o
                0x00000000080013b4                initBMS
 .text.bmsStateHandler
                0x00000000080013e4       0xf8 build/bms.o
                0x00000000080013e4                bmsStateHandler
 .text.acChargeCommand
                0x00000000080014dc       0xa4 build/bms.o
                0x00000000080014dc                acChargeCommand
 .text.sendCommand
                0x0000000008001580       0x44 build/bms.o
                0x0000000008001580                sendCommand
 .text.requestBICMdata
                0x00000000080015c4       0xb8 build/bms.o
                0x00000000080015c4                requestBICMdata
 .text.refreshData
                0x000000000800167c       0x64 build/bms.o
                0x000000000800167c                refreshData
 .text.decodeVolt
                0x00000000080016e0      0xc5c build/bms.o
                0x00000000080016e0                decodeVolt
 .text.decodeTemp
                0x000000000800233c      0x192 build/bms.o
                0x000000000800233c                decodeTemp
 *fill*         0x00000000080024ce        0x2 
 .text.HAL_CAN_RxFifo0MsgPendingCallback
                0x00000000080024d0       0xa0 build/can_setup.o
                0x00000000080024d0                HAL_CAN_RxFifo0MsgPendingCallback
 .text.HAL_CAN_RxFifo1MsgPendingCallback
                0x0000000008002570       0x80 build/can_setup.o
                0x0000000008002570                HAL_CAN_RxFifo1MsgPendingCallback
 .text.canSettings
                0x00000000080025f0      0x190 build/can_setup.o
                0x00000000080025f0                canSettings
 .text.c1tx     0x0000000008002780       0x38 build/can_setup.o
                0x0000000008002780                c1tx
 .text.c2tx     0x00000000080027b8       0x38 build/can_setup.o
                0x00000000080027b8                c2tx
 .text.c3tx     0x00000000080027f0       0x40 build/can_setup.o
                0x00000000080027f0                c3tx
 .text.StartDefaultTask
                0x0000000008002830       0x28 build/main.o
                0x0000000008002830                StartDefaultTask
 .text.StartbalanceCommand
                0x0000000008002858        0xc build/main.o
                0x0000000008002858                StartbalanceCommand
 .text.StartsendCommand
                0x0000000008002864        0xe build/main.o
                0x0000000008002864                StartsendCommand
 .text.StartprocessData
                0x0000000008002872       0x10 build/main.o
                0x0000000008002872                StartprocessData
 *fill*         0x0000000008002882        0x2 
 .text.HAL_TIM_PeriodElapsedCallback
                0x0000000008002884       0x58 build/main.o
                0x0000000008002884                HAL_TIM_PeriodElapsedCallback
 .text.Error_Handler
                0x00000000080028dc        0x4 build/main.o
                0x00000000080028dc                Error_Handler
 .text.MX_CAN1_Init
                0x00000000080028e0       0x40 build/main.o
 .text.MX_CAN2_Init
                0x0000000008002920       0x40 build/main.o
 .text.MX_CAN3_Init
                0x0000000008002960       0x40 build/main.o
 .text.SystemClock_Config
                0x00000000080029a0       0xa0 build/main.o
                0x00000000080029a0                SystemClock_Config
 .text.main     0x0000000008002a40       0x94 build/main.o
                0x0000000008002a40                main
 .text.HAL_MspInit
                0x0000000008002ad4       0x44 build/stm32f4xx_hal_msp.o
                0x0000000008002ad4                HAL_MspInit
 .text.HAL_CAN_MspInit
                0x0000000008002b18      0x144 build/stm32f4xx_hal_msp.o
                0x0000000008002b18                HAL_CAN_MspInit
 .text.HAL_InitTick
                0x0000000008002c5c       0x7c build/stm32f4xx_hal_timebase_tim.o
                0x0000000008002c5c                HAL_InitTick
 .text.NMI_Handler
                0x0000000008002cd8        0x2 build/stm32f4xx_it.o
                0x0000000008002cd8                NMI_Handler
 .text.HardFault_Handler
                0x0000000008002cda        0x2 build/stm32f4xx_it.o
                0x0000000008002cda                HardFault_Handler
 .text.MemManage_Handler
                0x0000000008002cdc        0x2 build/stm32f4xx_it.o
                0x0000000008002cdc                MemManage_Handler
 .text.BusFault_Handler
                0x0000000008002cde        0x2 build/stm32f4xx_it.o
                0x0000000008002cde                BusFault_Handler
 .text.UsageFault_Handler
                0x0000000008002ce0        0x2 build/stm32f4xx_it.o
                0x0000000008002ce0                UsageFault_Handler
 .text.DebugMon_Handler
                0x0000000008002ce2        0x2 build/stm32f4xx_it.o
                0x0000000008002ce2                DebugMon_Handler
 .text.DMA1_Stream1_IRQHandler
                0x0000000008002ce4        0x2 build/stm32f4xx_it.o
                0x0000000008002ce4                DMA1_Stream1_IRQHandler
 .text.DMA1_Stream5_IRQHandler
                0x0000000008002ce6        0x2 build/stm32f4xx_it.o
                0x0000000008002ce6                DMA1_Stream5_IRQHandler
 .text.DMA1_Stream6_IRQHandler
                0x0000000008002ce8        0x2 build/stm32f4xx_it.o
                0x0000000008002ce8                DMA1_Stream6_IRQHandler
 *fill*         0x0000000008002cea        0x2 
 .text.CAN1_RX0_IRQHandler
                0x0000000008002cec       0x10 build/stm32f4xx_it.o
                0x0000000008002cec                CAN1_RX0_IRQHandler
 .text.TIM2_IRQHandler
                0x0000000008002cfc        0x2 build/stm32f4xx_it.o
                0x0000000008002cfc                TIM2_IRQHandler
 *fill*         0x0000000008002cfe        0x2 
 .text.TIM7_IRQHandler
                0x0000000008002d00       0x10 build/stm32f4xx_it.o
                0x0000000008002d00                TIM7_IRQHandler
 .text.CAN2_RX1_IRQHandler
                0x0000000008002d10       0x10 build/stm32f4xx_it.o
                0x0000000008002d10                CAN2_RX1_IRQHandler
 .text.CAN3_RX0_IRQHandler
                0x0000000008002d20       0x10 build/stm32f4xx_it.o
                0x0000000008002d20                CAN3_RX0_IRQHandler
 .text.SystemInit
                0x0000000008002d30       0x1c build/system_stm32f4xx.o
                0x0000000008002d30                SystemInit
 .text.Wheel    0x0000000008002d4c       0x46 build/visEffect.o
                0x0000000008002d4c                Wheel
 *fill*         0x0000000008002d92        0x2 
 .text.visRainbow
                0x0000000008002d94       0x54 build/visEffect.o
                0x0000000008002d94                visRainbow
 .text.visDots  0x0000000008002de8       0x88 build/visEffect.o
                0x0000000008002de8                visDots
 .text.visHandle2
                0x0000000008002e70       0x40 build/visEffect.o
                0x0000000008002e70                visHandle2
 .text.visInit  0x0000000008002eb0       0x4c build/visEffect.o
                0x0000000008002eb0                visInit
 .text.visHandle
                0x0000000008002efc       0x20 build/visEffect.o
                0x0000000008002efc                visHandle
 .text.DMA_TransferError
                0x0000000008002f1c       0x10 build/ws2812b.o
                0x0000000008002f1c                DMA_TransferError
 .text.ws2812b_gpio_init
                0x0000000008002f2c       0x78 build/ws2812b.o
 .text.DMA2_init
                0x0000000008002fa4      0x160 build/ws2812b.o
 .text.TIM1_init
                0x0000000008003104      0x110 build/ws2812b.o
 .text.DMA2_Stream2_IRQHandler
                0x0000000008003214       0x20 build/ws2812b.o
                0x0000000008003214                DMA2_Stream2_IRQHandler
 .text.TIM1_UP_TIM10_IRQHandler
                0x0000000008003234       0x20 build/ws2812b.o
                0x0000000008003234                TIM1_UP_TIM10_IRQHandler
 .text.ws2812b_set_pixel
                0x0000000008003254      0x100 build/ws2812b.o
                0x0000000008003254                ws2812b_set_pixel
 .text.loadNextFramebufferData
                0x0000000008003354       0x34 build/ws2812b.o
 .text.DMA_TransferCompleteHandler
                0x0000000008003388       0xe8 build/ws2812b.o
                0x0000000008003388                DMA_TransferCompleteHandler
 .text.WS2812_sendbuf
                0x0000000008003470      0x174 build/ws2812b.o
 .text.DMA_TransferHalfHandler
                0x00000000080035e4       0x44 build/ws2812b.o
                0x00000000080035e4                DMA_TransferHalfHandler
 .text.ws2812b_init
                0x0000000008003628       0x1c build/ws2812b.o
                0x0000000008003628                ws2812b_init
 .text.ws2812b_handle
                0x0000000008003644       0x1c build/ws2812b.o
                0x0000000008003644                ws2812b_handle
 .text.HAL_Init
                0x0000000008003660       0x34 build/stm32f4xx_hal.o
                0x0000000008003660                HAL_Init
 .text.HAL_IncTick
                0x0000000008003694       0x18 build/stm32f4xx_hal.o
                0x0000000008003694                HAL_IncTick
 .text.HAL_GetTick
                0x00000000080036ac        0xc build/stm32f4xx_hal.o
                0x00000000080036ac                HAL_GetTick
 .text.HAL_Delay
                0x00000000080036b8       0x28 build/stm32f4xx_hal.o
                0x00000000080036b8                HAL_Delay
 .text.HAL_CAN_Init
                0x00000000080036e0      0x14c build/stm32f4xx_hal_can.o
                0x00000000080036e0                HAL_CAN_Init
 .text.HAL_CAN_ConfigFilter
                0x000000000800382c      0x134 build/stm32f4xx_hal_can.o
                0x000000000800382c                HAL_CAN_ConfigFilter
 .text.HAL_CAN_Start
                0x0000000008003960       0x5c build/stm32f4xx_hal_can.o
                0x0000000008003960                HAL_CAN_Start
 .text.HAL_CAN_AddTxMessage
                0x00000000080039bc       0xea build/stm32f4xx_hal_can.o
                0x00000000080039bc                HAL_CAN_AddTxMessage
 .text.HAL_CAN_GetRxMessage
                0x0000000008003aa6      0x134 build/stm32f4xx_hal_can.o
                0x0000000008003aa6                HAL_CAN_GetRxMessage
 .text.HAL_CAN_ActivateNotification
                0x0000000008003bda       0x24 build/stm32f4xx_hal_can.o
                0x0000000008003bda                HAL_CAN_ActivateNotification
 .text.HAL_CAN_TxMailbox0CompleteCallback
                0x0000000008003bfe        0x2 build/stm32f4xx_hal_can.o
                0x0000000008003bfe                HAL_CAN_TxMailbox0CompleteCallback
 .text.HAL_CAN_TxMailbox1CompleteCallback
                0x0000000008003c00        0x2 build/stm32f4xx_hal_can.o
                0x0000000008003c00                HAL_CAN_TxMailbox1CompleteCallback
 .text.HAL_CAN_TxMailbox2CompleteCallback
                0x0000000008003c02        0x2 build/stm32f4xx_hal_can.o
                0x0000000008003c02                HAL_CAN_TxMailbox2CompleteCallback
 .text.HAL_CAN_TxMailbox0AbortCallback
                0x0000000008003c04        0x2 build/stm32f4xx_hal_can.o
                0x0000000008003c04                HAL_CAN_TxMailbox0AbortCallback
 .text.HAL_CAN_TxMailbox1AbortCallback
                0x0000000008003c06        0x2 build/stm32f4xx_hal_can.o
                0x0000000008003c06                HAL_CAN_TxMailbox1AbortCallback
 .text.HAL_CAN_TxMailbox2AbortCallback
                0x0000000008003c08        0x2 build/stm32f4xx_hal_can.o
                0x0000000008003c08                HAL_CAN_TxMailbox2AbortCallback
 .text.HAL_CAN_RxFifo0FullCallback
                0x0000000008003c0a        0x2 build/stm32f4xx_hal_can.o
                0x0000000008003c0a                HAL_CAN_RxFifo0FullCallback
 .text.HAL_CAN_RxFifo1FullCallback
                0x0000000008003c0c        0x2 build/stm32f4xx_hal_can.o
                0x0000000008003c0c                HAL_CAN_RxFifo1FullCallback
 .text.HAL_CAN_SleepCallback
                0x0000000008003c0e        0x2 build/stm32f4xx_hal_can.o
                0x0000000008003c0e                HAL_CAN_SleepCallback
 .text.HAL_CAN_WakeUpFromRxMsgCallback
                0x0000000008003c10        0x2 build/stm32f4xx_hal_can.o
                0x0000000008003c10                HAL_CAN_WakeUpFromRxMsgCallback
 .text.HAL_CAN_ErrorCallback
                0x0000000008003c12        0x2 build/stm32f4xx_hal_can.o
                0x0000000008003c12                HAL_CAN_ErrorCallback
 .text.HAL_CAN_IRQHandler
                0x0000000008003c14      0x258 build/stm32f4xx_hal_can.o
                0x0000000008003c14                HAL_CAN_IRQHandler
 .text.HAL_NVIC_SetPriorityGrouping
                0x0000000008003e6c       0x24 build/stm32f4xx_hal_cortex.o
                0x0000000008003e6c                HAL_NVIC_SetPriorityGrouping
 .text.HAL_NVIC_SetPriority
                0x0000000008003e90       0x64 build/stm32f4xx_hal_cortex.o
                0x0000000008003e90                HAL_NVIC_SetPriority
 .text.HAL_NVIC_EnableIRQ
                0x0000000008003ef4       0x1c build/stm32f4xx_hal_cortex.o
                0x0000000008003ef4                HAL_NVIC_EnableIRQ
 .text.DMA_SetConfig
                0x0000000008003f10       0x2c build/stm32f4xx_hal_dma.o
 .text.DMA_CalcBaseAndBitshift
                0x0000000008003f3c       0x3c build/stm32f4xx_hal_dma.o
 .text.DMA_CheckFifoParam
                0x0000000008003f78       0x8e build/stm32f4xx_hal_dma.o
 *fill*         0x0000000008004006        0x2 
 .text.HAL_DMA_Init
                0x0000000008004008       0xd0 build/stm32f4xx_hal_dma.o
                0x0000000008004008                HAL_DMA_Init
 .text.HAL_DMA_DeInit
                0x00000000080040d8       0x66 build/stm32f4xx_hal_dma.o
                0x00000000080040d8                HAL_DMA_DeInit
 .text.HAL_DMA_Start
                0x000000000800413e       0x48 build/stm32f4xx_hal_dma.o
                0x000000000800413e                HAL_DMA_Start
 .text.HAL_DMA_Start_IT
                0x0000000008004186       0x6a build/stm32f4xx_hal_dma.o
                0x0000000008004186                HAL_DMA_Start_IT
 .text.HAL_DMA_IRQHandler
                0x00000000080041f0      0x1dc build/stm32f4xx_hal_dma.o
                0x00000000080041f0                HAL_DMA_IRQHandler
 .text.HAL_GPIO_Init
                0x00000000080043cc      0x1d4 build/stm32f4xx_hal_gpio.o
                0x00000000080043cc                HAL_GPIO_Init
 .text.HAL_RCC_GetSysClockFreq
                0x00000000080045a0       0xd4 build/stm32f4xx_hal_rcc.o
                0x00000000080045a0                HAL_RCC_GetSysClockFreq
 .text.HAL_RCC_ClockConfig
                0x0000000008004674      0x160 build/stm32f4xx_hal_rcc.o
                0x0000000008004674                HAL_RCC_ClockConfig
 .text.HAL_RCC_GetHCLKFreq
                0x00000000080047d4        0xc build/stm32f4xx_hal_rcc.o
                0x00000000080047d4                HAL_RCC_GetHCLKFreq
 .text.HAL_RCC_GetPCLK1Freq
                0x00000000080047e0       0x20 build/stm32f4xx_hal_rcc.o
                0x00000000080047e0                HAL_RCC_GetPCLK1Freq
 .text.HAL_RCC_GetClockConfig
                0x0000000008004800       0x3c build/stm32f4xx_hal_rcc.o
                0x0000000008004800                HAL_RCC_GetClockConfig
 .text.HAL_RCC_OscConfig
                0x000000000800483c      0x390 build/stm32f4xx_hal_rcc_ex.o
                0x000000000800483c                HAL_RCC_OscConfig
 .text.TIM_OC1_SetConfig
                0x0000000008004bcc       0x6c build/stm32f4xx_hal_tim.o
 .text.TIM_OC3_SetConfig
                0x0000000008004c38       0x74 build/stm32f4xx_hal_tim.o
 .text.TIM_OC4_SetConfig
                0x0000000008004cac       0x50 build/stm32f4xx_hal_tim.o
 .text.HAL_TIM_Base_MspInit
                0x0000000008004cfc        0x2 build/stm32f4xx_hal_tim.o
                0x0000000008004cfc                HAL_TIM_Base_MspInit
 .text.HAL_TIM_Base_Start
                0x0000000008004cfe       0x24 build/stm32f4xx_hal_tim.o
                0x0000000008004cfe                HAL_TIM_Base_Start
 .text.HAL_TIM_Base_Start_IT
                0x0000000008004d22       0x22 build/stm32f4xx_hal_tim.o
                0x0000000008004d22                HAL_TIM_Base_Start_IT
 .text.HAL_TIM_PWM_MspInit
                0x0000000008004d44        0x2 build/stm32f4xx_hal_tim.o
                0x0000000008004d44                HAL_TIM_PWM_MspInit
 .text.HAL_TIM_OC_DelayElapsedCallback
                0x0000000008004d46        0x2 build/stm32f4xx_hal_tim.o
                0x0000000008004d46                HAL_TIM_OC_DelayElapsedCallback
 .text.HAL_TIM_IC_CaptureCallback
                0x0000000008004d48        0x2 build/stm32f4xx_hal_tim.o
                0x0000000008004d48                HAL_TIM_IC_CaptureCallback
 .text.HAL_TIM_PWM_PulseFinishedCallback
                0x0000000008004d4a        0x2 build/stm32f4xx_hal_tim.o
                0x0000000008004d4a                HAL_TIM_PWM_PulseFinishedCallback
 .text.HAL_TIM_TriggerCallback
                0x0000000008004d4c        0x2 build/stm32f4xx_hal_tim.o
                0x0000000008004d4c                HAL_TIM_TriggerCallback
 .text.HAL_TIM_IRQHandler
                0x0000000008004d4e      0x17a build/stm32f4xx_hal_tim.o
                0x0000000008004d4e                HAL_TIM_IRQHandler
 .text.TIM_Base_SetConfig
                0x0000000008004ec8       0xcc build/stm32f4xx_hal_tim.o
                0x0000000008004ec8                TIM_Base_SetConfig
 .text.HAL_TIM_Base_Init
                0x0000000008004f94       0x32 build/stm32f4xx_hal_tim.o
                0x0000000008004f94                HAL_TIM_Base_Init
 .text.HAL_TIM_PWM_Init
                0x0000000008004fc6       0x32 build/stm32f4xx_hal_tim.o
                0x0000000008004fc6                HAL_TIM_PWM_Init
 .text.TIM_OC2_SetConfig
                0x0000000008004ff8       0x74 build/stm32f4xx_hal_tim.o
                0x0000000008004ff8                TIM_OC2_SetConfig
 .text.HAL_TIM_PWM_ConfigChannel
                0x000000000800506c       0xdc build/stm32f4xx_hal_tim.o
                0x000000000800506c                HAL_TIM_PWM_ConfigChannel
 .text.TIM_CCxChannelCmd
                0x0000000008005148       0x22 build/stm32f4xx_hal_tim.o
                0x0000000008005148                TIM_CCxChannelCmd
 *fill*         0x000000000800516a        0x2 
 .text.HAL_TIM_PWM_Start
                0x000000000800516c       0x4c build/stm32f4xx_hal_tim.o
                0x000000000800516c                HAL_TIM_PWM_Start
 .text.HAL_TIMEx_CommutCallback
                0x00000000080051b8        0x2 build/stm32f4xx_hal_tim_ex.o
                0x00000000080051b8                HAL_TIMEx_CommutCallback
 .text.HAL_TIMEx_BreakCallback
                0x00000000080051ba        0x2 build/stm32f4xx_hal_tim_ex.o
                0x00000000080051ba                HAL_TIMEx_BreakCallback
 .text.osKernelInitialize
                0x00000000080051bc       0x40 build/cmsis_os2.o
                0x00000000080051bc                osKernelInitialize
 .text.osKernelStart
                0x00000000080051fc       0x48 build/cmsis_os2.o
                0x00000000080051fc                osKernelStart
 .text.osThreadNew
                0x0000000008005244       0xd4 build/cmsis_os2.o
                0x0000000008005244                osThreadNew
 .text.osDelay  0x0000000008005318       0x3c build/cmsis_os2.o
                0x0000000008005318                osDelay
 .text.vApplicationGetIdleTaskMemory
                0x0000000008005354       0x18 build/cmsis_os2.o
                0x0000000008005354                vApplicationGetIdleTaskMemory
 .text.vApplicationGetTimerTaskMemory
                0x000000000800536c       0x18 build/cmsis_os2.o
                0x000000000800536c                vApplicationGetTimerTaskMemory
 .text.vListInitialise
                0x0000000008005384       0x16 build/list.o
                0x0000000008005384                vListInitialise
 .text.vListInitialiseItem
                0x000000000800539a        0x6 build/list.o
                0x000000000800539a                vListInitialiseItem
 .text.vListInsertEnd
                0x00000000080053a0       0x18 build/list.o
                0x00000000080053a0                vListInsertEnd
 .text.vListInsert
                0x00000000080053b8       0x34 build/list.o
                0x00000000080053b8                vListInsert
 .text.uxListRemove
                0x00000000080053ec       0x28 build/list.o
                0x00000000080053ec                uxListRemove
 .text.prvTaskExitError
                0x0000000008005414       0x40 build/port.o
 .text.prvPortStartFirstTask
                0x0000000008005454       0x28 build/port.o
 .text.vPortEnableVFP
                0x000000000800547c       0x14 build/port.o
 .text.pxPortInitialiseStack
                0x0000000008005490       0x2c build/port.o
                0x0000000008005490                pxPortInitialiseStack
 *fill*         0x00000000080054bc        0x4 
 .text.SVC_Handler
                0x00000000080054c0       0x24 build/port.o
                0x00000000080054c0                SVC_Handler
 .text.vPortEnterCritical
                0x00000000080054e4       0x44 build/port.o
                0x00000000080054e4                vPortEnterCritical
 .text.vPortExitCritical
                0x0000000008005528       0x2c build/port.o
                0x0000000008005528                vPortExitCritical
 *fill*         0x0000000008005554        0xc 
 .text.PendSV_Handler
                0x0000000008005560       0x64 build/port.o
                0x0000000008005560                PendSV_Handler
 .text.SysTick_Handler
                0x00000000080055c4       0x2c build/port.o
                0x00000000080055c4                SysTick_Handler
 .text.vPortSetupTimerInterrupt
                0x00000000080055f0       0x38 build/port.o
                0x00000000080055f0                vPortSetupTimerInterrupt
 .text.xPortStartScheduler
                0x0000000008005628      0x110 build/port.o
                0x0000000008005628                xPortStartScheduler
 .text.vPortValidateInterruptPriority
                0x0000000008005738       0x5c build/port.o
                0x0000000008005738                vPortValidateInterruptPriority
 .text.prvHeapInit
                0x0000000008005794       0x64 build/heap_4.o
 .text.prvInsertBlockIntoFreeList
                0x00000000080057f8       0x58 build/heap_4.o
 .text.pvPortMalloc
                0x0000000008005850      0x108 build/heap_4.o
                0x0000000008005850                pvPortMalloc
 .text.vPortFree
                0x0000000008005958       0x70 build/heap_4.o
                0x0000000008005958                vPortFree
 .text.prvIsQueueFull
                0x00000000080059c8       0x1e build/queue.o
 .text.prvIsQueueEmpty
                0x00000000080059e6       0x1a build/queue.o
 .text.prvCopyDataToQueue
                0x0000000008005a00       0x76 build/queue.o
 .text.prvCopyDataFromQueue
                0x0000000008005a76       0x24 build/queue.o
 .text.prvUnlockQueue
                0x0000000008005a9a       0x6e build/queue.o
 .text.xQueueGenericReset
                0x0000000008005b08       0x80 build/queue.o
                0x0000000008005b08                xQueueGenericReset
 .text.prvInitialiseNewQueue
                0x0000000008005b88       0x22 build/queue.o
 .text.xQueueGenericCreateStatic
                0x0000000008005baa       0xa2 build/queue.o
                0x0000000008005baa                xQueueGenericCreateStatic
 .text.xQueueGenericSend
                0x0000000008005c4c      0x188 build/queue.o
                0x0000000008005c4c                xQueueGenericSend
 .text.xQueueGenericSendFromISR
                0x0000000008005dd4       0xde build/queue.o
                0x0000000008005dd4                xQueueGenericSendFromISR
 *fill*         0x0000000008005eb2        0x2 
 .text.xQueueReceive
                0x0000000008005eb4      0x15c build/queue.o
                0x0000000008005eb4                xQueueReceive
 .text.vQueueAddToRegistry
                0x0000000008006010       0x28 build/queue.o
                0x0000000008006010                vQueueAddToRegistry
 .text.vQueueWaitForMessageRestricted
                0x0000000008006038       0x52 build/queue.o
                0x0000000008006038                vQueueWaitForMessageRestricted
 *fill*         0x000000000800608a        0x2 
 .text.prvResetNextTaskUnblockTime
                0x000000000800608c       0x2c build/tasks.o
 .text.prvInitialiseNewTask
                0x00000000080060b8       0x9a build/tasks.o
 *fill*         0x0000000008006152        0x2 
 .text.prvInitialiseTaskLists
                0x0000000008006154       0x68 build/tasks.o
 .text.prvAddNewTaskToReadyList
                0x00000000080061bc       0xac build/tasks.o
 .text.prvDeleteTCB
                0x0000000008006268       0x3a build/tasks.o
 *fill*         0x00000000080062a2        0x2 
 .text.prvCheckTasksWaitingTermination
                0x00000000080062a4       0x4c build/tasks.o
 .text.prvIdleTask
                0x00000000080062f0       0x28 build/tasks.o
 .text.prvAddCurrentTaskToDelayedList
                0x0000000008006318       0x7c build/tasks.o
 .text.xTaskCreateStatic
                0x0000000008006394       0x74 build/tasks.o
                0x0000000008006394                xTaskCreateStatic
 .text.xTaskCreate
                0x0000000008006408       0x66 build/tasks.o
                0x0000000008006408                xTaskCreate
 *fill*         0x000000000800646e        0x2 
 .text.vTaskStartScheduler
                0x0000000008006470       0x9c build/tasks.o
                0x0000000008006470                vTaskStartScheduler
 .text.vTaskSuspendAll
                0x000000000800650c       0x10 build/tasks.o
                0x000000000800650c                vTaskSuspendAll
 .text.xTaskGetTickCount
                0x000000000800651c        0xc build/tasks.o
                0x000000000800651c                xTaskGetTickCount
 .text.xTaskIncrementTick
                0x0000000008006528      0x118 build/tasks.o
                0x0000000008006528                xTaskIncrementTick
 .text.xTaskResumeAll
                0x0000000008006640       0xfc build/tasks.o
                0x0000000008006640                xTaskResumeAll
 .text.vTaskDelay
                0x000000000800673c       0x50 build/tasks.o
                0x000000000800673c                vTaskDelay
 .text.vTaskSwitchContext
                0x000000000800678c       0x9c build/tasks.o
                0x000000000800678c                vTaskSwitchContext
 .text.vTaskPlaceOnEventList
                0x0000000008006828       0x30 build/tasks.o
                0x0000000008006828                vTaskPlaceOnEventList
 .text.vTaskPlaceOnEventListRestricted
                0x0000000008006858       0x38 build/tasks.o
                0x0000000008006858                vTaskPlaceOnEventListRestricted
 .text.xTaskRemoveFromEventList
                0x0000000008006890       0x8c build/tasks.o
                0x0000000008006890                xTaskRemoveFromEventList
 .text.vTaskInternalSetTimeOutState
                0x000000000800691c       0x18 build/tasks.o
                0x000000000800691c                vTaskInternalSetTimeOutState
 .text.xTaskCheckForTimeOut
                0x0000000008006934       0x80 build/tasks.o
                0x0000000008006934                xTaskCheckForTimeOut
 .text.vTaskMissedYield
                0x00000000080069b4        0xc build/tasks.o
                0x00000000080069b4                vTaskMissedYield
 .text.xTaskGetSchedulerState
                0x00000000080069c0       0x20 build/tasks.o
                0x00000000080069c0                xTaskGetSchedulerState
 .text.xTaskPriorityDisinherit
                0x00000000080069e0       0x90 build/tasks.o
                0x00000000080069e0                xTaskPriorityDisinherit
 .text.prvGetNextExpireTime
                0x0000000008006a70       0x20 build/timers.o
 .text.prvInsertTimerInActiveList
                0x0000000008006a90       0x48 build/timers.o
 .text.prvCheckForValidListAndQueue
                0x0000000008006ad8       0x70 build/timers.o
 .text.xTimerCreateTimerTask
                0x0000000008006b48       0x70 build/timers.o
                0x0000000008006b48                xTimerCreateTimerTask
 .text.xTimerGenericCommand
                0x0000000008006bb8       0x6c build/timers.o
                0x0000000008006bb8                xTimerGenericCommand
 .text.prvSwitchTimerLists
                0x0000000008006c24       0x7c build/timers.o
 .text.prvSampleTimeNow
                0x0000000008006ca0       0x2c build/timers.o
 .text.prvProcessExpiredTimer
                0x0000000008006ccc       0x6c build/timers.o
 .text.prvProcessTimerOrBlockTask
                0x0000000008006d38       0x74 build/timers.o
 .text.prvProcessReceivedCommands
                0x0000000008006dac      0x110 build/timers.o
 .text.prvTimerTask
                0x0000000008006ebc       0x16 build/timers.o
 *fill*         0x0000000008006ed2        0x2 
 .text.Reset_Handler
                0x0000000008006ed4       0x50 build/startup_stm32f413xx.o
                0x0000000008006ed4                Reset_Handler
 .text.Default_Handler
                0x0000000008006f24        0x2 build/startup_stm32f413xx.o
                0x0000000008006f24                RTC_Alarm_IRQHandler
                0x0000000008006f24                EXTI2_IRQHandler
                0x0000000008006f24                TIM8_CC_IRQHandler
                0x0000000008006f24                UART8_IRQHandler
                0x0000000008006f24                FMPI2C1_EV_IRQHandler
                0x0000000008006f24                SPI4_IRQHandler
                0x0000000008006f24                TIM1_CC_IRQHandler
                0x0000000008006f24                DMA2_Stream5_IRQHandler
                0x0000000008006f24                CAN3_RX1_IRQHandler
                0x0000000008006f24                PVD_IRQHandler
                0x0000000008006f24                SDIO_IRQHandler
                0x0000000008006f24                TAMP_STAMP_IRQHandler
                0x0000000008006f24                EXTI3_IRQHandler
                0x0000000008006f24                TIM8_TRG_COM_TIM14_IRQHandler
                0x0000000008006f24                DFSDM1_FLT1_IRQHandler
                0x0000000008006f24                TIM8_UP_TIM13_IRQHandler
                0x0000000008006f24                I2C3_ER_IRQHandler
                0x0000000008006f24                EXTI0_IRQHandler
                0x0000000008006f24                I2C2_EV_IRQHandler
                0x0000000008006f24                DMA1_Stream2_IRQHandler
                0x0000000008006f24                FPU_IRQHandler
                0x0000000008006f24                CAN3_SCE_IRQHandler
                0x0000000008006f24                CAN2_SCE_IRQHandler
                0x0000000008006f24                SPI1_IRQHandler
                0x0000000008006f24                TIM6_DAC_IRQHandler
                0x0000000008006f24                TIM1_BRK_TIM9_IRQHandler
                0x0000000008006f24                CAN2_RX0_IRQHandler
                0x0000000008006f24                DMA2_Stream3_IRQHandler
                0x0000000008006f24                USART6_IRQHandler
                0x0000000008006f24                USART3_IRQHandler
                0x0000000008006f24                DFSDM2_FLT3_IRQHandler
                0x0000000008006f24                CAN1_RX1_IRQHandler
                0x0000000008006f24                UART5_IRQHandler
                0x0000000008006f24                DMA2_Stream0_IRQHandler
                0x0000000008006f24                TIM4_IRQHandler
                0x0000000008006f24                QUADSPI_IRQHandler
                0x0000000008006f24                I2C1_EV_IRQHandler
                0x0000000008006f24                UART4_IRQHandler
                0x0000000008006f24                TIM3_IRQHandler
                0x0000000008006f24                RCC_IRQHandler
                0x0000000008006f24                UART9_IRQHandler
                0x0000000008006f24                TIM8_BRK_TIM12_IRQHandler
                0x0000000008006f24                Default_Handler
                0x0000000008006f24                EXTI15_10_IRQHandler
                0x0000000008006f24                ADC_IRQHandler
                0x0000000008006f24                DMA1_Stream7_IRQHandler
                0x0000000008006f24                DFSDM2_FLT0_IRQHandler
                0x0000000008006f24                SPI5_IRQHandler
                0x0000000008006f24                CAN2_TX_IRQHandler
                0x0000000008006f24                TIM5_IRQHandler
                0x0000000008006f24                DMA2_Stream7_IRQHandler
                0x0000000008006f24                I2C3_EV_IRQHandler
                0x0000000008006f24                DFSDM2_FLT2_IRQHandler
                0x0000000008006f24                EXTI9_5_IRQHandler
                0x0000000008006f24                RTC_WKUP_IRQHandler
                0x0000000008006f24                SPI2_IRQHandler
                0x0000000008006f24                DMA1_Stream0_IRQHandler
                0x0000000008006f24                CAN1_TX_IRQHandler
                0x0000000008006f24                FMPI2C1_ER_IRQHandler
                0x0000000008006f24                EXTI4_IRQHandler
                0x0000000008006f24                DFSDM2_FLT1_IRQHandler
                0x0000000008006f24                RNG_IRQHandler
                0x0000000008006f24                FSMC_IRQHandler
                0x0000000008006f24                WWDG_IRQHandler
                0x0000000008006f24                CAN3_TX_IRQHandler
                0x0000000008006f24                OTG_FS_WKUP_IRQHandler
                0x0000000008006f24                TIM1_TRG_COM_TIM11_IRQHandler
                0x0000000008006f24                EXTI1_IRQHandler
                0x0000000008006f24                UART7_IRQHandler
                0x0000000008006f24                USART2_IRQHandler
                0x0000000008006f24                DFSDM1_FLT0_IRQHandler
                0x0000000008006f24                I2C2_ER_IRQHandler
                0x0000000008006f24                DMA2_Stream1_IRQHandler
                0x0000000008006f24                CAN1_SCE_IRQHandler
                0x0000000008006f24                FLASH_IRQHandler
                0x0000000008006f24                DMA2_Stream4_IRQHandler
                0x0000000008006f24                USART1_IRQHandler
                0x0000000008006f24                OTG_FS_IRQHandler
                0x0000000008006f24                SPI3_IRQHandler
                0x0000000008006f24                DMA1_Stream4_IRQHandler
                0x0000000008006f24                I2C1_ER_IRQHandler
                0x0000000008006f24                LPTIM1_IRQHandler
                0x0000000008006f24                DMA2_Stream6_IRQHandler
                0x0000000008006f24                UART10_IRQHandler
                0x0000000008006f24                SAI1_IRQHandler
                0x0000000008006f24                DMA1_Stream3_IRQHandler
 *fill*         0x0000000008006f26        0x2 
 .text.startup  0x0000000008006f28       0x14 /usr/lib/gcc/arm-none-eabi/6.3.1/../../../arm-none-eabi/lib/thumb/v7e-m/fpv4-sp/hard/libc.a(lib_a-__call_atexit.o)
 *(.glue_7)
 .glue_7        0x0000000008006f3c        0x0 linker stubs
 *(.glue_7t)
 .glue_7t       0x0000000008006f3c        0x0 linker stubs
 *(.eh_frame)
 .eh_frame      0x0000000008006f3c        0x0 /usr/lib/gcc/arm-none-eabi/6.3.1/thumb/v7e-m/fpv4-sp/hard/crtbegin.o
 *(.init)
 .init          0x0000000008006f3c        0x4 /usr/lib/gcc/arm-none-eabi/6.3.1/thumb/v7e-m/fpv4-sp/hard/crti.o
                0x0000000008006f3c                _init
 .init          0x0000000008006f40        0x8 /usr/lib/gcc/arm-none-eabi/6.3.1/thumb/v7e-m/fpv4-sp/hard/crtn.o
 *(.fini)
 .fini          0x0000000008006f48        0x4 /usr/lib/gcc/arm-none-eabi/6.3.1/thumb/v7e-m/fpv4-sp/hard/crti.o
                0x0000000008006f48                _fini
 .fini          0x0000000008006f4c        0x8 /usr/lib/gcc/arm-none-eabi/6.3.1/thumb/v7e-m/fpv4-sp/hard/crtn.o
                0x0000000008006f54                . = ALIGN (0x4)
                0x0000000008006f54                _etext = .

.vfp11_veneer   0x0000000008006f54        0x0
 .vfp11_veneer  0x0000000008006f54        0x0 linker stubs

.v4_bx          0x0000000008006f54        0x0
 .v4_bx         0x0000000008006f54        0x0 linker stubs

.iplt           0x0000000008006f54        0x0
 .iplt          0x0000000008006f54        0x0 /usr/lib/gcc/arm-none-eabi/6.3.1/thumb/v7e-m/fpv4-sp/hard/crtbegin.o

.rodata         0x0000000008006f54      0x204
                0x0000000008006f54                . = ALIGN (0x4)
 *(.rodata)
 .rodata        0x0000000008006f54        0x4 /usr/lib/gcc/arm-none-eabi/6.3.1/../../../arm-none-eabi/lib/thumb/v7e-m/fpv4-sp/hard/libc.a(lib_a-impure.o)
                0x0000000008006f54                _global_impure_ptr
 *(.rodata*)
 .rodata.balanceCommand_attributes
                0x0000000008006f58       0x24 build/main.o
                0x0000000008006f58                balanceCommand_attributes
 .rodata.defaultTask_attributes
                0x0000000008006f7c       0x24 build/main.o
                0x0000000008006f7c                defaultTask_attributes
 .rodata.processData_attributes
                0x0000000008006fa0       0x24 build/main.o
                0x0000000008006fa0                processData_attributes
 .rodata.sendCommand_attributes
                0x0000000008006fc4       0x24 build/main.o
                0x0000000008006fc4                sendCommand_attributes
 .rodata.str1.4
                0x0000000008006fe8       0x34 build/main.o
 .rodata.AHBPrescTable
                0x000000000800701c       0x10 build/system_stm32f4xx.o
                0x000000000800701c                AHBPrescTable
 .rodata.APBPrescTable
                0x000000000800702c        0x8 build/system_stm32f4xx.o
                0x000000000800702c                APBPrescTable
 .rodata.gammaTable
                0x0000000008007034      0x100 build/ws2812b.o
                0x0000000008007034                gammaTable
 .rodata.flagBitshiftOffset.8033
                0x0000000008007134        0x8 build/stm32f4xx_hal_dma.o
 .rodata.vTaskStartScheduler.str1.4
                0x000000000800713c        0x5 build/tasks.o
 *fill*         0x0000000008007141        0x3 
 .rodata.prvCheckForValidListAndQueue.str1.4
                0x0000000008007144        0x5 build/timers.o
 *fill*         0x0000000008007149        0x3 
 .rodata.xTimerCreateTimerTask.str1.4
                0x000000000800714c        0x8 build/timers.o
 .rodata.str1.4
                0x0000000008007154        0x4 /usr/lib/gcc/arm-none-eabi/6.3.1/../../../arm-none-eabi/lib/thumb/v7e-m/fpv4-sp/hard/libc.a(lib_a-impure.o)
                                          0x2 (size before relaxing)
                0x0000000008007158                . = ALIGN (0x4)

.ARM.extab
 *(.ARM.extab* .gnu.linkonce.armextab.*)

.ARM            0x0000000008007158        0x8
                0x0000000008007158                __exidx_start = .
 *(.ARM.exidx*)
 .ARM.exidx     0x0000000008007158        0x8 /usr/lib/gcc/arm-none-eabi/6.3.1/thumb/v7e-m/fpv4-sp/hard/libgcc.a(_udivmoddi4.o)
                0x0000000008007160                __exidx_end = .

.rel.dyn        0x0000000008007160        0x0
 .rel.iplt      0x0000000008007160        0x0 /usr/lib/gcc/arm-none-eabi/6.3.1/thumb/v7e-m/fpv4-sp/hard/crtbegin.o

.preinit_array  0x0000000008007160        0x0
                0x0000000008007160                PROVIDE (__preinit_array_start, .)
 *(.preinit_array*)
                0x0000000008007160                PROVIDE (__preinit_array_end, .)

.init_array     0x0000000008007160        0x8
                0x0000000008007160                PROVIDE (__init_array_start, .)
 *(SORT(.init_array.*))
 .init_array.00000
                0x0000000008007160        0x4 /usr/lib/gcc/arm-none-eabi/6.3.1/../../../arm-none-eabi/lib/thumb/v7e-m/fpv4-sp/hard/libc.a(lib_a-__call_atexit.o)
 *(.init_array*)
 .init_array    0x0000000008007164        0x4 /usr/lib/gcc/arm-none-eabi/6.3.1/thumb/v7e-m/fpv4-sp/hard/crtbegin.o
                0x0000000008007168                PROVIDE (__init_array_end, .)

.fini_array     0x0000000008007168        0x4
                0x0000000008007168                PROVIDE (__fini_array_start, .)
 *(SORT(.fini_array.*))
 *(.fini_array*)
 .fini_array    0x0000000008007168        0x4 /usr/lib/gcc/arm-none-eabi/6.3.1/thumb/v7e-m/fpv4-sp/hard/crtbegin.o
                0x000000000800716c                PROVIDE (__fini_array_end, .)
                0x000000000800716c                _sidata = LOADADDR (.data)

.data           0x0000000020000000      0x448 load address 0x000000000800716c
                0x0000000020000000                . = ALIGN (0x4)
                0x0000000020000000                _sdata = .
 *(.data)
 .data          0x0000000020000000      0x430 /usr/lib/gcc/arm-none-eabi/6.3.1/../../../arm-none-eabi/lib/thumb/v7e-m/fpv4-sp/hard/libc.a(lib_a-impure.o)
                0x0000000020000000                _impure_ptr
 *(.data*)
 .data.SystemCoreClock
                0x0000000020000430        0x4 build/system_stm32f4xx.o
                0x0000000020000430                SystemCoreClock
 .data.WS2812_IO_High
                0x0000000020000434        0x4 build/ws2812b.o
                0x0000000020000434                WS2812_IO_High
 .data.WS2812_IO_Low
                0x0000000020000438        0x4 build/ws2812b.o
                0x0000000020000438                WS2812_IO_Low
 .data.uwTickFreq
                0x000000002000043c        0x1 build/stm32f4xx_hal.o
                0x000000002000043c                uwTickFreq
 *fill*         0x000000002000043d        0x3 
 .data.uwTickPrio
                0x0000000020000440        0x4 build/stm32f4xx_hal.o
                0x0000000020000440                uwTickPrio
 .data.uxCriticalNesting
                0x0000000020000444        0x4 build/port.o
                0x0000000020000448                . = ALIGN (0x4)
                0x0000000020000448                _edata = .

.jcr            0x0000000020000448        0x0 load address 0x00000000080075b4
 .jcr           0x0000000020000448        0x0 /usr/lib/gcc/arm-none-eabi/6.3.1/thumb/v7e-m/fpv4-sp/hard/crtbegin.o

.tm_clone_table
                0x0000000020000448        0x0 load address 0x00000000080075b4
 .tm_clone_table
                0x0000000020000448        0x0 /usr/lib/gcc/arm-none-eabi/6.3.1/thumb/v7e-m/fpv4-sp/hard/crtbegin.o
 .tm_clone_table
                0x0000000020000448        0x0 /usr/lib/gcc/arm-none-eabi/6.3.1/thumb/v7e-m/fpv4-sp/hard/crtend.o

.igot.plt       0x0000000020000448        0x0 load address 0x00000000080075b4
 .igot.plt      0x0000000020000448        0x0 /usr/lib/gcc/arm-none-eabi/6.3.1/thumb/v7e-m/fpv4-sp/hard/crtbegin.o
                0x0000000020000448                . = ALIGN (0x4)

.bss            0x0000000020000448     0x5158 load address 0x00000000080075b4
                0x0000000020000448                _sbss = .
                0x0000000020000448                __bss_start__ = _sbss
 *(.bss)
 .bss           0x0000000020000448       0x1c /usr/lib/gcc/arm-none-eabi/6.3.1/thumb/v7e-m/fpv4-sp/hard/crtbegin.o
 *(.bss*)
 .bss.readIndex
                0x0000000020000464        0x4 build/bms.o
 .bss.readings  0x0000000020000468       0x28 build/bms.o
 .bss.total     0x0000000020000490        0x4 build/bms.o
 .bss.timestamp.8561
                0x0000000020000494        0x4 build/visEffect.o
 .bss.x.8544    0x0000000020000498        0x1 build/visEffect.o
 *fill*         0x0000000020000499        0x3 
 .bss.Idle_Stack
                0x000000002000049c      0x200 build/cmsis_os2.o
 .bss.Idle_TCB  0x000000002000069c       0x5c build/cmsis_os2.o
 .bss.KernelState
                0x00000000200006f8        0x4 build/cmsis_os2.o
 .bss.Timer_Stack
                0x00000000200006fc      0x400 build/cmsis_os2.o
 .bss.Timer_TCB
                0x0000000020000afc       0x5c build/cmsis_os2.o
 .bss.ucMaxSysCallPriority
                0x0000000020000b58        0x1 build/port.o
 *fill*         0x0000000020000b59        0x3 
 .bss.ulMaxPRIGROUPValue
                0x0000000020000b5c        0x4 build/port.o
 .bss.pxEnd     0x0000000020000b60        0x4 build/heap_4.o
 .bss.ucHeap    0x0000000020000b64     0x3c00 build/heap_4.o
 .bss.xBlockAllocatedBit
                0x0000000020004764        0x4 build/heap_4.o
 .bss.xFreeBytesRemaining
                0x0000000020004768        0x4 build/heap_4.o
 .bss.xMinimumEverFreeBytesRemaining
                0x000000002000476c        0x4 build/heap_4.o
 .bss.xStart    0x0000000020004770        0x8 build/heap_4.o
 .bss.pxCurrentTCB
                0x0000000020004778        0x4 build/tasks.o
                0x0000000020004778                pxCurrentTCB
 .bss.pxDelayedTaskList
                0x000000002000477c        0x4 build/tasks.o
 .bss.pxOverflowDelayedTaskList
                0x0000000020004780        0x4 build/tasks.o
 .bss.pxReadyTasksLists
                0x0000000020004784      0x460 build/tasks.o
 .bss.uxCurrentNumberOfTasks
                0x0000000020004be4        0x4 build/tasks.o
 .bss.uxDeletedTasksWaitingCleanUp
                0x0000000020004be8        0x4 build/tasks.o
 .bss.uxPendedTicks
                0x0000000020004bec        0x4 build/tasks.o
 .bss.uxSchedulerSuspended
                0x0000000020004bf0        0x4 build/tasks.o
 .bss.uxTaskNumber
                0x0000000020004bf4        0x4 build/tasks.o
 .bss.uxTopReadyPriority
                0x0000000020004bf8        0x4 build/tasks.o
 .bss.xDelayedTaskList1
                0x0000000020004bfc       0x14 build/tasks.o
 .bss.xDelayedTaskList2
                0x0000000020004c10       0x14 build/tasks.o
 .bss.xNextTaskUnblockTime
                0x0000000020004c24        0x4 build/tasks.o
 .bss.xNumOfOverflows
                0x0000000020004c28        0x4 build/tasks.o
 .bss.xPendingReadyList
                0x0000000020004c2c       0x14 build/tasks.o
 .bss.xSchedulerRunning
                0x0000000020004c40        0x4 build/tasks.o
 .bss.xSuspendedTaskList
                0x0000000020004c44       0x14 build/tasks.o
 .bss.xTasksWaitingTermination
                0x0000000020004c58       0x14 build/tasks.o
 .bss.xTickCount
                0x0000000020004c6c        0x4 build/tasks.o
 .bss.xYieldPending
                0x0000000020004c70        0x4 build/tasks.o
 .bss.pxCurrentTimerList
                0x0000000020004c74        0x4 build/timers.o
 .bss.pxOverflowTimerList
                0x0000000020004c78        0x4 build/timers.o
 .bss.ucStaticTimerQueueStorage.6640
                0x0000000020004c7c       0xa0 build/timers.o
 .bss.xActiveTimerList1
                0x0000000020004d1c       0x14 build/timers.o
 .bss.xActiveTimerList2
                0x0000000020004d30       0x14 build/timers.o
 .bss.xLastTime.6589
                0x0000000020004d44        0x4 build/timers.o
 .bss.xStaticTimerQueue.6639
                0x0000000020004d48       0x50 build/timers.o
 .bss.xTimerQueue
                0x0000000020004d98        0x4 build/timers.o
 .bss.xTimerTaskHandle
                0x0000000020004d9c        0x4 build/timers.o
 *(COMMON)
 COMMON         0x0000000020004da0      0x45c build/bms.o
                0x0000000020004da0                BMS
                0x0000000020004f8c                rxMsg3
                0x0000000020004fa8                sf4
                0x0000000020004fd0                sf
                0x0000000020004ff8                charged
                0x0000000020004ffc                canRx2
                0x0000000020005004                canTx
                0x000000002000500c                txMsgExt2
                0x0000000020005024                rxMsg
                0x0000000020005040                txCycle3
                0x0000000020005044                txMsg2
                0x000000002000505c                txMsg3
                0x0000000020005074                hcan3
                0x000000002000509c                hcan2
                0x00000000200050c4                canMailbox2
                0x00000000200050c8                txMsg
                0x00000000200050e0                canMailbox
                0x00000000200050e4                txMsgExt3
                0x00000000200050fc                txCycle2
                0x0000000020005100                canTx2
                0x0000000020005108                txMsgExt
                0x0000000020005120                vechicleState
                0x0000000020005124                txCycle
                0x0000000020005128                rxMsg2
                0x0000000020005144                hcan1
                0x000000002000516c                canTx3
                0x0000000020005174                sf2
                0x000000002000519c                canRx
                0x00000000200051a4                sf5
                0x00000000200051cc                sf3
                0x00000000200051f4                canRx3
 COMMON         0x00000000200051fc       0xac build/main.o
                0x00000000200051fc                processDataHandle
                0x0000000020005200                defaultTaskHandle
                0x0000000020005204                tim2OC2
                0x0000000020005220                timer_reset_pulse_period
                0x0000000020005224                sendCommandHandle
                0x0000000020005228                tim2OC1
                0x0000000020005244                TIM1_handle
                0x0000000020005284                tim_period
                0x0000000020005288                ws2812b
                0x00000000200052a4                balanceCommandHandle
 COMMON         0x00000000200052a8       0x40 build/stm32f4xx_hal_timebase_tim.o
                0x00000000200052a8                htim7
 COMMON         0x00000000200052e8       0xf0 build/visEffect.o
                0x00000000200052e8                frameBuffer2
                0x0000000020005324                frameBuffer
 COMMON         0x00000000200053d8      0x184 build/ws2812b.o
                0x00000000200053d8                dmaCC2
                0x0000000020005438                dmaCC1
                0x0000000020005498                dummy
                0x000000002000549c                ws2812bDmaBitBuffer
                0x00000000200054fc                dmaUpdate
 COMMON         0x000000002000555c        0x4 build/stm32f4xx_hal.o
                0x000000002000555c                uwTick
 COMMON         0x0000000020005560       0x40 build/queue.o
                0x0000000020005560                xQueueRegistry
                0x00000000200055a0                . = ALIGN (0x4)
                0x00000000200055a0                _ebss = .
                0x00000000200055a0                __bss_end__ = _ebss

._user_heap_stack
                0x00000000200055a0      0x600 load address 0x00000000080075b4
                0x00000000200055a0                . = ALIGN (0x8)
                [!provide]                        PROVIDE (end, .)
                [!provide]                        PROVIDE (_end, .)
                0x00000000200057a0                . = (. + _Min_Heap_Size)
 *fill*         0x00000000200055a0      0x200 
                0x0000000020005ba0                . = (. + _Min_Stack_Size)
 *fill*         0x00000000200057a0      0x400 
                0x0000000020005ba0                . = ALIGN (0x8)

/DISCARD/
 libc.a(*)
 libm.a(*)
 libgcc.a(*)

.ARM.attributes
                0x0000000000000000       0x30
 *(.ARM.attributes)
 .ARM.attributes
                0x0000000000000000       0x22 /usr/lib/gcc/arm-none-eabi/6.3.1/thumb/v7e-m/fpv4-sp/hard/crti.o
 .ARM.attributes
                0x0000000000000022       0x34 /usr/lib/gcc/arm-none-eabi/6.3.1/thumb/v7e-m/fpv4-sp/hard/crtbegin.o
 .ARM.attributes
                0x0000000000000056       0x39 build/bms.o
 .ARM.attributes
                0x000000000000008f       0x39 build/can_setup.o
 .ARM.attributes
                0x00000000000000c8       0x39 build/main.o
 .ARM.attributes
                0x0000000000000101       0x39 build/stm32f4xx_hal_msp.o
 .ARM.attributes
                0x000000000000013a       0x39 build/stm32f4xx_hal_timebase_tim.o
 .ARM.attributes
                0x0000000000000173       0x39 build/stm32f4xx_it.o
 .ARM.attributes
                0x00000000000001ac       0x39 build/system_stm32f4xx.o
 .ARM.attributes
                0x00000000000001e5       0x39 build/visEffect.o
 .ARM.attributes
                0x000000000000021e       0x39 build/ws2812b.o
 .ARM.attributes
                0x0000000000000257       0x39 build/stm32f4xx_hal.o
 .ARM.attributes
                0x0000000000000290       0x39 build/stm32f4xx_hal_can.o
 .ARM.attributes
                0x00000000000002c9       0x39 build/stm32f4xx_hal_cortex.o
 .ARM.attributes
                0x0000000000000302       0x39 build/stm32f4xx_hal_dma.o
 .ARM.attributes
                0x000000000000033b       0x39 build/stm32f4xx_hal_gpio.o
 .ARM.attributes
                0x0000000000000374       0x39 build/stm32f4xx_hal_rcc.o
 .ARM.attributes
                0x00000000000003ad       0x39 build/stm32f4xx_hal_rcc_ex.o
 .ARM.attributes
                0x00000000000003e6       0x39 build/stm32f4xx_hal_tim.o
 .ARM.attributes
                0x000000000000041f       0x39 build/stm32f4xx_hal_tim_ex.o
 .ARM.attributes
                0x0000000000000458       0x39 build/cmsis_os2.o
 .ARM.attributes
                0x0000000000000491       0x39 build/list.o
 .ARM.attributes
                0x00000000000004ca       0x39 build/port.o
 .ARM.attributes
                0x0000000000000503       0x39 build/heap_4.o
 .ARM.attributes
                0x000000000000053c       0x39 build/queue.o
 .ARM.attributes
                0x0000000000000575       0x39 build/tasks.o
 .ARM.attributes
                0x00000000000005ae       0x39 build/timers.o
 .ARM.attributes
                0x00000000000005e7       0x21 build/startup_stm32f413xx.o
 .ARM.attributes
                0x0000000000000608       0x34 /usr/lib/gcc/arm-none-eabi/6.3.1/../../../arm-none-eabi/lib/thumb/v7e-m/fpv4-sp/hard/libc.a(lib_a-atexit.o)
 .ARM.attributes
                0x000000000000063c       0x34 /usr/lib/gcc/arm-none-eabi/6.3.1/../../../arm-none-eabi/lib/thumb/v7e-m/fpv4-sp/hard/libc.a(lib_a-fini.o)
 .ARM.attributes
                0x0000000000000670       0x34 /usr/lib/gcc/arm-none-eabi/6.3.1/../../../arm-none-eabi/lib/thumb/v7e-m/fpv4-sp/hard/libc.a(lib_a-impure.o)
 .ARM.attributes
                0x00000000000006a4       0x34 /usr/lib/gcc/arm-none-eabi/6.3.1/../../../arm-none-eabi/lib/thumb/v7e-m/fpv4-sp/hard/libc.a(lib_a-init.o)
 .ARM.attributes
                0x00000000000006d8       0x20 /usr/lib/gcc/arm-none-eabi/6.3.1/../../../arm-none-eabi/lib/thumb/v7e-m/fpv4-sp/hard/libc.a(lib_a-memcpy.o)
 .ARM.attributes
                0x00000000000006f8       0x34 /usr/lib/gcc/arm-none-eabi/6.3.1/../../../arm-none-eabi/lib/thumb/v7e-m/fpv4-sp/hard/libc.a(lib_a-memset.o)
 .ARM.attributes
                0x000000000000072c       0x34 /usr/lib/gcc/arm-none-eabi/6.3.1/../../../arm-none-eabi/lib/thumb/v7e-m/fpv4-sp/hard/libc.a(lib_a-rand.o)
 .ARM.attributes
                0x0000000000000760       0x34 /usr/lib/gcc/arm-none-eabi/6.3.1/../../../arm-none-eabi/lib/thumb/v7e-m/fpv4-sp/hard/libc.a(lib_a-__atexit.o)
 .ARM.attributes
                0x0000000000000794       0x34 /usr/lib/gcc/arm-none-eabi/6.3.1/../../../arm-none-eabi/lib/thumb/v7e-m/fpv4-sp/hard/libc.a(lib_a-__call_atexit.o)
 .ARM.attributes
                0x00000000000007c8       0x22 /usr/lib/gcc/arm-none-eabi/6.3.1/thumb/v7e-m/fpv4-sp/hard/libgcc.a(_arm_addsubdf3.o)
 .ARM.attributes
                0x00000000000007ea       0x22 /usr/lib/gcc/arm-none-eabi/6.3.1/thumb/v7e-m/fpv4-sp/hard/libgcc.a(_arm_muldivdf3.o)
 .ARM.attributes
                0x000000000000080c       0x22 /usr/lib/gcc/arm-none-eabi/6.3.1/thumb/v7e-m/fpv4-sp/hard/libgcc.a(_arm_cmpdf2.o)
 .ARM.attributes
                0x000000000000082e       0x22 /usr/lib/gcc/arm-none-eabi/6.3.1/thumb/v7e-m/fpv4-sp/hard/libgcc.a(_arm_fixunsdfsi.o)
 .ARM.attributes
                0x0000000000000850       0x22 /usr/lib/gcc/arm-none-eabi/6.3.1/thumb/v7e-m/fpv4-sp/hard/libgcc.a(_aeabi_uldivmod.o)
 .ARM.attributes
                0x0000000000000872       0x34 /usr/lib/gcc/arm-none-eabi/6.3.1/thumb/v7e-m/fpv4-sp/hard/libgcc.a(_udivmoddi4.o)
 .ARM.attributes
                0x00000000000008a6       0x22 /usr/lib/gcc/arm-none-eabi/6.3.1/thumb/v7e-m/fpv4-sp/hard/libgcc.a(_dvmd_tls.o)
 .ARM.attributes
                0x00000000000008c8       0x34 /usr/lib/gcc/arm-none-eabi/6.3.1/thumb/v7e-m/fpv4-sp/hard/crtend.o
 .ARM.attributes
                0x00000000000008fc       0x22 /usr/lib/gcc/arm-none-eabi/6.3.1/thumb/v7e-m/fpv4-sp/hard/crtn.o
OUTPUT(build/BMS_ALT.elf elf32-littlearm)

.comment        0x0000000000000000       0x31
 .comment       0x0000000000000000       0x31 /usr/lib/gcc/arm-none-eabi/6.3.1/thumb/v7e-m/fpv4-sp/hard/crtbegin.o
                                         0x32 (size before relaxing)
 .comment       0x0000000000000031       0x32 build/bms.o
 .comment       0x0000000000000031       0x32 build/can_setup.o
 .comment       0x0000000000000031       0x32 build/main.o
 .comment       0x0000000000000031       0x32 build/stm32f4xx_hal_msp.o
 .comment       0x0000000000000031       0x32 build/stm32f4xx_hal_timebase_tim.o
 .comment       0x0000000000000031       0x32 build/stm32f4xx_it.o
 .comment       0x0000000000000031       0x32 build/system_stm32f4xx.o
 .comment       0x0000000000000031       0x32 build/visEffect.o
 .comment       0x0000000000000031       0x32 build/ws2812b.o
 .comment       0x0000000000000031       0x32 build/stm32f4xx_hal.o
 .comment       0x0000000000000031       0x32 build/stm32f4xx_hal_can.o
 .comment       0x0000000000000031       0x32 build/stm32f4xx_hal_cortex.o
 .comment       0x0000000000000031       0x32 build/stm32f4xx_hal_dma.o
 .comment       0x0000000000000031       0x32 build/stm32f4xx_hal_gpio.o
 .comment       0x0000000000000031       0x32 build/stm32f4xx_hal_rcc.o
 .comment       0x0000000000000031       0x32 build/stm32f4xx_hal_rcc_ex.o
 .comment       0x0000000000000031       0x32 build/stm32f4xx_hal_tim.o
 .comment       0x0000000000000031       0x32 build/stm32f4xx_hal_tim_ex.o
 .comment       0x0000000000000031       0x32 build/cmsis_os2.o
 .comment       0x0000000000000031       0x32 build/list.o
 .comment       0x0000000000000031       0x32 build/port.o
 .comment       0x0000000000000031       0x32 build/heap_4.o
 .comment       0x0000000000000031       0x32 build/queue.o
 .comment       0x0000000000000031       0x32 build/tasks.o
 .comment       0x0000000000000031       0x32 build/timers.o
 .comment       0x0000000000000031       0x32 /usr/lib/gcc/arm-none-eabi/6.3.1/../../../arm-none-eabi/lib/thumb/v7e-m/fpv4-sp/hard/libc.a(lib_a-atexit.o)
 .comment       0x0000000000000031       0x32 /usr/lib/gcc/arm-none-eabi/6.3.1/../../../arm-none-eabi/lib/thumb/v7e-m/fpv4-sp/hard/libc.a(lib_a-fini.o)
 .comment       0x0000000000000031       0x32 /usr/lib/gcc/arm-none-eabi/6.3.1/../../../arm-none-eabi/lib/thumb/v7e-m/fpv4-sp/hard/libc.a(lib_a-impure.o)
 .comment       0x0000000000000031       0x32 /usr/lib/gcc/arm-none-eabi/6.3.1/../../../arm-none-eabi/lib/thumb/v7e-m/fpv4-sp/hard/libc.a(lib_a-init.o)
 .comment       0x0000000000000031       0x32 /usr/lib/gcc/arm-none-eabi/6.3.1/../../../arm-none-eabi/lib/thumb/v7e-m/fpv4-sp/hard/libc.a(lib_a-memset.o)
 .comment       0x0000000000000031       0x32 /usr/lib/gcc/arm-none-eabi/6.3.1/../../../arm-none-eabi/lib/thumb/v7e-m/fpv4-sp/hard/libc.a(lib_a-rand.o)
 .comment       0x0000000000000031       0x32 /usr/lib/gcc/arm-none-eabi/6.3.1/../../../arm-none-eabi/lib/thumb/v7e-m/fpv4-sp/hard/libc.a(lib_a-__atexit.o)
 .comment       0x0000000000000031       0x32 /usr/lib/gcc/arm-none-eabi/6.3.1/../../../arm-none-eabi/lib/thumb/v7e-m/fpv4-sp/hard/libc.a(lib_a-__call_atexit.o)
 .comment       0x0000000000000031       0x32 /usr/lib/gcc/arm-none-eabi/6.3.1/thumb/v7e-m/fpv4-sp/hard/libgcc.a(_udivmoddi4.o)
 .comment       0x0000000000000031       0x32 /usr/lib/gcc/arm-none-eabi/6.3.1/thumb/v7e-m/fpv4-sp/hard/crtend.o

.debug_info     0x0000000000000000    0x2befe
 .debug_info    0x0000000000000000     0x1d26 build/bms.o
 .debug_info    0x0000000000001d26     0x1ce3 build/can_setup.o
 .debug_info    0x0000000000003a09     0x25dd build/main.o
 .debug_info    0x0000000000005fe6     0x1550 build/stm32f4xx_hal_msp.o
 .debug_info    0x0000000000007536      0xd82 build/stm32f4xx_hal_timebase_tim.o
 .debug_info    0x00000000000082b8     0x1a8f build/stm32f4xx_it.o
 .debug_info    0x0000000000009d47      0x61e build/system_stm32f4xx.o
 .debug_info    0x000000000000a365     0x13f1 build/visEffect.o
 .debug_info    0x000000000000b756     0x1f58 build/ws2812b.o
 .debug_info    0x000000000000d6ae      0xb63 build/stm32f4xx_hal.o
 .debug_info    0x000000000000e211     0x1276 build/stm32f4xx_hal_can.o
 .debug_info    0x000000000000f487     0x10c4 build/stm32f4xx_hal_cortex.o
 .debug_info    0x000000000001054b      0xb46 build/stm32f4xx_hal_dma.o
 .debug_info    0x0000000000011091      0x8e3 build/stm32f4xx_hal_gpio.o
 .debug_info    0x0000000000011974      0xbc8 build/stm32f4xx_hal_rcc.o
 .debug_info    0x000000000001253c      0xb33 build/stm32f4xx_hal_rcc_ex.o
 .debug_info    0x000000000001306f     0x34d0 build/stm32f4xx_hal_tim.o
 .debug_info    0x000000000001653f     0x194c build/stm32f4xx_hal_tim_ex.o
 .debug_info    0x0000000000017e8b     0x4e0e build/cmsis_os2.o
 .debug_info    0x000000000001cc99      0xbd6 build/list.o
 .debug_info    0x000000000001d86f      0x5b3 build/port.o
 .debug_info    0x000000000001de22      0xd6a build/heap_4.o
 .debug_info    0x000000000001eb8c     0x2f34 build/queue.o
 .debug_info    0x0000000000021ac0     0x371a build/tasks.o
 .debug_info    0x00000000000251da     0x221d build/timers.o
 .debug_info    0x00000000000273f7       0x52 build/startup_stm32f413xx.o
 .debug_info    0x0000000000027449      0x907 /usr/lib/gcc/arm-none-eabi/6.3.1/../../../arm-none-eabi/lib/thumb/v7e-m/fpv4-sp/hard/libc.a(lib_a-atexit.o)
 .debug_info    0x0000000000027d50       0xfa /usr/lib/gcc/arm-none-eabi/6.3.1/../../../arm-none-eabi/lib/thumb/v7e-m/fpv4-sp/hard/libc.a(lib_a-fini.o)
 .debug_info    0x0000000000027e4a      0x8a5 /usr/lib/gcc/arm-none-eabi/6.3.1/../../../arm-none-eabi/lib/thumb/v7e-m/fpv4-sp/hard/libc.a(lib_a-impure.o)
 .debug_info    0x00000000000286ef      0x110 /usr/lib/gcc/arm-none-eabi/6.3.1/../../../arm-none-eabi/lib/thumb/v7e-m/fpv4-sp/hard/libc.a(lib_a-init.o)
 .debug_info    0x00000000000287ff       0xdc /usr/lib/gcc/arm-none-eabi/6.3.1/../../../arm-none-eabi/lib/thumb/v7e-m/fpv4-sp/hard/libc.a(lib_a-memcpy.o)
 .debug_info    0x00000000000288db      0x91b /usr/lib/gcc/arm-none-eabi/6.3.1/../../../arm-none-eabi/lib/thumb/v7e-m/fpv4-sp/hard/libc.a(lib_a-memset.o)
 .debug_info    0x00000000000291f6      0x8e6 /usr/lib/gcc/arm-none-eabi/6.3.1/../../../arm-none-eabi/lib/thumb/v7e-m/fpv4-sp/hard/libc.a(lib_a-rand.o)
 .debug_info    0x0000000000029adc      0x950 /usr/lib/gcc/arm-none-eabi/6.3.1/../../../arm-none-eabi/lib/thumb/v7e-m/fpv4-sp/hard/libc.a(lib_a-__atexit.o)
 .debug_info    0x000000000002a42c      0x9bc /usr/lib/gcc/arm-none-eabi/6.3.1/../../../arm-none-eabi/lib/thumb/v7e-m/fpv4-sp/hard/libc.a(lib_a-__call_atexit.o)
 .debug_info    0x000000000002ade8       0xd4 /usr/lib/gcc/arm-none-eabi/6.3.1/thumb/v7e-m/fpv4-sp/hard/libgcc.a(_arm_addsubdf3.o)
 .debug_info    0x000000000002aebc       0xd4 /usr/lib/gcc/arm-none-eabi/6.3.1/thumb/v7e-m/fpv4-sp/hard/libgcc.a(_arm_muldivdf3.o)
 .debug_info    0x000000000002af90       0xd4 /usr/lib/gcc/arm-none-eabi/6.3.1/thumb/v7e-m/fpv4-sp/hard/libgcc.a(_arm_cmpdf2.o)
 .debug_info    0x000000000002b064       0xd4 /usr/lib/gcc/arm-none-eabi/6.3.1/thumb/v7e-m/fpv4-sp/hard/libgcc.a(_arm_fixunsdfsi.o)
 .debug_info    0x000000000002b138       0xcf /usr/lib/gcc/arm-none-eabi/6.3.1/thumb/v7e-m/fpv4-sp/hard/libgcc.a(_aeabi_uldivmod.o)
 .debug_info    0x000000000002b207      0xc24 /usr/lib/gcc/arm-none-eabi/6.3.1/thumb/v7e-m/fpv4-sp/hard/libgcc.a(_udivmoddi4.o)
 .debug_info    0x000000000002be2b       0xd3 /usr/lib/gcc/arm-none-eabi/6.3.1/thumb/v7e-m/fpv4-sp/hard/libgcc.a(_dvmd_tls.o)

.debug_abbrev   0x0000000000000000     0x52db
 .debug_abbrev  0x0000000000000000      0x3b9 build/bms.o
 .debug_abbrev  0x00000000000003b9      0x25b build/can_setup.o
 .debug_abbrev  0x0000000000000614      0x339 build/main.o
 .debug_abbrev  0x000000000000094d      0x218 build/stm32f4xx_hal_msp.o
 .debug_abbrev  0x0000000000000b65      0x1ec build/stm32f4xx_hal_timebase_tim.o
 .debug_abbrev  0x0000000000000d51      0x265 build/stm32f4xx_it.o
 .debug_abbrev  0x0000000000000fb6      0x128 build/system_stm32f4xx.o
 .debug_abbrev  0x00000000000010de      0x29b build/visEffect.o
 .debug_abbrev  0x0000000000001379      0x34b build/ws2812b.o
 .debug_abbrev  0x00000000000016c4      0x1eb build/stm32f4xx_hal.o
 .debug_abbrev  0x00000000000018af      0x26a build/stm32f4xx_hal_can.o
 .debug_abbrev  0x0000000000001b19      0x33b build/stm32f4xx_hal_cortex.o
 .debug_abbrev  0x0000000000001e54      0x2aa build/stm32f4xx_hal_dma.o
 .debug_abbrev  0x00000000000020fe      0x21a build/stm32f4xx_hal_gpio.o
 .debug_abbrev  0x0000000000002318      0x28b build/stm32f4xx_hal_rcc.o
 .debug_abbrev  0x00000000000025a3      0x1c7 build/stm32f4xx_hal_rcc_ex.o
 .debug_abbrev  0x000000000000276a      0x270 build/stm32f4xx_hal_tim.o
 .debug_abbrev  0x00000000000029da      0x281 build/stm32f4xx_hal_tim_ex.o
 .debug_abbrev  0x0000000000002c5b      0x45d build/cmsis_os2.o
 .debug_abbrev  0x00000000000030b8      0x215 build/list.o
 .debug_abbrev  0x00000000000032cd      0x257 build/port.o
 .debug_abbrev  0x0000000000003524      0x309 build/heap_4.o
 .debug_abbrev  0x000000000000382d      0x3dc build/queue.o
 .debug_abbrev  0x0000000000003c09      0x3e8 build/tasks.o
 .debug_abbrev  0x0000000000003ff1      0x386 build/timers.o
 .debug_abbrev  0x0000000000004377       0x12 build/startup_stm32f413xx.o
 .debug_abbrev  0x0000000000004389      0x1f6 /usr/lib/gcc/arm-none-eabi/6.3.1/../../../arm-none-eabi/lib/thumb/v7e-m/fpv4-sp/hard/libc.a(lib_a-atexit.o)
 .debug_abbrev  0x000000000000457f       0xbd /usr/lib/gcc/arm-none-eabi/6.3.1/../../../arm-none-eabi/lib/thumb/v7e-m/fpv4-sp/hard/libc.a(lib_a-fini.o)
 .debug_abbrev  0x000000000000463c      0x189 /usr/lib/gcc/arm-none-eabi/6.3.1/../../../arm-none-eabi/lib/thumb/v7e-m/fpv4-sp/hard/libc.a(lib_a-impure.o)
 .debug_abbrev  0x00000000000047c5       0xba /usr/lib/gcc/arm-none-eabi/6.3.1/../../../arm-none-eabi/lib/thumb/v7e-m/fpv4-sp/hard/libc.a(lib_a-init.o)
 .debug_abbrev  0x000000000000487f       0x14 /usr/lib/gcc/arm-none-eabi/6.3.1/../../../arm-none-eabi/lib/thumb/v7e-m/fpv4-sp/hard/libc.a(lib_a-memcpy.o)
 .debug_abbrev  0x0000000000004893      0x1cd /usr/lib/gcc/arm-none-eabi/6.3.1/../../../arm-none-eabi/lib/thumb/v7e-m/fpv4-sp/hard/libc.a(lib_a-memset.o)
 .debug_abbrev  0x0000000000004a60      0x1e7 /usr/lib/gcc/arm-none-eabi/6.3.1/../../../arm-none-eabi/lib/thumb/v7e-m/fpv4-sp/hard/libc.a(lib_a-rand.o)
 .debug_abbrev  0x0000000000004c47      0x220 /usr/lib/gcc/arm-none-eabi/6.3.1/../../../arm-none-eabi/lib/thumb/v7e-m/fpv4-sp/hard/libc.a(lib_a-__atexit.o)
 .debug_abbrev  0x0000000000004e67      0x270 /usr/lib/gcc/arm-none-eabi/6.3.1/../../../arm-none-eabi/lib/thumb/v7e-m/fpv4-sp/hard/libc.a(lib_a-__call_atexit.o)
 .debug_abbrev  0x00000000000050d7       0x14 /usr/lib/gcc/arm-none-eabi/6.3.1/thumb/v7e-m/fpv4-sp/hard/libgcc.a(_arm_addsubdf3.o)
 .debug_abbrev  0x00000000000050eb       0x14 /usr/lib/gcc/arm-none-eabi/6.3.1/thumb/v7e-m/fpv4-sp/hard/libgcc.a(_arm_muldivdf3.o)
 .debug_abbrev  0x00000000000050ff       0x14 /usr/lib/gcc/arm-none-eabi/6.3.1/thumb/v7e-m/fpv4-sp/hard/libgcc.a(_arm_cmpdf2.o)
 .debug_abbrev  0x0000000000005113       0x14 /usr/lib/gcc/arm-none-eabi/6.3.1/thumb/v7e-m/fpv4-sp/hard/libgcc.a(_arm_fixunsdfsi.o)
 .debug_abbrev  0x0000000000005127       0x14 /usr/lib/gcc/arm-none-eabi/6.3.1/thumb/v7e-m/fpv4-sp/hard/libgcc.a(_aeabi_uldivmod.o)
 .debug_abbrev  0x000000000000513b      0x18c /usr/lib/gcc/arm-none-eabi/6.3.1/thumb/v7e-m/fpv4-sp/hard/libgcc.a(_udivmoddi4.o)
 .debug_abbrev  0x00000000000052c7       0x14 /usr/lib/gcc/arm-none-eabi/6.3.1/thumb/v7e-m/fpv4-sp/hard/libgcc.a(_dvmd_tls.o)

.debug_loc      0x0000000000000000    0x15cd3
 .debug_loc     0x0000000000000000      0xb5c build/bms.o
 .debug_loc     0x0000000000000b5c      0x36e build/can_setup.o
 .debug_loc     0x0000000000000eca      0x224 build/main.o
 .debug_loc     0x00000000000010ee      0x222 build/stm32f4xx_hal_msp.o
 .debug_loc     0x0000000000001310       0xae build/stm32f4xx_hal_timebase_tim.o
 .debug_loc     0x00000000000013be       0x80 build/stm32f4xx_it.o
 .debug_loc     0x000000000000143e      0x13e build/system_stm32f4xx.o
 .debug_loc     0x000000000000157c      0x2ce build/visEffect.o
 .debug_loc     0x000000000000184a      0x4da build/ws2812b.o
 .debug_loc     0x0000000000001d24      0x1ad build/stm32f4xx_hal.o
 .debug_loc     0x0000000000001ed1      0xdbb build/stm32f4xx_hal_can.o
 .debug_loc     0x0000000000002c8c      0x6a6 build/stm32f4xx_hal_cortex.o
 .debug_loc     0x0000000000003332      0xc1d build/stm32f4xx_hal_dma.o
 .debug_loc     0x0000000000003f4f      0x4fd build/stm32f4xx_hal_gpio.o
 .debug_loc     0x000000000000444c      0x55c build/stm32f4xx_hal_rcc.o
 .debug_loc     0x00000000000049a8      0x900 build/stm32f4xx_hal_rcc_ex.o
 .debug_loc     0x00000000000052a8     0x4343 build/stm32f4xx_hal_tim.o
 .debug_loc     0x00000000000095eb     0x16b9 build/stm32f4xx_hal_tim_ex.o
 .debug_loc     0x000000000000aca4     0x4692 build/cmsis_os2.o
 .debug_loc     0x000000000000f336       0x9c build/list.o
 .debug_loc     0x000000000000f3d2      0x160 build/port.o
 .debug_loc     0x000000000000f532      0x324 build/heap_4.o
 .debug_loc     0x000000000000f856     0x1ae9 build/queue.o
 .debug_loc     0x000000000001133f     0x251b build/tasks.o
 .debug_loc     0x000000000001385a     0x10c0 build/timers.o
 .debug_loc     0x000000000001491a       0x2c /usr/lib/gcc/arm-none-eabi/6.3.1/../../../arm-none-eabi/lib/thumb/v7e-m/fpv4-sp/hard/libc.a(lib_a-atexit.o)
 .debug_loc     0x0000000000014946       0x5c /usr/lib/gcc/arm-none-eabi/6.3.1/../../../arm-none-eabi/lib/thumb/v7e-m/fpv4-sp/hard/libc.a(lib_a-fini.o)
 .debug_loc     0x00000000000149a2       0xae /usr/lib/gcc/arm-none-eabi/6.3.1/../../../arm-none-eabi/lib/thumb/v7e-m/fpv4-sp/hard/libc.a(lib_a-init.o)
 .debug_loc     0x0000000000014a50      0x1bd /usr/lib/gcc/arm-none-eabi/6.3.1/../../../arm-none-eabi/lib/thumb/v7e-m/fpv4-sp/hard/libc.a(lib_a-memset.o)
 .debug_loc     0x0000000000014c0d       0x1f /usr/lib/gcc/arm-none-eabi/6.3.1/../../../arm-none-eabi/lib/thumb/v7e-m/fpv4-sp/hard/libc.a(lib_a-rand.o)
 .debug_loc     0x0000000000014c2c      0x197 /usr/lib/gcc/arm-none-eabi/6.3.1/../../../arm-none-eabi/lib/thumb/v7e-m/fpv4-sp/hard/libc.a(lib_a-__atexit.o)
 .debug_loc     0x0000000000014dc3      0x199 /usr/lib/gcc/arm-none-eabi/6.3.1/../../../arm-none-eabi/lib/thumb/v7e-m/fpv4-sp/hard/libc.a(lib_a-__call_atexit.o)
 .debug_loc     0x0000000000014f5c      0xd77 /usr/lib/gcc/arm-none-eabi/6.3.1/thumb/v7e-m/fpv4-sp/hard/libgcc.a(_udivmoddi4.o)

.debug_aranges  0x0000000000000000     0x16a0
 .debug_aranges
                0x0000000000000000       0xc8 build/bms.o
 .debug_aranges
                0x00000000000000c8       0x58 build/can_setup.o
 .debug_aranges
                0x0000000000000120       0x70 build/main.o
 .debug_aranges
                0x0000000000000190       0x40 build/stm32f4xx_hal_msp.o
 .debug_aranges
                0x00000000000001d0       0x30 build/stm32f4xx_hal_timebase_tim.o
 .debug_aranges
                0x0000000000000200       0x88 build/stm32f4xx_it.o
 .debug_aranges
                0x0000000000000288       0x28 build/system_stm32f4xx.o
 .debug_aranges
                0x00000000000002b0       0x48 build/visEffect.o
 .debug_aranges
                0x00000000000002f8       0x80 build/ws2812b.o
 .debug_aranges
                0x0000000000000378       0xf0 build/stm32f4xx_hal.o
 .debug_aranges
                0x0000000000000468      0x138 build/stm32f4xx_hal_can.o
 .debug_aranges
                0x00000000000005a0       0xa8 build/stm32f4xx_hal_cortex.o
 .debug_aranges
                0x0000000000000648       0x90 build/stm32f4xx_hal_dma.o
 .debug_aranges
                0x00000000000006d8       0x58 build/stm32f4xx_hal_gpio.o
 .debug_aranges
                0x0000000000000730       0x88 build/stm32f4xx_hal_rcc.o
 .debug_aranges
                0x00000000000007b8       0x60 build/stm32f4xx_hal_rcc_ex.o
 .debug_aranges
                0x0000000000000818      0x3a8 build/stm32f4xx_hal_tim.o
 .debug_aranges
                0x0000000000000bc0      0x150 build/stm32f4xx_hal_tim_ex.o
 .debug_aranges
                0x0000000000000d10      0x220 build/cmsis_os2.o
 .debug_aranges
                0x0000000000000f30       0x40 build/list.o
 .debug_aranges
                0x0000000000000f70       0x80 build/port.o
 .debug_aranges
                0x0000000000000ff0       0x50 build/heap_4.o
 .debug_aranges
                0x0000000000001040      0x158 build/queue.o
 .debug_aranges
                0x0000000000001198      0x1f8 build/tasks.o
 .debug_aranges
                0x0000000000001390       0xe8 build/timers.o
 .debug_aranges
                0x0000000000001478       0x28 build/startup_stm32f413xx.o
 .debug_aranges
                0x00000000000014a0       0x20 /usr/lib/gcc/arm-none-eabi/6.3.1/../../../arm-none-eabi/lib/thumb/v7e-m/fpv4-sp/hard/libc.a(lib_a-atexit.o)
 .debug_aranges
                0x00000000000014c0       0x20 /usr/lib/gcc/arm-none-eabi/6.3.1/../../../arm-none-eabi/lib/thumb/v7e-m/fpv4-sp/hard/libc.a(lib_a-fini.o)
 .debug_aranges
                0x00000000000014e0       0x18 /usr/lib/gcc/arm-none-eabi/6.3.1/../../../arm-none-eabi/lib/thumb/v7e-m/fpv4-sp/hard/libc.a(lib_a-impure.o)
 .debug_aranges
                0x00000000000014f8       0x20 /usr/lib/gcc/arm-none-eabi/6.3.1/../../../arm-none-eabi/lib/thumb/v7e-m/fpv4-sp/hard/libc.a(lib_a-init.o)
 .debug_aranges
                0x0000000000001518       0x20 /usr/lib/gcc/arm-none-eabi/6.3.1/../../../arm-none-eabi/lib/thumb/v7e-m/fpv4-sp/hard/libc.a(lib_a-memcpy.o)
 .debug_aranges
                0x0000000000001538       0x20 /usr/lib/gcc/arm-none-eabi/6.3.1/../../../arm-none-eabi/lib/thumb/v7e-m/fpv4-sp/hard/libc.a(lib_a-memset.o)
 .debug_aranges
                0x0000000000001558       0x20 /usr/lib/gcc/arm-none-eabi/6.3.1/../../../arm-none-eabi/lib/thumb/v7e-m/fpv4-sp/hard/libc.a(lib_a-rand.o)
 .debug_aranges
                0x0000000000001578       0x20 /usr/lib/gcc/arm-none-eabi/6.3.1/../../../arm-none-eabi/lib/thumb/v7e-m/fpv4-sp/hard/libc.a(lib_a-__atexit.o)
 .debug_aranges
                0x0000000000001598       0x28 /usr/lib/gcc/arm-none-eabi/6.3.1/../../../arm-none-eabi/lib/thumb/v7e-m/fpv4-sp/hard/libc.a(lib_a-__call_atexit.o)
 .debug_aranges
                0x00000000000015c0       0x20 /usr/lib/gcc/arm-none-eabi/6.3.1/thumb/v7e-m/fpv4-sp/hard/libgcc.a(_arm_addsubdf3.o)
 .debug_aranges
                0x00000000000015e0       0x20 /usr/lib/gcc/arm-none-eabi/6.3.1/thumb/v7e-m/fpv4-sp/hard/libgcc.a(_arm_muldivdf3.o)
 .debug_aranges
                0x0000000000001600       0x20 /usr/lib/gcc/arm-none-eabi/6.3.1/thumb/v7e-m/fpv4-sp/hard/libgcc.a(_arm_cmpdf2.o)
 .debug_aranges
                0x0000000000001620       0x20 /usr/lib/gcc/arm-none-eabi/6.3.1/thumb/v7e-m/fpv4-sp/hard/libgcc.a(_arm_fixunsdfsi.o)
 .debug_aranges
                0x0000000000001640       0x20 /usr/lib/gcc/arm-none-eabi/6.3.1/thumb/v7e-m/fpv4-sp/hard/libgcc.a(_aeabi_uldivmod.o)
 .debug_aranges
                0x0000000000001660       0x20 /usr/lib/gcc/arm-none-eabi/6.3.1/thumb/v7e-m/fpv4-sp/hard/libgcc.a(_udivmoddi4.o)
 .debug_aranges
                0x0000000000001680       0x20 /usr/lib/gcc/arm-none-eabi/6.3.1/thumb/v7e-m/fpv4-sp/hard/libgcc.a(_dvmd_tls.o)

.debug_ranges   0x0000000000000000     0x1730
 .debug_ranges  0x0000000000000000      0x118 build/bms.o
 .debug_ranges  0x0000000000000118       0x48 build/can_setup.o
 .debug_ranges  0x0000000000000160       0x60 build/main.o
 .debug_ranges  0x00000000000001c0       0x30 build/stm32f4xx_hal_msp.o
 .debug_ranges  0x00000000000001f0       0x20 build/stm32f4xx_hal_timebase_tim.o
 .debug_ranges  0x0000000000000210       0x78 build/stm32f4xx_it.o
 .debug_ranges  0x0000000000000288       0x18 build/system_stm32f4xx.o
 .debug_ranges  0x00000000000002a0       0x38 build/visEffect.o
 .debug_ranges  0x00000000000002d8       0x70 build/ws2812b.o
 .debug_ranges  0x0000000000000348       0xe0 build/stm32f4xx_hal.o
 .debug_ranges  0x0000000000000428      0x128 build/stm32f4xx_hal_can.o
 .debug_ranges  0x0000000000000550       0xf8 build/stm32f4xx_hal_cortex.o
 .debug_ranges  0x0000000000000648       0x80 build/stm32f4xx_hal_dma.o
 .debug_ranges  0x00000000000006c8       0x48 build/stm32f4xx_hal_gpio.o
 .debug_ranges  0x0000000000000710       0x90 build/stm32f4xx_hal_rcc.o
 .debug_ranges  0x00000000000007a0       0x68 build/stm32f4xx_hal_rcc_ex.o
 .debug_ranges  0x0000000000000808      0x398 build/stm32f4xx_hal_tim.o
 .debug_ranges  0x0000000000000ba0      0x140 build/stm32f4xx_hal_tim_ex.o
 .debug_ranges  0x0000000000000ce0      0x210 build/cmsis_os2.o
 .debug_ranges  0x0000000000000ef0       0x30 build/list.o
 .debug_ranges  0x0000000000000f20       0x70 build/port.o
 .debug_ranges  0x0000000000000f90       0x40 build/heap_4.o
 .debug_ranges  0x0000000000000fd0      0x238 build/queue.o
 .debug_ranges  0x0000000000001208      0x328 build/tasks.o
 .debug_ranges  0x0000000000001530       0xd8 build/timers.o
 .debug_ranges  0x0000000000001608       0x20 build/startup_stm32f413xx.o
 .debug_ranges  0x0000000000001628       0x38 /usr/lib/gcc/arm-none-eabi/6.3.1/../../../arm-none-eabi/lib/thumb/v7e-m/fpv4-sp/hard/libc.a(lib_a-__call_atexit.o)
 .debug_ranges  0x0000000000001660       0xd0 /usr/lib/gcc/arm-none-eabi/6.3.1/thumb/v7e-m/fpv4-sp/hard/libgcc.a(_udivmoddi4.o)

.debug_line     0x0000000000000000     0xa59e
 .debug_line    0x0000000000000000      0x5f7 build/bms.o
 .debug_line    0x00000000000005f7      0x313 build/can_setup.o
 .debug_line    0x000000000000090a      0x404 build/main.o
 .debug_line    0x0000000000000d0e      0x2c1 build/stm32f4xx_hal_msp.o
 .debug_line    0x0000000000000fcf      0x1fa build/stm32f4xx_hal_timebase_tim.o
 .debug_line    0x00000000000011c9      0x2fe build/stm32f4xx_it.o
 .debug_line    0x00000000000014c7      0x177 build/system_stm32f4xx.o
 .debug_line    0x000000000000163e      0x2d9 build/visEffect.o
 .debug_line    0x0000000000001917      0x46c build/ws2812b.o
 .debug_line    0x0000000000001d83      0x388 build/stm32f4xx_hal.o
 .debug_line    0x000000000000210b      0x676 build/stm32f4xx_hal_can.o
 .debug_line    0x0000000000002781      0x3b6 build/stm32f4xx_hal_cortex.o
 .debug_line    0x0000000000002b37      0x4af build/stm32f4xx_hal_dma.o
 .debug_line    0x0000000000002fe6      0x30f build/stm32f4xx_hal_gpio.o
 .debug_line    0x00000000000032f5      0x442 build/stm32f4xx_hal_rcc.o
 .debug_line    0x0000000000003737      0x4de build/stm32f4xx_hal_rcc_ex.o
 .debug_line    0x0000000000003c15     0x1426 build/stm32f4xx_hal_tim.o
 .debug_line    0x000000000000503b      0x7f9 build/stm32f4xx_hal_tim_ex.o
 .debug_line    0x0000000000005834     0x1508 build/cmsis_os2.o
 .debug_line    0x0000000000006d3c      0x243 build/list.o
 .debug_line    0x0000000000006f7f      0x2c8 build/port.o
 .debug_line    0x0000000000007247      0x2eb build/heap_4.o
 .debug_line    0x0000000000007532      0xa6a build/queue.o
 .debug_line    0x0000000000007f9c      0xdfa build/tasks.o
 .debug_line    0x0000000000008d96      0x586 build/timers.o
 .debug_line    0x000000000000931c       0x73 build/startup_stm32f413xx.o
 .debug_line    0x000000000000938f      0x157 /usr/lib/gcc/arm-none-eabi/6.3.1/../../../arm-none-eabi/lib/thumb/v7e-m/fpv4-sp/hard/libc.a(lib_a-atexit.o)
 .debug_line    0x00000000000094e6       0xa5 /usr/lib/gcc/arm-none-eabi/6.3.1/../../../arm-none-eabi/lib/thumb/v7e-m/fpv4-sp/hard/libc.a(lib_a-fini.o)
 .debug_line    0x000000000000958b       0xef /usr/lib/gcc/arm-none-eabi/6.3.1/../../../arm-none-eabi/lib/thumb/v7e-m/fpv4-sp/hard/libc.a(lib_a-impure.o)
 .debug_line    0x000000000000967a       0xbe /usr/lib/gcc/arm-none-eabi/6.3.1/../../../arm-none-eabi/lib/thumb/v7e-m/fpv4-sp/hard/libc.a(lib_a-init.o)
 .debug_line    0x0000000000009738       0xc1 /usr/lib/gcc/arm-none-eabi/6.3.1/../../../arm-none-eabi/lib/thumb/v7e-m/fpv4-sp/hard/libc.a(lib_a-memcpy.o)
 .debug_line    0x00000000000097f9      0x17c /usr/lib/gcc/arm-none-eabi/6.3.1/../../../arm-none-eabi/lib/thumb/v7e-m/fpv4-sp/hard/libc.a(lib_a-memset.o)
 .debug_line    0x0000000000009975      0x153 /usr/lib/gcc/arm-none-eabi/6.3.1/../../../arm-none-eabi/lib/thumb/v7e-m/fpv4-sp/hard/libc.a(lib_a-rand.o)
 .debug_line    0x0000000000009ac8      0x18a /usr/lib/gcc/arm-none-eabi/6.3.1/../../../arm-none-eabi/lib/thumb/v7e-m/fpv4-sp/hard/libc.a(lib_a-__atexit.o)
 .debug_line    0x0000000000009c52      0x1b8 /usr/lib/gcc/arm-none-eabi/6.3.1/../../../arm-none-eabi/lib/thumb/v7e-m/fpv4-sp/hard/libc.a(lib_a-__call_atexit.o)
 .debug_line    0x0000000000009e0a      0x189 /usr/lib/gcc/arm-none-eabi/6.3.1/thumb/v7e-m/fpv4-sp/hard/libgcc.a(_arm_addsubdf3.o)
 .debug_line    0x0000000000009f93      0x1a5 /usr/lib/gcc/arm-none-eabi/6.3.1/thumb/v7e-m/fpv4-sp/hard/libgcc.a(_arm_muldivdf3.o)
 .debug_line    0x000000000000a138       0xc4 /usr/lib/gcc/arm-none-eabi/6.3.1/thumb/v7e-m/fpv4-sp/hard/libgcc.a(_arm_cmpdf2.o)
 .debug_line    0x000000000000a1fc       0x7c /usr/lib/gcc/arm-none-eabi/6.3.1/thumb/v7e-m/fpv4-sp/hard/libgcc.a(_arm_fixunsdfsi.o)
 .debug_line    0x000000000000a278       0x67 /usr/lib/gcc/arm-none-eabi/6.3.1/thumb/v7e-m/fpv4-sp/hard/libgcc.a(_aeabi_uldivmod.o)
 .debug_line    0x000000000000a2df      0x258 /usr/lib/gcc/arm-none-eabi/6.3.1/thumb/v7e-m/fpv4-sp/hard/libgcc.a(_udivmoddi4.o)
 .debug_line    0x000000000000a537       0x67 /usr/lib/gcc/arm-none-eabi/6.3.1/thumb/v7e-m/fpv4-sp/hard/libgcc.a(_dvmd_tls.o)

.debug_str      0x0000000000000000     0x88c6
 .debug_str     0x0000000000000000      0xc3e build/bms.o
                                        0xd3f (size before relaxing)
 .debug_str     0x0000000000000c3e      0x6da build/can_setup.o
                                       0x1246 (size before relaxing)
 .debug_str     0x0000000000001318      0xd74 build/main.o
                                       0x1966 (size before relaxing)
 .debug_str     0x000000000000208c      0x162 build/stm32f4xx_hal_msp.o
                                       0x111a (size before relaxing)
 .debug_str     0x00000000000021ee       0xfb build/stm32f4xx_hal_timebase_tim.o
                                        0xeb1 (size before relaxing)
 .debug_str     0x00000000000022e9      0x14d build/stm32f4xx_it.o
                                       0x10a3 (size before relaxing)
 .debug_str     0x0000000000002436       0xac build/system_stm32f4xx.o
                                        0x3f8 (size before relaxing)
 .debug_str     0x00000000000024e2       0xbf build/visEffect.o
                                        0xc41 (size before relaxing)
 .debug_str     0x00000000000025a1      0x229 build/ws2812b.o
                                       0x1558 (size before relaxing)
 .debug_str     0x00000000000027ca      0x26d build/stm32f4xx_hal.o
                                        0xc3c (size before relaxing)
 .debug_str     0x0000000000002a37      0x38e build/stm32f4xx_hal_can.o
                                        0xad6 (size before relaxing)
 .debug_str     0x0000000000002dc5      0x41a build/stm32f4xx_hal_cortex.o
                                        0xd57 (size before relaxing)
 .debug_str     0x00000000000031df      0x2a6 build/stm32f4xx_hal_dma.o
                                        0x7f1 (size before relaxing)
 .debug_str     0x0000000000003485      0x15c build/stm32f4xx_hal_gpio.o
                                        0x59e (size before relaxing)
 .debug_str     0x00000000000035e1      0x15a build/stm32f4xx_hal_rcc.o
                                        0x772 (size before relaxing)
 .debug_str     0x000000000000373b      0x2e7 build/stm32f4xx_hal_rcc_ex.o
                                        0x7bc (size before relaxing)
 .debug_str     0x0000000000003a22      0xcfe build/stm32f4xx_hal_tim.o
                                       0x1548 (size before relaxing)
 .debug_str     0x0000000000004720      0x553 build/stm32f4xx_hal_tim_ex.o
                                        0xe95 (size before relaxing)