Archive member included to satisfy reference by file (symbol)

/usr/lib/gcc/arm-none-eabi/6.3.1/../../../arm-none-eabi/lib/thumb/v7e-m/fpv4-sp/hard/libc.a(lib_a-atexit.o)
                              /usr/lib/gcc/arm-none-eabi/6.3.1/../../../arm-none-eabi/lib/thumb/v7e-m/fpv4-sp/hard/crt0.o (atexit)
/usr/lib/gcc/arm-none-eabi/6.3.1/../../../arm-none-eabi/lib/thumb/v7e-m/fpv4-sp/hard/libc.a(lib_a-exit.o)
                              /usr/lib/gcc/arm-none-eabi/6.3.1/../../../arm-none-eabi/lib/thumb/v7e-m/fpv4-sp/hard/crt0.o (exit)
/usr/lib/gcc/arm-none-eabi/6.3.1/../../../arm-none-eabi/lib/thumb/v7e-m/fpv4-sp/hard/libc.a(lib_a-fini.o)
                              /usr/lib/gcc/arm-none-eabi/6.3.1/../../../arm-none-eabi/lib/thumb/v7e-m/fpv4-sp/hard/crt0.o (__libc_fini_array)
/usr/lib/gcc/arm-none-eabi/6.3.1/../../../arm-none-eabi/lib/thumb/v7e-m/fpv4-sp/hard/libc.a(lib_a-impure.o)
                              /usr/lib/gcc/arm-none-eabi/6.3.1/../../../arm-none-eabi/lib/thumb/v7e-m/fpv4-sp/hard/libc.a(lib_a-exit.o) (_global_impure_ptr)
/usr/lib/gcc/arm-none-eabi/6.3.1/../../../arm-none-eabi/lib/thumb/v7e-m/fpv4-sp/hard/libc.a(lib_a-init.o)
                              /usr/lib/gcc/arm-none-eabi/6.3.1/../../../arm-none-eabi/lib/thumb/v7e-m/fpv4-sp/hard/crt0.o (__libc_init_array)
/usr/lib/gcc/arm-none-eabi/6.3.1/../../../arm-none-eabi/lib/thumb/v7e-m/fpv4-sp/hard/libc.a(lib_a-memcpy.o)
                              build/cmsis_os2.o (memcpy)
/usr/lib/gcc/arm-none-eabi/6.3.1/../../../arm-none-eabi/lib/thumb/v7e-m/fpv4-sp/hard/libc.a(lib_a-memset.o)
                              /usr/lib/gcc/arm-none-eabi/6.3.1/../../../arm-none-eabi/lib/thumb/v7e-m/fpv4-sp/hard/crt0.o (memset)
/usr/lib/gcc/arm-none-eabi/6.3.1/../../../arm-none-eabi/lib/thumb/v7e-m/fpv4-sp/hard/libc.a(lib_a-rand.o)
                              build/visEffect.o (rand)
/usr/lib/gcc/arm-none-eabi/6.3.1/../../../arm-none-eabi/lib/thumb/v7e-m/fpv4-sp/hard/libc.a(lib_a-__atexit.o)
                              /usr/lib/gcc/arm-none-eabi/6.3.1/../../../arm-none-eabi/lib/thumb/v7e-m/fpv4-sp/hard/libc.a(lib_a-atexit.o) (__register_exitproc)
/usr/lib/gcc/arm-none-eabi/6.3.1/../../../arm-none-eabi/lib/thumb/v7e-m/fpv4-sp/hard/libc.a(lib_a-__call_atexit.o)
                              /usr/lib/gcc/arm-none-eabi/6.3.1/../../../arm-none-eabi/lib/thumb/v7e-m/fpv4-sp/hard/libc.a(lib_a-exit.o) (__call_exitprocs)
/usr/lib/gcc/arm-none-eabi/6.3.1/../../../arm-none-eabi/lib/thumb/v7e-m/fpv4-sp/hard/libnosys.a(_exit.o)
                              /usr/lib/gcc/arm-none-eabi/6.3.1/../../../arm-none-eabi/lib/thumb/v7e-m/fpv4-sp/hard/libc.a(lib_a-exit.o) (_exit)
/usr/lib/gcc/arm-none-eabi/6.3.1/thumb/v7e-m/fpv4-sp/hard/libgcc.a(_arm_addsubdf3.o)
                              build/bms.o (__aeabi_i2d)
/usr/lib/gcc/arm-none-eabi/6.3.1/thumb/v7e-m/fpv4-sp/hard/libgcc.a(_arm_muldivdf3.o)
                              build/bms.o (__aeabi_dmul)
/usr/lib/gcc/arm-none-eabi/6.3.1/thumb/v7e-m/fpv4-sp/hard/libgcc.a(_arm_fixunsdfsi.o)
                              build/bms.o (__aeabi_d2uiz)
/usr/lib/gcc/arm-none-eabi/6.3.1/thumb/v7e-m/fpv4-sp/hard/libgcc.a(_aeabi_uldivmod.o)
                              build/stm32f4xx_hal_rcc.o (__aeabi_uldivmod)
/usr/lib/gcc/arm-none-eabi/6.3.1/thumb/v7e-m/fpv4-sp/hard/libgcc.a(_udivmoddi4.o)
                              /usr/lib/gcc/arm-none-eabi/6.3.1/thumb/v7e-m/fpv4-sp/hard/libgcc.a(_aeabi_uldivmod.o) (__udivmoddi4)
/usr/lib/gcc/arm-none-eabi/6.3.1/thumb/v7e-m/fpv4-sp/hard/libgcc.a(_dvmd_tls.o)
                              /usr/lib/gcc/arm-none-eabi/6.3.1/thumb/v7e-m/fpv4-sp/hard/libgcc.a(_aeabi_uldivmod.o) (__aeabi_ldiv0)

Allocating common symbols
Common symbol       size              file

processDataHandle   0x4               build/main.o
PARAM               0x1c              build/lim.o
BMS                 0x1ec             build/bms.o
rxMsg3              0x1c              build/bms.o
sf4                 0x28              build/bms.o
defaultTaskHandle   0x4               build/main.o
sf                  0x28              build/bms.o
charged             0x1               build/bms.o
synchCommandHandle  0x4               build/main.o
watchdogBits        0x1               build/bms.o
canRx2              0x8               build/bms.o
canMailbox3         0x4               build/bms.o
tim2OC2             0x1c              build/main.o
frameBuffer2        0x3c              build/visEffect.o
txMsgExt2           0x18              build/bms.o
timer_reset_pulse_period
                    0x4               build/main.o
rxMsg               0x1c              build/bms.o
txCycle3            0x4               build/bms.o
dmaCC2              0x60              build/ws2812b.o
tim2OC1             0x1c              build/main.o
TIM1_handle         0x40              build/main.o
txMsg2              0x18              build/bms.o
uwTick              0x4               build/stm32f4xx_hal.o
xQueueRegistry      0x40              build/queue.o
[...]
Memory Configuration

Name             Origin             Length             Attributes
RAM              0x0000000020000000 0x0000000000050000 xrw
FLASH            0x0000000008000000 0x0000000000100000 xr
*default*        0x0000000000000000 0xffffffffffffffff

Linker script and memory map

LOAD /usr/lib/gcc/arm-none-eabi/6.3.1/thumb/v7e-m/fpv4-sp/hard/crti.o
LOAD /usr/lib/gcc/arm-none-eabi/6.3.1/thumb/v7e-m/fpv4-sp/hard/crtbegin.o
LOAD /usr/lib/gcc/arm-none-eabi/6.3.1/../../../arm-none-eabi/lib/thumb/v7e-m/fpv4-sp/hard/crt0.o
LOAD build/bms.o
LOAD build/can_setup.o
LOAD build/freertos.o
LOAD build/lim.o
LOAD build/main.o
LOAD build/stm32f4xx_hal_msp.o
LOAD build/stm32f4xx_hal_timebase_tim.o
LOAD build/stm32f4xx_it.o
LOAD build/system_stm32f4xx.o
LOAD build/visEffect.o
LOAD build/ws2812b.o
LOAD build/stm32f4xx_hal.o
LOAD build/stm32f4xx_hal_can.o
LOAD build/stm32f4xx_hal_cortex.o
LOAD build/stm32f4xx_hal_dma.o
LOAD build/stm32f4xx_hal_dma_ex.o
LOAD build/stm32f4xx_hal_exti.o
LOAD build/stm32f4xx_hal_flash.o
LOAD build/stm32f4xx_hal_flash_ex.o
LOAD build/stm32f4xx_hal_flash_ramfunc.o
LOAD build/stm32f4xx_hal_gpio.o
LOAD build/stm32f4xx_hal_pwr.o
LOAD build/stm32f4xx_hal_pwr_ex.o
LOAD build/stm32f4xx_hal_rcc.o
LOAD build/stm32f4xx_hal_rcc_ex.o
LOAD build/stm32f4xx_hal_tim.o
LOAD build/stm32f4xx_hal_tim_ex.o
LOAD build/cmsis_os2.o
LOAD build/croutine.o
LOAD build/event_groups.o
LOAD build/list.o
LOAD build/port.o
LOAD build/heap_4.o
LOAD build/queue.o
LOAD build/stream_buffer.o
LOAD build/tasks.o
LOAD build/timers.o
LOAD build/startup_stm32f413xx.o
LOAD /usr/lib/gcc/arm-none-eabi/6.3.1/../../../arm-none-eabi/lib/thumb/v7e-m/fpv4-sp/hard/libc.a
LOAD /usr/lib/gcc/arm-none-eabi/6.3.1/../../../arm-none-eabi/lib/thumb/v7e-m/fpv4-sp/hard/libm.a
LOAD /usr/lib/gcc/arm-none-eabi/6.3.1/../../../arm-none-eabi/lib/thumb/v7e-m/fpv4-sp/hard/libnosys.a
START GROUP
LOAD /usr/lib/gcc/arm-none-eabi/6.3.1/thumb/v7e-m/fpv4-sp/hard/libgcc.a
LOAD /usr/lib/gcc/arm-none-eabi/6.3.1/../../../arm-none-eabi/lib/thumb/v7e-m/fpv4-sp/hard/libc.a
END GROUP
START GROUP
LOAD /usr/lib/gcc/arm-none-eabi/6.3.1/thumb/v7e-m/fpv4-sp/hard/libgcc.a
LOAD /usr/lib/gcc/arm-none-eabi/6.3.1/../../../arm-none-eabi/lib/thumb/v7e-m/fpv4-sp/hard/libc.a
LOAD /usr/lib/gcc/arm-none-eabi/6.3.1/../../../arm-none-eabi/lib/thumb/v7e-m/fpv4-sp/hard/libnosys.a
END GROUP
LOAD /usr/lib/gcc/arm-none-eabi/6.3.1/thumb/v7e-m/fpv4-sp/hard/crtend.o
LOAD /usr/lib/gcc/arm-none-eabi/6.3.1/thumb/v7e-m/fpv4-sp/hard/crtn.o
                0x0000000020050000                _estack = 0x20050000
                0x0000000000000200                _Min_Heap_Size = 0x200
                0x0000000000000400                _Min_Stack_Size = 0x400

.isr_vector     0x0000000008000000      0x1d8
                0x0000000008000000                . = ALIGN (0x4)
 *(.isr_vector)
 .isr_vector    0x0000000008000000      0x1d8 build/startup_stm32f413xx.o
                0x0000000008000000                g_pfnVectors
                0x00000000080001d8                . = ALIGN (0x4)

.text           0x00000000080001e0     0x6dc4
                0x00000000080001e0                . = ALIGN (0x4)
 *(.text)
 .text          0x00000000080001e0       0xa4 /usr/lib/gcc/arm-none-eabi/6.3.1/thumb/v7e-m/fpv4-sp/hard/crtbegin.o
 .text          0x0000000008000284        0xc /usr/lib/gcc/arm-none-eabi/6.3.1/../../../arm-none-eabi/lib/thumb/v7e-m/fpv4-sp/hard/libc.a(lib_a-atexit.o)
                0x0000000008000284                atexit
 .text          0x0000000008000290       0x34 /usr/lib/gcc/arm-none-eabi/6.3.1/../../../arm-none-eabi/lib/thumb/v7e-m/fpv4-sp/hard/libc.a(lib_a-fini.o)
                0x0000000008000290                __libc_fini_array
 .text          0x00000000080002c4       0x50 /usr/lib/gcc/arm-none-eabi/6.3.1/../../../arm-none-eabi/lib/thumb/v7e-m/fpv4-sp/hard/libc.a(lib_a-init.o)
                0x00000000080002c4                __libc_init_array
 .text          0x0000000008000314      0x134 /usr/lib/gcc/arm-none-eabi/6.3.1/../../../arm-none-eabi/lib/thumb/v7e-m/fpv4-sp/hard/libc.a(lib_a-memcpy.o)
                0x0000000008000314                memcpy
 .text          0x0000000008000448       0x9c /usr/lib/gcc/arm-none-eabi/6.3.1/../../../arm-none-eabi/lib/thumb/v7e-m/fpv4-sp/hard/libc.a(lib_a-memset.o)
                0x0000000008000448                memset
 .text          0x00000000080004e4       0x54 /usr/lib/gcc/arm-none-eabi/6.3.1/../../../arm-none-eabi/lib/thumb/v7e-m/fpv4-sp/hard/libc.a(lib_a-rand.o)
                0x00000000080004e4                srand
                0x00000000080004f8                rand
 .text          0x0000000008000538       0xa4 /usr/lib/gcc/arm-none-eabi/6.3.1/../../../arm-none-eabi/lib/thumb/v7e-m/fpv4-sp/hard/libc.a(lib_a-__atexit.o)
                0x0000000008000538                __register_exitproc
 .text          0x00000000080005dc      0x370 /usr/lib/gcc/arm-none-eabi/6.3.1/thumb/v7e-m/fpv4-sp/hard/libgcc.a(_arm_addsubdf3.o)
                0x00000000080005dc                __aeabi_drsub
                0x00000000080005e4                __aeabi_dsub
                0x00000000080005e4                __subdf3
                0x00000000080005e8                __adddf3
                0x00000000080005e8                __aeabi_dadd
                0x0000000008000860                __aeabi_ui2d
                0x0000000008000860                __floatunsidf
                0x0000000008000880                __floatsidf
                0x0000000008000880                __aeabi_i2d
                0x00000000080008a4                __extendsfdf2
                0x00000000080008a4                __aeabi_f2d
                0x00000000080008e0                __aeabi_ul2d
                0x00000000080008e0                __floatundidf
                0x00000000080008f0                __floatdidf
                0x00000000080008f0                __aeabi_l2d
 .text          0x000000000800094c      0x424 /usr/lib/gcc/arm-none-eabi/6.3.1/thumb/v7e-m/fpv4-sp/hard/libgcc.a(_arm_muldivdf3.o)
                0x000000000800094c                __aeabi_dmul
                0x000000000800094c                __muldf3
                0x0000000008000ba0                __aeabi_ddiv
                0x0000000008000ba0                __divdf3
 .text          0x0000000008000d70       0x40 /usr/lib/gcc/arm-none-eabi/6.3.1/thumb/v7e-m/fpv4-sp/hard/libgcc.a(_arm_fixunsdfsi.o)
                0x0000000008000d70                __fixunsdfsi
                0x0000000008000d70                __aeabi_d2uiz
 .text          0x0000000008000db0       0x30 /usr/lib/gcc/arm-none-eabi/6.3.1/thumb/v7e-m/fpv4-sp/hard/libgcc.a(_aeabi_uldivmod.o)
                0x0000000008000db0                __aeabi_uldivmod
 .text          0x0000000008000de0      0x2dc /usr/lib/gcc/arm-none-eabi/6.3.1/thumb/v7e-m/fpv4-sp/hard/libgcc.a(_udivmoddi4.o)
                0x0000000008000de0                __udivmoddi4
 .text          0x00000000080010bc        0x4 /usr/lib/gcc/arm-none-eabi/6.3.1/thumb/v7e-m/fpv4-sp/hard/libgcc.a(_dvmd_tls.o)
                0x00000000080010bc                __aeabi_ldiv0
                0x00000000080010bc                __aeabi_idiv0
 *(.text*)
 .text.getSOC   0x00000000080010c0       0x28 build/bms.o
 .text.getHighCellVolt
                0x00000000080010e8       0x22 build/bms.o
 .text.getHighCellTemp
                0x000000000800110a       0x26 build/bms.o
 .text.getLowCellTemp
                0x0000000008001130       0x2e build/bms.o
 .text.getAvgCellTemp
                0x000000000800115e       0x34 build/bms.o
 .text.getTempDelta
                0x0000000008001192       0x10 build/bms.o
 .text.getCellDelta
                0x00000000080011a2       0x10 build/bms.o
 .text.getLowCellVolt
                0x00000000080011b2       0x26 build/bms.o
 .text.getAvgCellVolt
                0x00000000080011d8       0x28 build/bms.o
 .text.getPackVolt
                0x0000000008001200       0x24 build/bms.o
 .text.getCellCount
                0x0000000008001224       0x3c build/bms.o
 .text.initBMS  0x0000000008001260       0xa4 build/bms.o
                0x0000000008001260                initBMS
 .text.bmsStateHandler
                0x0000000008001304       0xc0 build/bms.o
                0x0000000008001304                bmsStateHandler
 .text.acChargeCommand
                0x00000000080013c4       0x80 build/bms.o
                0x00000000080013c4                acChargeCommand
 .text.tx500kData
                0x0000000008001444       0x94 build/bms.o
                0x0000000008001444                tx500kData
 .text.sendCommand
                0x00000000080014d8       0x3c build/bms.o
                0x00000000080014d8                sendCommand
 .text.requestBICMdata
                0x0000000008001514       0x84 build/bms.o
                0x0000000008001514                requestBICMdata
 .text.refreshData
                0x0000000008001598       0x68 build/bms.o
                0x0000000008001598                refreshData
 .text.balanceCommand
                0x0000000008001600      0x15c build/bms.o
                0x0000000008001600                balanceCommand
 .text.vehicleComms
                0x000000000800175c        0x2 build/bms.o
                0x000000000800175c                vehicleComms
 *fill*         0x000000000800175e        0x2 
 .text.synchChargers
                0x0000000008001760       0x30 build/bms.o
                0x0000000008001760                synchChargers
 .text.decodeVolt
                0x0000000008001790      0xc5c build/bms.o
                0x0000000008001790                decodeVolt
 .text.decodeTemp
                0x00000000080023ec      0x12a build/bms.o
                0x00000000080023ec                decodeTemp
 *fill*         0x0000000008002516        0x2 
 .text.HAL_CAN_RxFifo0MsgPendingCallback
                0x0000000008002518       0xa0 build/can_setup.o
                0x0000000008002518                HAL_CAN_RxFifo0MsgPendingCallback
 .text.HAL_CAN_RxFifo1MsgPendingCallback
                0x00000000080025b8       0x88 build/can_setup.o
                0x00000000080025b8                HAL_CAN_RxFifo1MsgPendingCallback
 .text.canSettings
                0x0000000008002640      0x190 build/can_setup.o
                0x0000000008002640                canSettings
 .text.can1tx   0x00000000080027d0       0x40 build/can_setup.o
                0x00000000080027d0                can1tx
 .text.can2tx   0x0000000008002810       0x40 build/can_setup.o
                0x0000000008002810                can2tx
 .text.can3tx   0x0000000008002850       0x40 build/can_setup.o
                0x0000000008002850                can3tx
 .text.StartDefaultTask
                0x0000000008002890       0x28 build/main.o
                0x0000000008002890                StartDefaultTask
 .text.StartsynchCommand
                0x00000000080028b8       0x10 build/main.o
                0x00000000080028b8                StartsynchCommand
 .text.StartbalanceCommand
                0x00000000080028c8       0x3c build/main.o
                0x00000000080028c8                StartbalanceCommand
 .text.StartprocessData
                0x0000000008002904       0x14 build/main.o
                0x0000000008002904                StartprocessData
 .text.HAL_TIM_PeriodElapsedCallback
                0x0000000008002918       0x58 build/main.o
                0x0000000008002918                HAL_TIM_PeriodElapsedCallback
 .text.Error_Handler
                0x0000000008002970        0x4 build/main.o
                0x0000000008002970                Error_Handler
 .text.MX_CAN1_Init
                0x0000000008002974       0x40 build/main.o
 .text.MX_CAN2_Init
                0x00000000080029b4       0x40 build/main.o
 .text.MX_CAN3_Init
                0x00000000080029f4       0x40 build/main.o
 .text.SystemClock_Config
                0x0000000008002a34       0xa0 build/main.o
                0x0000000008002a34                SystemClock_Config
 .text.main     0x0000000008002ad4       0x94 build/main.o
                0x0000000008002ad4                main
 .text.HAL_MspInit
                0x0000000008002b68       0x44 build/stm32f4xx_hal_msp.o
                0x0000000008002b68                HAL_MspInit
 .text.HAL_CAN_MspInit
                0x0000000008002bac      0x144 build/stm32f4xx_hal_msp.o
                0x0000000008002bac                HAL_CAN_MspInit
 .text.HAL_InitTick
                0x0000000008002cf0       0x7c build/stm32f4xx_hal_timebase_tim.o
                0x0000000008002cf0                HAL_InitTick
 .text.NMI_Handler
                0x0000000008002d6c        0x2 build/stm32f4xx_it.o
                0x0000000008002d6c                NMI_Handler
 .text.HardFault_Handler
                0x0000000008002d6e        0x2 build/stm32f4xx_it.o
                0x0000000008002d6e                HardFault_Handler
 .text.MemManage_Handler
                0x0000000008002d70        0x2 build/stm32f4xx_it.o
                0x0000000008002d70                MemManage_Handler
 .text.BusFault_Handler
                0x0000000008002d72        0x2 build/stm32f4xx_it.o
                0x0000000008002d72                BusFault_Handler
 .text.UsageFault_Handler
                0x0000000008002d74        0x2 build/stm32f4xx_it.o
                0x0000000008002d74                UsageFault_Handler
 .text.DebugMon_Handler
                0x0000000008002d76        0x2 build/stm32f4xx_it.o
                0x0000000008002d76                DebugMon_Handler
 .text.DMA1_Stream1_IRQHandler
                0x0000000008002d78        0x2 build/stm32f4xx_it.o
                0x0000000008002d78                DMA1_Stream1_IRQHandler
 .text.DMA1_Stream5_IRQHandler
                0x0000000008002d7a        0x2 build/stm32f4xx_it.o
                0x0000000008002d7a                DMA1_Stream5_IRQHandler
 .text.DMA1_Stream6_IRQHandler
                0x0000000008002d7c        0x2 build/stm32f4xx_it.o
                0x0000000008002d7c                DMA1_Stream6_IRQHandler
 *fill*         0x0000000008002d7e        0x2 
 .text.CAN1_RX0_IRQHandler
                0x0000000008002d80       0x10 build/stm32f4xx_it.o
                0x0000000008002d80                CAN1_RX0_IRQHandler
 .text.TIM2_IRQHandler
                0x0000000008002d90        0x2 build/stm32f4xx_it.o
                0x0000000008002d90                TIM2_IRQHandler
 *fill*         0x0000000008002d92        0x2 
 .text.TIM7_IRQHandler
                0x0000000008002d94       0x10 build/stm32f4xx_it.o
                0x0000000008002d94                TIM7_IRQHandler
 .text.CAN2_RX1_IRQHandler
                0x0000000008002da4       0x10 build/stm32f4xx_it.o
                0x0000000008002da4                CAN2_RX1_IRQHandler
 .text.CAN3_RX0_IRQHandler
                0x0000000008002db4       0x10 build/stm32f4xx_it.o
                0x0000000008002db4                CAN3_RX0_IRQHandler
 .text.SystemInit
                0x0000000008002dc4       0x1c build/system_stm32f4xx.o
                0x0000000008002dc4                SystemInit
 .text.Wheel    0x0000000008002de0       0x46 build/visEffect.o
                0x0000000008002de0                Wheel
 *fill*         0x0000000008002e26        0x2 
 .text.visRainbow
                0x0000000008002e28       0x54 build/visEffect.o
                0x0000000008002e28                visRainbow
 .text.visDots  0x0000000008002e7c       0x88 build/visEffect.o
                0x0000000008002e7c                visDots
 .text.visHandle2
                0x0000000008002f04       0x40 build/visEffect.o
                0x0000000008002f04                visHandle2
 .text.visInit  0x0000000008002f44       0x4c build/visEffect.o
                0x0000000008002f44                visInit
 .text.visHandle
                0x0000000008002f90       0x20 build/visEffect.o
                0x0000000008002f90                visHandle
 .text.DMA_TransferError
                0x0000000008002fb0       0x10 build/ws2812b.o
                0x0000000008002fb0                DMA_TransferError
 .text.ws2812b_gpio_init
                0x0000000008002fc0       0x78 build/ws2812b.o
 .text.DMA2_init
                0x0000000008003038      0x160 build/ws2812b.o
 .text.TIM1_init
                0x0000000008003198      0x110 build/ws2812b.o
 .text.DMA2_Stream2_IRQHandler
                0x00000000080032a8       0x20 build/ws2812b.o
                0x00000000080032a8                DMA2_Stream2_IRQHandler
 .text.TIM1_UP_TIM10_IRQHandler
                0x00000000080032c8       0x20 build/ws2812b.o
                0x00000000080032c8                TIM1_UP_TIM10_IRQHandler
 .text.ws2812b_set_pixel
                0x00000000080032e8       0xb8 build/ws2812b.o
                0x00000000080032e8                ws2812b_set_pixel
 .text.loadNextFramebufferData
                0x00000000080033a0       0x34 build/ws2812b.o
 .text.DMA_TransferCompleteHandler
                0x00000000080033d4       0xe8 build/ws2812b.o
                0x00000000080033d4                DMA_TransferCompleteHandler
 .text.WS2812_sendbuf
                0x00000000080034bc      0x174 build/ws2812b.o
 .text.DMA_TransferHalfHandler
                0x0000000008003630       0x44 build/ws2812b.o
                0x0000000008003630                DMA_TransferHalfHandler
 .text.ws2812b_init
                0x0000000008003674       0x1c build/ws2812b.o
                0x0000000008003674                ws2812b_init
 .text.ws2812b_handle
                0x0000000008003690       0x1c build/ws2812b.o
                0x0000000008003690                ws2812b_handle
 .text.HAL_Init
                0x00000000080036ac       0x34 build/stm32f4xx_hal.o
                0x00000000080036ac                HAL_Init
 .text.HAL_IncTick
                0x00000000080036e0       0x18 build/stm32f4xx_hal.o
                0x00000000080036e0                HAL_IncTick
 .text.HAL_GetTick
                0x00000000080036f8        0xc build/stm32f4xx_hal.o
                0x00000000080036f8                HAL_GetTick
 .text.HAL_Delay
                0x0000000008003704       0x28 build/stm32f4xx_hal.o
                0x0000000008003704                HAL_Delay
 .text.HAL_CAN_Init
                0x000000000800372c      0x14c build/stm32f4xx_hal_can.o
                0x000000000800372c                HAL_CAN_Init
 .text.HAL_CAN_ConfigFilter
                0x0000000008003878      0x134 build/stm32f4xx_hal_can.o
                0x0000000008003878                HAL_CAN_ConfigFilter
 .text.HAL_CAN_Start
                0x00000000080039ac       0x5c build/stm32f4xx_hal_can.o
                0x00000000080039ac                HAL_CAN_Start
 .text.HAL_CAN_AddTxMessage
                0x0000000008003a08       0xea build/stm32f4xx_hal_can.o
                0x0000000008003a08                HAL_CAN_AddTxMessage
 .text.HAL_CAN_GetRxMessage
                0x0000000008003af2      0x134 build/stm32f4xx_hal_can.o
                0x0000000008003af2                HAL_CAN_GetRxMessage
 .text.HAL_CAN_ActivateNotification
                0x0000000008003c26       0x24 build/stm32f4xx_hal_can.o
                0x0000000008003c26                HAL_CAN_ActivateNotification
 .text.HAL_CAN_TxMailbox0CompleteCallback
                0x0000000008003c4a        0x2 build/stm32f4xx_hal_can.o
                0x0000000008003c4a                HAL_CAN_TxMailbox0CompleteCallback
 .text.HAL_CAN_TxMailbox1CompleteCallback
                0x0000000008003c4c        0x2 build/stm32f4xx_hal_can.o
                0x0000000008003c4c                HAL_CAN_TxMailbox1CompleteCallback
 .text.HAL_CAN_TxMailbox2CompleteCallback
                0x0000000008003c4e        0x2 build/stm32f4xx_hal_can.o
                0x0000000008003c4e                HAL_CAN_TxMailbox2CompleteCallback
 .text.HAL_CAN_TxMailbox0AbortCallback
                0x0000000008003c50        0x2 build/stm32f4xx_hal_can.o
                0x0000000008003c50                HAL_CAN_TxMailbox0AbortCallback
 .text.HAL_CAN_TxMailbox1AbortCallback
                0x0000000008003c52        0x2 build/stm32f4xx_hal_can.o
                0x0000000008003c52                HAL_CAN_TxMailbox1AbortCallback
 .text.HAL_CAN_TxMailbox2AbortCallback
                0x0000000008003c54        0x2 build/stm32f4xx_hal_can.o
                0x0000000008003c54                HAL_CAN_TxMailbox2AbortCallback
 .text.HAL_CAN_RxFifo0FullCallback
                0x0000000008003c56        0x2 build/stm32f4xx_hal_can.o
                0x0000000008003c56                HAL_CAN_RxFifo0FullCallback
 .text.HAL_CAN_RxFifo1FullCallback
                0x0000000008003c58        0x2 build/stm32f4xx_hal_can.o
                0x0000000008003c58                HAL_CAN_RxFifo1FullCallback
 .text.HAL_CAN_SleepCallback
                0x0000000008003c5a        0x2 build/stm32f4xx_hal_can.o
                0x0000000008003c5a                HAL_CAN_SleepCallback
 .text.HAL_CAN_WakeUpFromRxMsgCallback
                0x0000000008003c5c        0x2 build/stm32f4xx_hal_can.o
                0x0000000008003c5c                HAL_CAN_WakeUpFromRxMsgCallback
 .text.HAL_CAN_ErrorCallback
                0x0000000008003c5e        0x2 build/stm32f4xx_hal_can.o
                0x0000000008003c5e                HAL_CAN_ErrorCallback
 .text.HAL_CAN_IRQHandler
                0x0000000008003c60      0x258 build/stm32f4xx_hal_can.o
                0x0000000008003c60                HAL_CAN_IRQHandler
 .text.HAL_NVIC_SetPriorityGrouping
                0x0000000008003eb8       0x24 build/stm32f4xx_hal_cortex.o
                0x0000000008003eb8                HAL_NVIC_SetPriorityGrouping
 .text.HAL_NVIC_SetPriority
                0x0000000008003edc       0x64 build/stm32f4xx_hal_cortex.o
                0x0000000008003edc                HAL_NVIC_SetPriority
 .text.HAL_NVIC_EnableIRQ
                0x0000000008003f40       0x1c build/stm32f4xx_hal_cortex.o
                0x0000000008003f40                HAL_NVIC_EnableIRQ
 .text.DMA_SetConfig
                0x0000000008003f5c       0x2c build/stm32f4xx_hal_dma.o
 .text.DMA_CalcBaseAndBitshift
                0x0000000008003f88       0x3c build/stm32f4xx_hal_dma.o
 .text.DMA_CheckFifoParam
                0x0000000008003fc4       0x8e build/stm32f4xx_hal_dma.o
 *fill*         0x0000000008004052        0x2 
 .text.HAL_DMA_Init
                0x0000000008004054       0xd0 build/stm32f4xx_hal_dma.o
                0x0000000008004054                HAL_DMA_Init
 .text.HAL_DMA_DeInit
                0x0000000008004124       0x66 build/stm32f4xx_hal_dma.o
                0x0000000008004124                HAL_DMA_DeInit
 .text.HAL_DMA_Start
                0x000000000800418a       0x48 build/stm32f4xx_hal_dma.o
                0x000000000800418a                HAL_DMA_Start
 .text.HAL_DMA_Start_IT
                0x00000000080041d2       0x6a build/stm32f4xx_hal_dma.o
                0x00000000080041d2                HAL_DMA_Start_IT
 .text.HAL_DMA_IRQHandler
                0x000000000800423c      0x1dc build/stm32f4xx_hal_dma.o
                0x000000000800423c                HAL_DMA_IRQHandler
 .text.HAL_GPIO_Init
                0x0000000008004418      0x1d4 build/stm32f4xx_hal_gpio.o
                0x0000000008004418                HAL_GPIO_Init
 .text.HAL_RCC_GetSysClockFreq
                0x00000000080045ec       0xd4 build/stm32f4xx_hal_rcc.o
                0x00000000080045ec                HAL_RCC_GetSysClockFreq
 .text.HAL_RCC_ClockConfig
                0x00000000080046c0      0x160 build/stm32f4xx_hal_rcc.o
                0x00000000080046c0                HAL_RCC_ClockConfig
 .text.HAL_RCC_GetHCLKFreq
                0x0000000008004820        0xc build/stm32f4xx_hal_rcc.o
                0x0000000008004820                HAL_RCC_GetHCLKFreq
 .text.HAL_RCC_GetPCLK1Freq
                0x000000000800482c       0x20 build/stm32f4xx_hal_rcc.o
                0x000000000800482c                HAL_RCC_GetPCLK1Freq
 .text.HAL_RCC_GetClockConfig
                0x000000000800484c       0x3c build/stm32f4xx_hal_rcc.o
                0x000000000800484c                HAL_RCC_GetClockConfig
 .text.HAL_RCC_OscConfig
                0x0000000008004888      0x390 build/stm32f4xx_hal_rcc_ex.o
                0x0000000008004888                HAL_RCC_OscConfig
 .text.TIM_OC1_SetConfig
                0x0000000008004c18       0x6c build/stm32f4xx_hal_tim.o
 .text.TIM_OC3_SetConfig
                0x0000000008004c84       0x74 build/stm32f4xx_hal_tim.o
 .text.TIM_OC4_SetConfig
                0x0000000008004cf8       0x50 build/stm32f4xx_hal_tim.o
 .text.HAL_TIM_Base_MspInit
                0x0000000008004d48        0x2 build/stm32f4xx_hal_tim.o
                0x0000000008004d48                HAL_TIM_Base_MspInit
 .text.HAL_TIM_Base_Start
                0x0000000008004d4a       0x24 build/stm32f4xx_hal_tim.o
                0x0000000008004d4a                HAL_TIM_Base_Start
 .text.HAL_TIM_Base_Start_IT
                0x0000000008004d6e       0x22 build/stm32f4xx_hal_tim.o
                0x0000000008004d6e                HAL_TIM_Base_Start_IT
 .text.HAL_TIM_PWM_MspInit
                0x0000000008004d90        0x2 build/stm32f4xx_hal_tim.o
                0x0000000008004d90                HAL_TIM_PWM_MspInit
 .text.HAL_TIM_OC_DelayElapsedCallback
                0x0000000008004d92        0x2 build/stm32f4xx_hal_tim.o
                0x0000000008004d92                HAL_TIM_OC_DelayElapsedCallback
 .text.HAL_TIM_IC_CaptureCallback
                0x0000000008004d94        0x2 build/stm32f4xx_hal_tim.o
                0x0000000008004d94                HAL_TIM_IC_CaptureCallback
 .text.HAL_TIM_PWM_PulseFinishedCallback
                0x0000000008004d96        0x2 build/stm32f4xx_hal_tim.o
                0x0000000008004d96                HAL_TIM_PWM_PulseFinishedCallback
 .text.HAL_TIM_TriggerCallback
                0x0000000008004d98        0x2 build/stm32f4xx_hal_tim.o
                0x0000000008004d98                HAL_TIM_TriggerCallback
 .text.HAL_TIM_IRQHandler
                0x0000000008004d9a      0x17a build/stm32f4xx_hal_tim.o
                0x0000000008004d9a                HAL_TIM_IRQHandler
 .text.TIM_Base_SetConfig
                0x0000000008004f14       0xcc build/stm32f4xx_hal_tim.o
                0x0000000008004f14                TIM_Base_SetConfig
 .text.HAL_TIM_Base_Init
                0x0000000008004fe0       0x32 build/stm32f4xx_hal_tim.o
                0x0000000008004fe0                HAL_TIM_Base_Init
 .text.HAL_TIM_PWM_Init
                0x0000000008005012       0x32 build/stm32f4xx_hal_tim.o
                0x0000000008005012                HAL_TIM_PWM_Init
 .text.TIM_OC2_SetConfig
                0x0000000008005044       0x74 build/stm32f4xx_hal_tim.o
                0x0000000008005044                TIM_OC2_SetConfig
 .text.HAL_TIM_PWM_ConfigChannel
                0x00000000080050b8       0xdc build/stm32f4xx_hal_tim.o
                0x00000000080050b8                HAL_TIM_PWM_ConfigChannel
 .text.TIM_CCxChannelCmd
                0x0000000008005194       0x22 build/stm32f4xx_hal_tim.o
                0x0000000008005194                TIM_CCxChannelCmd
 *fill*         0x00000000080051b6        0x2 
 .text.HAL_TIM_PWM_Start
                0x00000000080051b8       0x4c build/stm32f4xx_hal_tim.o
                0x00000000080051b8                HAL_TIM_PWM_Start
 .text.HAL_TIMEx_CommutCallback
                0x0000000008005204        0x2 build/stm32f4xx_hal_tim_ex.o
                0x0000000008005204                HAL_TIMEx_CommutCallback
 .text.HAL_TIMEx_BreakCallback
                0x0000000008005206        0x2 build/stm32f4xx_hal_tim_ex.o
                0x0000000008005206                HAL_TIMEx_BreakCallback
 .text.osKernelInitialize
                0x0000000008005208       0x40 build/cmsis_os2.o
                0x0000000008005208                osKernelInitialize
 .text.osKernelStart
                0x0000000008005248       0x48 build/cmsis_os2.o
                0x0000000008005248                osKernelStart
 .text.osThreadNew
                0x0000000008005290       0xd4 build/cmsis_os2.o
                0x0000000008005290                osThreadNew
 .text.osDelay  0x0000000008005364       0x3c build/cmsis_os2.o
                0x0000000008005364                osDelay
 .text.vApplicationGetIdleTaskMemory
                0x00000000080053a0       0x18 build/cmsis_os2.o
                0x00000000080053a0                vApplicationGetIdleTaskMemory
 .text.vApplicationGetTimerTaskMemory
                0x00000000080053b8       0x18 build/cmsis_os2.o
                0x00000000080053b8                vApplicationGetTimerTaskMemory
 .text.vListInitialise
                0x00000000080053d0       0x16 build/list.o
                0x00000000080053d0                vListInitialise
 .text.vListInitialiseItem
                0x00000000080053e6        0x6 build/list.o
                0x00000000080053e6                vListInitialiseItem
 .text.vListInsertEnd
                0x00000000080053ec       0x18 build/list.o
                0x00000000080053ec                vListInsertEnd
 .text.vListInsert
                0x0000000008005404       0x34 build/list.o
                0x0000000008005404                vListInsert
 .text.uxListRemove
                0x0000000008005438       0x28 build/list.o
                0x0000000008005438                uxListRemove
 .text.prvTaskExitError
                0x0000000008005460       0x40 build/port.o
 .text.prvPortStartFirstTask
                0x00000000080054a0       0x28 build/port.o
 .text.vPortEnableVFP
                0x00000000080054c8       0x14 build/port.o
 .text.pxPortInitialiseStack
                0x00000000080054dc       0x2c build/port.o
                0x00000000080054dc                pxPortInitialiseStack
 *fill*         0x0000000008005508        0x8 
 .text.SVC_Handler
                0x0000000008005510       0x24 build/port.o
                0x0000000008005510                SVC_Handler
 .text.vPortEnterCritical
                0x0000000008005534       0x44 build/port.o
                0x0000000008005534                vPortEnterCritical
 .text.vPortExitCritical
                0x0000000008005578       0x2c build/port.o
                0x0000000008005578                vPortExitCritical
 *fill*         0x00000000080055a4        0xc 
 .text.PendSV_Handler
                0x00000000080055b0       0x64 build/port.o
                0x00000000080055b0                PendSV_Handler
 .text.SysTick_Handler
                0x0000000008005614       0x2c build/port.o
                0x0000000008005614                SysTick_Handler
 .text.vPortSetupTimerInterrupt
                0x0000000008005640       0x38 build/port.o
                0x0000000008005640                vPortSetupTimerInterrupt
 .text.xPortStartScheduler
                0x0000000008005678      0x110 build/port.o
                0x0000000008005678                xPortStartScheduler
 .text.vPortValidateInterruptPriority
                0x0000000008005788       0x5c build/port.o
                0x0000000008005788                vPortValidateInterruptPriority
 .text.prvHeapInit
                0x00000000080057e4       0x64 build/heap_4.o
 .text.prvInsertBlockIntoFreeList
                0x0000000008005848       0x58 build/heap_4.o
 .text.pvPortMalloc
                0x00000000080058a0      0x108 build/heap_4.o
                0x00000000080058a0                pvPortMalloc
 .text.vPortFree
                0x00000000080059a8       0x70 build/heap_4.o
                0x00000000080059a8                vPortFree
 .text.prvIsQueueFull
                0x0000000008005a18       0x1e build/queue.o
 .text.prvIsQueueEmpty
                0x0000000008005a36       0x1a build/queue.o
 .text.prvCopyDataToQueue
                0x0000000008005a50       0x76 build/queue.o
 .text.prvCopyDataFromQueue
                0x0000000008005ac6       0x24 build/queue.o
 .text.prvUnlockQueue
                0x0000000008005aea       0x6e build/queue.o
 .text.xQueueGenericReset
                0x0000000008005b58       0x80 build/queue.o
                0x0000000008005b58                xQueueGenericReset
 .text.prvInitialiseNewQueue
                0x0000000008005bd8       0x22 build/queue.o
 .text.xQueueGenericCreateStatic
                0x0000000008005bfa       0xa2 build/queue.o
                0x0000000008005bfa                xQueueGenericCreateStatic
 .text.xQueueGenericSend
                0x0000000008005c9c      0x188 build/queue.o
                0x0000000008005c9c                xQueueGenericSend
 .text.xQueueGenericSendFromISR
                0x0000000008005e24       0xde build/queue.o
                0x0000000008005e24                xQueueGenericSendFromISR
 *fill*         0x0000000008005f02        0x2 
 .text.xQueueReceive
                0x0000000008005f04      0x15c build/queue.o
                0x0000000008005f04                xQueueReceive
 .text.vQueueAddToRegistry
                0x0000000008006060       0x28 build/queue.o
                0x0000000008006060                vQueueAddToRegistry
 .text.vQueueWaitForMessageRestricted
                0x0000000008006088       0x52 build/queue.o
                0x0000000008006088                vQueueWaitForMessageRestricted
 *fill*         0x00000000080060da        0x2 
 .text.prvResetNextTaskUnblockTime
                0x00000000080060dc       0x2c build/tasks.o
 .text.prvInitialiseNewTask
                0x0000000008006108       0x9a build/tasks.o
 *fill*         0x00000000080061a2        0x2 
 .text.prvInitialiseTaskLists
                0x00000000080061a4       0x68 build/tasks.o
 .text.prvAddNewTaskToReadyList
                0x000000000800620c       0xac build/tasks.o
 .text.prvDeleteTCB
                0x00000000080062b8       0x3a build/tasks.o
 *fill*         0x00000000080062f2        0x2 
 .text.prvCheckTasksWaitingTermination
                0x00000000080062f4       0x4c build/tasks.o
 .text.prvIdleTask
                0x0000000008006340       0x28 build/tasks.o
 .text.prvAddCurrentTaskToDelayedList
                0x0000000008006368       0x7c build/tasks.o
 .text.xTaskCreateStatic
                0x00000000080063e4       0x74 build/tasks.o
                0x00000000080063e4                xTaskCreateStatic
 .text.xTaskCreate
                0x0000000008006458       0x66 build/tasks.o
                0x0000000008006458                xTaskCreate
 *fill*         0x00000000080064be        0x2 
 .text.vTaskStartScheduler
                0x00000000080064c0       0x9c build/tasks.o
                0x00000000080064c0                vTaskStartScheduler
 .text.vTaskSuspendAll
                0x000000000800655c       0x10 build/tasks.o
                0x000000000800655c                vTaskSuspendAll
 .text.xTaskGetTickCount
                0x000000000800656c        0xc build/tasks.o
                0x000000000800656c                xTaskGetTickCount
 .text.xTaskIncrementTick
                0x0000000008006578      0x118 build/tasks.o
                0x0000000008006578                xTaskIncrementTick
 .text.xTaskResumeAll
                0x0000000008006690       0xfc build/tasks.o
                0x0000000008006690                xTaskResumeAll
 .text.vTaskDelay
                0x000000000800678c       0x50 build/tasks.o
                0x000000000800678c                vTaskDelay
 .text.vTaskSwitchContext
                0x00000000080067dc       0x9c build/tasks.o
                0x00000000080067dc                vTaskSwitchContext
 .text.vTaskPlaceOnEventList
                0x0000000008006878       0x30 build/tasks.o
                0x0000000008006878                vTaskPlaceOnEventList
 .text.vTaskPlaceOnEventListRestricted
                0x00000000080068a8       0x38 build/tasks.o
                0x00000000080068a8                vTaskPlaceOnEventListRestricted
 .text.xTaskRemoveFromEventList
                0x00000000080068e0       0x8c build/tasks.o
                0x00000000080068e0                xTaskRemoveFromEventList
 .text.vTaskInternalSetTimeOutState
                0x000000000800696c       0x18 build/tasks.o
                0x000000000800696c                vTaskInternalSetTimeOutState
 .text.xTaskCheckForTimeOut
                0x0000000008006984       0x80 build/tasks.o
                0x0000000008006984                xTaskCheckForTimeOut
 .text.vTaskMissedYield
                0x0000000008006a04        0xc build/tasks.o
                0x0000000008006a04                vTaskMissedYield
 .text.xTaskGetSchedulerState
                0x0000000008006a10       0x20 build/tasks.o
                0x0000000008006a10                xTaskGetSchedulerState
 .text.xTaskPriorityDisinherit
                0x0000000008006a30       0x90 build/tasks.o
                0x0000000008006a30                xTaskPriorityDisinherit
 .text.prvGetNextExpireTime
                0x0000000008006ac0       0x20 build/timers.o
 .text.prvInsertTimerInActiveList
                0x0000000008006ae0       0x48 build/timers.o
 .text.prvCheckForValidListAndQueue
                0x0000000008006b28       0x70 build/timers.o
 .text.xTimerCreateTimerTask
                0x0000000008006b98       0x70 build/timers.o
                0x0000000008006b98                xTimerCreateTimerTask
 .text.xTimerGenericCommand
                0x0000000008006c08       0x6c build/timers.o
                0x0000000008006c08                xTimerGenericCommand
 .text.prvSwitchTimerLists
                0x0000000008006c74       0x7c build/timers.o
 .text.prvSampleTimeNow
                0x0000000008006cf0       0x2c build/timers.o
 .text.prvProcessExpiredTimer
                0x0000000008006d1c       0x6c build/timers.o
 .text.prvProcessTimerOrBlockTask
                0x0000000008006d88       0x74 build/timers.o
 .text.prvProcessReceivedCommands
                0x0000000008006dfc      0x110 build/timers.o
 .text.prvTimerTask
                0x0000000008006f0c       0x16 build/timers.o
 *fill*         0x0000000008006f22        0x2 
 .text.Reset_Handler
                0x0000000008006f24       0x50 build/startup_stm32f413xx.o
                0x0000000008006f24                Reset_Handler
 .text.Default_Handler
                0x0000000008006f74        0x2 build/startup_stm32f413xx.o
                0x0000000008006f74                RTC_Alarm_IRQHandler
                0x0000000008006f74                EXTI2_IRQHandler
                0x0000000008006f74                TIM8_CC_IRQHandler
                0x0000000008006f74                UART8_IRQHandler
                0x0000000008006f74                FMPI2C1_EV_IRQHandler
                0x0000000008006f74                SPI4_IRQHandler
                0x0000000008006f74                TIM1_CC_IRQHandler
                0x0000000008006f74                DMA2_Stream5_IRQHandler
                0x0000000008006f74                CAN3_RX1_IRQHandler
                0x0000000008006f74                PVD_IRQHandler
                0x0000000008006f74                SDIO_IRQHandler
                0x0000000008006f74                TAMP_STAMP_IRQHandler
                0x0000000008006f74                EXTI3_IRQHandler
                0x0000000008006f74                TIM8_TRG_COM_TIM14_IRQHandler
                0x0000000008006f74                DFSDM1_FLT1_IRQHandler
                0x0000000008006f74                TIM8_UP_TIM13_IRQHandler
                0x0000000008006f74                I2C3_ER_IRQHandler
                0x0000000008006f74                EXTI0_IRQHandler
                0x0000000008006f74                I2C2_EV_IRQHandler
                0x0000000008006f74                DMA1_Stream2_IRQHandler
                0x0000000008006f74                FPU_IRQHandler
                0x0000000008006f74                CAN3_SCE_IRQHandler
                0x0000000008006f74                CAN2_SCE_IRQHandler
                0x0000000008006f74                SPI1_IRQHandler
                0x0000000008006f74                TIM6_DAC_IRQHandler
                0x0000000008006f74                TIM1_BRK_TIM9_IRQHandler
                0x0000000008006f74                CAN2_RX0_IRQHandler
                0x0000000008006f74                DMA2_Stream3_IRQHandler
                0x0000000008006f74                USART6_IRQHandler
                0x0000000008006f74                USART3_IRQHandler
                0x0000000008006f74                DFSDM2_FLT3_IRQHandler
                0x0000000008006f74                CAN1_RX1_IRQHandler
                0x0000000008006f74                UART5_IRQHandler
                0x0000000008006f74                DMA2_Stream0_IRQHandler
                0x0000000008006f74                TIM4_IRQHandler
                0x0000000008006f74                QUADSPI_IRQHandler
                0x0000000008006f74                I2C1_EV_IRQHandler
                0x0000000008006f74                UART4_IRQHandler
                0x0000000008006f74                TIM3_IRQHandler
                0x0000000008006f74                RCC_IRQHandler
                0x0000000008006f74                UART9_IRQHandler
                0x0000000008006f74                TIM8_BRK_TIM12_IRQHandler
                0x0000000008006f74                Default_Handler
                0x0000000008006f74                EXTI15_10_IRQHandler
                0x0000000008006f74                ADC_IRQHandler
                0x0000000008006f74                DMA1_Stream7_IRQHandler
                0x0000000008006f74                DFSDM2_FLT0_IRQHandler
                0x0000000008006f74                SPI5_IRQHandler
                0x0000000008006f74                CAN2_TX_IRQHandler
                0x0000000008006f74                TIM5_IRQHandler
                0x0000000008006f74                DMA2_Stream7_IRQHandler
                0x0000000008006f74                I2C3_EV_IRQHandler
                0x0000000008006f74                DFSDM2_FLT2_IRQHandler
                0x0000000008006f74                EXTI9_5_IRQHandler
                0x0000000008006f74                RTC_WKUP_IRQHandler
                0x0000000008006f74                SPI2_IRQHandler
                0x0000000008006f74                DMA1_Stream0_IRQHandler
                0x0000000008006f74                CAN1_TX_IRQHandler
                0x0000000008006f74                FMPI2C1_ER_IRQHandler
                0x0000000008006f74                EXTI4_IRQHandler
                0x0000000008006f74                DFSDM2_FLT1_IRQHandler
                0x0000000008006f74                RNG_IRQHandler
                0x0000000008006f74                FSMC_IRQHandler
                0x0000000008006f74                WWDG_IRQHandler
                0x0000000008006f74                CAN3_TX_IRQHandler
                0x0000000008006f74                OTG_FS_WKUP_IRQHandler
                0x0000000008006f74                TIM1_TRG_COM_TIM11_IRQHandler
                0x0000000008006f74                EXTI1_IRQHandler
                0x0000000008006f74                UART7_IRQHandler
                0x0000000008006f74                USART2_IRQHandler
                0x0000000008006f74                DFSDM1_FLT0_IRQHandler
                0x0000000008006f74                I2C2_ER_IRQHandler
                0x0000000008006f74                DMA2_Stream1_IRQHandler
                0x0000000008006f74                CAN1_SCE_IRQHandler
                0x0000000008006f74                FLASH_IRQHandler
                0x0000000008006f74                DMA2_Stream4_IRQHandler
                0x0000000008006f74                USART1_IRQHandler
                0x0000000008006f74                OTG_FS_IRQHandler
                0x0000000008006f74                SPI3_IRQHandler
                0x0000000008006f74                DMA1_Stream4_IRQHandler
                0x0000000008006f74                I2C1_ER_IRQHandler
                0x0000000008006f74                LPTIM1_IRQHandler
                0x0000000008006f74                DMA2_Stream6_IRQHandler
                0x0000000008006f74                UART10_IRQHandler
                0x0000000008006f74                SAI1_IRQHandler
                0x0000000008006f74                DMA1_Stream3_IRQHandler
 *fill*         0x0000000008006f76        0x2 
 .text.startup  0x0000000008006f78       0x14 /usr/lib/gcc/arm-none-eabi/6.3.1/../../../arm-none-eabi/lib/thumb/v7e-m/fpv4-sp/hard/libc.a(lib_a-__call_atexit.o)
 *(.glue_7)
 .glue_7        0x0000000008006f8c        0x0 linker stubs
 *(.glue_7t)
 .glue_7t       0x0000000008006f8c        0x0 linker stubs
 *(.eh_frame)
 .eh_frame      0x0000000008006f8c        0x0 /usr/lib/gcc/arm-none-eabi/6.3.1/thumb/v7e-m/fpv4-sp/hard/crtbegin.o
 *(.init)
 .init          0x0000000008006f8c        0x4 /usr/lib/gcc/arm-none-eabi/6.3.1/thumb/v7e-m/fpv4-sp/hard/crti.o
                0x0000000008006f8c                _init
 .init          0x0000000008006f90        0x8 /usr/lib/gcc/arm-none-eabi/6.3.1/thumb/v7e-m/fpv4-sp/hard/crtn.o
 *(.fini)
 .fini          0x0000000008006f98        0x4 /usr/lib/gcc/arm-none-eabi/6.3.1/thumb/v7e-m/fpv4-sp/hard/crti.o
                0x0000000008006f98                _fini
 .fini          0x0000000008006f9c        0x8 /usr/lib/gcc/arm-none-eabi/6.3.1/thumb/v7e-m/fpv4-sp/hard/crtn.o
                0x0000000008006fa4                . = ALIGN (0x4)
                0x0000000008006fa4                _etext = .

.vfp11_veneer   0x0000000008006fa4        0x0
 .vfp11_veneer  0x0000000008006fa4        0x0 linker stubs

.v4_bx          0x0000000008006fa4        0x0
 .v4_bx         0x0000000008006fa4        0x0 linker stubs

.iplt           0x0000000008006fa4        0x0
 .iplt          0x0000000008006fa4        0x0 /usr/lib/gcc/arm-none-eabi/6.3.1/thumb/v7e-m/fpv4-sp/hard/crtbegin.o

.rodata         0x0000000008006fa4      0x2c8
                0x0000000008006fa4                . = ALIGN (0x4)
 *(.rodata)
 .rodata        0x0000000008006fa4        0x4 /usr/lib/gcc/arm-none-eabi/6.3.1/../../../arm-none-eabi/lib/thumb/v7e-m/fpv4-sp/hard/libc.a(lib_a-impure.o)
                0x0000000008006fa4                _global_impure_ptr
 *(.rodata*)
 .rodata.balanceByte
                0x0000000008006fa8       0x60 build/bms.o
 .rodata.balanceShift
                0x0000000008007008       0x60 build/bms.o
 .rodata.balanceCommand_attributes
                0x0000000008007068       0x24 build/main.o
                0x0000000008007068                balanceCommand_attributes
 .rodata.defaultTask_attributes
                0x000000000800708c       0x24 build/main.o
                0x000000000800708c                defaultTask_attributes
 .rodata.processData_attributes
                0x00000000080070b0       0x24 build/main.o
                0x00000000080070b0                processData_attributes
 .rodata.str1.4
                0x00000000080070d4       0x38 build/main.o
 .rodata.synchCommand_attributes
                0x000000000800710c       0x24 build/main.o
                0x000000000800710c                synchCommand_attributes
 .rodata.AHBPrescTable
                0x0000000008007130       0x10 build/system_stm32f4xx.o
                0x0000000008007130                AHBPrescTable
 .rodata.APBPrescTable
                0x0000000008007140        0x8 build/system_stm32f4xx.o
                0x0000000008007140                APBPrescTable
 .rodata.gammaTable
                0x0000000008007148      0x100 build/ws2812b.o
                0x0000000008007148                gammaTable
 .rodata.flagBitshiftOffset.8033
                0x0000000008007248        0x8 build/stm32f4xx_hal_dma.o
 .rodata.vTaskStartScheduler.str1.4
                0x0000000008007250        0x5 build/tasks.o
 *fill*         0x0000000008007255        0x3 
 .rodata.prvCheckForValidListAndQueue.str1.4
                0x0000000008007258        0x5 build/timers.o
 *fill*         0x000000000800725d        0x3 
 .rodata.xTimerCreateTimerTask.str1.4
                0x0000000008007260        0x8 build/timers.o
 .rodata.str1.4
                0x0000000008007268        0x4 /usr/lib/gcc/arm-none-eabi/6.3.1/../../../arm-none-eabi/lib/thumb/v7e-m/fpv4-sp/hard/libc.a(lib_a-impure.o)
                                          0x2 (size before relaxing)
                0x000000000800726c                . = ALIGN (0x4)

.ARM.extab
 *(.ARM.extab* .gnu.linkonce.armextab.*)

.ARM            0x000000000800726c        0x8
                0x000000000800726c                __exidx_start = .
 *(.ARM.exidx*)
 .ARM.exidx     0x000000000800726c        0x8 /usr/lib/gcc/arm-none-eabi/6.3.1/thumb/v7e-m/fpv4-sp/hard/libgcc.a(_udivmoddi4.o)
                0x0000000008007274                __exidx_end = .

.rel.dyn        0x0000000008007274        0x0
 .rel.iplt      0x0000000008007274        0x0 /usr/lib/gcc/arm-none-eabi/6.3.1/thumb/v7e-m/fpv4-sp/hard/crtbegin.o

.preinit_array  0x0000000008007274        0x0
                0x0000000008007274                PROVIDE (__preinit_array_start, .)
 *(.preinit_array*)
                0x0000000008007274                PROVIDE (__preinit_array_end, .)

.init_array     0x0000000008007274        0x8
                0x0000000008007274                PROVIDE (__init_array_start, .)
 *(SORT(.init_array.*))
 .init_array.00000
                0x0000000008007274        0x4 /usr/lib/gcc/arm-none-eabi/6.3.1/../../../arm-none-eabi/lib/thumb/v7e-m/fpv4-sp/hard/libc.a(lib_a-__call_atexit.o)
 *(.init_array*)
 .init_array    0x0000000008007278        0x4 /usr/lib/gcc/arm-none-eabi/6.3.1/thumb/v7e-m/fpv4-sp/hard/crtbegin.o
                0x000000000800727c                PROVIDE (__init_array_end, .)

.fini_array     0x000000000800727c        0x4
                0x000000000800727c                PROVIDE (__fini_array_start, .)
 *(SORT(.fini_array.*))
 *(.fini_array*)
 .fini_array    0x000000000800727c        0x4 /usr/lib/gcc/arm-none-eabi/6.3.1/thumb/v7e-m/fpv4-sp/hard/crtbegin.o
                0x0000000008007280                PROVIDE (__fini_array_end, .)
                0x0000000008007280                _sidata = LOADADDR (.data)

.data           0x0000000020000000      0x448 load address 0x0000000008007280
                0x0000000020000000                . = ALIGN (0x4)
                0x0000000020000000                _sdata = .
 *(.data)
 .data          0x0000000020000000      0x430 /usr/lib/gcc/arm-none-eabi/6.3.1/../../../arm-none-eabi/lib/thumb/v7e-m/fpv4-sp/hard/libc.a(lib_a-impure.o)
                0x0000000020000000                _impure_ptr
 *(.data*)
 .data.SystemCoreClock
                0x0000000020000430        0x4 build/system_stm32f4xx.o
                0x0000000020000430                SystemCoreClock
 .data.WS2812_IO_High
                0x0000000020000434        0x4 build/ws2812b.o
                0x0000000020000434                WS2812_IO_High
 .data.WS2812_IO_Low
                0x0000000020000438        0x4 build/ws2812b.o
                0x0000000020000438                WS2812_IO_Low
 .data.uwTickFreq
                0x000000002000043c        0x1 build/stm32f4xx_hal.o
                0x000000002000043c                uwTickFreq
 *fill*         0x000000002000043d        0x3 
 .data.uwTickPrio
                0x0000000020000440        0x4 build/stm32f4xx_hal.o
                0x0000000020000440                uwTickPrio
 .data.uxCriticalNesting
                0x0000000020000444        0x4 build/port.o
                0x0000000020000448                . = ALIGN (0x4)
                0x0000000020000448                _edata = .

.jcr            0x0000000020000448        0x0 load address 0x00000000080076c8
 .jcr           0x0000000020000448        0x0 /usr/lib/gcc/arm-none-eabi/6.3.1/thumb/v7e-m/fpv4-sp/hard/crtbegin.o

.tm_clone_table
                0x0000000020000448        0x0 load address 0x00000000080076c8
 .tm_clone_table
                0x0000000020000448        0x0 /usr/lib/gcc/arm-none-eabi/6.3.1/thumb/v7e-m/fpv4-sp/hard/crtbegin.o
 .tm_clone_table
                0x0000000020000448        0x0 /usr/lib/gcc/arm-none-eabi/6.3.1/thumb/v7e-m/fpv4-sp/hard/crtend.o

.igot.plt       0x0000000020000448        0x0 load address 0x00000000080076c8
 .igot.plt      0x0000000020000448        0x0 /usr/lib/gcc/arm-none-eabi/6.3.1/thumb/v7e-m/fpv4-sp/hard/crtbegin.o
                0x0000000020000448                . = ALIGN (0x4)

.bss            0x0000000020000448     0x5110 load address 0x00000000080076c8
                0x0000000020000448                _sbss = .
                0x0000000020000448                __bss_start__ = _sbss
 *(.bss)
 .bss           0x0000000020000448       0x1c /usr/lib/gcc/arm-none-eabi/6.3.1/thumb/v7e-m/fpv4-sp/hard/crtbegin.o
 *(.bss*)
 .bss.timestamp.8561
                0x0000000020000464        0x4 build/visEffect.o
 .bss.x.8544    0x0000000020000468        0x1 build/visEffect.o
 *fill*         0x0000000020000469        0x3 
 .bss.Idle_Stack
                0x000000002000046c      0x200 build/cmsis_os2.o
 .bss.Idle_TCB  0x000000002000066c       0x5c build/cmsis_os2.o
 .bss.KernelState
                0x00000000200006c8        0x4 build/cmsis_os2.o
 .bss.Timer_Stack
                0x00000000200006cc      0x400 build/cmsis_os2.o
 .bss.Timer_TCB
                0x0000000020000acc       0x5c build/cmsis_os2.o
 .bss.ucMaxSysCallPriority
                0x0000000020000b28        0x1 build/port.o
 *fill*         0x0000000020000b29        0x3 
 .bss.ulMaxPRIGROUPValue
                0x0000000020000b2c        0x4 build/port.o
 .bss.pxEnd     0x0000000020000b30        0x4 build/heap_4.o
 .bss.ucHeap    0x0000000020000b34     0x3c00 build/heap_4.o
 .bss.xBlockAllocatedBit
                0x0000000020004734        0x4 build/heap_4.o
 .bss.xFreeBytesRemaining
                0x0000000020004738        0x4 build/heap_4.o
 .bss.xMinimumEverFreeBytesRemaining
                0x000000002000473c        0x4 build/heap_4.o
 .bss.xStart    0x0000000020004740        0x8 build/heap_4.o
 .bss.pxCurrentTCB
                0x0000000020004748        0x4 build/tasks.o
                0x0000000020004748                pxCurrentTCB
 .bss.pxDelayedTaskList
                0x000000002000474c        0x4 build/tasks.o
 .bss.pxOverflowDelayedTaskList
                0x0000000020004750        0x4 build/tasks.o
 .bss.pxReadyTasksLists
                0x0000000020004754      0x460 build/tasks.o
 .bss.uxCurrentNumberOfTasks
                0x0000000020004bb4        0x4 build/tasks.o
 .bss.uxDeletedTasksWaitingCleanUp
                0x0000000020004bb8        0x4 build/tasks.o
 .bss.uxPendedTicks
                0x0000000020004bbc        0x4 build/tasks.o
 .bss.uxSchedulerSuspended
                0x0000000020004bc0        0x4 build/tasks.o
 .bss.uxTaskNumber
                0x0000000020004bc4        0x4 build/tasks.o
 .bss.uxTopReadyPriority
                0x0000000020004bc8        0x4 build/tasks.o
 .bss.xDelayedTaskList1
                0x0000000020004bcc       0x14 build/tasks.o
 .bss.xDelayedTaskList2
                0x0000000020004be0       0x14 build/tasks.o
 .bss.xNextTaskUnblockTime
                0x0000000020004bf4        0x4 build/tasks.o
 .bss.xNumOfOverflows
                0x0000000020004bf8        0x4 build/tasks.o
 .bss.xPendingReadyList
                0x0000000020004bfc       0x14 build/tasks.o
 .bss.xSchedulerRunning
                0x0000000020004c10        0x4 build/tasks.o
 .bss.xSuspendedTaskList
                0x0000000020004c14       0x14 build/tasks.o
 .bss.xTasksWaitingTermination
                0x0000000020004c28       0x14 build/tasks.o
 .bss.xTickCount
                0x0000000020004c3c        0x4 build/tasks.o
 .bss.xYieldPending
                0x0000000020004c40        0x4 build/tasks.o
 .bss.pxCurrentTimerList
                0x0000000020004c44        0x4 build/timers.o
 .bss.pxOverflowTimerList
                0x0000000020004c48        0x4 build/timers.o
 .bss.ucStaticTimerQueueStorage.6640
                0x0000000020004c4c       0xa0 build/timers.o
 .bss.xActiveTimerList1
                0x0000000020004cec       0x14 build/timers.o
 .bss.xActiveTimerList2
                0x0000000020004d00       0x14 build/timers.o
 .bss.xLastTime.6589
                0x0000000020004d14        0x4 build/timers.o
 .bss.xStaticTimerQueue.6639
                0x0000000020004d18       0x50 build/timers.o
 .bss.xTimerQueue
                0x0000000020004d68        0x4 build/timers.o
 .bss.xTimerTaskHandle
                0x0000000020004d6c        0x4 build/timers.o
 *(COMMON)
 COMMON         0x0000000020004d70      0x444 build/bms.o
                0x0000000020004d70                BMS
                0x0000000020004f5c                rxMsg3
                0x0000000020004f78                sf4
                0x0000000020004fa0                sf
                0x0000000020004fc8                charged
                0x0000000020004fc9                watchdogBits
                0x0000000020004fcc                canRx2
                0x0000000020004fd4                canMailbox3
                0x0000000020004fd8                txMsgExt2
                0x0000000020004ff0                rxMsg
                0x000000002000500c                txCycle3
                0x0000000020005010                txMsg2
                0x0000000020005028                txMsg3
                0x0000000020005040                hcan3
                0x0000000020005068                hcan2
                0x0000000020005090                canMailbox2
                0x0000000020005094                txMsg
                0x00000000200050ac                canMailbox
                0x00000000200050b0                txMsgExt3
                0x00000000200050c8                txCycle2
                0x00000000200050cc                txMsgExt
                0x00000000200050e4                txCycle
                0x00000000200050e8                rxMsg2
                0x0000000020005104                hcan1
                0x000000002000512c                sf2
                0x0000000020005154                canRx
                0x000000002000515c                sf5
                0x0000000020005184                sf3
                0x00000000200051ac                canRx3
 COMMON         0x00000000200051b4       0xac build/main.o
                0x00000000200051b4                processDataHandle
                0x00000000200051b8                defaultTaskHandle
                0x00000000200051bc                synchCommandHandle
                0x00000000200051c0                tim2OC2
                0x00000000200051dc                timer_reset_pulse_period
                0x00000000200051e0                tim2OC1
                0x00000000200051fc                TIM1_handle
                0x000000002000523c                tim_period
                0x0000000020005240                ws2812b
                0x000000002000525c                balanceCommandHandle
 COMMON         0x0000000020005260       0x40 build/stm32f4xx_hal_timebase_tim.o
                0x0000000020005260                htim7
 COMMON         0x00000000200052a0       0xf0 build/visEffect.o
                0x00000000200052a0                frameBuffer2
                0x00000000200052dc                frameBuffer
 COMMON         0x0000000020005390      0x184 build/ws2812b.o
                0x0000000020005390                dmaCC2
                0x00000000200053f0                dmaCC1
                0x0000000020005450                dummy
                0x0000000020005454                ws2812bDmaBitBuffer
                0x00000000200054b4                dmaUpdate
 COMMON         0x0000000020005514        0x4 build/stm32f4xx_hal.o
                0x0000000020005514                uwTick
 COMMON         0x0000000020005518       0x40 build/queue.o
                0x0000000020005518                xQueueRegistry
                0x0000000020005558                . = ALIGN (0x4)
                0x0000000020005558                _ebss = .
                0x0000000020005558                __bss_end__ = _ebss

._user_heap_stack
                0x0000000020005558      0x600 load address 0x00000000080076c8
                0x0000000020005558                . = ALIGN (0x8)
                [!provide]                        PROVIDE (end, .)
                [!provide]                        PROVIDE (_end, .)
                0x0000000020005758                . = (. + _Min_Heap_Size)
 *fill*         0x0000000020005558      0x200 
                0x0000000020005b58                . = (. + _Min_Stack_Size)
 *fill*         0x0000000020005758      0x400 
                0x0000000020005b58                . = ALIGN (0x8)

/DISCARD/
 libc.a(*)
 libm.a(*)
 libgcc.a(*)

.ARM.attributes
                0x0000000000000000       0x30
 *(.ARM.attributes)
 .ARM.attributes
                0x0000000000000000       0x22 /usr/lib/gcc/arm-none-eabi/6.3.1/thumb/v7e-m/fpv4-sp/hard/crti.o
 .ARM.attributes
                0x0000000000000022       0x34 /usr/lib/gcc/arm-none-eabi/6.3.1/thumb/v7e-m/fpv4-sp/hard/crtbegin.o
 .ARM.attributes
                0x0000000000000056       0x39 build/bms.o
 .ARM.attributes
                0x000000000000008f       0x39 build/can_setup.o
 .ARM.attributes
                0x00000000000000c8       0x39 build/main.o
 .ARM.attributes
                0x0000000000000101       0x39 build/stm32f4xx_hal_msp.o
 .ARM.attributes
                0x000000000000013a       0x39 build/stm32f4xx_hal_timebase_tim.o
 .ARM.attributes
                0x0000000000000173       0x39 build/stm32f4xx_it.o
 .ARM.attributes
                0x00000000000001ac       0x39 build/system_stm32f4xx.o
 .ARM.attributes
                0x00000000000001e5       0x39 build/visEffect.o
 .ARM.attributes
                0x000000000000021e       0x39 build/ws2812b.o
 .ARM.attributes
                0x0000000000000257       0x39 build/stm32f4xx_hal.o
 .ARM.attributes
                0x0000000000000290       0x39 build/stm32f4xx_hal_can.o
 .ARM.attributes
                0x00000000000002c9       0x39 build/stm32f4xx_hal_cortex.o
 .ARM.attributes
                0x0000000000000302       0x39 build/stm32f4xx_hal_dma.o
 .ARM.attributes
                0x000000000000033b       0x39 build/stm32f4xx_hal_gpio.o
 .ARM.attributes
                0x0000000000000374       0x39 build/stm32f4xx_hal_rcc.o
 .ARM.attributes
                0x00000000000003ad       0x39 build/stm32f4xx_hal_rcc_ex.o
 .ARM.attributes
                0x00000000000003e6       0x39 build/stm32f4xx_hal_tim.o
 .ARM.attributes
                0x000000000000041f       0x39 build/stm32f4xx_hal_tim_ex.o
 .ARM.attributes
                0x0000000000000458       0x39 build/cmsis_os2.o
 .ARM.attributes
                0x0000000000000491       0x39 build/list.o
 .ARM.attributes
                0x00000000000004ca       0x39 build/port.o
 .ARM.attributes
                0x0000000000000503       0x39 build/heap_4.o
 .ARM.attributes
                0x000000000000053c       0x39 build/queue.o
 .ARM.attributes
                0x0000000000000575       0x39 build/tasks.o
 .ARM.attributes
                0x00000000000005ae       0x39 build/timers.o
 .ARM.attributes
                0x00000000000005e7       0x21 build/startup_stm32f413xx.o
 .ARM.attributes
                0x0000000000000608       0x34 /usr/lib/gcc/arm-none-eabi/6.3.1/../../../arm-none-eabi/lib/thumb/v7e-m/fpv4-sp/hard/libc.a(lib_a-atexit.o)
 .ARM.attributes
                0x000000000000063c       0x34 /usr/lib/gcc/arm-none-eabi/6.3.1/../../../arm-none-eabi/lib/thumb/v7e-m/fpv4-sp/hard/libc.a(lib_a-fini.o)
 .ARM.attributes
                0x0000000000000670       0x34 /usr/lib/gcc/arm-none-eabi/6.3.1/../../../arm-none-eabi/lib/thumb/v7e-m/fpv4-sp/hard/libc.a(lib_a-impure.o)
 .ARM.attributes
                0x00000000000006a4       0x34 /usr/lib/gcc/arm-none-eabi/6.3.1/../../../arm-none-eabi/lib/thumb/v7e-m/fpv4-sp/hard/libc.a(lib_a-init.o)
 .ARM.attributes
                0x00000000000006d8       0x20 /usr/lib/gcc/arm-none-eabi/6.3.1/../../../arm-none-eabi/lib/thumb/v7e-m/fpv4-sp/hard/libc.a(lib_a-memcpy.o)
 .ARM.attributes
                0x00000000000006f8       0x34 /usr/lib/gcc/arm-none-eabi/6.3.1/../../../arm-none-eabi/lib/thumb/v7e-m/fpv4-sp/hard/libc.a(lib_a-memset.o)
 .ARM.attributes
                0x000000000000072c       0x34 /usr/lib/gcc/arm-none-eabi/6.3.1/../../../arm-none-eabi/lib/thumb/v7e-m/fpv4-sp/hard/libc.a(lib_a-rand.o)
 .ARM.attributes
                0x0000000000000760       0x34 /usr/lib/gcc/arm-none-eabi/6.3.1/../../../arm-none-eabi/lib/thumb/v7e-m/fpv4-sp/hard/libc.a(lib_a-__atexit.o)
 .ARM.attributes
                0x0000000000000794       0x34 /usr/lib/gcc/arm-none-eabi/6.3.1/../../../arm-none-eabi/lib/thumb/v7e-m/fpv4-sp/hard/libc.a(lib_a-__call_atexit.o)
 .ARM.attributes
                0x00000000000007c8       0x22 /usr/lib/gcc/arm-none-eabi/6.3.1/thumb/v7e-m/fpv4-sp/hard/libgcc.a(_arm_addsubdf3.o)
 .ARM.attributes
                0x00000000000007ea       0x22 /usr/lib/gcc/arm-none-eabi/6.3.1/thumb/v7e-m/fpv4-sp/hard/libgcc.a(_arm_muldivdf3.o)
 .ARM.attributes
                0x000000000000080c       0x22 /usr/lib/gcc/arm-none-eabi/6.3.1/thumb/v7e-m/fpv4-sp/hard/libgcc.a(_arm_fixunsdfsi.o)
 .ARM.attributes
                0x000000000000082e       0x22 /usr/lib/gcc/arm-none-eabi/6.3.1/thumb/v7e-m/fpv4-sp/hard/libgcc.a(_aeabi_uldivmod.o)
 .ARM.attributes
                0x0000000000000850       0x34 /usr/lib/gcc/arm-none-eabi/6.3.1/thumb/v7e-m/fpv4-sp/hard/libgcc.a(_udivmoddi4.o)
 .ARM.attributes
                0x0000000000000884       0x22 /usr/lib/gcc/arm-none-eabi/6.3.1/thumb/v7e-m/fpv4-sp/hard/libgcc.a(_dvmd_tls.o)
 .ARM.attributes
                0x00000000000008a6       0x34 /usr/lib/gcc/arm-none-eabi/6.3.1/thumb/v7e-m/fpv4-sp/hard/crtend.o
 .ARM.attributes
                0x00000000000008da       0x22 /usr/lib/gcc/arm-none-eabi/6.3.1/thumb/v7e-m/fpv4-sp/hard/crtn.o
OUTPUT(build/BMS_ALT.elf elf32-littlearm)

.comment        0x0000000000000000       0x31
 .comment       0x0000000000000000       0x31 /usr/lib/gcc/arm-none-eabi/6.3.1/thumb/v7e-m/fpv4-sp/hard/crtbegin.o
                                         0x32 (size before relaxing)
 .comment       0x0000000000000031       0x32 build/bms.o
 .comment       0x0000000000000031       0x32 build/can_setup.o
 .comment       0x0000000000000031       0x32 build/main.o
 .comment       0x0000000000000031       0x32 build/stm32f4xx_hal_msp.o
 .comment       0x0000000000000031       0x32 build/stm32f4xx_hal_timebase_tim.o
 .comment       0x0000000000000031       0x32 build/stm32f4xx_it.o
 .comment       0x0000000000000031       0x32 build/system_stm32f4xx.o
 .comment       0x0000000000000031       0x32 build/visEffect.o
 .comment       0x0000000000000031       0x32 build/ws2812b.o
 .comment       0x0000000000000031       0x32 build/stm32f4xx_hal.o
 .comment       0x0000000000000031       0x32 build/stm32f4xx_hal_can.o
 .comment       0x0000000000000031       0x32 build/stm32f4xx_hal_cortex.o
 .comment       0x0000000000000031       0x32 build/stm32f4xx_hal_dma.o
 .comment       0x0000000000000031       0x32 build/stm32f4xx_hal_gpio.o
 .comment       0x0000000000000031       0x32 build/stm32f4xx_hal_rcc.o
 .comment       0x0000000000000031       0x32 build/stm32f4xx_hal_rcc_ex.o
 .comment       0x0000000000000031       0x32 build/stm32f4xx_hal_tim.o
 .comment       0x0000000000000031       0x32 build/stm32f4xx_hal_tim_ex.o
 .comment       0x0000000000000031       0x32 build/cmsis_os2.o
 .comment       0x0000000000000031       0x32 build/list.o
 .comment       0x0000000000000031       0x32 build/port.o
 .comment       0x0000000000000031       0x32 build/heap_4.o
 .comment       0x0000000000000031       0x32 build/queue.o
 .comment       0x0000000000000031       0x32 build/tasks.o
 .comment       0x0000000000000031       0x32 build/timers.o
 .comment       0x0000000000000031       0x32 /usr/lib/gcc/arm-none-eabi/6.3.1/../../../arm-none-eabi/lib/thumb/v7e-m/fpv4-sp/hard/libc.a(lib_a-atexit.o)
 .comment       0x0000000000000031       0x32 /usr/lib/gcc/arm-none-eabi/6.3.1/../../../arm-none-eabi/lib/thumb/v7e-m/fpv4-sp/hard/libc.a(lib_a-fini.o)
 .comment       0x0000000000000031       0x32 /usr/lib/gcc/arm-none-eabi/6.3.1/../../../arm-none-eabi/lib/thumb/v7e-m/fpv4-sp/hard/libc.a(lib_a-impure.o)
 .comment       0x0000000000000031       0x32 /usr/lib/gcc/arm-none-eabi/6.3.1/../../../arm-none-eabi/lib/thumb/v7e-m/fpv4-sp/hard/libc.a(lib_a-init.o)
 .comment       0x0000000000000031       0x32 /usr/lib/gcc/arm-none-eabi/6.3.1/../../../arm-none-eabi/lib/thumb/v7e-m/fpv4-sp/hard/libc.a(lib_a-memset.o)
 .comment       0x0000000000000031       0x32 /usr/lib/gcc/arm-none-eabi/6.3.1/../../../arm-none-eabi/lib/thumb/v7e-m/fpv4-sp/hard/libc.a(lib_a-rand.o)
 .comment       0x0000000000000031       0x32 /usr/lib/gcc/arm-none-eabi/6.3.1/../../../arm-none-eabi/lib/thumb/v7e-m/fpv4-sp/hard/libc.a(lib_a-__atexit.o)
 .comment       0x0000000000000031       0x32 /usr/lib/gcc/arm-none-eabi/6.3.1/../../../arm-none-eabi/lib/thumb/v7e-m/fpv4-sp/hard/libc.a(lib_a-__call_atexit.o)
 .comment       0x0000000000000031       0x32 /usr/lib/gcc/arm-none-eabi/6.3.1/thumb/v7e-m/fpv4-sp/hard/libgcc.a(_udivmoddi4.o)
 .comment       0x0000000000000031       0x32 /usr/lib/gcc/arm-none-eabi/6.3.1/thumb/v7e-m/fpv4-sp/hard/crtend.o

.debug_info     0x0000000000000000    0x2be09
 .debug_info    0x0000000000000000     0x1da1 build/bms.o
 .debug_info    0x0000000000001da1     0x1c24 build/can_setup.o
 .debug_info    0x00000000000039c5     0x2614 build/main.o
 .debug_info    0x0000000000005fd9     0x1550 build/stm32f4xx_hal_msp.o
 .debug_info    0x0000000000007529      0xd82 build/stm32f4xx_hal_timebase_tim.o
 .debug_info    0x00000000000082ab     0x1a6b build/stm32f4xx_it.o
 .debug_info    0x0000000000009d16      0x61e build/system_stm32f4xx.o
 .debug_info    0x000000000000a334     0x13f1 build/visEffect.o
 .debug_info    0x000000000000b725     0x1f68 build/ws2812b.o
 .debug_info    0x000000000000d68d      0xb63 build/stm32f4xx_hal.o
 .debug_info    0x000000000000e1f0     0x1276 build/stm32f4xx_hal_can.o
 .debug_info    0x000000000000f466     0x10c4 build/stm32f4xx_hal_cortex.o
 .debug_info    0x000000000001052a      0xb46 build/stm32f4xx_hal_dma.o
 .debug_info    0x0000000000011070      0x8e3 build/stm32f4xx_hal_gpio.o
 .debug_info    0x0000000000011953      0xbc8 build/stm32f4xx_hal_rcc.o
 .debug_info    0x000000000001251b      0xb33 build/stm32f4xx_hal_rcc_ex.o
 .debug_info    0x000000000001304e     0x34d0 build/stm32f4xx_hal_tim.o
 .debug_info    0x000000000001651e     0x194c build/stm32f4xx_hal_tim_ex.o
 .debug_info    0x0000000000017e6a     0x4e0e build/cmsis_os2.o
 .debug_info    0x000000000001cc78      0xbd6 build/list.o
 .debug_info    0x000000000001d84e      0x5b3 build/port.o
 .debug_info    0x000000000001de01      0xd6a build/heap_4.o
 .debug_info    0x000000000001eb6b     0x2f34 build/queue.o
 .debug_info    0x0000000000021a9f     0x371a build/tasks.o
 .debug_info    0x00000000000251b9     0x221d build/timers.o
 .debug_info    0x00000000000273d6       0x52 build/startup_stm32f413xx.o
 .debug_info    0x0000000000027428      0x907 /usr/lib/gcc/arm-none-eabi/6.3.1/../../../arm-none-eabi/lib/thumb/v7e-m/fpv4-sp/hard/libc.a(lib_a-atexit.o)
 .debug_info    0x0000000000027d2f       0xfa /usr/lib/gcc/arm-none-eabi/6.3.1/../../../arm-none-eabi/lib/thumb/v7e-m/fpv4-sp/hard/libc.a(lib_a-fini.o)
 .debug_info    0x0000000000027e29      0x8a5 /usr/lib/gcc/arm-none-eabi/6.3.1/../../../arm-none-eabi/lib/thumb/v7e-m/fpv4-sp/hard/libc.a(lib_a-impure.o)
 .debug_info    0x00000000000286ce      0x110 /usr/lib/gcc/arm-none-eabi/6.3.1/../../../arm-none-eabi/lib/thumb/v7e-m/fpv4-sp/hard/libc.a(lib_a-init.o)
 .debug_info    0x00000000000287de       0xdc /usr/lib/gcc/arm-none-eabi/6.3.1/../../../arm-none-eabi/lib/thumb/v7e-m/fpv4-sp/hard/libc.a(lib_a-memcpy.o)
 .debug_info    0x00000000000288ba      0x91b /usr/lib/gcc/arm-none-eabi/6.3.1/../../../arm-none-eabi/lib/thumb/v7e-m/fpv4-sp/hard/libc.a(lib_a-memset.o)
 .debug_info    0x00000000000291d5      0x8e6 /usr/lib/gcc/arm-none-eabi/6.3.1/../../../arm-none-eabi/lib/thumb/v7e-m/fpv4-sp/hard/libc.a(lib_a-rand.o)
 .debug_info    0x0000000000029abb      0x950 /usr/lib/gcc/arm-none-eabi/6.3.1/../../../arm-none-eabi/lib/thumb/v7e-m/fpv4-sp/hard/libc.a(lib_a-__atexit.o)
 .debug_info    0x000000000002a40b      0x9bc /usr/lib/gcc/arm-none-eabi/6.3.1/../../../arm-none-eabi/lib/thumb/v7e-m/fpv4-sp/hard/libc.a(lib_a-__call_atexit.o)
 .debug_info    0x000000000002adc7       0xd4 /usr/lib/gcc/arm-none-eabi/6.3.1/thumb/v7e-m/fpv4-sp/hard/libgcc.a(_arm_addsubdf3.o)
 .debug_info    0x000000000002ae9b       0xd4 /usr/lib/gcc/arm-none-eabi/6.3.1/thumb/v7e-m/fpv4-sp/hard/libgcc.a(_arm_muldivdf3.o)
 .debug_info    0x000000000002af6f       0xd4 /usr/lib/gcc/arm-none-eabi/6.3.1/thumb/v7e-m/fpv4-sp/hard/libgcc.a(_arm_fixunsdfsi.o)
 .debug_info    0x000000000002b043       0xcf /usr/lib/gcc/arm-none-eabi/6.3.1/thumb/v7e-m/fpv4-sp/hard/libgcc.a(_aeabi_uldivmod.o)
 .debug_info    0x000000000002b112      0xc24 /usr/lib/gcc/arm-none-eabi/6.3.1/thumb/v7e-m/fpv4-sp/hard/libgcc.a(_udivmoddi4.o)
 .debug_info    0x000000000002bd36       0xd3 /usr/lib/gcc/arm-none-eabi/6.3.1/thumb/v7e-m/fpv4-sp/hard/libgcc.a(_dvmd_tls.o)

.debug_abbrev   0x0000000000000000     0x52ad
 .debug_abbrev  0x0000000000000000      0x39f build/bms.o
 .debug_abbrev  0x000000000000039f      0x26a build/can_setup.o
 .debug_abbrev  0x0000000000000609      0x339 build/main.o
 .debug_abbrev  0x0000000000000942      0x218 build/stm32f4xx_hal_msp.o
 .debug_abbrev  0x0000000000000b5a      0x1ec build/stm32f4xx_hal_timebase_tim.o
 .debug_abbrev  0x0000000000000d46      0x265 build/stm32f4xx_it.o
 .debug_abbrev  0x0000000000000fab      0x128 build/system_stm32f4xx.o
 .debug_abbrev  0x00000000000010d3      0x29b build/visEffect.o
 .debug_abbrev  0x000000000000136e      0x33c build/ws2812b.o
 .debug_abbrev  0x00000000000016aa      0x1eb build/stm32f4xx_hal.o
 .debug_abbrev  0x0000000000001895      0x26a build/stm32f4xx_hal_can.o
 .debug_abbrev  0x0000000000001aff      0x33b build/stm32f4xx_hal_cortex.o
 .debug_abbrev  0x0000000000001e3a      0x2aa build/stm32f4xx_hal_dma.o
 .debug_abbrev  0x00000000000020e4      0x21a build/stm32f4xx_hal_gpio.o
 .debug_abbrev  0x00000000000022fe      0x28b build/stm32f4xx_hal_rcc.o
 .debug_abbrev  0x0000000000002589      0x1c7 build/stm32f4xx_hal_rcc_ex.o
 .debug_abbrev  0x0000000000002750      0x270 build/stm32f4xx_hal_tim.o
 .debug_abbrev  0x00000000000029c0      0x281 build/stm32f4xx_hal_tim_ex.o
 .debug_abbrev  0x0000000000002c41      0x45d build/cmsis_os2.o
 .debug_abbrev  0x000000000000309e      0x215 build/list.o
 .debug_abbrev  0x00000000000032b3      0x257 build/port.o
 .debug_abbrev  0x000000000000350a      0x309 build/heap_4.o
 .debug_abbrev  0x0000000000003813      0x3dc build/queue.o
 .debug_abbrev  0x0000000000003bef      0x3e8 build/tasks.o
 .debug_abbrev  0x0000000000003fd7      0x386 build/timers.o
 .debug_abbrev  0x000000000000435d       0x12 build/startup_stm32f413xx.o
 .debug_abbrev  0x000000000000436f      0x1f6 /usr/lib/gcc/arm-none-eabi/6.3.1/../../../arm-none-eabi/lib/thumb/v7e-m/fpv4-sp/hard/libc.a(lib_a-atexit.o)
 .debug_abbrev  0x0000000000004565       0xbd /usr/lib/gcc/arm-none-eabi/6.3.1/../../../arm-none-eabi/lib/thumb/v7e-m/fpv4-sp/hard/libc.a(lib_a-fini.o)
 .debug_abbrev  0x0000000000004622      0x189 /usr/lib/gcc/arm-none-eabi/6.3.1/../../../arm-none-eabi/lib/thumb/v7e-m/fpv4-sp/hard/libc.a(lib_a-impure.o)
 .debug_abbrev  0x00000000000047ab       0xba /usr/lib/gcc/arm-none-eabi/6.3.1/../../../arm-none-eabi/lib/thumb/v7e-m/fpv4-sp/hard/libc.a(lib_a-init.o)
 .debug_abbrev  0x0000000000004865       0x14 /usr/lib/gcc/arm-none-eabi/6.3.1/../../../arm-none-eabi/lib/thumb/v7e-m/fpv4-sp/hard/libc.a(lib_a-memcpy.o)
 .debug_abbrev  0x0000000000004879      0x1cd /usr/lib/gcc/arm-none-eabi/6.3.1/../../../arm-none-eabi/lib/thumb/v7e-m/fpv4-sp/hard/libc.a(lib_a-memset.o)
 .debug_abbrev  0x0000000000004a46      0x1e7 /usr/lib/gcc/arm-none-eabi/6.3.1/../../../arm-none-eabi/lib/thumb/v7e-m/fpv4-sp/hard/libc.a(lib_a-rand.o)
 .debug_abbrev  0x0000000000004c2d      0x220 /usr/lib/gcc/arm-none-eabi/6.3.1/../../../arm-none-eabi/lib/thumb/v7e-m/fpv4-sp/hard/libc.a(lib_a-__atexit.o)
 .debug_abbrev  0x0000000000004e4d      0x270 /usr/lib/gcc/arm-none-eabi/6.3.1/../../../arm-none-eabi/lib/thumb/v7e-m/fpv4-sp/hard/libc.a(lib_a-__call_atexit.o)
 .debug_abbrev  0x00000000000050bd       0x14 /usr/lib/gcc/arm-none-eabi/6.3.1/thumb/v7e-m/fpv4-sp/hard/libgcc.a(_arm_addsubdf3.o)
 .debug_abbrev  0x00000000000050d1       0x14 /usr/lib/gcc/arm-none-eabi/6.3.1/thumb/v7e-m/fpv4-sp/hard/libgcc.a(_arm_muldivdf3.o)
 .debug_abbrev  0x00000000000050e5       0x14 /usr/lib/gcc/arm-none-eabi/6.3.1/thumb/v7e-m/fpv4-sp/hard/libgcc.a(_arm_fixunsdfsi.o)
 .debug_abbrev  0x00000000000050f9       0x14 /usr/lib/gcc/arm-none-eabi/6.3.1/thumb/v7e-m/fpv4-sp/hard/libgcc.a(_aeabi_uldivmod.o)
 .debug_abbrev  0x000000000000510d      0x18c /usr/lib/gcc/arm-none-eabi/6.3.1/thumb/v7e-m/fpv4-sp/hard/libgcc.a(_udivmoddi4.o)
 .debug_abbrev  0x0000000000005299       0x14 /usr/lib/gcc/arm-none-eabi/6.3.1/thumb/v7e-m/fpv4-sp/hard/libgcc.a(_dvmd_tls.o)

.debug_loc      0x0000000000000000    0x15ca5
 .debug_loc     0x0000000000000000      0xbdc build/bms.o
 .debug_loc     0x0000000000000bdc      0x29f build/can_setup.o
 .debug_loc     0x0000000000000e7b      0x224 build/main.o
 .debug_loc     0x000000000000109f      0x222 build/stm32f4xx_hal_msp.o
 .debug_loc     0x00000000000012c1       0xae build/stm32f4xx_hal_timebase_tim.o
 .debug_loc     0x000000000000136f       0x80 build/stm32f4xx_it.o
 .debug_loc     0x00000000000013ef      0x13e build/system_stm32f4xx.o
 .debug_loc     0x000000000000152d      0x2ce build/visEffect.o
 .debug_loc     0x00000000000017fb      0x4fb build/ws2812b.o
 .debug_loc     0x0000000000001cf6      0x1ad build/stm32f4xx_hal.o
 .debug_loc     0x0000000000001ea3      0xdbb build/stm32f4xx_hal_can.o
 .debug_loc     0x0000000000002c5e      0x6a6 build/stm32f4xx_hal_cortex.o
 .debug_loc     0x0000000000003304      0xc1d build/stm32f4xx_hal_dma.o
 .debug_loc     0x0000000000003f21      0x4fd build/stm32f4xx_hal_gpio.o
 .debug_loc     0x000000000000441e      0x55c build/stm32f4xx_hal_rcc.o
 .debug_loc     0x000000000000497a      0x900 build/stm32f4xx_hal_rcc_ex.o
 .debug_loc     0x000000000000527a     0x4343 build/stm32f4xx_hal_tim.o
 .debug_loc     0x00000000000095bd     0x16b9 build/stm32f4xx_hal_tim_ex.o
 .debug_loc     0x000000000000ac76     0x4692 build/cmsis_os2.o
 .debug_loc     0x000000000000f308       0x9c build/list.o
 .debug_loc     0x000000000000f3a4      0x160 build/port.o
 .debug_loc     0x000000000000f504      0x324 build/heap_4.o
 .debug_loc     0x000000000000f828     0x1ae9 build/queue.o
 .debug_loc     0x0000000000011311     0x251b build/tasks.o
 .debug_loc     0x000000000001382c     0x10c0 build/timers.o
 .debug_loc     0x00000000000148ec       0x2c /usr/lib/gcc/arm-none-eabi/6.3.1/../../../arm-none-eabi/lib/thumb/v7e-m/fpv4-sp/hard/libc.a(lib_a-atexit.o)
 .debug_loc     0x0000000000014918       0x5c /usr/lib/gcc/arm-none-eabi/6.3.1/../../../arm-none-eabi/lib/thumb/v7e-m/fpv4-sp/hard/libc.a(lib_a-fini.o)
 .debug_loc     0x0000000000014974       0xae /usr/lib/gcc/arm-none-eabi/6.3.1/../../../arm-none-eabi/lib/thumb/v7e-m/fpv4-sp/hard/libc.a(lib_a-init.o)
 .debug_loc     0x0000000000014a22      0x1bd /usr/lib/gcc/arm-none-eabi/6.3.1/../../../arm-none-eabi/lib/thumb/v7e-m/fpv4-sp/hard/libc.a(lib_a-memset.o)
 .debug_loc     0x0000000000014bdf       0x1f /usr/lib/gcc/arm-none-eabi/6.3.1/../../../arm-none-eabi/lib/thumb/v7e-m/fpv4-sp/hard/libc.a(lib_a-rand.o)
 .debug_loc     0x0000000000014bfe      0x197 /usr/lib/gcc/arm-none-eabi/6.3.1/../../../arm-none-eabi/lib/thumb/v7e-m/fpv4-sp/hard/libc.a(lib_a-__atexit.o)
 .debug_loc     0x0000000000014d95      0x199 /usr/lib/gcc/arm-none-eabi/6.3.1/../../../arm-none-eabi/lib/thumb/v7e-m/fpv4-sp/hard/libc.a(lib_a-__call_atexit.o)
 .debug_loc     0x0000000000014f2e      0xd77 /usr/lib/gcc/arm-none-eabi/6.3.1/thumb/v7e-m/fpv4-sp/hard/libgcc.a(_udivmoddi4.o)

.debug_aranges  0x0000000000000000     0x1678
 .debug_aranges
                0x0000000000000000       0xd0 build/bms.o
 .debug_aranges
                0x00000000000000d0       0x48 build/can_setup.o
 .debug_aranges
                0x0000000000000118       0x70 build/main.o
 .debug_aranges
                0x0000000000000188       0x40 build/stm32f4xx_hal_msp.o
 .debug_aranges
                0x00000000000001c8       0x30 build/stm32f4xx_hal_timebase_tim.o
 .debug_aranges
                0x00000000000001f8       0x88 build/stm32f4xx_it.o
 .debug_aranges
                0x0000000000000280       0x28 build/system_stm32f4xx.o
 .debug_aranges
                0x00000000000002a8       0x48 build/visEffect.o
 .debug_aranges
                0x00000000000002f0       0x80 build/ws2812b.o
 .debug_aranges
                0x0000000000000370       0xf0 build/stm32f4xx_hal.o
 .debug_aranges
                0x0000000000000460      0x138 build/stm32f4xx_hal_can.o
 .debug_aranges
                0x0000000000000598       0xa8 build/stm32f4xx_hal_cortex.o
 .debug_aranges
                0x0000000000000640       0x90 build/stm32f4xx_hal_dma.o
 .debug_aranges
                0x00000000000006d0       0x58 build/stm32f4xx_hal_gpio.o
 .debug_aranges
                0x0000000000000728       0x88 build/stm32f4xx_hal_rcc.o
 .debug_aranges
                0x00000000000007b0       0x60 build/stm32f4xx_hal_rcc_ex.o
 .debug_aranges
                0x0000000000000810      0x3a8 build/stm32f4xx_hal_tim.o
 .debug_aranges
                0x0000000000000bb8      0x150 build/stm32f4xx_hal_tim_ex.o
 .debug_aranges
                0x0000000000000d08      0x220 build/cmsis_os2.o
 .debug_aranges
                0x0000000000000f28       0x40 build/list.o
 .debug_aranges
                0x0000000000000f68       0x80 build/port.o
 .debug_aranges
                0x0000000000000fe8       0x50 build/heap_4.o
 .debug_aranges
                0x0000000000001038      0x158 build/queue.o
 .debug_aranges
                0x0000000000001190      0x1f8 build/tasks.o
 .debug_aranges
                0x0000000000001388       0xe8 build/timers.o
 .debug_aranges
                0x0000000000001470       0x28 build/startup_stm32f413xx.o
 .debug_aranges
                0x0000000000001498       0x20 /usr/lib/gcc/arm-none-eabi/6.3.1/../../../arm-none-eabi/lib/thumb/v7e-m/fpv4-sp/hard/libc.a(lib_a-atexit.o)
 .debug_aranges
                0x00000000000014b8       0x20 /usr/lib/gcc/arm-none-eabi/6.3.1/../../../arm-none-eabi/lib/thumb/v7e-m/fpv4-sp/hard/libc.a(lib_a-fini.o)
 .debug_aranges
                0x00000000000014d8       0x18 /usr/lib/gcc/arm-none-eabi/6.3.1/../../../arm-none-eabi/lib/thumb/v7e-m/fpv4-sp/hard/libc.a(lib_a-impure.o)
 .debug_aranges
                0x00000000000014f0       0x20 /usr/lib/gcc/arm-none-eabi/6.3.1/../../../arm-none-eabi/lib/thumb/v7e-m/fpv4-sp/hard/libc.a(lib_a-init.o)
 .debug_aranges
                0x0000000000001510       0x20 /usr/lib/gcc/arm-none-eabi/6.3.1/../../../arm-none-eabi/lib/thumb/v7e-m/fpv4-sp/hard/libc.a(lib_a-memcpy.o)
 .debug_aranges
                0x0000000000001530       0x20 /usr/lib/gcc/arm-none-eabi/6.3.1/../../../arm-none-eabi/lib/thumb/v7e-m/fpv4-sp/hard/libc.a(lib_a-memset.o)
 .debug_aranges
                0x0000000000001550       0x20 /usr/lib/gcc/arm-none-eabi/6.3.1/../../../arm-none-eabi/lib/thumb/v7e-m/fpv4-sp/hard/libc.a(lib_a-rand.o)
 .debug_aranges
                0x0000000000001570       0x20 /usr/lib/gcc/arm-none-eabi/6.3.1/../../../arm-none-eabi/lib/thumb/v7e-m/fpv4-sp/hard/libc.a(lib_a-__atexit.o)
 .debug_aranges
                0x0000000000001590       0x28 /usr/lib/gcc/arm-none-eabi/6.3.1/../../../arm-none-eabi/lib/thumb/v7e-m/fpv4-sp/hard/libc.a(lib_a-__call_atexit.o)
 .debug_aranges
                0x00000000000015b8       0x20 /usr/lib/gcc/arm-none-eabi/6.3.1/thumb/v7e-m/fpv4-sp/hard/libgcc.a(_arm_addsubdf3.o)
 .debug_aranges
                0x00000000000015d8       0x20 /usr/lib/gcc/arm-none-eabi/6.3.1/thumb/v7e-m/fpv4-sp/hard/libgcc.a(_arm_muldivdf3.o)
 .debug_aranges
                0x00000000000015f8       0x20 /usr/lib/gcc/arm-none-eabi/6.3.1/thumb/v7e-m/fpv4-sp/hard/libgcc.a(_arm_fixunsdfsi.o)
 .debug_aranges
                0x0000000000001618       0x20 /usr/lib/gcc/arm-none-eabi/6.3.1/thumb/v7e-m/fpv4-sp/hard/libgcc.a(_aeabi_uldivmod.o)
 .debug_aranges
                0x0000000000001638       0x20 /usr/lib/gcc/arm-none-eabi/6.3.1/thumb/v7e-m/fpv4-sp/hard/libgcc.a(_udivmoddi4.o)
 .debug_aranges
                0x0000000000001658       0x20 /usr/lib/gcc/arm-none-eabi/6.3.1/thumb/v7e-m/fpv4-sp/hard/libgcc.a(_dvmd_tls.o)

.debug_ranges   0x0000000000000000     0x1770
 .debug_ranges  0x0000000000000000      0x168 build/bms.o
 .debug_ranges  0x0000000000000168       0x38 build/can_setup.o
 .debug_ranges  0x00000000000001a0       0x60 build/main.o
 .debug_ranges  0x0000000000000200       0x30 build/stm32f4xx_hal_msp.o
 .debug_ranges  0x0000000000000230       0x20 build/stm32f4xx_hal_timebase_tim.o
 .debug_ranges  0x0000000000000250       0x78 build/stm32f4xx_it.o
 .debug_ranges  0x00000000000002c8       0x18 build/system_stm32f4xx.o
 .debug_ranges  0x00000000000002e0       0x38 build/visEffect.o
 .debug_ranges  0x0000000000000318       0x70 build/ws2812b.o
 .debug_ranges  0x0000000000000388       0xe0 build/stm32f4xx_hal.o
 .debug_ranges  0x0000000000000468      0x128 build/stm32f4xx_hal_can.o
 .debug_ranges  0x0000000000000590       0xf8 build/stm32f4xx_hal_cortex.o
 .debug_ranges  0x0000000000000688       0x80 build/stm32f4xx_hal_dma.o
 .debug_ranges  0x0000000000000708       0x48 build/stm32f4xx_hal_gpio.o
 .debug_ranges  0x0000000000000750       0x90 build/stm32f4xx_hal_rcc.o
 .debug_ranges  0x00000000000007e0       0x68 build/stm32f4xx_hal_rcc_ex.o
 .debug_ranges  0x0000000000000848      0x398 build/stm32f4xx_hal_tim.o
 .debug_ranges  0x0000000000000be0      0x140 build/stm32f4xx_hal_tim_ex.o
 .debug_ranges  0x0000000000000d20      0x210 build/cmsis_os2.o
 .debug_ranges  0x0000000000000f30       0x30 build/list.o
 .debug_ranges  0x0000000000000f60       0x70 build/port.o
 .debug_ranges  0x0000000000000fd0       0x40 build/heap_4.o
 .debug_ranges  0x0000000000001010      0x238 build/queue.o
 .debug_ranges  0x0000000000001248      0x328 build/tasks.o
 .debug_ranges  0x0000000000001570       0xd8 build/timers.o
 .debug_ranges  0x0000000000001648       0x20 build/startup_stm32f413xx.o
 .debug_ranges  0x0000000000001668       0x38 /usr/lib/gcc/arm-none-eabi/6.3.1/../../../arm-none-eabi/lib/thumb/v7e-m/fpv4-sp/hard/libc.a(lib_a-__call_atexit.o)
 .debug_ranges  0x00000000000016a0       0xd0 /usr/lib/gcc/arm-none-eabi/6.3.1/thumb/v7e-m/fpv4-sp/hard/libgcc.a(_udivmoddi4.o)

.debug_line     0x0000000000000000     0xa519
 .debug_line    0x0000000000000000      0x63d build/bms.o
 .debug_line    0x000000000000063d      0x2f0 build/can_setup.o
 .debug_line    0x000000000000092d      0x40d build/main.o
 .debug_line    0x0000000000000d3a      0x2c1 build/stm32f4xx_hal_msp.o
 .debug_line    0x0000000000000ffb      0x1fa build/stm32f4xx_hal_timebase_tim.o
 .debug_line    0x00000000000011f5      0x2fe build/stm32f4xx_it.o
 .debug_line    0x00000000000014f3      0x177 build/system_stm32f4xx.o
 .debug_line    0x000000000000166a      0x2d9 build/visEffect.o
 .debug_line    0x0000000000001943      0x47f build/ws2812b.o
 .debug_line    0x0000000000001dc2      0x388 build/stm32f4xx_hal.o
 .debug_line    0x000000000000214a      0x676 build/stm32f4xx_hal_can.o
 .debug_line    0x00000000000027c0      0x3b6 build/stm32f4xx_hal_cortex.o
 .debug_line    0x0000000000002b76      0x4af build/stm32f4xx_hal_dma.o
 .debug_line    0x0000000000003025      0x30f build/stm32f4xx_hal_gpio.o
 .debug_line    0x0000000000003334      0x442 build/stm32f4xx_hal_rcc.o
 .debug_line    0x0000000000003776      0x4de build/stm32f4xx_hal_rcc_ex.o
 .debug_line    0x0000000000003c54     0x1426 build/stm32f4xx_hal_tim.o
 .debug_line    0x000000000000507a      0x7f9 build/stm32f4xx_hal_tim_ex.o
 .debug_line    0x0000000000005873     0x1508 build/cmsis_os2.o
 .debug_line    0x0000000000006d7b      0x243 build/list.o
 .debug_line    0x0000000000006fbe      0x2c8 build/port.o
 .debug_line    0x0000000000007286      0x2eb build/heap_4.o
 .debug_line    0x0000000000007571      0xa6a build/queue.o
 .debug_line    0x0000000000007fdb      0xdfa build/tasks.o
 .debug_line    0x0000000000008dd5      0x586 build/timers.o
 .debug_line    0x000000000000935b       0x73 build/startup_stm32f413xx.o
 .debug_line    0x00000000000093ce      0x157 /usr/lib/gcc/arm-none-eabi/6.3.1/../../../arm-none-eabi/lib/thumb/v7e-m/fpv4-sp/hard/libc.a(lib_a-atexit.o)
 .debug_line    0x0000000000009525       0xa5 /usr/lib/gcc/arm-none-eabi/6.3.1/../../../arm-none-eabi/lib/thumb/v7e-m/fpv4-sp/hard/libc.a(lib_a-fini.o)
 .debug_line    0x00000000000095ca       0xef /usr/lib/gcc/arm-none-eabi/6.3.1/../../../arm-none-eabi/lib/thumb/v7e-m/fpv4-sp/hard/libc.a(lib_a-impure.o)
 .debug_line    0x00000000000096b9       0xbe /usr/lib/gcc/arm-none-eabi/6.3.1/../../../arm-none-eabi/lib/thumb/v7e-m/fpv4-sp/hard/libc.a(lib_a-init.o)
 .debug_line    0x0000000000009777       0xc1 /usr/lib/gcc/arm-none-eabi/6.3.1/../../../arm-none-eabi/lib/thumb/v7e-m/fpv4-sp/hard/libc.a(lib_a-memcpy.o)
 .debug_line    0x0000000000009838      0x17c /usr/lib/gcc/arm-none-eabi/6.3.1/../../../arm-none-eabi/lib/thumb/v7e-m/fpv4-sp/hard/libc.a(lib_a-memset.o)
 .debug_line    0x00000000000099b4      0x153 /usr/lib/gcc/arm-none-eabi/6.3.1/../../../arm-none-eabi/lib/thumb/v7e-m/fpv4-sp/hard/libc.a(lib_a-rand.o)
 .debug_line    0x0000000000009b07      0x18a /usr/lib/gcc/arm-none-eabi/6.3.1/../../../arm-none-eabi/lib/thumb/v7e-m/fpv4-sp/hard/libc.a(lib_a-__atexit.o)
 .debug_line    0x0000000000009c91      0x1b8 /usr/lib/gcc/arm-none-eabi/6.3.1/../../../arm-none-eabi/lib/thumb/v7e-m/fpv4-sp/hard/libc.a(lib_a-__call_atexit.o)
 .debug_line    0x0000000000009e49      0x189 /usr/lib/gcc/arm-none-eabi/6.3.1/thumb/v7e-m/fpv4-sp/hard/libgcc.a(_arm_addsubdf3.o)
 .debug_line    0x0000000000009fd2      0x1a5 /usr/lib/gcc/arm-none-eabi/6.3.1/thumb/v7e-m/fpv4-sp/hard/libgcc.a(_arm_muldivdf3.o)
 .debug_line    0x000000000000a177       0x7c /usr/lib/gcc/arm-none-eabi/6.3.1/thumb/v7e-m/fpv4-sp/hard/libgcc.a(_arm_fixunsdfsi.o)
 .debug_line    0x000000000000a1f3       0x67 /usr/lib/gcc/arm-none-eabi/6.3.1/thumb/v7e-m/fpv4-sp/hard/libgcc.a(_aeabi_uldivmod.o)
 .debug_line    0x000000000000a25a      0x258 /usr/lib/gcc/arm-none-eabi/6.3.1/thumb/v7e-m/fpv4-sp/hard/libgcc.a(_udivmoddi4.o)
 .debug_line    0x000000000000a4b2       0x67 /usr/lib/gcc/arm-none-eabi/6.3.1/thumb/v7e-m/fpv4-sp/hard/libgcc.a(_dvmd_tls.o)

.debug_str      0x0000000000000000     0x889f
 .debug_str     0x0000000000000000      0xc14 build/bms.o
                                        0xd09 (size before relaxing)
 .debug_str     0x0000000000000c14      0x6cd build/can_setup.o
                                       0x1250 (size before relaxing)
 .debug_str     0x00000000000012e1      0xd77 build/main.o
                                       0x197c (size before relaxing)
 .debug_str     0x0000000000002058      0x162 build/stm32f4xx_hal_msp.o
                                       0x111a (size before relaxing)
 .debug_str     0x00000000000021ba       0xfb build/stm32f4xx_hal_timebase_tim.o
                                        0xeb1 (size before relaxing)
 .debug_str     0x00000000000022b5      0x14d build/stm32f4xx_it.o
                                       0x109a (size before relaxing)
 .debug_str     0x0000000000002402       0xac build/system_stm32f4xx.o
                                        0x3f8 (size before relaxing)
 .debug_str     0x00000000000024ae       0xbf build/visEffect.o
                                        0xc41 (size before relaxing)
 .debug_str     0x000000000000256d      0x236 build/ws2812b.o
                                       0x1565 (size before relaxing)
 .debug_str     0x00000000000027a3      0x26d build/stm32f4xx_hal.o
                                        0xc3c (size before relaxing)
 .debug_str     0x0000000000002a10      0x38e build/stm32f4xx_hal_can.o
                                        0xad6 (size before relaxing)
 .debug_str     0x0000000000002d9e      0x41a build/stm32f4xx_hal_cortex.o
                                        0xd57 (size before relaxing)
 .debug_str     0x00000000000031b8      0x2a6 build/stm32f4xx_hal_dma.o
                                        0x7f1 (size before relaxing)
 .debug_str     0x000000000000345e      0x15c build/stm32f4xx_hal_gpio.o
                                        0x59e (size before relaxing)
 .debug_str     0x00000000000035ba      0x15a build/stm32f4xx_hal_rcc.o
                                        0x772 (size before relaxing)
 .debug_str     0x0000000000003714      0x2e7 build/stm32f4xx_hal_rcc_ex.o
                                        0x7bc (size before relaxing)
 .debug_str     0x00000000000039fb      0xcfe build/stm32f4xx_hal_tim.o
                                       0x1548 (size before relaxing)
 .debug_str     0x00000000000046f9      0x553 build/stm32f4xx_hal_tim_ex.o
                                        0xe95 (size before relaxing)
 .debug_str     0x0000000000004c4c     0x1227 build/cmsis_os2.o
                                       0x1cd7 (size before relaxing)
 .debug_str     0x0000000000005e73      0x136 build/list.o
                                        0x6b0 (size before relaxing)
 .debug_str     0x0000000000005fa9      0x25f build/port.o
                                        0x43d (size before relaxing)
 .debug_str     0x0000000000006208      0x1de build/heap_4.o
                                        0x799 (size before relaxing)
 .debug_str     0x00000000000063e6      0x605 build/queue.o
                                       0x109b (size before relaxing)
 .debug_str     0x00000000000069eb      0x89d build/tasks.o
                                       0x1650 (size before relaxing)
 .debug_str     0x0000000000007288      0x4ca build/timers.o
                                        0xfd8 (size before relaxing)
 .debug_str     0x0000000000007752      0x187 /usr/lib/gcc/arm-none-eabi/6.3.1/../../../arm-none-eabi/lib/thumb/v7e-m/fpv4-sp/hard/libc.a(lib_a-atexit.o)
                                        0x60b (size before relaxing)
 .debug_str     0x00000000000078d9       0xd2 /usr/lib/gcc/arm-none-eabi/6.3.1/../../../arm-none-eabi/lib/thumb/v7e-m/fpv4-sp/hard/libc.a(lib_a-fini.o)
                                        0x224 (size before relaxing)